Enter password: *************
Welcome to the MySQL monitor.  Commands end with ; or \g.
Your MySQL connection id is 8
Server version: 8.0.29 MySQL Community Server - GPL

Copyright (c) 2000, 2022, Oracle and/or its affiliates.

Oracle is a registered trademark of Oracle Corporation and/or its
affiliates. Other names may be trademarks of their respective
owners.

Type 'help;' or '\h' for help. Type '\c' to clear the current input statement.

mysql> show databases
    -> ;
+--------------------+
| Database           |
+--------------------+
| assignment1        |
| db1                |
| db2                |
| db3                |
| db4                |
| information_schema |
| mysql              |
| performance_schema |
| practice           |
| project            |
| sys                |
+--------------------+
11 rows in set (0.03 sec)

mysql> use db1
Database changed
mysql> show tables
    -> ;
+---------------------+
| Tables_in_db1       |
+---------------------+
| a                   |
| abc                 |
| agent               |
| andor               |
| b                   |
| blanktablea         |
| blanktableb         |
| blog                |
| bonus               |
| books               |
| candidate           |
| client              |
| coalesce            |
| comments            |
| company             |
| customer            |
| customers           |
| demodept1           |
| demodept2           |
| dept                |
| dept1               |
| docs                |
| dummy               |
| duplicate           |
| emp                 |
| emp1                |
| emp2                |
| emp_attendance      |
| emp_cards           |
| emp_phone           |
| empj                |
| envelope            |
| food                |
| hobby               |
| item                |
| j1                  |
| j2                  |
| key_parts           |
| licence             |
| location            |
| m                   |
| mass_table          |
| menucard            |
| n                   |
| nearest             |
| new                 |
| newbooks            |
| nullif              |
| numberstring        |
| ord                 |
| orders              |
| plumber             |
| plumber_service_map |
| points              |
| price               |
| product             |
| products            |
| quarter_revenue     |
| r                   |
| r1                  |
| r2                  |
| races               |
| regexpr             |
| replacedept         |
| revenue             |
| runners             |
| sales               |
| sales_channel       |
| salespeople         |
| salesperson         |
| salgrade            |
| service             |
| seta                |
| setb                |
| softdrink           |
| sort                |
| stadium             |
| states              |
| station             |
| status              |
| stringnumber        |
| t1                  |
| t2                  |
| tablea              |
| tableaa             |
| tableb              |
| tablebb             |
| tasks               |
| temp1               |
| transactions        |
| vote_response       |
| votes               |
| warehouse           |
| z                   |
+---------------------+
94 rows in set (0.01 sec)

mysql> create database db5;
Query OK, 1 row affected (0.02 sec)

mysql> source "E:\C-DAC\Module 4 DBT\Database Assignment\Employee\EmployeeScript.sql"
ERROR:
Failed to open file '"E:\C-DAC\Module 4 DBT\Database Assignment\Employee\EmployeeScript.sql"', error: 22
mysql> source E:\C-DAC\Module 4 DBT\Database Assignment\Employee\EmployeeScript.sql
Query OK, 0 rows affected, 1 warning (0.01 sec)

Query OK, 1 row affected (0.01 sec)

Database changed
Query OK, 0 rows affected, 1 warning (0.00 sec)

Query OK, 0 rows affected, 1 warning (0.00 sec)

Query OK, 0 rows affected, 1 warning (0.00 sec)

Query OK, 0 rows affected, 1 warning (0.00 sec)

Query OK, 0 rows affected, 1 warning (0.00 sec)

Query OK, 0 rows affected, 1 warning (0.00 sec)

Query OK, 0 rows affected, 1 warning (0.00 sec)

Query OK, 0 rows affected (0.06 sec)

Query OK, 25 rows affected (0.01 sec)
Records: 25  Duplicates: 0  Warnings: 0

Query OK, 0 rows affected (0.04 sec)

Query OK, 27 rows affected (0.00 sec)
Records: 27  Duplicates: 0  Warnings: 0

Query OK, 0 rows affected (0.05 sec)

Query OK, 107 rows affected (0.01 sec)
Records: 107  Duplicates: 0  Warnings: 0

Query OK, 0 rows affected (0.04 sec)

Query OK, 11 rows affected (0.00 sec)
Records: 11  Duplicates: 0  Warnings: 0

Query OK, 0 rows affected (0.03 sec)

Query OK, 19 rows affected (0.00 sec)
Records: 19  Duplicates: 0  Warnings: 0

Query OK, 0 rows affected (0.05 sec)

Query OK, 23 rows affected (0.00 sec)
Records: 23  Duplicates: 0  Warnings: 0

Query OK, 0 rows affected (0.04 sec)

Query OK, 4 rows affected (0.00 sec)
Records: 4  Duplicates: 0  Warnings: 0

mysql> show tables;
+--------------------+
| Tables_in_employee |
+--------------------+
| countries          |
| departments        |
| employees          |
| job_history        |
| jobs               |
| locations          |
| regions            |
+--------------------+
7 rows in set (0.00 sec)

mysql> select database();
+------------+
| database() |
+------------+
| employee   |
+------------+
1 row in set (0.00 sec)

mysql> show databases;
+--------------------+
| Database           |
+--------------------+
| assignment1        |
| db1                |
| db2                |
| db3                |
| db4                |
| db5                |
| employee           |
| information_schema |
| mysql              |
| performance_schema |
| practice           |
| project            |
| sys                |
+--------------------+
13 rows in set (0.00 sec)

mysql> use employee
Database changed
mysql> show tables;
+--------------------+
| Tables_in_employee |
+--------------------+
| countries          |
| departments        |
| employees          |
| job_history        |
| jobs               |
| locations          |
| regions            |
+--------------------+
7 rows in set (0.00 sec)

mysql> select * from emp;
ERROR 1146 (42S02): Table 'employee.emp' doesn't exist
mysql> select * from employee;
ERROR 1146 (42S02): Table 'employee.employee' doesn't exist
mysql> select * from employees;
+-------------+-------------+-------------+----------+--------------------+------------+------------+----------+----------------+------------+---------------+
| EMPLOYEE_ID | FIRST_NAME  | LAST_NAME   | EMAIL    | PHONE_NUMBER       | HIRE_DATE  | JOB_ID     | SALARY   | COMMISSION_PCT | MANAGER_ID | DEPARTMENT_ID |
+-------------+-------------+-------------+----------+--------------------+------------+------------+----------+----------------+------------+---------------+
|         100 | Steven      | King        | SKING    | 515.123.4567       | 1987-06-17 | AD_PRES    | 24000.00 |           0.00 |          0 |            90 |
|         101 | Neena       | Kochhar     | NKOCHHAR | 515.123.4568       | 1987-06-18 | AD_VP      | 17000.00 |           0.00 |        100 |            90 |
|         102 | Lex         | De Haan     | LDEHAAN  | 515.123.4569       | 1987-06-19 | AD_VP      | 17000.00 |           0.00 |        100 |            90 |
|         103 | Alexander   | Hunold      | AHUNOLD  | 590.423.4567       | 1987-06-20 | IT_PROG    |  9000.00 |           0.00 |        102 |            60 |
|         104 | Bruce       | Ernst       | BERNST   | 590.423.4568       | 1987-06-21 | IT_PROG    |  6000.00 |           0.00 |        103 |            60 |
|         105 | David       | Austin      | DAUSTIN  | 590.423.4569       | 1987-06-22 | IT_PROG    |  4800.00 |           0.00 |        103 |            60 |
|         106 | Valli       | Pataballa   | VPATABAL | 590.423.4560       | 1987-06-23 | IT_PROG    |  4800.00 |           0.00 |        103 |            60 |
|         107 | Diana       | Lorentz     | DLORENTZ | 590.423.5567       | 1987-06-24 | IT_PROG    |  4200.00 |           0.00 |        103 |            60 |
|         108 | Nancy       | Greenberg   | NGREENBE | 515.124.4569       | 1987-06-25 | FI_MGR     | 12000.00 |           0.00 |        101 |           100 |
|         109 | Daniel      | Faviet      | DFAVIET  | 515.124.4169       | 1987-06-26 | FI_ACCOUNT |  9000.00 |           0.00 |        108 |           100 |
|         110 | John        | Chen        | JCHEN    | 515.124.4269       | 1987-06-27 | FI_ACCOUNT |  8200.00 |           0.00 |        108 |           100 |
|         111 | Ismael      | Sciarra     | ISCIARRA | 515.124.4369       | 1987-06-28 | FI_ACCOUNT |  7700.00 |           0.00 |        108 |           100 |
|         112 | Jose Manuel | Urman       | JMURMAN  | 515.124.4469       | 1987-06-29 | FI_ACCOUNT |  7800.00 |           0.00 |        108 |           100 |
|         113 | Luis        | Popp        | LPOPP    | 515.124.4567       | 1987-06-30 | FI_ACCOUNT |  6900.00 |           0.00 |        108 |           100 |
|         114 | Den         | Raphaely    | DRAPHEAL | 515.127.4561       | 1987-07-01 | PU_MAN     | 11000.00 |           0.00 |        100 |            30 |
|         115 | Alexander   | Khoo        | AKHOO    | 515.127.4562       | 1987-07-02 | PU_CLERK   |  3100.00 |           0.00 |        114 |            30 |
|         116 | Shelli      | Baida       | SBAIDA   | 515.127.4563       | 1987-07-03 | PU_CLERK   |  2900.00 |           0.00 |        114 |            30 |
|         117 | Sigal       | Tobias      | STOBIAS  | 515.127.4564       | 1987-07-04 | PU_CLERK   |  2800.00 |           0.00 |        114 |            30 |
|         118 | Guy         | Himuro      | GHIMURO  | 515.127.4565       | 1987-07-05 | PU_CLERK   |  2600.00 |           0.00 |        114 |            30 |
|         119 | Karen       | Colmenares  | KCOLMENA | 515.127.4566       | 1987-07-06 | PU_CLERK   |  2500.00 |           0.00 |        114 |            30 |
|         120 | Matthew     | Weiss       | MWEISS   | 650.123.1234       | 1987-07-07 | ST_MAN     |  8000.00 |           0.00 |        100 |            50 |
|         121 | Adam        | Fripp       | AFRIPP   | 650.123.2234       | 1987-07-08 | ST_MAN     |  8200.00 |           0.00 |        100 |            50 |
|         122 | Payam       | Kaufling    | PKAUFLIN | 650.123.3234       | 1987-07-09 | ST_MAN     |  7900.00 |           0.00 |        100 |            50 |
|         123 | Shanta      | Vollman     | SVOLLMAN | 650.123.4234       | 1987-07-10 | ST_MAN     |  6500.00 |           0.00 |        100 |            50 |
|         124 | Kevin       | Mourgos     | KMOURGOS | 650.123.5234       | 1987-07-11 | ST_MAN     |  5800.00 |           0.00 |        100 |            50 |
|         125 | Julia       | Nayer       | JNAYER   | 650.124.1214       | 1987-07-12 | ST_CLERK   |  3200.00 |           0.00 |        120 |            50 |
|         126 | Irene       | Mikkilineni | IMIKKILI | 650.124.1224       | 1987-07-13 | ST_CLERK   |  2700.00 |           0.00 |        120 |            50 |
|         127 | James       | Landry      | JLANDRY  | 650.124.1334       | 1987-07-14 | ST_CLERK   |  2400.00 |           0.00 |        120 |            50 |
|         128 | Steven      | Markle      | SMARKLE  | 650.124.1434       | 1987-07-15 | ST_CLERK   |  2200.00 |           0.00 |        120 |            50 |
|         129 | Laura       | Bissot      | LBISSOT  | 650.124.5234       | 1987-07-16 | ST_CLERK   |  3300.00 |           0.00 |        121 |            50 |
|         130 | Mozhe       | Atkinson    | MATKINSO | 650.124.6234       | 1987-07-17 | ST_CLERK   |  2800.00 |           0.00 |        121 |            50 |
|         131 | James       | Marlow      | JAMRLOW  | 650.124.7234       | 1987-07-18 | ST_CLERK   |  2500.00 |           0.00 |        121 |            50 |
|         132 | TJ          | Olson       | TJOLSON  | 650.124.8234       | 1987-07-19 | ST_CLERK   |  2100.00 |           0.00 |        121 |            50 |
|         133 | Jason       | Mallin      | JMALLIN  | 650.127.1934       | 1987-07-20 | ST_CLERK   |  3300.00 |           0.00 |        122 |            50 |
|         134 | Michael     | Rogers      | MROGERS  | 650.127.1834       | 1987-07-21 | ST_CLERK   |  2900.00 |           0.00 |        122 |            50 |
|         135 | Ki          | Gee         | KGEE     | 650.127.1734       | 1987-07-22 | ST_CLERK   |  2400.00 |           0.00 |        122 |            50 |
|         136 | Hazel       | Philtanker  | HPHILTAN | 650.127.1634       | 1987-07-23 | ST_CLERK   |  2200.00 |           0.00 |        122 |            50 |
|         137 | Renske      | Ladwig      | RLADWIG  | 650.121.1234       | 1987-07-24 | ST_CLERK   |  3600.00 |           0.00 |        123 |            50 |
|         138 | Stephen     | Stiles      | SSTILES  | 650.121.2034       | 1987-07-25 | ST_CLERK   |  3200.00 |           0.00 |        123 |            50 |
|         139 | John        | Seo         | JSEO     | 650.121.2019       | 1987-07-26 | ST_CLERK   |  2700.00 |           0.00 |        123 |            50 |
|         140 | Joshua      | Patel       | JPATEL   | 650.121.1834       | 1987-07-27 | ST_CLERK   |  2500.00 |           0.00 |        123 |            50 |
|         141 | Trenna      | Rajs        | TRAJS    | 650.121.8009       | 1987-07-28 | ST_CLERK   |  3500.00 |           0.00 |        124 |            50 |
|         142 | Curtis      | Davies      | CDAVIES  | 650.121.2994       | 1987-07-29 | ST_CLERK   |  3100.00 |           0.00 |        124 |            50 |
|         143 | Randall     | Matos       | RMATOS   | 650.121.2874       | 1987-07-30 | ST_CLERK   |  2600.00 |           0.00 |        124 |            50 |
|         144 | Peter       | Vargas      | PVARGAS  | 650.121.2004       | 1987-07-31 | ST_CLERK   |  2500.00 |           0.00 |        124 |            50 |
|         145 | John        | Russell     | JRUSSEL  | 011.44.1344.429268 | 1987-08-01 | SA_MAN     | 14000.00 |           0.40 |        100 |            80 |
|         146 | Karen       | Partners    | KPARTNER | 011.44.1344.467268 | 1987-08-02 | SA_MAN     | 13500.00 |           0.30 |        100 |            80 |
|         147 | Alberto     | Errazuriz   | AERRAZUR | 011.44.1344.429278 | 1987-08-03 | SA_MAN     | 12000.00 |           0.30 |        100 |            80 |
|         148 | Gerald      | Cambrault   | GCAMBRAU | 011.44.1344.619268 | 1987-08-04 | SA_MAN     | 11000.00 |           0.30 |        100 |            80 |
|         149 | Eleni       | Zlotkey     | EZLOTKEY | 011.44.1344.429018 | 1987-08-05 | SA_MAN     | 10500.00 |           0.20 |        100 |            80 |
|         150 | Peter       | Tucker      | PTUCKER  | 011.44.1344.129268 | 1987-08-06 | SA_REP     | 10000.00 |           0.30 |        145 |            80 |
|         151 | David       | Bernstein   | DBERNSTE | 011.44.1344.345268 | 1987-08-07 | SA_REP     |  9500.00 |           0.25 |        145 |            80 |
|         152 | Peter       | Hall        | PHALL    | 011.44.1344.478968 | 1987-08-08 | SA_REP     |  9000.00 |           0.25 |        145 |            80 |
|         153 | Christopher | Olsen       | COLSEN   | 011.44.1344.498718 | 1987-08-09 | SA_REP     |  8000.00 |           0.20 |        145 |            80 |
|         154 | Nanette     | Cambrault   | NCAMBRAU | 011.44.1344.987668 | 1987-08-10 | SA_REP     |  7500.00 |           0.20 |        145 |            80 |
|         155 | Oliver      | Tuvault     | OTUVAULT | 011.44.1344.486508 | 1987-08-11 | SA_REP     |  7000.00 |           0.15 |        145 |            80 |
|         156 | Janette     | King        | JKING    | 011.44.1345.429268 | 1987-08-12 | SA_REP     | 10000.00 |           0.35 |        146 |            80 |
|         157 | Patrick     | Sully       | PSULLY   | 011.44.1345.929268 | 1987-08-13 | SA_REP     |  9500.00 |           0.35 |        146 |            80 |
|         158 | Allan       | McEwen      | AMCEWEN  | 011.44.1345.829268 | 1987-08-14 | SA_REP     |  9000.00 |           0.35 |        146 |            80 |
|         159 | Lindsey     | Smith       | LSMITH   | 011.44.1345.729268 | 1987-08-15 | SA_REP     |  8000.00 |           0.30 |        146 |            80 |
|         160 | Louise      | Doran       | LDORAN   | 011.44.1345.629268 | 1987-08-16 | SA_REP     |  7500.00 |           0.30 |        146 |            80 |
|         161 | Sarath      | Sewall      | SSEWALL  | 011.44.1345.529268 | 1987-08-17 | SA_REP     |  7000.00 |           0.25 |        146 |            80 |
|         162 | Clara       | Vishney     | CVISHNEY | 011.44.1346.129268 | 1987-08-18 | SA_REP     | 10500.00 |           0.25 |        147 |            80 |
|         163 | Danielle    | Greene      | DGREENE  | 011.44.1346.229268 | 1987-08-19 | SA_REP     |  9500.00 |           0.15 |        147 |            80 |
|         164 | Mattea      | Marvins     | MMARVINS | 011.44.1346.329268 | 1987-08-20 | SA_REP     |  7200.00 |           0.10 |        147 |            80 |
|         165 | David       | Lee         | DLEE     | 011.44.1346.529268 | 1987-08-21 | SA_REP     |  6800.00 |           0.10 |        147 |            80 |
|         166 | Sundar      | Ande        | SANDE    | 011.44.1346.629268 | 1987-08-22 | SA_REP     |  6400.00 |           0.10 |        147 |            80 |
|         167 | Amit        | Banda       | ABANDA   | 011.44.1346.729268 | 1987-08-23 | SA_REP     |  6200.00 |           0.10 |        147 |            80 |
|         168 | Lisa        | Ozer        | LOZER    | 011.44.1343.929268 | 1987-08-24 | SA_REP     | 11500.00 |           0.25 |        148 |            80 |
|         169 | Harrison    | Bloom       | HBLOOM   | 011.44.1343.829268 | 1987-08-25 | SA_REP     | 10000.00 |           0.20 |        148 |            80 |
|         170 | Tayler      | Fox         | TFOX     | 011.44.1343.729268 | 1987-08-26 | SA_REP     |  9600.00 |           0.20 |        148 |            80 |
|         171 | William     | Smith       | WSMITH   | 011.44.1343.629268 | 1987-08-27 | SA_REP     |  7400.00 |           0.15 |        148 |            80 |
|         172 | Elizabeth   | Bates       | EBATES   | 011.44.1343.529268 | 1987-08-28 | SA_REP     |  7300.00 |           0.15 |        148 |            80 |
|         173 | Sundita     | Kumar       | SKUMAR   | 011.44.1343.329268 | 1987-08-29 | SA_REP     |  6100.00 |           0.10 |        148 |            80 |
|         174 | Ellen       | Abel        | EABEL    | 011.44.1644.429267 | 1987-08-30 | SA_REP     | 11000.00 |           0.30 |        149 |            80 |
|         175 | Alyssa      | Hutton      | AHUTTON  | 011.44.1644.429266 | 1987-08-31 | SA_REP     |  8800.00 |           0.25 |        149 |            80 |
|         176 | Jonathon    | Taylor      | JTAYLOR  | 011.44.1644.429265 | 1987-09-01 | SA_REP     |  8600.00 |           0.20 |        149 |            80 |
|         177 | Jack        | Livingston  | JLIVINGS | 011.44.1644.429264 | 1987-09-02 | SA_REP     |  8400.00 |           0.20 |        149 |            80 |
|         178 | Kimberely   | Grant       | KGRANT   | 011.44.1644.429263 | 1987-09-03 | SA_REP     |  7000.00 |           0.15 |        149 |             0 |
|         179 | Charles     | Johnson     | CJOHNSON | 011.44.1644.429262 | 1987-09-04 | SA_REP     |  6200.00 |           0.10 |        149 |            80 |
|         180 | Winston     | Taylor      | WTAYLOR  | 650.507.9876       | 1987-09-05 | SH_CLERK   |  3200.00 |           0.00 |        120 |            50 |
|         181 | Jean        | Fleaur      | JFLEAUR  | 650.507.9877       | 1987-09-06 | SH_CLERK   |  3100.00 |           0.00 |        120 |            50 |
|         182 | Martha      | Sullivan    | MSULLIVA | 650.507.9878       | 1987-09-07 | SH_CLERK   |  2500.00 |           0.00 |        120 |            50 |
|         183 | Girard      | Geoni       | GGEONI   | 650.507.9879       | 1987-09-08 | SH_CLERK   |  2800.00 |           0.00 |        120 |            50 |
|         184 | Nandita     | Sarchand    | NSARCHAN | 650.509.1876       | 1987-09-09 | SH_CLERK   |  4200.00 |           0.00 |        121 |            50 |
|         185 | Alexis      | Bull        | ABULL    | 650.509.2876       | 1987-09-10 | SH_CLERK   |  4100.00 |           0.00 |        121 |            50 |
|         186 | Julia       | Dellinger   | JDELLING | 650.509.3876       | 1987-09-11 | SH_CLERK   |  3400.00 |           0.00 |        121 |            50 |
|         187 | Anthony     | Cabrio      | ACABRIO  | 650.509.4876       | 1987-09-12 | SH_CLERK   |  3000.00 |           0.00 |        121 |            50 |
|         188 | Kelly       | Chung       | KCHUNG   | 650.505.1876       | 1987-09-13 | SH_CLERK   |  3800.00 |           0.00 |        122 |            50 |
|         189 | Jennifer    | Dilly       | JDILLY   | 650.505.2876       | 1987-09-14 | SH_CLERK   |  3600.00 |           0.00 |        122 |            50 |
|         190 | Timothy     | Gates       | TGATES   | 650.505.3876       | 1987-09-15 | SH_CLERK   |  2900.00 |           0.00 |        122 |            50 |
|         191 | Randall     | Perkins     | RPERKINS | 650.505.4876       | 1987-09-16 | SH_CLERK   |  2500.00 |           0.00 |        122 |            50 |
|         192 | Sarah       | Bell        | SBELL    | 650.501.1876       | 1987-09-17 | SH_CLERK   |  4000.00 |           0.00 |        123 |            50 |
|         193 | Britney     | Everett     | BEVERETT | 650.501.2876       | 1987-09-18 | SH_CLERK   |  3900.00 |           0.00 |        123 |            50 |
|         194 | Samuel      | McCain      | SMCCAIN  | 650.501.3876       | 1987-09-19 | SH_CLERK   |  3200.00 |           0.00 |        123 |            50 |
|         195 | Vance       | Jones       | VJONES   | 650.501.4876       | 1987-09-20 | SH_CLERK   |  2800.00 |           0.00 |        123 |            50 |
|         196 | Alana       | Walsh       | AWALSH   | 650.507.9811       | 1987-09-21 | SH_CLERK   |  3100.00 |           0.00 |        124 |            50 |
|         197 | Kevin       | Feeney      | KFEENEY  | 650.507.9822       | 1987-09-22 | SH_CLERK   |  3000.00 |           0.00 |        124 |            50 |
|         198 | Donald      | OConnell    | DOCONNEL | 650.507.9833       | 1987-09-23 | SH_CLERK   |  2600.00 |           0.00 |        124 |            50 |
|         199 | Douglas     | Grant       | DGRANT   | 650.507.9844       | 1987-09-24 | SH_CLERK   |  2600.00 |           0.00 |        124 |            50 |
|         200 | Jennifer    | Whalen      | JWHALEN  | 515.123.4444       | 1987-09-25 | AD_ASST    |  4400.00 |           0.00 |        101 |            10 |
|         201 | Michael     | Hartstein   | MHARTSTE | 515.123.5555       | 1987-09-26 | MK_MAN     | 13000.00 |           0.00 |        100 |            20 |
|         202 | Pat         | Fay         | PFAY     | 603.123.6666       | 1987-09-27 | MK_REP     |  6000.00 |           0.00 |        201 |            20 |
|         203 | Susan       | Mavris      | SMAVRIS  | 515.123.7777       | 1987-09-28 | HR_REP     |  6500.00 |           0.00 |        101 |            40 |
|         204 | Hermann     | Baer        | HBAER    | 515.123.8888       | 1987-09-29 | PR_REP     | 10000.00 |           0.00 |        101 |            70 |
|         205 | Shelley     | Higgins     | SHIGGINS | 515.123.8080       | 1987-09-30 | AC_MGR     | 12000.00 |           0.00 |        101 |           110 |
|         206 | William     | Gietz       | WGIETZ   | 515.123.8181       | 1987-10-01 | AC_ACCOUNT |  8300.00 |           0.00 |        205 |           110 |
+-------------+-------------+-------------+----------+--------------------+------------+------------+----------+----------------+------------+---------------+
107 rows in set (0.00 sec)

mysql> use db1
Database changed
mysql> select * from emp;
+-------+----------+--------+---------------------+------+------------+------+------+--------+---------+--------------+------------+------------+----------+------+
| EMPNO | ENAME    | GENDER | JOB                 | MGR  | HIREDATE   | SAL  | COMM | DEPTNO | BONUSID | USER NAME    | PWD        | PHONE      | isActive | SrNO |
+-------+----------+--------+---------------------+------+------------+------+------+--------+---------+--------------+------------+------------+----------+------+
|  6001 | GITA     | F      | Compliance officers | 7920 | 1981-07-19 | 1750 | NULL |     30 |       1 | GITA         | sales@2017 | NULL       |        1 |    1 |
|  6129 | VRUSHALI | F      | Compliance officers | 7920 | 1981-07-19 | 1750 | NULL |     50 |       1 | VRUSHALI     | PUN@8877   | NULL       |        1 |    2 |
|  6473 | SHARMIN  | F      | Public Relation     | 7920 | 1981-07-19 | 1750 | NULL |     20 |       1 | SHARMIN      | a12recmpm  | NULL       |        1 |    3 |
|  6781 | BANDISH  | F      | Public Relation     | 7920 | 1981-07-19 | 1750 | NULL |     20 |       1 | BANDISH      | a12recmpm  | NULL       |        1 |    4 |
|  7369 | SMITH    | M      | CLERK               | 7902 | 1980-12-17 |  800 | NULL |     20 |       2 | TRITONE      | a12recmpm  | 7032300023 |        0 |    5 |
|  7415 | AARAV    | M      | CLERK               | 7902 | 1981-12-31 | 3350 | NULL |     10 |    NULL | AARAV        | NULL       | 7032300084 |        0 |    6 |
|  7421 | THOMAS   | M      | CLERK               | 7920 | 1981-07-19 | 1750 | NULL |     10 |       1 | THOMAS       | r50mpm     | 7032300011 |        0 |    7 |
|  7499 | ALLEN    | M      | SALESMAN            | 7698 | 1981-02-20 | 1600 |  300 |     30 |       4 | ALWAYS TESTE | sales@2017 | 7032300096 |        1 |    8 |
|  7521 | WARD     | M      | SALESMAN            | 7698 | 1981-02-22 | 1250 |  500 |     30 |       1 | WARD         | sales@2017 | 7132300034 |        1 |    9 |
|  7566 | JONES    | M      | MANAGER             | 7839 | 1981-04-02 | 2975 | NULL |     20 |       4 | HONEYCOMB    | a12recmpm  | 7132300039 |        1 |   10 |
|  7654 | MARTIN   | M      | SALESMAN            | 7698 | 1981-09-28 | 1250 | 1400 |     30 |       6 | LIFE RACER   | sales@2017 | 7132300050 |        1 |   11 |
|  7698 | BLAKE    | M      | MANAGER             | 7839 | 1981-05-01 | 2850 | NULL |     30 |       1 | BIG BEN      | sales@2017 | 7132300027 |        1 |   12 |
|  7782 | CLARK    | M      | MANAGER             | 7839 | 1981-06-09 | 2450 | NULL |     10 |       3 | CLARK        | r50mpm     | 7032300001 |        1 |   13 |
|  7788 | SCOTT    | M      | ANALYST             | 7766 | 1982-12-09 | 3000 | NULL |     20 |       3 | WHITE SAND   | a12recmpm  | NULL       |        1 |   14 |
|  7839 | KING     | M      | PRESIDENT           | NULL | 1981-11-17 | 5000 | NULL |     10 |       1 | KING         | r50mpm     | 7132300081 |        1 |   15 |
|  7840 | FRED     | M      | vice PRESIDENT      | 7839 | 1983-08-09 | 5000 | NULL |     20 |       1 | SAND STONE   | a12recmpm  | NULL       |        1 |   16 |
|  7844 | TURNER   | M      | SALESMAN            | 7698 | 1981-09-08 | 1500 |    0 |     30 |       5 | SAND DUST    | sales@2017 | NULL       |        1 |   17 |
|  7876 | ADAMS    | M      | CLERK               | 7788 | 1983-01-12 | 1100 | NULL |     20 |       1 | CRAZY ANYONE | a12recmpm  | 7132300086 |        1 |   18 |
|  7900 | JAMES    | M      | CLERK               | 7698 | 1981-12-03 |  950 | NULL |     30 |       2 | CRAZY LEADER | sales@2017 | 7132300042 |        1 |   19 |
|  7902 | zzz      | M      | ANALYST             | 7566 | 1981-12-03 | 3000 | NULL |     20 |       4 | CONBRIO      | a12recmpm  | NULL       |        0 |   20 |
|  7919 | HOFFMAN  | M      | MANAGER             | 7566 | 1982-03-24 | 4150 | NULL |     30 |       3 | INTERVAL     | sales@2017 | NULL       |        1 |   21 |
|  7920 | GRASS    | M      | SALESMAN            | 7919 | 1980-02-14 | 2575 | 2700 |     30 |       5 | GRASS        | sales@2017 | NULL       |        1 |   22 |
|  7934 | MILLER   | M      | CLERK               | 7782 | 1982-01-23 | 1300 | NULL |     10 |       2 | QUARTERNOTE  | r50mpm     | 7132300055 |        0 |   23 |
|  7945 | AARUSH   | M      | SALESMAN            | 7902 | 1980-02-14 | 1350 | 2700 |     30 |    NULL | AARUSH       | ABCDEF     | NULL       |        0 |   24 |
|  7949 | ALEX     | M      | MANAGER             | 7698 | 1982-01-24 | 1250 |  500 |     30 |       5 | QUARTERREST  | sales@2017 | 7156567183 |        1 |   25 |
|  8433 | NATASHA  | F      | CLERK               | 7920 | 1981-07-19 | 1750 | NULL |     30 |       1 | NATASHA      | sales@2017 | NULL       |        1 |   26 |
|  9400 | SANGITA  | F      | Compliance officers | 7920 | 1981-07-19 | 1750 | NULL |     50 |       1 | SANGITA      | NULL       | NULL       |        1 |   27 |
|  9473 | SUPRIYA  | F      | ANALYST             | 7920 | 1981-07-19 | 1750 | NULL |     50 |       1 | SUPRIYA      | XYZ@1234   | NULL       |        1 |   28 |
+-------+----------+--------+---------------------+------+------------+------+------+--------+---------+--------------+------------+------------+----------+------+
28 rows in set (0.01 sec)

mysql> select * from emp where empno=7788;
+-------+-------+--------+---------+------+------------+------+------+--------+---------+------------+-----------+-------+----------+------+
| EMPNO | ENAME | GENDER | JOB     | MGR  | HIREDATE   | SAL  | COMM | DEPTNO | BONUSID | USER NAME  | PWD       | PHONE | isActive | SrNO |
+-------+-------+--------+---------+------+------------+------+------+--------+---------+------------+-----------+-------+----------+------+
|  7788 | SCOTT | M      | ANALYST | 7766 | 1982-12-09 | 3000 | NULL |     20 |       3 | WHITE SAND | a12recmpm | NULL  |        1 |   14 |
+-------+-------+--------+---------+------+------------+------+------+--------+---------+------------+-----------+-------+----------+------+
1 row in set (0.01 sec)

mysql> show databases;
+--------------------+
| Database           |
+--------------------+
| assignment1        |
| db1                |
| db2                |
| db3                |
| db4                |
| db5                |
| employee           |
| information_schema |
| mysql              |
| performance_schema |
| practice           |
| project            |
| sys                |
+--------------------+
13 rows in set (0.00 sec)

mysql> use db5;
Database changed
mysql> show tables;
Empty set (0.00 sec)

mysql> source E:\C-DAC\Module 4 DBT\MySQLDEMOBLD7.SQL
Query OK, 0 rows affected, 1 warning (0.01 sec)

Query OK, 0 rows affected, 1 warning (0.00 sec)

Query OK, 0 rows affected, 1 warning (0.00 sec)

Query OK, 0 rows affected, 1 warning (0.00 sec)

Query OK, 0 rows affected, 1 warning (0.00 sec)

Query OK, 0 rows affected, 1 warning (0.00 sec)

Query OK, 0 rows affected, 1 warning (0.00 sec)

Query OK, 0 rows affected, 1 warning (0.00 sec)

Query OK, 0 rows affected, 1 warning (0.00 sec)

Query OK, 0 rows affected, 1 warning (0.00 sec)

Query OK, 0 rows affected, 1 warning (0.00 sec)

Query OK, 0 rows affected, 1 warning (0.00 sec)

Query OK, 0 rows affected, 1 warning (0.00 sec)

Query OK, 0 rows affected, 1 warning (0.00 sec)

Query OK, 0 rows affected, 1 warning (0.00 sec)

Query OK, 0 rows affected, 1 warning (0.00 sec)

Query OK, 0 rows affected, 1 warning (0.00 sec)

Query OK, 0 rows affected, 1 warning (0.00 sec)

Query OK, 0 rows affected, 1 warning (0.01 sec)

Query OK, 0 rows affected, 1 warning (0.00 sec)

Query OK, 0 rows affected, 1 warning (0.01 sec)

Query OK, 0 rows affected, 1 warning (0.01 sec)

Query OK, 0 rows affected, 1 warning (0.01 sec)

Query OK, 0 rows affected, 1 warning (0.00 sec)

Query OK, 0 rows affected, 1 warning (0.01 sec)

Query OK, 0 rows affected, 1 warning (0.00 sec)

Query OK, 0 rows affected, 1 warning (0.01 sec)

Query OK, 0 rows affected, 1 warning (0.01 sec)

Query OK, 0 rows affected, 1 warning (0.00 sec)

Query OK, 0 rows affected, 1 warning (0.01 sec)

Query OK, 0 rows affected, 1 warning (0.01 sec)

Query OK, 0 rows affected, 1 warning (0.01 sec)

Query OK, 0 rows affected, 1 warning (0.01 sec)

Query OK, 0 rows affected, 1 warning (0.01 sec)

Query OK, 0 rows affected, 1 warning (0.01 sec)

Query OK, 0 rows affected, 1 warning (0.01 sec)

Query OK, 0 rows affected, 1 warning (0.01 sec)

Query OK, 0 rows affected, 1 warning (0.01 sec)

Query OK, 0 rows affected, 1 warning (0.00 sec)

Query OK, 0 rows affected, 1 warning (0.01 sec)

Query OK, 0 rows affected, 1 warning (0.00 sec)

Query OK, 0 rows affected, 1 warning (0.01 sec)

Query OK, 0 rows affected, 1 warning (0.01 sec)

Query OK, 0 rows affected, 1 warning (0.01 sec)

Query OK, 0 rows affected, 1 warning (0.01 sec)

Query OK, 0 rows affected, 1 warning (0.00 sec)

Query OK, 0 rows affected, 1 warning (0.00 sec)

Query OK, 0 rows affected, 1 warning (0.01 sec)

Query OK, 0 rows affected, 1 warning (0.01 sec)

Query OK, 0 rows affected, 1 warning (0.01 sec)

Query OK, 0 rows affected, 1 warning (0.00 sec)

Query OK, 0 rows affected, 1 warning (0.01 sec)

Query OK, 0 rows affected, 1 warning (0.01 sec)

Query OK, 0 rows affected, 1 warning (0.01 sec)

Query OK, 0 rows affected, 1 warning (0.01 sec)

Query OK, 0 rows affected, 1 warning (0.01 sec)

Query OK, 0 rows affected, 1 warning (0.01 sec)

Query OK, 0 rows affected, 1 warning (0.01 sec)

Query OK, 0 rows affected, 1 warning (0.00 sec)

Query OK, 0 rows affected, 1 warning (0.01 sec)

Query OK, 0 rows affected, 1 warning (0.01 sec)

Query OK, 0 rows affected, 1 warning (0.00 sec)

Query OK, 0 rows affected, 1 warning (0.01 sec)

Query OK, 0 rows affected, 1 warning (0.00 sec)

Query OK, 0 rows affected, 1 warning (0.00 sec)

Query OK, 0 rows affected, 1 warning (0.00 sec)

Query OK, 0 rows affected, 1 warning (0.01 sec)

Query OK, 0 rows affected, 1 warning (0.00 sec)

Query OK, 0 rows affected, 1 warning (0.01 sec)

Query OK, 0 rows affected, 1 warning (0.01 sec)

Query OK, 0 rows affected, 1 warning (0.01 sec)

Query OK, 0 rows affected, 1 warning (0.01 sec)

Query OK, 0 rows affected, 1 warning (0.01 sec)

Query OK, 0 rows affected, 1 warning (0.00 sec)

Query OK, 0 rows affected, 1 warning (0.01 sec)

Query OK, 0 rows affected, 1 warning (0.01 sec)

Query OK, 0 rows affected, 1 warning (0.01 sec)

Query OK, 0 rows affected, 1 warning (0.01 sec)

Query OK, 0 rows affected, 1 warning (0.01 sec)

Query OK, 0 rows affected, 1 warning (0.00 sec)

Query OK, 0 rows affected, 1 warning (0.01 sec)

Query OK, 0 rows affected, 1 warning (0.00 sec)

Query OK, 0 rows affected (0.05 sec)

Query OK, 1 row affected (0.01 sec)

Query OK, 1 row affected (0.00 sec)

Query OK, 1 row affected (0.00 sec)

Query OK, 1 row affected (0.00 sec)

Query OK, 1 row affected (0.00 sec)

Query OK, 1 row affected (0.00 sec)

Query OK, 1 row affected (0.00 sec)

Query OK, 1 row affected (0.00 sec)

Query OK, 1 row affected (0.00 sec)

Query OK, 1 row affected (0.00 sec)

Query OK, 1 row affected (0.00 sec)

Query OK, 1 row affected (0.00 sec)

Query OK, 1 row affected (0.00 sec)

Query OK, 1 row affected (0.00 sec)

Query OK, 1 row affected (0.00 sec)

Query OK, 1 row affected (0.00 sec)

Query OK, 1 row affected (0.00 sec)

Query OK, 1 row affected (0.00 sec)

Query OK, 1 row affected (0.00 sec)

Query OK, 1 row affected (0.01 sec)

Query OK, 1 row affected (0.00 sec)

Query OK, 1 row affected (0.00 sec)

Query OK, 1 row affected (0.00 sec)

Query OK, 1 row affected (0.00 sec)

Query OK, 1 row affected (0.00 sec)

Query OK, 1 row affected (0.00 sec)

Query OK, 1 row affected (0.00 sec)

Query OK, 1 row affected (0.01 sec)

Query OK, 1 row affected (0.00 sec)

Query OK, 1 row affected (0.00 sec)

Query OK, 1 row affected (0.00 sec)

Query OK, 1 row affected (0.00 sec)

Query OK, 1 row affected (0.00 sec)

Query OK, 1 row affected (0.00 sec)

Query OK, 1 row affected (0.00 sec)

Query OK, 1 row affected (0.00 sec)

Query OK, 1 row affected (0.00 sec)

Query OK, 0 rows affected (0.05 sec)

Query OK, 33 rows affected (0.00 sec)
Records: 33  Duplicates: 0  Warnings: 0

Query OK, 0 rows affected (0.05 sec)

Query OK, 10 rows affected (0.00 sec)
Records: 10  Duplicates: 0  Warnings: 0

Query OK, 0 rows affected (0.04 sec)

Query OK, 1 row affected (0.00 sec)

Query OK, 1 row affected (0.00 sec)

Query OK, 1 row affected (0.00 sec)

Query OK, 1 row affected (0.00 sec)

Query OK, 0 rows affected (0.05 sec)

Query OK, 6 rows affected (0.00 sec)
Records: 6  Duplicates: 0  Warnings: 0

Query OK, 0 rows affected (0.04 sec)

Query OK, 1 row affected (0.00 sec)

Query OK, 1 row affected (0.00 sec)

Query OK, 1 row affected (0.00 sec)

Query OK, 1 row affected (0.00 sec)

Query OK, 0 rows affected (0.05 sec)

Query OK, 1 row affected (0.00 sec)

Query OK, 1 row affected (0.00 sec)

Query OK, 1 row affected (0.00 sec)

Query OK, 1 row affected (0.00 sec)

Query OK, 1 row affected (0.00 sec)

Query OK, 1 row affected (0.00 sec)

Query OK, 1 row affected (0.00 sec)

Query OK, 1 row affected (0.00 sec)

Query OK, 1 row affected (0.00 sec)

Query OK, 1 row affected (0.00 sec)

Query OK, 1 row affected (0.00 sec)

Query OK, 1 row affected (0.00 sec)

Query OK, 1 row affected (0.00 sec)

Query OK, 1 row affected (0.00 sec)

Query OK, 1 row affected (0.00 sec)

Query OK, 1 row affected (0.00 sec)

Query OK, 1 row affected (0.00 sec)

Query OK, 1 row affected (0.00 sec)

Query OK, 1 row affected (0.00 sec)

Query OK, 1 row affected (0.00 sec)

Query OK, 1 row affected (0.00 sec)

Query OK, 1 row affected (0.00 sec)

Query OK, 1 row affected (0.00 sec)

Query OK, 1 row affected (0.00 sec)

Query OK, 1 row affected (0.00 sec)

Query OK, 1 row affected (0.00 sec)

Query OK, 1 row affected (0.00 sec)

Query OK, 0 rows affected (0.06 sec)

Query OK, 0 rows affected (0.04 sec)

Query OK, 1 row affected (0.01 sec)

Query OK, 1 row affected (0.00 sec)

Query OK, 1 row affected (0.00 sec)

Query OK, 1 row affected (0.00 sec)

Query OK, 1 row affected (0.00 sec)

Query OK, 1 row affected (0.00 sec)

Query OK, 1 row affected (0.00 sec)

Query OK, 1 row affected (0.00 sec)

Query OK, 1 row affected (0.00 sec)

Query OK, 1 row affected (0.00 sec)

Query OK, 1 row affected (0.00 sec)

Query OK, 1 row affected (0.00 sec)

Query OK, 1 row affected (0.00 sec)

Query OK, 1 row affected (0.00 sec)

Query OK, 1 row affected (0.01 sec)

Query OK, 1 row affected (0.00 sec)

Query OK, 1 row affected (0.00 sec)

Query OK, 1 row affected (0.00 sec)

Query OK, 1 row affected (0.00 sec)

Query OK, 0 rows affected (0.04 sec)

Query OK, 26 rows affected (0.00 sec)
Records: 26  Duplicates: 0  Warnings: 0

Query OK, 0 rows affected (0.05 sec)

Query OK, 1 row affected (0.00 sec)

Query OK, 1 row affected (0.00 sec)

Query OK, 1 row affected (0.00 sec)

Query OK, 1 row affected (0.00 sec)

Query OK, 1 row affected (0.00 sec)

Query OK, 1 row affected (0.00 sec)

Query OK, 1 row affected (0.00 sec)

Query OK, 1 row affected (0.00 sec)

Query OK, 1 row affected (0.00 sec)

Query OK, 1 row affected (0.00 sec)

Query OK, 1 row affected (0.00 sec)

Query OK, 0 rows affected (0.05 sec)

Query OK, 1 row affected (0.00 sec)

Query OK, 1 row affected (0.00 sec)

Query OK, 1 row affected (0.00 sec)

Query OK, 1 row affected (0.00 sec)

Query OK, 1 row affected (0.00 sec)

Query OK, 1 row affected (0.00 sec)

Query OK, 1 row affected (0.00 sec)

Query OK, 1 row affected (0.00 sec)

Query OK, 1 row affected (0.00 sec)

Query OK, 1 row affected (0.00 sec)

Query OK, 1 row affected (0.00 sec)

Query OK, 0 rows affected (0.05 sec)

Query OK, 1 row affected (0.01 sec)

Query OK, 1 row affected (0.00 sec)

Query OK, 1 row affected (0.00 sec)

Query OK, 1 row affected (0.00 sec)

Query OK, 1 row affected (0.00 sec)

Query OK, 0 rows affected (0.05 sec)

Query OK, 1 row affected (0.01 sec)

Query OK, 1 row affected (0.00 sec)

Query OK, 1 row affected (0.00 sec)

Query OK, 1 row affected (0.00 sec)

Query OK, 0 rows affected, 1 warning (0.04 sec)

Query OK, 8 rows affected (0.00 sec)
Records: 8  Duplicates: 0  Warnings: 0

Query OK, 0 rows affected (0.05 sec)

Query OK, 1 row affected (0.01 sec)

Query OK, 1 row affected (0.00 sec)

Query OK, 1 row affected (0.00 sec)

Query OK, 1 row affected (0.00 sec)

Query OK, 1 row affected (0.00 sec)

Query OK, 1 row affected (0.00 sec)

Query OK, 0 rows affected (0.05 sec)

Query OK, 1 row affected (0.01 sec)

Query OK, 1 row affected (0.00 sec)

Query OK, 1 row affected (0.00 sec)

Query OK, 1 row affected (0.00 sec)

Query OK, 1 row affected (0.00 sec)

Query OK, 1 row affected (0.00 sec)

Query OK, 1 row affected (0.00 sec)

Query OK, 1 row affected (0.00 sec)

Query OK, 1 row affected (0.00 sec)

Query OK, 1 row affected (0.00 sec)

Query OK, 1 row affected (0.00 sec)

Query OK, 1 row affected (0.00 sec)

Query OK, 1 row affected (0.00 sec)

Query OK, 1 row affected (0.00 sec)

Query OK, 1 row affected (0.00 sec)

Query OK, 1 row affected (0.00 sec)

Query OK, 1 row affected (0.00 sec)

Query OK, 0 rows affected (0.05 sec)

Query OK, 1 row affected (0.00 sec)

Query OK, 1 row affected (0.00 sec)

Query OK, 1 row affected (0.00 sec)

Query OK, 1 row affected (0.00 sec)

Query OK, 1 row affected (0.00 sec)

Query OK, 1 row affected (0.00 sec)

Query OK, 1 row affected (0.00 sec)

Query OK, 1 row affected (0.00 sec)

Query OK, 1 row affected (0.00 sec)

Query OK, 1 row affected (0.00 sec)

Query OK, 0 rows affected (0.05 sec)

Query OK, 1 row affected (0.00 sec)

Query OK, 1 row affected (0.00 sec)

Query OK, 1 row affected (0.00 sec)

Query OK, 1 row affected (0.00 sec)

Query OK, 1 row affected (0.00 sec)

Query OK, 1 row affected (0.00 sec)

Query OK, 1 row affected (0.00 sec)

Query OK, 1 row affected (0.00 sec)

Query OK, 1 row affected (0.00 sec)

Query OK, 1 row affected (0.00 sec)

Query OK, 1 row affected (0.00 sec)

Query OK, 1 row affected (0.00 sec)

Query OK, 1 row affected (0.00 sec)

Query OK, 1 row affected (0.00 sec)

Query OK, 1 row affected (0.00 sec)

Query OK, 1 row affected (0.00 sec)

Query OK, 1 row affected (0.00 sec)

Query OK, 1 row affected (0.00 sec)

Query OK, 1 row affected (0.00 sec)

Query OK, 1 row affected (0.00 sec)

Query OK, 1 row affected (0.00 sec)

Query OK, 1 row affected (0.00 sec)

Query OK, 1 row affected (0.00 sec)

Query OK, 1 row affected (0.00 sec)

Query OK, 1 row affected (0.00 sec)

Query OK, 1 row affected (0.00 sec)

Query OK, 1 row affected (0.00 sec)

Query OK, 0 rows affected (0.06 sec)

Query OK, 1 row affected (0.00 sec)

Query OK, 1 row affected (0.00 sec)

Query OK, 1 row affected (0.00 sec)

Query OK, 1 row affected (0.00 sec)

Query OK, 0 rows affected (0.05 sec)

Query OK, 1 row affected (0.00 sec)

Query OK, 1 row affected (0.00 sec)

Query OK, 1 row affected (0.00 sec)

Query OK, 1 row affected (0.00 sec)

Query OK, 1 row affected (0.00 sec)

Query OK, 1 row affected (0.00 sec)

Query OK, 0 rows affected (0.05 sec)

Query OK, 0 rows affected (0.04 sec)

Query OK, 9 rows affected (0.01 sec)
Records: 9  Duplicates: 0  Warnings: 0

Query OK, 10 rows affected (0.00 sec)
Records: 10  Duplicates: 0  Warnings: 0

Query OK, 0 rows affected (0.05 sec)

Query OK, 0 rows affected (0.03 sec)

Query OK, 3 rows affected (0.00 sec)
Records: 3  Duplicates: 0  Warnings: 0

Query OK, 3 rows affected (0.01 sec)
Records: 3  Duplicates: 0  Warnings: 0

Query OK, 0 rows affected (0.05 sec)

Query OK, 4 rows affected (0.00 sec)
Records: 4  Duplicates: 0  Warnings: 0

Query OK, 0 rows affected (0.04 sec)

Query OK, 6 rows affected (0.00 sec)
Records: 6  Duplicates: 0  Warnings: 0

Query OK, 0 rows affected (0.05 sec)

Query OK, 1 row affected (0.00 sec)

Query OK, 1 row affected (0.00 sec)

Query OK, 1 row affected (0.00 sec)

Query OK, 1 row affected (0.00 sec)

Query OK, 1 row affected (0.00 sec)

Query OK, 1 row affected (0.00 sec)

Query OK, 1 row affected (0.00 sec)

Query OK, 1 row affected (0.00 sec)

Query OK, 1 row affected (0.00 sec)

Query OK, 1 row affected (0.00 sec)

Query OK, 1 row affected (0.00 sec)

Query OK, 1 row affected (0.00 sec)

Query OK, 1 row affected (0.00 sec)

Query OK, 1 row affected (0.00 sec)

Query OK, 1 row affected (0.00 sec)

Query OK, 1 row affected (0.00 sec)

Query OK, 0 rows affected, 4 warnings (0.05 sec)

Query OK, 7 rows affected (0.00 sec)
Records: 7  Duplicates: 0  Warnings: 0

Query OK, 0 rows affected (0.05 sec)

Query OK, 1 row affected (0.00 sec)

Query OK, 1 row affected (0.00 sec)

Query OK, 1 row affected (0.00 sec)

Query OK, 1 row affected (0.00 sec)

Query OK, 1 row affected (0.00 sec)

Query OK, 1 row affected (0.00 sec)

Query OK, 1 row affected (0.00 sec)

Query OK, 1 row affected (0.00 sec)

Query OK, 1 row affected (0.00 sec)

Query OK, 1 row affected (0.00 sec)

Query OK, 1 row affected (0.00 sec)

Query OK, 1 row affected (0.00 sec)

Query OK, 1 row affected (0.00 sec)

Query OK, 1 row affected (0.00 sec)

Query OK, 1 row affected (0.00 sec)

Query OK, 1 row affected (0.00 sec)

Query OK, 1 row affected (0.00 sec)

Query OK, 1 row affected (0.00 sec)

Query OK, 1 row affected (0.00 sec)

Query OK, 1 row affected (0.00 sec)

Query OK, 1 row affected (0.00 sec)

Query OK, 1 row affected (0.00 sec)

Query OK, 1 row affected (0.00 sec)

Query OK, 1 row affected (0.00 sec)

Query OK, 1 row affected (0.00 sec)

Query OK, 1 row affected (0.00 sec)

Query OK, 1 row affected (0.00 sec)

Query OK, 1 row affected (0.00 sec)

Query OK, 1 row affected (0.00 sec)

Query OK, 1 row affected (0.00 sec)

Query OK, 1 row affected (0.00 sec)

Query OK, 1 row affected (0.00 sec)

Query OK, 1 row affected (0.00 sec)

Query OK, 1 row affected (0.00 sec)

Query OK, 1 row affected (0.00 sec)

Query OK, 1 row affected (0.00 sec)

Query OK, 1 row affected (0.00 sec)

Query OK, 1 row affected (0.00 sec)

Query OK, 1 row affected (0.00 sec)

Query OK, 1 row affected (0.00 sec)

Query OK, 1 row affected (0.00 sec)

Query OK, 1 row affected (0.00 sec)

Query OK, 1 row affected (0.00 sec)

Query OK, 1 row affected (0.00 sec)

Query OK, 1 row affected (0.00 sec)

Query OK, 1 row affected (0.00 sec)

Query OK, 1 row affected (0.00 sec)

Query OK, 1 row affected (0.00 sec)

Query OK, 1 row affected (0.00 sec)

Query OK, 1 row affected (0.00 sec)

Query OK, 1 row affected (0.00 sec)

Query OK, 1 row affected (0.00 sec)

Query OK, 1 row affected (0.00 sec)

Query OK, 1 row affected (0.00 sec)

Query OK, 1 row affected (0.00 sec)

Query OK, 1 row affected (0.00 sec)

Query OK, 1 row affected (0.00 sec)

Query OK, 1 row affected (0.00 sec)

Query OK, 1 row affected (0.00 sec)

Query OK, 1 row affected (0.00 sec)

Query OK, 1 row affected (0.00 sec)

Query OK, 1 row affected (0.00 sec)

Query OK, 1 row affected (0.00 sec)

Query OK, 1 row affected (0.00 sec)

Query OK, 1 row affected (0.00 sec)

Query OK, 1 row affected (0.00 sec)

Query OK, 1 row affected (0.00 sec)

Query OK, 1 row affected (0.00 sec)

Query OK, 1 row affected (0.00 sec)

Query OK, 1 row affected (0.00 sec)

Query OK, 1 row affected (0.00 sec)

Query OK, 1 row affected (0.00 sec)

Query OK, 1 row affected (0.00 sec)

Query OK, 1 row affected (0.00 sec)

Query OK, 1 row affected (0.00 sec)

Query OK, 1 row affected (0.00 sec)

Query OK, 1 row affected (0.00 sec)

Query OK, 0 rows affected (0.05 sec)

Query OK, 4 rows affected (0.00 sec)
Records: 4  Duplicates: 0  Warnings: 0

Query OK, 0 rows affected (0.04 sec)

Query OK, 10 rows affected (0.00 sec)
Records: 10  Duplicates: 0  Warnings: 0

Query OK, 0 rows affected (0.05 sec)

Query OK, 1 row affected (0.00 sec)

Query OK, 1 row affected (0.00 sec)

Query OK, 0 rows affected (0.04 sec)

Query OK, 7 rows affected (0.00 sec)
Records: 7  Duplicates: 0  Warnings: 0

Query OK, 0 rows affected (0.05 sec)

Query OK, 33 rows affected (0.00 sec)
Records: 33  Duplicates: 0  Warnings: 0

Query OK, 0 rows affected (0.05 sec)

Query OK, 218 rows affected (0.01 sec)
Records: 218  Duplicates: 0  Warnings: 0

Query OK, 0 rows affected (0.04 sec)

Query OK, 6 rows affected (0.00 sec)
Records: 6  Duplicates: 0  Warnings: 0

Query OK, 0 rows affected (0.05 sec)

Query OK, 7 rows affected (0.00 sec)
Records: 7  Duplicates: 0  Warnings: 0

Query OK, 0 rows affected (0.05 sec)

Query OK, 12 rows affected (0.00 sec)
Records: 12  Duplicates: 0  Warnings: 0

Query OK, 0 rows affected (0.05 sec)

Query OK, 5 rows affected (0.00 sec)
Records: 5  Duplicates: 0  Warnings: 0

Query OK, 0 rows affected (0.04 sec)

Query OK, 1 row affected (0.00 sec)

Query OK, 1 row affected (0.00 sec)

Query OK, 1 row affected (0.00 sec)

Query OK, 1 row affected (0.00 sec)

Query OK, 1 row affected (0.00 sec)

Query OK, 0 rows affected (0.05 sec)

Query OK, 1 row affected (0.00 sec)

Query OK, 1 row affected (0.00 sec)

Query OK, 1 row affected (0.00 sec)

Query OK, 1 row affected (0.00 sec)

Query OK, 1 row affected (0.00 sec)

Query OK, 1 row affected (0.00 sec)

Query OK, 1 row affected (0.00 sec)

Query OK, 1 row affected (0.00 sec)

Query OK, 1 row affected (0.00 sec)

Query OK, 1 row affected (0.00 sec)

Query OK, 1 row affected (0.00 sec)

Query OK, 1 row affected (0.00 sec)

Query OK, 0 rows affected (0.05 sec)

Query OK, 32 rows affected (0.00 sec)
Records: 32  Duplicates: 0  Warnings: 0

Query OK, 0 rows affected, 3 warnings (0.05 sec)

Query OK, 1 row affected (0.00 sec)

Query OK, 1 row affected (0.00 sec)

Query OK, 1 row affected (0.00 sec)

Query OK, 1 row affected (0.00 sec)

Query OK, 1 row affected (0.00 sec)

Query OK, 1 row affected (0.00 sec)

Query OK, 1 row affected (0.00 sec)

Query OK, 1 row affected (0.00 sec)

Query OK, 1 row affected (0.00 sec)

Query OK, 1 row affected (0.00 sec)

Query OK, 1 row affected (0.00 sec)

Query OK, 1 row affected (0.00 sec)

Query OK, 1 row affected (0.00 sec)

Query OK, 1 row affected (0.00 sec)

Query OK, 1 row affected (0.00 sec)

Query OK, 1 row affected (0.00 sec)

Query OK, 1 row affected (0.00 sec)

Query OK, 1 row affected (0.00 sec)

Query OK, 1 row affected (0.00 sec)

Query OK, 1 row affected (0.00 sec)
Rows matched: 1  Changed: 1  Warnings: 0

Query OK, 1 row affected (0.00 sec)
Rows matched: 1  Changed: 1  Warnings: 0

Query OK, 1 row affected (0.00 sec)
Rows matched: 1  Changed: 1  Warnings: 0

Query OK, 1 row affected (0.00 sec)
Rows matched: 1  Changed: 1  Warnings: 0

Query OK, 1 row affected (0.00 sec)
Rows matched: 1  Changed: 1  Warnings: 0

Query OK, 1 row affected (0.00 sec)
Rows matched: 1  Changed: 1  Warnings: 0

Query OK, 1 row affected (0.00 sec)
Rows matched: 1  Changed: 1  Warnings: 0

Query OK, 1 row affected (0.00 sec)
Rows matched: 1  Changed: 1  Warnings: 0

Query OK, 1 row affected (0.00 sec)
Rows matched: 1  Changed: 1  Warnings: 0

Query OK, 1 row affected (0.00 sec)
Rows matched: 1  Changed: 1  Warnings: 0

Query OK, 1 row affected (0.00 sec)
Rows matched: 1  Changed: 1  Warnings: 0

Query OK, 1 row affected (0.00 sec)
Rows matched: 1  Changed: 1  Warnings: 0

Query OK, 1 row affected (0.00 sec)
Rows matched: 1  Changed: 1  Warnings: 0

Query OK, 1 row affected (0.00 sec)
Rows matched: 1  Changed: 1  Warnings: 0

Query OK, 1 row affected (0.00 sec)
Rows matched: 1  Changed: 1  Warnings: 0

Query OK, 1 row affected (0.00 sec)
Rows matched: 1  Changed: 1  Warnings: 0

Query OK, 1 row affected (0.00 sec)
Rows matched: 1  Changed: 1  Warnings: 0

Query OK, 1 row affected (0.00 sec)
Rows matched: 1  Changed: 1  Warnings: 0

Query OK, 1 row affected (0.00 sec)
Rows matched: 1  Changed: 1  Warnings: 0

Query OK, 1 row affected (0.00 sec)
Rows matched: 1  Changed: 1  Warnings: 0

Query OK, 1 row affected (0.00 sec)
Rows matched: 1  Changed: 1  Warnings: 0

Query OK, 1 row affected (0.00 sec)
Rows matched: 1  Changed: 1  Warnings: 0

Query OK, 1 row affected (0.00 sec)
Rows matched: 1  Changed: 1  Warnings: 0

Query OK, 1 row affected (0.00 sec)
Rows matched: 1  Changed: 1  Warnings: 0

Query OK, 1 row affected (0.00 sec)
Rows matched: 1  Changed: 1  Warnings: 0

Query OK, 1 row affected (0.00 sec)
Rows matched: 1  Changed: 1  Warnings: 0

Query OK, 1 row affected (0.00 sec)
Rows matched: 1  Changed: 1  Warnings: 0

Query OK, 1 row affected (0.00 sec)
Rows matched: 1  Changed: 1  Warnings: 0

Query OK, 1 row affected (0.00 sec)
Rows matched: 1  Changed: 1  Warnings: 0

Query OK, 1 row affected (0.00 sec)
Rows matched: 1  Changed: 1  Warnings: 0

Query OK, 1 row affected (0.00 sec)
Rows matched: 1  Changed: 1  Warnings: 0

Query OK, 1 row affected (0.00 sec)
Rows matched: 1  Changed: 1  Warnings: 0

Query OK, 1 row affected (0.00 sec)
Rows matched: 1  Changed: 1  Warnings: 0

Query OK, 0 rows affected (0.07 sec)

Query OK, 1 row affected (0.00 sec)

Query OK, 1 row affected (0.00 sec)

Query OK, 1 row affected (0.00 sec)

Query OK, 1 row affected (0.00 sec)

Query OK, 1 row affected (0.00 sec)

Query OK, 1 row affected (0.00 sec)

Query OK, 1 row affected (0.00 sec)

Query OK, 1 row affected (0.00 sec)

Query OK, 1 row affected (0.00 sec)

Query OK, 1 row affected (0.00 sec)

Query OK, 1 row affected (0.00 sec)

Query OK, 1 row affected (0.00 sec)

Query OK, 1 row affected (0.00 sec)

Query OK, 1 row affected (0.00 sec)

Query OK, 1 row affected (0.00 sec)

Query OK, 1 row affected (0.00 sec)

Query OK, 1 row affected (0.00 sec)

Query OK, 0 rows affected (0.05 sec)

Query OK, 0 rows affected (0.04 sec)

Query OK, 1 row affected (0.00 sec)

Query OK, 1 row affected (0.00 sec)

Query OK, 1 row affected (0.00 sec)

Query OK, 1 row affected (0.00 sec)

Query OK, 1 row affected (0.00 sec)

Query OK, 1 row affected (0.00 sec)

Query OK, 1 row affected (0.00 sec)

Query OK, 1 row affected (0.00 sec)

Query OK, 1 row affected (0.00 sec)

Query OK, 1 row affected (0.00 sec)

Query OK, 1 row affected (0.00 sec)

Query OK, 0 rows affected, 2 warnings (0.05 sec)

Query OK, 1 row affected (0.00 sec)

Query OK, 1 row affected (0.00 sec)

Query OK, 1 row affected (0.00 sec)

Query OK, 1 row affected (0.00 sec)

Query OK, 1 row affected (0.00 sec)

Query OK, 1 row affected (0.00 sec)

Query OK, 1 row affected (0.00 sec)

Query OK, 1 row affected (0.00 sec)

Query OK, 1 row affected (0.00 sec)

Query OK, 1 row affected (0.00 sec)

Query OK, 1 row affected (0.00 sec)

Query OK, 0 rows affected (0.05 sec)

Query OK, 1 row affected (0.00 sec)

Query OK, 1 row affected (0.00 sec)

Query OK, 1 row affected (0.00 sec)

Query OK, 1 row affected (0.00 sec)

Query OK, 1 row affected (0.00 sec)

Query OK, 1 row affected (0.00 sec)

Query OK, 1 row affected (0.00 sec)

Query OK, 1 row affected (0.00 sec)

Query OK, 1 row affected (0.00 sec)

Query OK, 1 row affected (0.00 sec)

Query OK, 1 row affected (0.00 sec)

Query OK, 1 row affected (0.00 sec)

Query OK, 1 row affected (0.00 sec)

Query OK, 0 rows affected (0.04 sec)

Query OK, 1 row affected (0.00 sec)

Query OK, 1 row affected (0.00 sec)

Query OK, 1 row affected (0.00 sec)

Query OK, 1 row affected (0.00 sec)

Query OK, 0 rows affected (0.06 sec)

Query OK, 1 row affected (0.00 sec)

Query OK, 1 row affected (0.00 sec)

Query OK, 1 row affected (0.00 sec)

Query OK, 1 row affected (0.00 sec)

Query OK, 4 rows affected (0.06 sec)
Records: 4  Duplicates: 0  Warnings: 0

Query OK, 0 rows affected (0.08 sec)
Records: 0  Duplicates: 0  Warnings: 0

Query OK, 1 row affected (0.00 sec)

Query OK, 1 row affected (0.00 sec)

Query OK, 1 row affected (0.00 sec)

Query OK, 1 row affected (0.00 sec)

Query OK, 1 row affected (0.00 sec)

Query OK, 1 row affected (0.00 sec)

Query OK, 4 rows affected (0.04 sec)
Records: 4  Duplicates: 0  Warnings: 0

Query OK, 0 rows affected (0.08 sec)
Records: 0  Duplicates: 0  Warnings: 0

Query OK, 1 row affected (0.00 sec)

Query OK, 1 row affected (0.00 sec)

Query OK, 1 row affected (0.00 sec)

Query OK, 1 row affected (0.00 sec)

Query OK, 1 row affected (0.00 sec)

Query OK, 1 row affected (0.00 sec)

Query OK, 0 rows affected (0.06 sec)

Query OK, 1 row affected (0.00 sec)

Query OK, 1 row affected (0.00 sec)

Query OK, 1 row affected (0.00 sec)

Query OK, 1 row affected (0.00 sec)

Query OK, 1 row affected (0.00 sec)

Query OK, 1 row affected (0.00 sec)

Query OK, 1 row affected (0.00 sec)

Query OK, 1 row affected (0.00 sec)

Query OK, 1 row affected (0.00 sec)

Query OK, 1 row affected (0.00 sec)

Query OK, 1 row affected (0.00 sec)

Query OK, 1 row affected (0.00 sec)

Query OK, 1 row affected (0.00 sec)

Query OK, 1 row affected (0.00 sec)

Query OK, 1 row affected (0.00 sec)

Query OK, 1 row affected (0.00 sec)

Query OK, 1 row affected (0.00 sec)

Query OK, 1 row affected (0.00 sec)

Query OK, 1 row affected (0.00 sec)

Query OK, 1 row affected (0.00 sec)

Query OK, 1 row affected (0.00 sec)
Rows matched: 1  Changed: 1  Warnings: 0

Query OK, 1 row affected (0.00 sec)
Rows matched: 1  Changed: 1  Warnings: 0

Query OK, 1 row affected (0.00 sec)
Rows matched: 1  Changed: 1  Warnings: 0

Query OK, 1 row affected (0.00 sec)
Rows matched: 1  Changed: 1  Warnings: 0

Query OK, 1 row affected (0.00 sec)
Rows matched: 1  Changed: 1  Warnings: 0

Query OK, 1 row affected (0.00 sec)
Rows matched: 1  Changed: 1  Warnings: 0

Query OK, 1 row affected (0.00 sec)
Rows matched: 1  Changed: 1  Warnings: 0

Query OK, 1 row affected (0.00 sec)
Rows matched: 1  Changed: 1  Warnings: 0

Query OK, 1 row affected (0.00 sec)
Rows matched: 1  Changed: 1  Warnings: 0

Query OK, 1 row affected (0.00 sec)
Rows matched: 1  Changed: 1  Warnings: 0

Query OK, 1 row affected (0.00 sec)
Rows matched: 1  Changed: 1  Warnings: 0

Query OK, 1 row affected (0.00 sec)
Rows matched: 1  Changed: 1  Warnings: 0

Query OK, 1 row affected (0.00 sec)
Rows matched: 1  Changed: 1  Warnings: 0

Query OK, 1 row affected (0.00 sec)
Rows matched: 1  Changed: 1  Warnings: 0

Query OK, 0 rows affected (0.04 sec)

Query OK, 1 row affected (0.00 sec)

Query OK, 1 row affected (0.00 sec)

Query OK, 1 row affected (0.00 sec)

Query OK, 1 row affected (0.00 sec)

Query OK, 1 row affected (0.00 sec)

Query OK, 1 row affected (0.00 sec)

Query OK, 1 row affected (0.00 sec)

Query OK, 1 row affected (0.00 sec)

Query OK, 1 row affected (0.00 sec)

Query OK, 1 row affected (0.00 sec)

Query OK, 0 rows affected (0.05 sec)

Query OK, 1 row affected (0.00 sec)

Query OK, 1 row affected (0.00 sec)

Query OK, 1 row affected (0.00 sec)

Query OK, 1 row affected (0.00 sec)

Query OK, 1 row affected (0.00 sec)

Query OK, 1 row affected (0.00 sec)

Query OK, 1 row affected (0.00 sec)

Query OK, 1 row affected (0.00 sec)

Query OK, 1 row affected (0.00 sec)

Query OK, 1 row affected (0.00 sec)

Query OK, 0 rows affected (0.05 sec)

Query OK, 1 row affected (0.00 sec)

Query OK, 0 rows affected, 1 warning (0.05 sec)

Query OK, 0 rows affected, 1 warning (0.06 sec)

Query OK, 0 rows affected, 2 warnings (0.04 sec)

Query OK, 0 rows affected (0.04 sec)

Query OK, 0 rows affected, 2 warnings (0.04 sec)

Query OK, 1 row affected (0.00 sec)

Query OK, 1 row affected (0.00 sec)

Query OK, 1 row affected (0.00 sec)

Query OK, 1 row affected (0.00 sec)

Query OK, 1 row affected (0.00 sec)

Query OK, 1 row affected (0.00 sec)

Query OK, 1 row affected (0.00 sec)

Query OK, 1 row affected (0.00 sec)

Query OK, 1 row affected (0.00 sec)

Query OK, 1 row affected (0.00 sec)

Query OK, 1 row affected (0.00 sec)

Query OK, 1 row affected (0.00 sec)

Query OK, 1 row affected (0.00 sec)

Query OK, 1 row affected (0.00 sec)

Query OK, 1 row affected (0.00 sec)

Query OK, 1 row affected (0.00 sec)

Query OK, 1 row affected (0.00 sec)

Query OK, 1 row affected (0.00 sec)

Query OK, 1 row affected (0.00 sec)

Query OK, 1 row affected (0.00 sec)

Query OK, 1 row affected (0.00 sec)

Query OK, 1 row affected (0.00 sec)

Query OK, 1 row affected (0.00 sec)

Query OK, 1 row affected (0.00 sec)

Query OK, 1 row affected (0.00 sec)

Query OK, 1 row affected (0.00 sec)

Query OK, 1 row affected (0.00 sec)

Query OK, 1 row affected (0.00 sec)

Query OK, 1 row affected (0.00 sec)

Query OK, 1 row affected (0.00 sec)

Query OK, 1 row affected (0.00 sec)

Query OK, 1 row affected (0.00 sec)

Query OK, 1 row affected (0.00 sec)

Query OK, 1 row affected (0.00 sec)

Query OK, 1 row affected (0.00 sec)

Query OK, 1 row affected (0.00 sec)

Query OK, 1 row affected (0.00 sec)

Query OK, 1 row affected (0.00 sec)

Query OK, 1 row affected (0.00 sec)

Query OK, 1 row affected (0.00 sec)

Query OK, 1 row affected (0.00 sec)

Query OK, 1 row affected (0.00 sec)

Query OK, 1 row affected (0.00 sec)

Query OK, 1 row affected (0.00 sec)

Query OK, 1 row affected (0.00 sec)

Query OK, 1 row affected (0.00 sec)

Query OK, 1 row affected (0.00 sec)

Query OK, 1 row affected (0.00 sec)

Query OK, 1 row affected (0.00 sec)

Query OK, 1 row affected (0.00 sec)

Query OK, 1 row affected (0.00 sec)

Query OK, 1 row affected (0.00 sec)

Query OK, 1 row affected (0.00 sec)

Query OK, 1 row affected (0.00 sec)

Query OK, 1 row affected (0.00 sec)

Query OK, 1 row affected (0.00 sec)

Query OK, 1 row affected (0.00 sec)

Query OK, 1 row affected (0.00 sec)

Query OK, 1 row affected (0.00 sec)

Query OK, 1 row affected (0.00 sec)

Query OK, 1 row affected (0.00 sec)

Query OK, 1 row affected (0.00 sec)

Query OK, 1 row affected (0.00 sec)

Query OK, 1 row affected (0.00 sec)

Query OK, 1 row affected (0.00 sec)

Query OK, 1 row affected (0.00 sec)

Query OK, 1 row affected (0.00 sec)

Query OK, 1 row affected (0.00 sec)

Query OK, 1 row affected (0.00 sec)

Query OK, 1 row affected (0.00 sec)

Query OK, 1 row affected (0.00 sec)

Query OK, 1 row affected (0.00 sec)

Query OK, 1 row affected (0.00 sec)

Query OK, 1 row affected (0.00 sec)

Query OK, 1 row affected (0.00 sec)

Query OK, 1 row affected (0.00 sec)

Query OK, 1 row affected (0.00 sec)

Query OK, 1 row affected (0.00 sec)

Query OK, 1 row affected (0.00 sec)

Query OK, 1 row affected (0.00 sec)

Query OK, 1 row affected (0.00 sec)

Query OK, 1 row affected (0.00 sec)

Query OK, 1 row affected (0.00 sec)

Query OK, 1 row affected (0.00 sec)

Query OK, 1 row affected (0.00 sec)

Query OK, 1 row affected (0.00 sec)

Query OK, 1 row affected (0.00 sec)

Query OK, 1 row affected (0.00 sec)

Query OK, 1 row affected (0.00 sec)

Query OK, 1 row affected (0.00 sec)

Query OK, 1 row affected (0.00 sec)

Query OK, 1 row affected (0.00 sec)

Query OK, 1 row affected (0.00 sec)

Query OK, 1 row affected (0.00 sec)

Query OK, 1 row affected (0.00 sec)

Query OK, 1 row affected (0.00 sec)

Query OK, 1 row affected (0.00 sec)

Query OK, 1 row affected (0.00 sec)

Query OK, 1 row affected (0.00 sec)

Query OK, 1 row affected (0.00 sec)

Query OK, 1 row affected (0.00 sec)

Query OK, 1 row affected (0.00 sec)

Query OK, 1 row affected (0.00 sec)

Query OK, 1 row affected (0.00 sec)

Query OK, 1 row affected (0.00 sec)

Query OK, 1 row affected (0.00 sec)

Query OK, 1 row affected (0.00 sec)

Query OK, 1 row affected (0.00 sec)

Query OK, 1 row affected (0.00 sec)

Query OK, 1 row affected (0.00 sec)

Query OK, 1 row affected (0.00 sec)

Query OK, 0 rows affected (0.06 sec)
Records: 0  Duplicates: 0  Warnings: 0

Query OK, 1 row affected (0.00 sec)

Query OK, 1 row affected (0.00 sec)

Query OK, 1 row affected (0.00 sec)

Query OK, 1 row affected (0.00 sec)

Query OK, 1 row affected (0.00 sec)

Query OK, 1 row affected (0.00 sec)

Query OK, 1 row affected (0.00 sec)

Query OK, 1 row affected (0.00 sec)

Query OK, 1 row affected (0.00 sec)

Query OK, 1 row affected (0.00 sec)

Query OK, 0 rows affected (0.02 sec)

Query OK, 0 rows affected (0.04 sec)

Query OK, 1 row affected (0.00 sec)

Query OK, 1 row affected (0.00 sec)

Query OK, 1 row affected (0.00 sec)

Query OK, 1 row affected (0.00 sec)

Query OK, 1 row affected (0.00 sec)

Query OK, 1 row affected (0.00 sec)

Query OK, 1 row affected (0.00 sec)

Query OK, 1 row affected (0.00 sec)

Query OK, 1 row affected (0.00 sec)

Query OK, 1 row affected (0.00 sec)

Query OK, 1 row affected (0.00 sec)

Query OK, 1 row affected (0.00 sec)

Query OK, 1 row affected (0.00 sec)

Query OK, 1 row affected (0.00 sec)

Query OK, 1 row affected (0.00 sec)

Query OK, 1 row affected (0.00 sec)

Query OK, 1 row affected (0.00 sec)

Query OK, 1 row affected (0.00 sec)

Query OK, 1 row affected (0.00 sec)

Query OK, 1 row affected (0.00 sec)

Query OK, 0 rows affected (0.05 sec)

Query OK, 1 row affected (0.00 sec)

Query OK, 1 row affected (0.00 sec)

Query OK, 1 row affected (0.00 sec)

Query OK, 1 row affected (0.00 sec)

Query OK, 1 row affected (0.00 sec)

Query OK, 1 row affected (0.00 sec)

Query OK, 1 row affected (0.00 sec)

Query OK, 1 row affected (0.00 sec)

Query OK, 1 row affected (0.00 sec)

Query OK, 1 row affected (0.00 sec)

Query OK, 1 row affected (0.00 sec)

Query OK, 1 row affected (0.00 sec)

Query OK, 1 row affected (0.00 sec)

Query OK, 1 row affected (0.00 sec)

Query OK, 1 row affected (0.00 sec)

Query OK, 1 row affected (0.00 sec)

Query OK, 1 row affected (0.00 sec)

Query OK, 1 row affected (0.00 sec)

Query OK, 1 row affected (0.00 sec)

Query OK, 1 row affected (0.00 sec)

Query OK, 1 row affected (0.00 sec)

Query OK, 0 rows affected, 2 warnings (0.06 sec)

Query OK, 1 row affected (0.00 sec)

Query OK, 1 row affected (0.00 sec)

Query OK, 1 row affected (0.00 sec)

Query OK, 1 row affected (0.00 sec)

Query OK, 1 row affected (0.00 sec)

Query OK, 1 row affected (0.00 sec)

Query OK, 1 row affected (0.00 sec)

Query OK, 1 row affected (0.00 sec)

Query OK, 1 row affected (0.00 sec)

Query OK, 1 row affected (0.00 sec)

Query OK, 1 row affected (0.00 sec)

Query OK, 1 row affected (0.00 sec)

Query OK, 1 row affected (0.00 sec)

Query OK, 1 row affected (0.00 sec)

Query OK, 1 row affected (0.00 sec)

Query OK, 1 row affected (0.00 sec)

Query OK, 1 row affected (0.00 sec)

Query OK, 1 row affected (0.00 sec)

Query OK, 1 row affected (0.00 sec)

Query OK, 1 row affected (0.00 sec)

Query OK, 1 row affected (0.00 sec)

Query OK, 1 row affected (0.00 sec)

Query OK, 1 row affected (0.00 sec)

Query OK, 1 row affected (0.00 sec)

Query OK, 1 row affected (0.00 sec)

Query OK, 1 row affected (0.00 sec)

Query OK, 1 row affected (0.00 sec)

Query OK, 1 row affected (0.00 sec)

Query OK, 1 row affected (0.00 sec)

Query OK, 1 row affected (0.00 sec)

Query OK, 1 row affected (0.00 sec)

Query OK, 1 row affected (0.00 sec)

Query OK, 1 row affected (0.00 sec)

Query OK, 1 row affected (0.00 sec)

Query OK, 1 row affected (0.00 sec)

Query OK, 1 row affected (0.00 sec)

Query OK, 1 row affected (0.00 sec)

Query OK, 1 row affected (0.00 sec)

Query OK, 1 row affected (0.00 sec)

Query OK, 1 row affected (0.00 sec)

Query OK, 1 row affected (0.00 sec)

Query OK, 1 row affected (0.00 sec)

Query OK, 1 row affected (0.00 sec)

Query OK, 1 row affected (0.00 sec)

Query OK, 1 row affected (0.00 sec)

Query OK, 1 row affected (0.00 sec)

Query OK, 1 row affected (0.00 sec)

Query OK, 1 row affected (0.00 sec)

Query OK, 1 row affected (0.00 sec)

Query OK, 1 row affected (0.00 sec)

Query OK, 1 row affected (0.00 sec)

Query OK, 1 row affected (0.00 sec)

Query OK, 1 row affected (0.00 sec)

Query OK, 1 row affected (0.00 sec)

Query OK, 1 row affected (0.00 sec)

Query OK, 1 row affected (0.00 sec)

Query OK, 1 row affected (0.00 sec)

Query OK, 1 row affected (0.00 sec)

Query OK, 1 row affected (0.00 sec)

Query OK, 1 row affected (0.00 sec)

Query OK, 1 row affected (0.00 sec)

Query OK, 1 row affected (0.00 sec)

Query OK, 1 row affected (0.00 sec)

Query OK, 1 row affected (0.00 sec)

Query OK, 1 row affected (0.00 sec)

Query OK, 1 row affected (0.00 sec)

Query OK, 1 row affected (0.00 sec)

Query OK, 1 row affected (0.00 sec)

Query OK, 1 row affected (0.00 sec)
Rows matched: 1  Changed: 1  Warnings: 0

Query OK, 1 row affected (0.00 sec)
Rows matched: 1  Changed: 1  Warnings: 0

Query OK, 1 row affected (0.00 sec)
Rows matched: 1  Changed: 1  Warnings: 0

Query OK, 1 row affected (0.00 sec)
Rows matched: 1  Changed: 1  Warnings: 0

Query OK, 1 row affected (0.00 sec)
Rows matched: 1  Changed: 1  Warnings: 0

Query OK, 1 row affected (0.00 sec)
Rows matched: 1  Changed: 1  Warnings: 0

Query OK, 1 row affected (0.00 sec)
Rows matched: 1  Changed: 1  Warnings: 0

Query OK, 1 row affected (0.00 sec)
Rows matched: 1  Changed: 1  Warnings: 0

Query OK, 1 row affected (0.00 sec)
Rows matched: 1  Changed: 1  Warnings: 0

Query OK, 0 rows affected (0.05 sec)

Query OK, 1 row affected (0.00 sec)

Query OK, 1 row affected (0.00 sec)

Query OK, 1 row affected (0.00 sec)

Query OK, 1 row affected (0.00 sec)

Query OK, 1 row affected (0.00 sec)

Query OK, 1 row affected (0.00 sec)

Query OK, 1 row affected (0.00 sec)

Query OK, 1 row affected (0.00 sec)

Query OK, 1 row affected (0.00 sec)

Query OK, 1 row affected (0.00 sec)

Query OK, 1 row affected (0.00 sec)

Query OK, 1 row affected (0.00 sec)

Query OK, 1 row affected (0.00 sec)

Query OK, 1 row affected (0.00 sec)

Query OK, 1 row affected (0.00 sec)

Query OK, 1 row affected (0.00 sec)

Query OK, 1 row affected (0.00 sec)

Query OK, 1 row affected (0.00 sec)

Query OK, 1 row affected (0.00 sec)

Query OK, 1 row affected (0.00 sec)

Query OK, 1 row affected (0.00 sec)

Query OK, 1 row affected (0.00 sec)

Query OK, 1 row affected (0.00 sec)

Query OK, 1 row affected (0.00 sec)

Query OK, 1 row affected (0.00 sec)

Query OK, 1 row affected (0.00 sec)

Query OK, 1 row affected (0.00 sec)

Query OK, 1 row affected (0.00 sec)

Query OK, 1 row affected (0.00 sec)

Query OK, 1 row affected (0.00 sec)

Query OK, 1 row affected (0.00 sec)

Query OK, 1 row affected (0.00 sec)

Query OK, 1 row affected (0.00 sec)

Query OK, 1 row affected (0.00 sec)

Query OK, 1 row affected (0.00 sec)

Query OK, 1 row affected (0.00 sec)

Query OK, 1 row affected (0.00 sec)

Query OK, 1 row affected (0.00 sec)

Query OK, 1 row affected (0.00 sec)

Query OK, 1 row affected (0.00 sec)

Query OK, 1 row affected (0.00 sec)

Query OK, 1 row affected (0.00 sec)

Query OK, 1 row affected (0.00 sec)

Query OK, 1 row affected (0.00 sec)

Query OK, 1 row affected (0.00 sec)

Query OK, 1 row affected (0.00 sec)

Query OK, 1 row affected (0.00 sec)

Query OK, 1 row affected (0.00 sec)

Query OK, 1 row affected (0.00 sec)

Query OK, 1 row affected (0.00 sec)

Query OK, 1 row affected (0.00 sec)

Query OK, 1 row affected (0.00 sec)

Query OK, 1 row affected (0.00 sec)

Query OK, 1 row affected (0.00 sec)

Query OK, 1 row affected (0.00 sec)

Query OK, 1 row affected (0.00 sec)

Query OK, 1 row affected (0.00 sec)

Query OK, 1 row affected (0.00 sec)

Query OK, 1 row affected (0.00 sec)

Query OK, 1 row affected (0.00 sec)

Query OK, 1 row affected (0.00 sec)

Query OK, 1 row affected (0.00 sec)

Query OK, 1 row affected (0.00 sec)

Query OK, 1 row affected (0.00 sec)

Query OK, 1 row affected (0.00 sec)

Query OK, 1 row affected (0.00 sec)

Query OK, 1 row affected (0.00 sec)

Query OK, 1 row affected (0.00 sec)

Query OK, 1 row affected (0.00 sec)

Query OK, 1 row affected (0.00 sec)

Query OK, 1 row affected (0.00 sec)

Query OK, 1 row affected (0.00 sec)

Query OK, 1 row affected (0.00 sec)

Query OK, 1 row affected (0.00 sec)

Query OK, 1 row affected (0.00 sec)

Query OK, 1 row affected (0.00 sec)

Query OK, 1 row affected (0.00 sec)

Query OK, 1 row affected (0.00 sec)

Query OK, 1 row affected (0.00 sec)

Query OK, 1 row affected (0.00 sec)

Query OK, 1 row affected (0.00 sec)

Query OK, 1 row affected (0.00 sec)

Query OK, 1 row affected (0.00 sec)

Query OK, 1 row affected (0.00 sec)

Query OK, 1 row affected (0.00 sec)

Query OK, 1 row affected (0.00 sec)

Query OK, 1 row affected (0.00 sec)

Query OK, 1 row affected (0.00 sec)

Query OK, 1 row affected (0.00 sec)

Query OK, 1 row affected (0.00 sec)

Query OK, 1 row affected (0.00 sec)

Query OK, 1 row affected (0.00 sec)

Query OK, 1 row affected (0.00 sec)

Query OK, 1 row affected (0.00 sec)

Query OK, 1 row affected (0.00 sec)

Query OK, 1 row affected (0.00 sec)

Query OK, 1 row affected (0.00 sec)

Query OK, 1 row affected (0.00 sec)

Query OK, 1 row affected (0.00 sec)

Query OK, 1 row affected (0.00 sec)

Query OK, 1 row affected (0.00 sec)

Query OK, 1 row affected (0.00 sec)

Query OK, 1 row affected (0.00 sec)

Query OK, 1 row affected (0.00 sec)

Query OK, 1 row affected (0.00 sec)

Query OK, 1 row affected (0.00 sec)

Query OK, 1 row affected (0.00 sec)

Query OK, 1 row affected (0.00 sec)

Query OK, 1 row affected (0.00 sec)

Query OK, 1 row affected (0.00 sec)

Query OK, 1 row affected (0.00 sec)

Query OK, 1 row affected (0.00 sec)

Query OK, 1 row affected (0.00 sec)

Query OK, 1 row affected (0.00 sec)

Query OK, 1 row affected (0.00 sec)

Query OK, 1 row affected (0.00 sec)

Query OK, 1 row affected (0.00 sec)

Query OK, 1 row affected (0.00 sec)

Query OK, 1 row affected (0.00 sec)

Query OK, 1 row affected (0.00 sec)

Query OK, 1 row affected (0.00 sec)

Query OK, 1 row affected (0.00 sec)

Query OK, 1 row affected (0.00 sec)

Query OK, 1 row affected (0.00 sec)

Query OK, 1 row affected (0.00 sec)

Query OK, 1 row affected (0.00 sec)

Query OK, 1 row affected (0.00 sec)

Query OK, 1 row affected (0.00 sec)

Query OK, 1 row affected (0.00 sec)

Query OK, 0 rows affected (0.05 sec)

Query OK, 1 row affected (0.00 sec)

Query OK, 1 row affected (0.00 sec)

Query OK, 1 row affected (0.00 sec)

Query OK, 1 row affected (0.00 sec)

Query OK, 1 row affected (0.00 sec)

Query OK, 1 row affected (0.00 sec)

Query OK, 1 row affected (0.00 sec)

Query OK, 1 row affected (0.00 sec)

Query OK, 1 row affected (0.00 sec)

Query OK, 1 row affected (0.00 sec)

Query OK, 1 row affected (0.00 sec)

Query OK, 1 row affected (0.00 sec)

Query OK, 1 row affected (0.00 sec)

Query OK, 1 row affected (0.00 sec)

Query OK, 1 row affected (0.00 sec)

Query OK, 1 row affected (0.00 sec)

Query OK, 1 row affected (0.00 sec)

Query OK, 1 row affected (0.00 sec)

Query OK, 1 row affected (0.00 sec)

Query OK, 1 row affected (0.00 sec)

Query OK, 1 row affected (0.00 sec)

Query OK, 1 row affected (0.00 sec)

Query OK, 1 row affected (0.00 sec)

Query OK, 1 row affected (0.00 sec)

Query OK, 1 row affected (0.00 sec)

Query OK, 1 row affected (0.00 sec)

Query OK, 1 row affected (0.00 sec)

Query OK, 1 row affected (0.00 sec)

Query OK, 1 row affected (0.00 sec)

Query OK, 1 row affected (0.00 sec)

Query OK, 1 row affected (0.00 sec)

Query OK, 1 row affected (0.00 sec)

Query OK, 1 row affected (0.00 sec)

Query OK, 1 row affected (0.00 sec)

Query OK, 1 row affected (0.00 sec)

Query OK, 1 row affected (0.00 sec)

Query OK, 1 row affected (0.00 sec)

Query OK, 1 row affected (0.00 sec)

Query OK, 1 row affected (0.00 sec)

Query OK, 1 row affected (0.00 sec)

Query OK, 1 row affected (0.00 sec)

Query OK, 0 rows affected, 2 warnings (0.07 sec)

Query OK, 68 rows affected (0.01 sec)
Records: 68  Duplicates: 0  Warnings: 0

Query OK, 0 rows affected (0.04 sec)

Query OK, 1 row affected (0.01 sec)

Query OK, 1 row affected (0.00 sec)

Query OK, 1 row affected (0.00 sec)

Query OK, 1 row affected (0.00 sec)

Query OK, 1 row affected (0.00 sec)

Query OK, 1 row affected (0.00 sec)

Query OK, 1 row affected (0.00 sec)

Query OK, 1 row affected (0.00 sec)

Query OK, 1 row affected (0.00 sec)

Query OK, 1 row affected (0.00 sec)

Query OK, 1 row affected (0.00 sec)

Query OK, 1 row affected (0.00 sec)

Query OK, 1 row affected (0.00 sec)

Query OK, 1 row affected (0.00 sec)

Query OK, 1 row affected (0.00 sec)

Query OK, 1 row affected (0.00 sec)

Query OK, 1 row affected (0.00 sec)

Query OK, 1 row affected (0.00 sec)

Query OK, 1 row affected (0.00 sec)

Query OK, 1 row affected (0.00 sec)

Query OK, 1 row affected (0.00 sec)

Query OK, 1 row affected (0.00 sec)

Query OK, 1 row affected (0.00 sec)

Query OK, 1 row affected (0.00 sec)

Query OK, 1 row affected (0.00 sec)

Query OK, 1 row affected (0.00 sec)

Query OK, 1 row affected (0.00 sec)

Query OK, 1 row affected (0.00 sec)

Query OK, 1 row affected (0.00 sec)

Query OK, 1 row affected (0.00 sec)

Query OK, 0 rows affected (0.05 sec)

Query OK, 1 row affected (0.01 sec)

Query OK, 1 row affected (0.00 sec)

Query OK, 1 row affected (0.00 sec)

Query OK, 1 row affected (0.00 sec)

Query OK, 1 row affected (0.00 sec)

Query OK, 1 row affected (0.00 sec)

Query OK, 1 row affected (0.00 sec)

Query OK, 1 row affected (0.00 sec)

Query OK, 1 row affected (0.00 sec)

Query OK, 1 row affected (0.00 sec)

Query OK, 1 row affected (0.00 sec)

Query OK, 1 row affected (0.00 sec)

Query OK, 1 row affected (0.00 sec)

Query OK, 1 row affected (0.00 sec)

Query OK, 1 row affected (0.00 sec)

Query OK, 1 row affected (0.00 sec)

Query OK, 1 row affected (0.00 sec)

Query OK, 1 row affected (0.00 sec)

Query OK, 1 row affected (0.00 sec)

Query OK, 1 row affected (0.00 sec)

Query OK, 1 row affected (0.00 sec)

Query OK, 1 row affected (0.00 sec)

Query OK, 1 row affected (0.00 sec)

Query OK, 1 row affected (0.00 sec)

Query OK, 1 row affected (0.00 sec)

Query OK, 1 row affected (0.00 sec)

Query OK, 1 row affected (0.00 sec)

Query OK, 1 row affected (0.00 sec)

Query OK, 1 row affected (0.00 sec)

Query OK, 0 rows affected (0.05 sec)

Query OK, 41 rows affected (0.00 sec)
Records: 41  Duplicates: 0  Warnings: 0

Query OK, 0 rows affected (0.04 sec)

Query OK, 7 rows affected (0.01 sec)
Records: 7  Duplicates: 0  Warnings: 0

Query OK, 0 rows affected (0.05 sec)

Query OK, 6 rows affected (0.00 sec)
Records: 6  Duplicates: 0  Warnings: 0

Query OK, 0 rows affected (0.03 sec)

Query OK, 0 rows affected (0.05 sec)

Query OK, 0 rows affected (0.05 sec)

Query OK, 1 row affected (0.00 sec)

Query OK, 1 row affected (0.00 sec)

Query OK, 1 row affected (0.00 sec)

Query OK, 1 row affected (0.00 sec)

Query OK, 1 row affected (0.00 sec)

Query OK, 1 row affected (0.00 sec)

Query OK, 1 row affected (0.00 sec)

Query OK, 1 row affected (0.00 sec)

Query OK, 1 row affected (0.00 sec)

Query OK, 1 row affected (0.00 sec)

Query OK, 1 row affected (0.00 sec)

Query OK, 1 row affected (0.00 sec)

Query OK, 1 row affected (0.00 sec)

Query OK, 1 row affected (0.00 sec)

Query OK, 1 row affected (0.00 sec)

Query OK, 1 row affected (0.00 sec)

Query OK, 1 row affected (0.00 sec)

Query OK, 1 row affected (0.00 sec)

Query OK, 1 row affected (0.01 sec)

Query OK, 1 row affected (0.00 sec)

Query OK, 1 row affected (0.00 sec)

Query OK, 1 row affected (0.00 sec)

Query OK, 1 row affected (0.00 sec)

Query OK, 1 row affected (0.00 sec)

Query OK, 1 row affected (0.00 sec)

Query OK, 1 row affected (0.00 sec)

Query OK, 1 row affected (0.00 sec)

Query OK, 1 row affected (0.00 sec)

Query OK, 1 row affected (0.00 sec)

Query OK, 1 row affected (0.00 sec)

Query OK, 1 row affected (0.00 sec)

Query OK, 1 row affected (0.00 sec)

Query OK, 1 row affected (0.00 sec)

Query OK, 1 row affected (0.00 sec)

Query OK, 1 row affected (0.00 sec)

Query OK, 1 row affected (0.00 sec)

Query OK, 1 row affected (0.00 sec)

Query OK, 1 row affected (0.00 sec)

Query OK, 1 row affected (0.00 sec)

Query OK, 1 row affected (0.00 sec)

Query OK, 1 row affected (0.00 sec)

Query OK, 1 row affected (0.00 sec)

Query OK, 1 row affected (0.00 sec)

Query OK, 1 row affected (0.00 sec)

Query OK, 1 row affected (0.00 sec)

Query OK, 1 row affected (0.00 sec)

Query OK, 1 row affected (0.00 sec)

Query OK, 1 row affected (0.00 sec)

Query OK, 1 row affected (0.00 sec)

Query OK, 1 row affected (0.00 sec)

Query OK, 1 row affected (0.00 sec)

Query OK, 1 row affected (0.00 sec)

Query OK, 1 row affected (0.00 sec)

Query OK, 1 row affected (0.00 sec)

Query OK, 1 row affected (0.00 sec)

Query OK, 1 row affected (0.00 sec)

Query OK, 1 row affected (0.00 sec)

Query OK, 1 row affected (0.00 sec)

Query OK, 1 row affected (0.00 sec)

Query OK, 1 row affected (0.00 sec)

Query OK, 1 row affected (0.00 sec)

Query OK, 1 row affected (0.00 sec)

Query OK, 1 row affected (0.00 sec)

Query OK, 1 row affected (0.00 sec)

Query OK, 1 row affected (0.00 sec)

Query OK, 1 row affected (0.00 sec)

Query OK, 1 row affected (0.00 sec)

Query OK, 1 row affected (0.00 sec)
Rows matched: 1  Changed: 1  Warnings: 0

Query OK, 1 row affected (0.00 sec)
Rows matched: 1  Changed: 1  Warnings: 0

Query OK, 1 row affected (0.00 sec)
Rows matched: 1  Changed: 1  Warnings: 0

Query OK, 1 row affected (0.00 sec)
Rows matched: 1  Changed: 1  Warnings: 0

Query OK, 1 row affected (0.00 sec)
Rows matched: 1  Changed: 1  Warnings: 0

Query OK, 1 row affected (0.00 sec)
Rows matched: 1  Changed: 1  Warnings: 0

Query OK, 1 row affected (0.00 sec)
Rows matched: 1  Changed: 1  Warnings: 0

Query OK, 1 row affected (0.00 sec)
Rows matched: 1  Changed: 1  Warnings: 0

Query OK, 1 row affected (0.00 sec)
Rows matched: 1  Changed: 1  Warnings: 0

Query OK, 1 row affected (0.00 sec)
Rows matched: 1  Changed: 1  Warnings: 0

Query OK, 1 row affected (0.00 sec)
Rows matched: 1  Changed: 1  Warnings: 0

Query OK, 1 row affected (0.00 sec)
Rows matched: 1  Changed: 1  Warnings: 0

Query OK, 1 row affected (0.00 sec)
Rows matched: 1  Changed: 1  Warnings: 0

Query OK, 1 row affected (0.00 sec)
Rows matched: 1  Changed: 1  Warnings: 0

Query OK, 1 row affected (0.00 sec)
Rows matched: 1  Changed: 1  Warnings: 0

Query OK, 1 row affected (0.00 sec)
Rows matched: 1  Changed: 1  Warnings: 0

Query OK, 1 row affected (0.00 sec)
Rows matched: 1  Changed: 1  Warnings: 0

Query OK, 1 row affected (0.00 sec)
Rows matched: 1  Changed: 1  Warnings: 0

Query OK, 1 row affected (0.00 sec)
Rows matched: 1  Changed: 1  Warnings: 0

Query OK, 1 row affected (0.00 sec)
Rows matched: 1  Changed: 1  Warnings: 0

Query OK, 1 row affected (0.00 sec)
Rows matched: 1  Changed: 1  Warnings: 0

Query OK, 20 rows affected (0.00 sec)
Rows matched: 20  Changed: 20  Warnings: 0

Query OK, 1 row affected (0.00 sec)
Rows matched: 1  Changed: 1  Warnings: 0

Query OK, 1 row affected (0.00 sec)
Rows matched: 1  Changed: 1  Warnings: 0

Query OK, 1 row affected (0.00 sec)
Rows matched: 1  Changed: 1  Warnings: 0

Query OK, 1 row affected (0.00 sec)
Rows matched: 1  Changed: 1  Warnings: 0

Query OK, 1 row affected (0.00 sec)
Rows matched: 1  Changed: 1  Warnings: 0

Query OK, 1 row affected (0.00 sec)
Rows matched: 1  Changed: 1  Warnings: 0

Query OK, 1 row affected (0.00 sec)
Rows matched: 1  Changed: 1  Warnings: 0

Query OK, 1 row affected (0.00 sec)
Rows matched: 1  Changed: 1  Warnings: 0

Query OK, 1 row affected (0.00 sec)
Rows matched: 1  Changed: 1  Warnings: 0

Query OK, 1 row affected (0.00 sec)
Rows matched: 1  Changed: 1  Warnings: 0

Query OK, 1 row affected (0.00 sec)
Rows matched: 1  Changed: 1  Warnings: 0

Query OK, 1 row affected (0.00 sec)
Rows matched: 1  Changed: 1  Warnings: 0

Query OK, 1 row affected (0.00 sec)
Rows matched: 1  Changed: 1  Warnings: 0

Query OK, 20 rows affected (0.01 sec)
Rows matched: 20  Changed: 20  Warnings: 0

Query OK, 1 row affected (0.00 sec)
Rows matched: 1  Changed: 1  Warnings: 0

Query OK, 1 row affected (0.00 sec)
Rows matched: 1  Changed: 1  Warnings: 0

Query OK, 75 rows affected (0.01 sec)

Query OK, 18 rows affected (0.00 sec)

Query OK, 1 row affected (0.00 sec)
Rows matched: 1  Changed: 1  Warnings: 0

Query OK, 1 row affected (0.00 sec)
Rows matched: 1  Changed: 1  Warnings: 0

Query OK, 1 row affected (0.00 sec)
Rows matched: 1  Changed: 1  Warnings: 0

Query OK, 1 row affected (0.00 sec)
Rows matched: 1  Changed: 1  Warnings: 0

Query OK, 1 row affected (0.00 sec)
Rows matched: 1  Changed: 1  Warnings: 0

Query OK, 1 row affected (0.00 sec)
Rows matched: 1  Changed: 1  Warnings: 0

Query OK, 9 rows affected (0.05 sec)
Records: 9  Duplicates: 0  Warnings: 0

Query OK, 0 rows affected (0.00 sec)

Query OK, 9 rows affected, 1 warning (0.00 sec)
Rows matched: 9  Changed: 9  Warnings: 1

Query OK, 8 rows affected (0.00 sec)
Records: 8  Duplicates: 0  Warnings: 0

mysql> show tables;
+---------------+
| Tables_in_db5 |
+---------------+
| a             |
| agent         |
| andor         |
| b             |
| blanktablea   |
| blanktableb   |
| blog          |
| bonus         |
| books         |
| candidate     |
| client        |
| coalesce      |
| comments      |
| company       |
| customer      |
| customers     |
| demodept1     |
| demodept2     |
| dept          |
| dept1         |
| docs          |
| dummy         |
| duplicate     |
| emp           |
| emp1          |
| emp2          |
| emp_cards     |
| emp_phone     |
| empj          |
| envelope      |
| food          |
| hobby         |
| item          |
| key_parts     |
| licence       |
| location      |
| mass_table    |
| menucard      |
| nearest       |
| new           |
| newbooks      |
| nullif        |
| ord           |
| orders        |
| points        |
| price         |
| product       |
| products      |
| r1            |
| r2            |
| races         |
| regexpr       |
| replacedept   |
| revenue       |
| runners       |
| sales         |
| sales_channel |
| salespeople   |
| salesperson   |
| salgrade      |
| seta          |
| setb          |
| softdrink     |
| sort          |
| stadium       |
| states        |
| station       |
| status        |
| tablea        |
| tableaa       |
| tableb        |
| tablebb       |
| tasks         |
| temp1         |
| transactions  |
| votes         |
| warehouse     |
| z             |
+---------------+
78 rows in set (0.00 sec)

mysql>
mysql>
mysql> use employee;
Database changed
mysql> show tables;
+--------------------+
| Tables_in_employee |
+--------------------+
| countries          |
| departments        |
| employees          |
| job_history        |
| jobs               |
| locations          |
| regions            |
+--------------------+
7 rows in set (0.00 sec)

mysql> select * from employees;
+-------------+-------------+-------------+----------+--------------------+------------+------------+----------+----------------+------------+---------------+
| EMPLOYEE_ID | FIRST_NAME  | LAST_NAME   | EMAIL    | PHONE_NUMBER       | HIRE_DATE  | JOB_ID     | SALARY   | COMMISSION_PCT | MANAGER_ID | DEPARTMENT_ID |
+-------------+-------------+-------------+----------+--------------------+------------+------------+----------+----------------+------------+---------------+
|         100 | Steven      | King        | SKING    | 515.123.4567       | 1987-06-17 | AD_PRES    | 24000.00 |           0.00 |          0 |            90 |
|         101 | Neena       | Kochhar     | NKOCHHAR | 515.123.4568       | 1987-06-18 | AD_VP      | 17000.00 |           0.00 |        100 |            90 |
|         102 | Lex         | De Haan     | LDEHAAN  | 515.123.4569       | 1987-06-19 | AD_VP      | 17000.00 |           0.00 |        100 |            90 |
|         103 | Alexander   | Hunold      | AHUNOLD  | 590.423.4567       | 1987-06-20 | IT_PROG    |  9000.00 |           0.00 |        102 |            60 |
|         104 | Bruce       | Ernst       | BERNST   | 590.423.4568       | 1987-06-21 | IT_PROG    |  6000.00 |           0.00 |        103 |            60 |
|         105 | David       | Austin      | DAUSTIN  | 590.423.4569       | 1987-06-22 | IT_PROG    |  4800.00 |           0.00 |        103 |            60 |
|         106 | Valli       | Pataballa   | VPATABAL | 590.423.4560       | 1987-06-23 | IT_PROG    |  4800.00 |           0.00 |        103 |            60 |
|         107 | Diana       | Lorentz     | DLORENTZ | 590.423.5567       | 1987-06-24 | IT_PROG    |  4200.00 |           0.00 |        103 |            60 |
|         108 | Nancy       | Greenberg   | NGREENBE | 515.124.4569       | 1987-06-25 | FI_MGR     | 12000.00 |           0.00 |        101 |           100 |
|         109 | Daniel      | Faviet      | DFAVIET  | 515.124.4169       | 1987-06-26 | FI_ACCOUNT |  9000.00 |           0.00 |        108 |           100 |
|         110 | John        | Chen        | JCHEN    | 515.124.4269       | 1987-06-27 | FI_ACCOUNT |  8200.00 |           0.00 |        108 |           100 |
|         111 | Ismael      | Sciarra     | ISCIARRA | 515.124.4369       | 1987-06-28 | FI_ACCOUNT |  7700.00 |           0.00 |        108 |           100 |
|         112 | Jose Manuel | Urman       | JMURMAN  | 515.124.4469       | 1987-06-29 | FI_ACCOUNT |  7800.00 |           0.00 |        108 |           100 |
|         113 | Luis        | Popp        | LPOPP    | 515.124.4567       | 1987-06-30 | FI_ACCOUNT |  6900.00 |           0.00 |        108 |           100 |
|         114 | Den         | Raphaely    | DRAPHEAL | 515.127.4561       | 1987-07-01 | PU_MAN     | 11000.00 |           0.00 |        100 |            30 |
|         115 | Alexander   | Khoo        | AKHOO    | 515.127.4562       | 1987-07-02 | PU_CLERK   |  3100.00 |           0.00 |        114 |            30 |
|         116 | Shelli      | Baida       | SBAIDA   | 515.127.4563       | 1987-07-03 | PU_CLERK   |  2900.00 |           0.00 |        114 |            30 |
|         117 | Sigal       | Tobias      | STOBIAS  | 515.127.4564       | 1987-07-04 | PU_CLERK   |  2800.00 |           0.00 |        114 |            30 |
|         118 | Guy         | Himuro      | GHIMURO  | 515.127.4565       | 1987-07-05 | PU_CLERK   |  2600.00 |           0.00 |        114 |            30 |
|         119 | Karen       | Colmenares  | KCOLMENA | 515.127.4566       | 1987-07-06 | PU_CLERK   |  2500.00 |           0.00 |        114 |            30 |
|         120 | Matthew     | Weiss       | MWEISS   | 650.123.1234       | 1987-07-07 | ST_MAN     |  8000.00 |           0.00 |        100 |            50 |
|         121 | Adam        | Fripp       | AFRIPP   | 650.123.2234       | 1987-07-08 | ST_MAN     |  8200.00 |           0.00 |        100 |            50 |
|         122 | Payam       | Kaufling    | PKAUFLIN | 650.123.3234       | 1987-07-09 | ST_MAN     |  7900.00 |           0.00 |        100 |            50 |
|         123 | Shanta      | Vollman     | SVOLLMAN | 650.123.4234       | 1987-07-10 | ST_MAN     |  6500.00 |           0.00 |        100 |            50 |
|         124 | Kevin       | Mourgos     | KMOURGOS | 650.123.5234       | 1987-07-11 | ST_MAN     |  5800.00 |           0.00 |        100 |            50 |
|         125 | Julia       | Nayer       | JNAYER   | 650.124.1214       | 1987-07-12 | ST_CLERK   |  3200.00 |           0.00 |        120 |            50 |
|         126 | Irene       | Mikkilineni | IMIKKILI | 650.124.1224       | 1987-07-13 | ST_CLERK   |  2700.00 |           0.00 |        120 |            50 |
|         127 | James       | Landry      | JLANDRY  | 650.124.1334       | 1987-07-14 | ST_CLERK   |  2400.00 |           0.00 |        120 |            50 |
|         128 | Steven      | Markle      | SMARKLE  | 650.124.1434       | 1987-07-15 | ST_CLERK   |  2200.00 |           0.00 |        120 |            50 |
|         129 | Laura       | Bissot      | LBISSOT  | 650.124.5234       | 1987-07-16 | ST_CLERK   |  3300.00 |           0.00 |        121 |            50 |
|         130 | Mozhe       | Atkinson    | MATKINSO | 650.124.6234       | 1987-07-17 | ST_CLERK   |  2800.00 |           0.00 |        121 |            50 |
|         131 | James       | Marlow      | JAMRLOW  | 650.124.7234       | 1987-07-18 | ST_CLERK   |  2500.00 |           0.00 |        121 |            50 |
|         132 | TJ          | Olson       | TJOLSON  | 650.124.8234       | 1987-07-19 | ST_CLERK   |  2100.00 |           0.00 |        121 |            50 |
|         133 | Jason       | Mallin      | JMALLIN  | 650.127.1934       | 1987-07-20 | ST_CLERK   |  3300.00 |           0.00 |        122 |            50 |
|         134 | Michael     | Rogers      | MROGERS  | 650.127.1834       | 1987-07-21 | ST_CLERK   |  2900.00 |           0.00 |        122 |            50 |
|         135 | Ki          | Gee         | KGEE     | 650.127.1734       | 1987-07-22 | ST_CLERK   |  2400.00 |           0.00 |        122 |            50 |
|         136 | Hazel       | Philtanker  | HPHILTAN | 650.127.1634       | 1987-07-23 | ST_CLERK   |  2200.00 |           0.00 |        122 |            50 |
|         137 | Renske      | Ladwig      | RLADWIG  | 650.121.1234       | 1987-07-24 | ST_CLERK   |  3600.00 |           0.00 |        123 |            50 |
|         138 | Stephen     | Stiles      | SSTILES  | 650.121.2034       | 1987-07-25 | ST_CLERK   |  3200.00 |           0.00 |        123 |            50 |
|         139 | John        | Seo         | JSEO     | 650.121.2019       | 1987-07-26 | ST_CLERK   |  2700.00 |           0.00 |        123 |            50 |
|         140 | Joshua      | Patel       | JPATEL   | 650.121.1834       | 1987-07-27 | ST_CLERK   |  2500.00 |           0.00 |        123 |            50 |
|         141 | Trenna      | Rajs        | TRAJS    | 650.121.8009       | 1987-07-28 | ST_CLERK   |  3500.00 |           0.00 |        124 |            50 |
|         142 | Curtis      | Davies      | CDAVIES  | 650.121.2994       | 1987-07-29 | ST_CLERK   |  3100.00 |           0.00 |        124 |            50 |
|         143 | Randall     | Matos       | RMATOS   | 650.121.2874       | 1987-07-30 | ST_CLERK   |  2600.00 |           0.00 |        124 |            50 |
|         144 | Peter       | Vargas      | PVARGAS  | 650.121.2004       | 1987-07-31 | ST_CLERK   |  2500.00 |           0.00 |        124 |            50 |
|         145 | John        | Russell     | JRUSSEL  | 011.44.1344.429268 | 1987-08-01 | SA_MAN     | 14000.00 |           0.40 |        100 |            80 |
|         146 | Karen       | Partners    | KPARTNER | 011.44.1344.467268 | 1987-08-02 | SA_MAN     | 13500.00 |           0.30 |        100 |            80 |
|         147 | Alberto     | Errazuriz   | AERRAZUR | 011.44.1344.429278 | 1987-08-03 | SA_MAN     | 12000.00 |           0.30 |        100 |            80 |
|         148 | Gerald      | Cambrault   | GCAMBRAU | 011.44.1344.619268 | 1987-08-04 | SA_MAN     | 11000.00 |           0.30 |        100 |            80 |
|         149 | Eleni       | Zlotkey     | EZLOTKEY | 011.44.1344.429018 | 1987-08-05 | SA_MAN     | 10500.00 |           0.20 |        100 |            80 |
|         150 | Peter       | Tucker      | PTUCKER  | 011.44.1344.129268 | 1987-08-06 | SA_REP     | 10000.00 |           0.30 |        145 |            80 |
|         151 | David       | Bernstein   | DBERNSTE | 011.44.1344.345268 | 1987-08-07 | SA_REP     |  9500.00 |           0.25 |        145 |            80 |
|         152 | Peter       | Hall        | PHALL    | 011.44.1344.478968 | 1987-08-08 | SA_REP     |  9000.00 |           0.25 |        145 |            80 |
|         153 | Christopher | Olsen       | COLSEN   | 011.44.1344.498718 | 1987-08-09 | SA_REP     |  8000.00 |           0.20 |        145 |            80 |
|         154 | Nanette     | Cambrault   | NCAMBRAU | 011.44.1344.987668 | 1987-08-10 | SA_REP     |  7500.00 |           0.20 |        145 |            80 |
|         155 | Oliver      | Tuvault     | OTUVAULT | 011.44.1344.486508 | 1987-08-11 | SA_REP     |  7000.00 |           0.15 |        145 |            80 |
|         156 | Janette     | King        | JKING    | 011.44.1345.429268 | 1987-08-12 | SA_REP     | 10000.00 |           0.35 |        146 |            80 |
|         157 | Patrick     | Sully       | PSULLY   | 011.44.1345.929268 | 1987-08-13 | SA_REP     |  9500.00 |           0.35 |        146 |            80 |
|         158 | Allan       | McEwen      | AMCEWEN  | 011.44.1345.829268 | 1987-08-14 | SA_REP     |  9000.00 |           0.35 |        146 |            80 |
|         159 | Lindsey     | Smith       | LSMITH   | 011.44.1345.729268 | 1987-08-15 | SA_REP     |  8000.00 |           0.30 |        146 |            80 |
|         160 | Louise      | Doran       | LDORAN   | 011.44.1345.629268 | 1987-08-16 | SA_REP     |  7500.00 |           0.30 |        146 |            80 |
|         161 | Sarath      | Sewall      | SSEWALL  | 011.44.1345.529268 | 1987-08-17 | SA_REP     |  7000.00 |           0.25 |        146 |            80 |
|         162 | Clara       | Vishney     | CVISHNEY | 011.44.1346.129268 | 1987-08-18 | SA_REP     | 10500.00 |           0.25 |        147 |            80 |
|         163 | Danielle    | Greene      | DGREENE  | 011.44.1346.229268 | 1987-08-19 | SA_REP     |  9500.00 |           0.15 |        147 |            80 |
|         164 | Mattea      | Marvins     | MMARVINS | 011.44.1346.329268 | 1987-08-20 | SA_REP     |  7200.00 |           0.10 |        147 |            80 |
|         165 | David       | Lee         | DLEE     | 011.44.1346.529268 | 1987-08-21 | SA_REP     |  6800.00 |           0.10 |        147 |            80 |
|         166 | Sundar      | Ande        | SANDE    | 011.44.1346.629268 | 1987-08-22 | SA_REP     |  6400.00 |           0.10 |        147 |            80 |
|         167 | Amit        | Banda       | ABANDA   | 011.44.1346.729268 | 1987-08-23 | SA_REP     |  6200.00 |           0.10 |        147 |            80 |
|         168 | Lisa        | Ozer        | LOZER    | 011.44.1343.929268 | 1987-08-24 | SA_REP     | 11500.00 |           0.25 |        148 |            80 |
|         169 | Harrison    | Bloom       | HBLOOM   | 011.44.1343.829268 | 1987-08-25 | SA_REP     | 10000.00 |           0.20 |        148 |            80 |
|         170 | Tayler      | Fox         | TFOX     | 011.44.1343.729268 | 1987-08-26 | SA_REP     |  9600.00 |           0.20 |        148 |            80 |
|         171 | William     | Smith       | WSMITH   | 011.44.1343.629268 | 1987-08-27 | SA_REP     |  7400.00 |           0.15 |        148 |            80 |
|         172 | Elizabeth   | Bates       | EBATES   | 011.44.1343.529268 | 1987-08-28 | SA_REP     |  7300.00 |           0.15 |        148 |            80 |
|         173 | Sundita     | Kumar       | SKUMAR   | 011.44.1343.329268 | 1987-08-29 | SA_REP     |  6100.00 |           0.10 |        148 |            80 |
|         174 | Ellen       | Abel        | EABEL    | 011.44.1644.429267 | 1987-08-30 | SA_REP     | 11000.00 |           0.30 |        149 |            80 |
|         175 | Alyssa      | Hutton      | AHUTTON  | 011.44.1644.429266 | 1987-08-31 | SA_REP     |  8800.00 |           0.25 |        149 |            80 |
|         176 | Jonathon    | Taylor      | JTAYLOR  | 011.44.1644.429265 | 1987-09-01 | SA_REP     |  8600.00 |           0.20 |        149 |            80 |
|         177 | Jack        | Livingston  | JLIVINGS | 011.44.1644.429264 | 1987-09-02 | SA_REP     |  8400.00 |           0.20 |        149 |            80 |
|         178 | Kimberely   | Grant       | KGRANT   | 011.44.1644.429263 | 1987-09-03 | SA_REP     |  7000.00 |           0.15 |        149 |             0 |
|         179 | Charles     | Johnson     | CJOHNSON | 011.44.1644.429262 | 1987-09-04 | SA_REP     |  6200.00 |           0.10 |        149 |            80 |
|         180 | Winston     | Taylor      | WTAYLOR  | 650.507.9876       | 1987-09-05 | SH_CLERK   |  3200.00 |           0.00 |        120 |            50 |
|         181 | Jean        | Fleaur      | JFLEAUR  | 650.507.9877       | 1987-09-06 | SH_CLERK   |  3100.00 |           0.00 |        120 |            50 |
|         182 | Martha      | Sullivan    | MSULLIVA | 650.507.9878       | 1987-09-07 | SH_CLERK   |  2500.00 |           0.00 |        120 |            50 |
|         183 | Girard      | Geoni       | GGEONI   | 650.507.9879       | 1987-09-08 | SH_CLERK   |  2800.00 |           0.00 |        120 |            50 |
|         184 | Nandita     | Sarchand    | NSARCHAN | 650.509.1876       | 1987-09-09 | SH_CLERK   |  4200.00 |           0.00 |        121 |            50 |
|         185 | Alexis      | Bull        | ABULL    | 650.509.2876       | 1987-09-10 | SH_CLERK   |  4100.00 |           0.00 |        121 |            50 |
|         186 | Julia       | Dellinger   | JDELLING | 650.509.3876       | 1987-09-11 | SH_CLERK   |  3400.00 |           0.00 |        121 |            50 |
|         187 | Anthony     | Cabrio      | ACABRIO  | 650.509.4876       | 1987-09-12 | SH_CLERK   |  3000.00 |           0.00 |        121 |            50 |
|         188 | Kelly       | Chung       | KCHUNG   | 650.505.1876       | 1987-09-13 | SH_CLERK   |  3800.00 |           0.00 |        122 |            50 |
|         189 | Jennifer    | Dilly       | JDILLY   | 650.505.2876       | 1987-09-14 | SH_CLERK   |  3600.00 |           0.00 |        122 |            50 |
|         190 | Timothy     | Gates       | TGATES   | 650.505.3876       | 1987-09-15 | SH_CLERK   |  2900.00 |           0.00 |        122 |            50 |
|         191 | Randall     | Perkins     | RPERKINS | 650.505.4876       | 1987-09-16 | SH_CLERK   |  2500.00 |           0.00 |        122 |            50 |
|         192 | Sarah       | Bell        | SBELL    | 650.501.1876       | 1987-09-17 | SH_CLERK   |  4000.00 |           0.00 |        123 |            50 |
|         193 | Britney     | Everett     | BEVERETT | 650.501.2876       | 1987-09-18 | SH_CLERK   |  3900.00 |           0.00 |        123 |            50 |
|         194 | Samuel      | McCain      | SMCCAIN  | 650.501.3876       | 1987-09-19 | SH_CLERK   |  3200.00 |           0.00 |        123 |            50 |
|         195 | Vance       | Jones       | VJONES   | 650.501.4876       | 1987-09-20 | SH_CLERK   |  2800.00 |           0.00 |        123 |            50 |
|         196 | Alana       | Walsh       | AWALSH   | 650.507.9811       | 1987-09-21 | SH_CLERK   |  3100.00 |           0.00 |        124 |            50 |
|         197 | Kevin       | Feeney      | KFEENEY  | 650.507.9822       | 1987-09-22 | SH_CLERK   |  3000.00 |           0.00 |        124 |            50 |
|         198 | Donald      | OConnell    | DOCONNEL | 650.507.9833       | 1987-09-23 | SH_CLERK   |  2600.00 |           0.00 |        124 |            50 |
|         199 | Douglas     | Grant       | DGRANT   | 650.507.9844       | 1987-09-24 | SH_CLERK   |  2600.00 |           0.00 |        124 |            50 |
|         200 | Jennifer    | Whalen      | JWHALEN  | 515.123.4444       | 1987-09-25 | AD_ASST    |  4400.00 |           0.00 |        101 |            10 |
|         201 | Michael     | Hartstein   | MHARTSTE | 515.123.5555       | 1987-09-26 | MK_MAN     | 13000.00 |           0.00 |        100 |            20 |
|         202 | Pat         | Fay         | PFAY     | 603.123.6666       | 1987-09-27 | MK_REP     |  6000.00 |           0.00 |        201 |            20 |
|         203 | Susan       | Mavris      | SMAVRIS  | 515.123.7777       | 1987-09-28 | HR_REP     |  6500.00 |           0.00 |        101 |            40 |
|         204 | Hermann     | Baer        | HBAER    | 515.123.8888       | 1987-09-29 | PR_REP     | 10000.00 |           0.00 |        101 |            70 |
|         205 | Shelley     | Higgins     | SHIGGINS | 515.123.8080       | 1987-09-30 | AC_MGR     | 12000.00 |           0.00 |        101 |           110 |
|         206 | William     | Gietz       | WGIETZ   | 515.123.8181       | 1987-10-01 | AC_ACCOUNT |  8300.00 |           0.00 |        205 |           110 |
+-------------+-------------+-------------+----------+--------------------+------------+------------+----------+----------------+------------+---------------+
107 rows in set (0.00 sec)

mysql> select * from departments;
+---------------+----------------------+------------+-------------+
| DEPARTMENT_ID | DEPARTMENT_NAME      | MANAGER_ID | LOCATION_ID |
+---------------+----------------------+------------+-------------+
|            10 | Administration       |        200 |        1700 |
|            20 | Marketing            |        201 |        1800 |
|            30 | Purchasing           |        114 |        1700 |
|            40 | Human Resources      |        203 |        2400 |
|            50 | Shipping             |        121 |        1500 |
|            60 | IT                   |        103 |        1400 |
|            70 | Public Relations     |        204 |        2700 |
|            80 | Sales                |        145 |        2500 |
|            90 | Executive            |        100 |        1700 |
|           100 | Finance              |        108 |        1700 |
|           110 | Accounting           |        205 |        1700 |
|           120 | Treasury             |          0 |        1700 |
|           130 | Corporate Tax        |          0 |        1700 |
|           140 | Control And Credit   |          0 |        1700 |
|           150 | Shareholder Services |          0 |        1700 |
|           160 | Benefits             |          0 |        1700 |
|           170 | Manufacturing        |          0 |        1700 |
|           180 | Construction         |          0 |        1700 |
|           190 | Contracting          |          0 |        1700 |
|           200 | Operations           |          0 |        1700 |
|           210 | IT Support           |          0 |        1700 |
|           220 | NOC                  |          0 |        1700 |
|           230 | IT Helpdesk          |          0 |        1700 |
|           240 | Government Sales     |          0 |        1700 |
|           250 | Retail Sales         |          0 |        1700 |
|           260 | Recruiting           |          0 |        1700 |
|           270 | Payroll              |          0 |        1700 |
+---------------+----------------------+------------+-------------+
27 rows in set (0.00 sec)

mysql> # Q.1 1.Write a query to display the name (first name, last name) for those employees who gets more salary than the employee whose ID is 7788.
mysql>
mysql> select first_name,last_name,salary from employees where salary > (select salary from employees where employee_id=103);
+------------+-----------+----------+
| first_name | last_name | salary   |
+------------+-----------+----------+
| Steven     | King      | 24000.00 |
| Neena      | Kochhar   | 17000.00 |
| Lex        | De Haan   | 17000.00 |
| Nancy      | Greenberg | 12000.00 |
| Den        | Raphaely  | 11000.00 |
| John       | Russell   | 14000.00 |
| Karen      | Partners  | 13500.00 |
| Alberto    | Errazuriz | 12000.00 |
| Gerald     | Cambrault | 11000.00 |
| Eleni      | Zlotkey   | 10500.00 |
| Peter      | Tucker    | 10000.00 |
| David      | Bernstein |  9500.00 |
| Janette    | King      | 10000.00 |
| Patrick    | Sully     |  9500.00 |
| Clara      | Vishney   | 10500.00 |
| Danielle   | Greene    |  9500.00 |
| Lisa       | Ozer      | 11500.00 |
| Harrison   | Bloom     | 10000.00 |
| Tayler     | Fox       |  9600.00 |
| Ellen      | Abel      | 11000.00 |
| Michael    | Hartstein | 13000.00 |
| Hermann    | Baer      | 10000.00 |
| Shelley    | Higgins   | 12000.00 |
+------------+-----------+----------+
23 rows in set (0.00 sec)

mysql> select first_name,last_name,salary from employees where salary > (select salary from employees where employee_id=103) T1;
ERROR 1064 (42000): You have an error in your SQL syntax; check the manual that corresponds to your MySQL server version for the right syntax to use near 'T1' at line 1
mysql>
mysql> # Q2 2.Write a query to display the name (first name, last name), salary, deptno, job for those employees who works in the same designation as the employee works whose id is 7566.
mysql>
mysql> select first_name,last_name,salary,department_id,job_id from employees where department_id = (select department_id from employees where employee_id=103);
+------------+-----------+---------+---------------+---------+
| first_name | last_name | salary  | department_id | job_id  |
+------------+-----------+---------+---------------+---------+
| Alexander  | Hunold    | 9000.00 |            60 | IT_PROG |
| Bruce      | Ernst     | 6000.00 |            60 | IT_PROG |
| David      | Austin    | 4800.00 |            60 | IT_PROG |
| Valli      | Pataballa | 4800.00 |            60 | IT_PROG |
| Diana      | Lorentz   | 4200.00 |            60 | IT_PROG |
+------------+-----------+---------+---------------+---------+
5 rows in set (0.00 sec)

mysql>
mysql> # 3.Write a SQL query to calculate the average sal of all the employee.
mysql>
mysql> select first_name, salary, avg(salary) from employees;
+------------+----------+-------------+
| first_name | salary   | avg(salary) |
+------------+----------+-------------+
| Steven     | 24000.00 | 6461.682243 |
+------------+----------+-------------+
1 row in set (0.00 sec)

mysql>
mysql> select  avg(salary) from employees;
+-------------+
| avg(salary) |
+-------------+
| 6461.682243 |
+-------------+
1 row in set (0.00 sec)

mysql>
mysql> #4.Write a query in SQL to find the sum of all employee salary.
mysql>
mysql> select  SUM(salary) from employees;
+-------------+
| SUM(salary) |
+-------------+
|   691400.00 |
+-------------+
1 row in set (0.00 sec)

mysql>
mysql> # 5.Write a query in SQL to display the first name, last name, department number, and department name for each employee.
mysql>
mysql> select first_name,last_name,department_id, department_name from employees join departments using(department_id);
+-------------+-------------+---------------+------------------+
| first_name  | last_name   | department_id | department_name  |
+-------------+-------------+---------------+------------------+
| Jennifer    | Whalen      |            10 | Administration   |
| Michael     | Hartstein   |            20 | Marketing        |
| Pat         | Fay         |            20 | Marketing        |
| Den         | Raphaely    |            30 | Purchasing       |
| Alexander   | Khoo        |            30 | Purchasing       |
| Shelli      | Baida       |            30 | Purchasing       |
| Sigal       | Tobias      |            30 | Purchasing       |
| Guy         | Himuro      |            30 | Purchasing       |
| Karen       | Colmenares  |            30 | Purchasing       |
| Susan       | Mavris      |            40 | Human Resources  |
| Matthew     | Weiss       |            50 | Shipping         |
| Adam        | Fripp       |            50 | Shipping         |
| Payam       | Kaufling    |            50 | Shipping         |
| Shanta      | Vollman     |            50 | Shipping         |
| Kevin       | Mourgos     |            50 | Shipping         |
| Julia       | Nayer       |            50 | Shipping         |
| Irene       | Mikkilineni |            50 | Shipping         |
| James       | Landry      |            50 | Shipping         |
| Steven      | Markle      |            50 | Shipping         |
| Laura       | Bissot      |            50 | Shipping         |
| Mozhe       | Atkinson    |            50 | Shipping         |
| James       | Marlow      |            50 | Shipping         |
| TJ          | Olson       |            50 | Shipping         |
| Jason       | Mallin      |            50 | Shipping         |
| Michael     | Rogers      |            50 | Shipping         |
| Ki          | Gee         |            50 | Shipping         |
| Hazel       | Philtanker  |            50 | Shipping         |
| Renske      | Ladwig      |            50 | Shipping         |
| Stephen     | Stiles      |            50 | Shipping         |
| John        | Seo         |            50 | Shipping         |
| Joshua      | Patel       |            50 | Shipping         |
| Trenna      | Rajs        |            50 | Shipping         |
| Curtis      | Davies      |            50 | Shipping         |
| Randall     | Matos       |            50 | Shipping         |
| Peter       | Vargas      |            50 | Shipping         |
| Winston     | Taylor      |            50 | Shipping         |
| Jean        | Fleaur      |            50 | Shipping         |
| Martha      | Sullivan    |            50 | Shipping         |
| Girard      | Geoni       |            50 | Shipping         |
| Nandita     | Sarchand    |            50 | Shipping         |
| Alexis      | Bull        |            50 | Shipping         |
| Julia       | Dellinger   |            50 | Shipping         |
| Anthony     | Cabrio      |            50 | Shipping         |
| Kelly       | Chung       |            50 | Shipping         |
| Jennifer    | Dilly       |            50 | Shipping         |
| Timothy     | Gates       |            50 | Shipping         |
| Randall     | Perkins     |            50 | Shipping         |
| Sarah       | Bell        |            50 | Shipping         |
| Britney     | Everett     |            50 | Shipping         |
| Samuel      | McCain      |            50 | Shipping         |
| Vance       | Jones       |            50 | Shipping         |
| Alana       | Walsh       |            50 | Shipping         |
| Kevin       | Feeney      |            50 | Shipping         |
| Donald      | OConnell    |            50 | Shipping         |
| Douglas     | Grant       |            50 | Shipping         |
| Alexander   | Hunold      |            60 | IT               |
| Bruce       | Ernst       |            60 | IT               |
| David       | Austin      |            60 | IT               |
| Valli       | Pataballa   |            60 | IT               |
| Diana       | Lorentz     |            60 | IT               |
| Hermann     | Baer        |            70 | Public Relations |
| John        | Russell     |            80 | Sales            |
| Karen       | Partners    |            80 | Sales            |
| Alberto     | Errazuriz   |            80 | Sales            |
| Gerald      | Cambrault   |            80 | Sales            |
| Eleni       | Zlotkey     |            80 | Sales            |
| Peter       | Tucker      |            80 | Sales            |
| David       | Bernstein   |            80 | Sales            |
| Peter       | Hall        |            80 | Sales            |
| Christopher | Olsen       |            80 | Sales            |
| Nanette     | Cambrault   |            80 | Sales            |
| Oliver      | Tuvault     |            80 | Sales            |
| Janette     | King        |            80 | Sales            |
| Patrick     | Sully       |            80 | Sales            |
| Allan       | McEwen      |            80 | Sales            |
| Lindsey     | Smith       |            80 | Sales            |
| Louise      | Doran       |            80 | Sales            |
| Sarath      | Sewall      |            80 | Sales            |
| Clara       | Vishney     |            80 | Sales            |
| Danielle    | Greene      |            80 | Sales            |
| Mattea      | Marvins     |            80 | Sales            |
| David       | Lee         |            80 | Sales            |
| Sundar      | Ande        |            80 | Sales            |
| Amit        | Banda       |            80 | Sales            |
| Lisa        | Ozer        |            80 | Sales            |
| Harrison    | Bloom       |            80 | Sales            |
| Tayler      | Fox         |            80 | Sales            |
| William     | Smith       |            80 | Sales            |
| Elizabeth   | Bates       |            80 | Sales            |
| Sundita     | Kumar       |            80 | Sales            |
| Ellen       | Abel        |            80 | Sales            |
| Alyssa      | Hutton      |            80 | Sales            |
| Jonathon    | Taylor      |            80 | Sales            |
| Jack        | Livingston  |            80 | Sales            |
| Charles     | Johnson     |            80 | Sales            |
| Steven      | King        |            90 | Executive        |
| Neena       | Kochhar     |            90 | Executive        |
| Lex         | De Haan     |            90 | Executive        |
| Nancy       | Greenberg   |           100 | Finance          |
| Daniel      | Faviet      |           100 | Finance          |
| John        | Chen        |           100 | Finance          |
| Ismael      | Sciarra     |           100 | Finance          |
| Jose Manuel | Urman       |           100 | Finance          |
| Luis        | Popp        |           100 | Finance          |
| Shelley     | Higgins     |           110 | Accounting       |
| William     | Gietz       |           110 | Accounting       |
+-------------+-------------+---------------+------------------+
106 rows in set (0.00 sec)

mysql>
mysql>
mysql> # 6.Write a query in SQL to display the first and last name, department, city, and state province for each employee.
mysql>
mysql> select first_name,last_name, department_name ,city ,state_province from employees join locations using(location_id);
ERROR 1054 (42S22): Unknown column 'location_id' in 'from clause'
mysql> table locations;
+-------------+---------------------------+--------------+---------------------+-------------------+------------+
| LOCATION_ID | STREET_ADDRESS            | POSTAL_CODE  | CITY                | STATE_PROVINCE    | COUNTRY_ID |
+-------------+---------------------------+--------------+---------------------+-------------------+------------+
|        1000 | 1297 Via Cola di Rie      | 989          | Roma                |                   | IT         |
|        1100 | 93091 Calle della Testa   | 10934        | Venice              |                   | IT         |
|        1200 | 2017 Shinjuku-ku          | 1689         | Tokyo               | Tokyo Prefecture  | JP         |
|        1300 | 9450 Kamiya-cho           | 6823         | Hiroshima           |                   | JP         |
|        1400 | 2014 Jabberwocky Rd       | 26192        | Southlake           | Texas             | US         |
|        1500 | 2011 Interiors Blvd       | 99236        | South San Francisco | California        | US         |
|        1600 | 2007 Zagora St            | 50090        | South Brunswick     | New Jersey        | US         |
|        1700 | 2004 Charade Rd           | 98199        | Seattle             | Washington        | US         |
|        1800 | 147 Spadina Ave           | M5V 2L7      | Toronto             | Ontario           | CA         |
|        1900 | 6092 Boxwood St           | YSW 9T2      | Whitehorse          | Yukon             | CA         |
|        2000 | 40-5-12 Laogianggen       | 190518       | Beijing             |                   | CN         |
|        2100 | 1298 Vileparle (E)        | 490231       | Bombay              | Maharashtra       | IN         |
|        2200 | 12-98 Victoria Street     | 2901         | Sydney              | New South Wales   | AU         |
|        2300 | 198 Clementi North        | 540198       | Singapore           |                   | SG         |
|        2400 | 8204 Arthur St            |              | London              |                   | UK         |
|        2500 | "Magdalen Centre          |  The Oxford  | OX9 9ZB             | Oxford            | Ox         |
|        2600 | 9702 Chester Road         | 9629850293   | Stretford           | Manchester        | UK         |
|        2700 | Schwanthalerstr. 7031     | 80925        | Munich              | Bavaria           | DE         |
|        2800 | Rua Frei Caneca 1360      | 01307-002    | Sao Paulo           | Sao Paulo         | BR         |
|        2900 | 20 Rue des Corps-Saints   | 1730         | Geneva              | Geneve            | CH         |
|        3000 | Murtenstrasse 921         | 3095         | Bern                | BE                | CH         |
|        3100 | Pieter Breughelstraat 837 | 3029SK       | Utrecht             | Utrecht           | NL         |
|        3200 | Mariano Escobedo 9991     | 11932        | Mexico City         | "Distrito Federal | "          |
+-------------+---------------------------+--------------+---------------------+-------------------+------------+
23 rows in set (0.00 sec)

mysql> select first_name,last_name, department_id ,city ,state_province from employees join locations using(location_id);
ERROR 1054 (42S22): Unknown column 'location_id' in 'from clause'
mysql> select first_name,last_name,department_name,CITY, STATE_PROVINCE from employees inner join departments inner join locations where employees.department_id=departments.department_id and departments.location_id=locations.location_id;
ERROR 1064 (42000): You have an error in your SQL syntax; check the manual that corresponds to your MySQL server version for the right syntax to use near 'select first_name,last_name,department_name,CITY, STATE_PROVINCE from employe' at line 1
mysql> select first_name,last_name,department_name,CITY, STATE_PROVINCE from employees inner join departments inner join locations where employees.department_id=departments.department_id and departments.location_id=locations.location_id;
+-------------+-------------+------------------+---------------------+----------------+
| first_name  | last_name   | department_name  | CITY                | STATE_PROVINCE |
+-------------+-------------+------------------+---------------------+----------------+
| Alexander   | Hunold      | IT               | Southlake           | Texas          |
| Bruce       | Ernst       | IT               | Southlake           | Texas          |
| David       | Austin      | IT               | Southlake           | Texas          |
| Valli       | Pataballa   | IT               | Southlake           | Texas          |
| Diana       | Lorentz     | IT               | Southlake           | Texas          |
| Matthew     | Weiss       | Shipping         | South San Francisco | California     |
| Adam        | Fripp       | Shipping         | South San Francisco | California     |
| Payam       | Kaufling    | Shipping         | South San Francisco | California     |
| Shanta      | Vollman     | Shipping         | South San Francisco | California     |
| Kevin       | Mourgos     | Shipping         | South San Francisco | California     |
| Julia       | Nayer       | Shipping         | South San Francisco | California     |
| Irene       | Mikkilineni | Shipping         | South San Francisco | California     |
| James       | Landry      | Shipping         | South San Francisco | California     |
| Steven      | Markle      | Shipping         | South San Francisco | California     |
| Laura       | Bissot      | Shipping         | South San Francisco | California     |
| Mozhe       | Atkinson    | Shipping         | South San Francisco | California     |
| James       | Marlow      | Shipping         | South San Francisco | California     |
| TJ          | Olson       | Shipping         | South San Francisco | California     |
| Jason       | Mallin      | Shipping         | South San Francisco | California     |
| Michael     | Rogers      | Shipping         | South San Francisco | California     |
| Ki          | Gee         | Shipping         | South San Francisco | California     |
| Hazel       | Philtanker  | Shipping         | South San Francisco | California     |
| Renske      | Ladwig      | Shipping         | South San Francisco | California     |
| Stephen     | Stiles      | Shipping         | South San Francisco | California     |
| John        | Seo         | Shipping         | South San Francisco | California     |
| Joshua      | Patel       | Shipping         | South San Francisco | California     |
| Trenna      | Rajs        | Shipping         | South San Francisco | California     |
| Curtis      | Davies      | Shipping         | South San Francisco | California     |
| Randall     | Matos       | Shipping         | South San Francisco | California     |
| Peter       | Vargas      | Shipping         | South San Francisco | California     |
| Winston     | Taylor      | Shipping         | South San Francisco | California     |
| Jean        | Fleaur      | Shipping         | South San Francisco | California     |
| Martha      | Sullivan    | Shipping         | South San Francisco | California     |
| Girard      | Geoni       | Shipping         | South San Francisco | California     |
| Nandita     | Sarchand    | Shipping         | South San Francisco | California     |
| Alexis      | Bull        | Shipping         | South San Francisco | California     |
| Julia       | Dellinger   | Shipping         | South San Francisco | California     |
| Anthony     | Cabrio      | Shipping         | South San Francisco | California     |
| Kelly       | Chung       | Shipping         | South San Francisco | California     |
| Jennifer    | Dilly       | Shipping         | South San Francisco | California     |
| Timothy     | Gates       | Shipping         | South San Francisco | California     |
| Randall     | Perkins     | Shipping         | South San Francisco | California     |
| Sarah       | Bell        | Shipping         | South San Francisco | California     |
| Britney     | Everett     | Shipping         | South San Francisco | California     |
| Samuel      | McCain      | Shipping         | South San Francisco | California     |
| Vance       | Jones       | Shipping         | South San Francisco | California     |
| Alana       | Walsh       | Shipping         | South San Francisco | California     |
| Kevin       | Feeney      | Shipping         | South San Francisco | California     |
| Donald      | OConnell    | Shipping         | South San Francisco | California     |
| Douglas     | Grant       | Shipping         | South San Francisco | California     |
| Jennifer    | Whalen      | Administration   | Seattle             | Washington     |
| Den         | Raphaely    | Purchasing       | Seattle             | Washington     |
| Alexander   | Khoo        | Purchasing       | Seattle             | Washington     |
| Shelli      | Baida       | Purchasing       | Seattle             | Washington     |
| Sigal       | Tobias      | Purchasing       | Seattle             | Washington     |
| Guy         | Himuro      | Purchasing       | Seattle             | Washington     |
| Karen       | Colmenares  | Purchasing       | Seattle             | Washington     |
| Steven      | King        | Executive        | Seattle             | Washington     |
| Neena       | Kochhar     | Executive        | Seattle             | Washington     |
| Lex         | De Haan     | Executive        | Seattle             | Washington     |
| Nancy       | Greenberg   | Finance          | Seattle             | Washington     |
| Daniel      | Faviet      | Finance          | Seattle             | Washington     |
| John        | Chen        | Finance          | Seattle             | Washington     |
| Ismael      | Sciarra     | Finance          | Seattle             | Washington     |
| Jose Manuel | Urman       | Finance          | Seattle             | Washington     |
| Luis        | Popp        | Finance          | Seattle             | Washington     |
| Shelley     | Higgins     | Accounting       | Seattle             | Washington     |
| William     | Gietz       | Accounting       | Seattle             | Washington     |
| Michael     | Hartstein   | Marketing        | Toronto             | Ontario        |
| Pat         | Fay         | Marketing        | Toronto             | Ontario        |
| Susan       | Mavris      | Human Resources  | London              |                |
| John        | Russell     | Sales            | OX9 9ZB             | Oxford         |
| Karen       | Partners    | Sales            | OX9 9ZB             | Oxford         |
| Alberto     | Errazuriz   | Sales            | OX9 9ZB             | Oxford         |
| Gerald      | Cambrault   | Sales            | OX9 9ZB             | Oxford         |
| Eleni       | Zlotkey     | Sales            | OX9 9ZB             | Oxford         |
| Peter       | Tucker      | Sales            | OX9 9ZB             | Oxford         |
| David       | Bernstein   | Sales            | OX9 9ZB             | Oxford         |
| Peter       | Hall        | Sales            | OX9 9ZB             | Oxford         |
| Christopher | Olsen       | Sales            | OX9 9ZB             | Oxford         |
| Nanette     | Cambrault   | Sales            | OX9 9ZB             | Oxford         |
| Oliver      | Tuvault     | Sales            | OX9 9ZB             | Oxford         |
| Janette     | King        | Sales            | OX9 9ZB             | Oxford         |
| Patrick     | Sully       | Sales            | OX9 9ZB             | Oxford         |
| Allan       | McEwen      | Sales            | OX9 9ZB             | Oxford         |
| Lindsey     | Smith       | Sales            | OX9 9ZB             | Oxford         |
| Louise      | Doran       | Sales            | OX9 9ZB             | Oxford         |
| Sarath      | Sewall      | Sales            | OX9 9ZB             | Oxford         |
| Clara       | Vishney     | Sales            | OX9 9ZB             | Oxford         |
| Danielle    | Greene      | Sales            | OX9 9ZB             | Oxford         |
| Mattea      | Marvins     | Sales            | OX9 9ZB             | Oxford         |
| David       | Lee         | Sales            | OX9 9ZB             | Oxford         |
| Sundar      | Ande        | Sales            | OX9 9ZB             | Oxford         |
| Amit        | Banda       | Sales            | OX9 9ZB             | Oxford         |
| Lisa        | Ozer        | Sales            | OX9 9ZB             | Oxford         |
| Harrison    | Bloom       | Sales            | OX9 9ZB             | Oxford         |
| Tayler      | Fox         | Sales            | OX9 9ZB             | Oxford         |
| William     | Smith       | Sales            | OX9 9ZB             | Oxford         |
| Elizabeth   | Bates       | Sales            | OX9 9ZB             | Oxford         |
| Sundita     | Kumar       | Sales            | OX9 9ZB             | Oxford         |
| Ellen       | Abel        | Sales            | OX9 9ZB             | Oxford         |
| Alyssa      | Hutton      | Sales            | OX9 9ZB             | Oxford         |
| Jonathon    | Taylor      | Sales            | OX9 9ZB             | Oxford         |
| Jack        | Livingston  | Sales            | OX9 9ZB             | Oxford         |
| Charles     | Johnson     | Sales            | OX9 9ZB             | Oxford         |
| Hermann     | Baer        | Public Relations | Munich              | Bavaria        |
+-------------+-------------+------------------+---------------------+----------------+
106 rows in set (0.01 sec)

mysql>
mysql>
mysql>
mysql> # 7.Write a query in SQL to display the first name, last name, salary, and job grade for all employees.
mysql>
mysql> show tables;
+--------------------+
| Tables_in_employee |
+--------------------+
| countries          |
| departments        |
| employees          |
| job_history        |
| jobs               |
| locations          |
| regions            |
+--------------------+
7 rows in set (0.00 sec)

mysql> table jobs;
+------------+---------------------------------+------------+------------+
| JOB_ID     | JOB_TITLE                       | MIN_SALARY | MAX_SALARY |
+------------+---------------------------------+------------+------------+
| AC_ACCOUNT | Public Accountant               |       4200 |       9000 |
| AC_MGR     | Accounting Manager              |       8200 |      16000 |
| AD_ASST    | Administration Assistant        |       3000 |       6000 |
| AD_PRES    | President                       |      20000 |      40000 |
| AD_VP      | Administration Vice President   |      15000 |      30000 |
| FI_ACCOUNT | Accountant                      |       4200 |       9000 |
| FI_MGR     | Finance Manager                 |       8200 |      16000 |
| HR_REP     | Human Resources Representative  |       4000 |       9000 |
| IT_PROG    | Programmer                      |       4000 |      10000 |
| MK_MAN     | Marketing Manager               |       9000 |      15000 |
| MK_REP     | Marketing Representative        |       4000 |       9000 |
| PR_REP     | Public Relations Representative |       4500 |      10500 |
| PU_CLERK   | Purchasing Clerk                |       2500 |       5500 |
| PU_MAN     | Purchasing Manager              |       8000 |      15000 |
| SA_MAN     | Sales Manager                   |      10000 |      20000 |
| SA_REP     | Sales Representative            |       6000 |      12000 |
| SH_CLERK   | Shipping Clerk                  |       2500 |       5500 |
| ST_CLERK   | Stock Clerk                     |       2000 |       5000 |
| ST_MAN     | Stock Manager                   |       5500 |       8500 |
+------------+---------------------------------+------------+------------+
19 rows in set (0.00 sec)

mysql> table job_history;
+-------------+------------+------------+------------+---------------+
| EMPLOYEE_ID | START_DATE | END_DATE   | JOB_ID     | DEPARTMENT_ID |
+-------------+------------+------------+------------+---------------+
|           0 | 0000-00-00 | 0000-00-00 |            |             0 |
|         101 | 1989-09-21 | 1993-10-27 | AC_ACCOUNT |           110 |
|         101 | 1993-10-28 | 1997-03-15 | AC_MGR     |           110 |
|         102 | 1993-01-13 | 1998-07-24 | IT_PROG    |            60 |
|         114 | 1998-03-24 | 1999-12-31 | ST_CLERK   |            50 |
|         122 | 1999-01-01 | 1999-12-31 | ST_CLERK   |            50 |
|         176 | 1998-03-24 | 1998-12-31 | SA_REP     |            80 |
|         176 | 1999-01-01 | 1999-12-31 | SA_MAN     |            80 |
|         200 | 1987-09-17 | 1993-06-17 | AD_ASST    |            90 |
|         200 | 1994-07-01 | 1998-12-31 | AC_ACCOUNT |            90 |
|         201 | 1996-02-17 | 1999-12-19 | MK_REP     |            20 |
+-------------+------------+------------+------------+---------------+
11 rows in set (0.00 sec)

mysql>
mysql>
mysql> select first_name,last_name,salary,job_title from employees joins jobs using(job_id);
ERROR 1064 (42000): You have an error in your SQL syntax; check the manual that corresponds to your MySQL server version for the right syntax to use near 'select first_name,last_name,salary,job_title from employees joins jobs using(' at line 1
mysql> select first_name,last_name,salary,job_title from employees join jobs using(job_id);
ERROR 1064 (42000): You have an error in your SQL syntax; check the manual that corresponds to your MySQL server version for the right syntax to use near 'select first_name,last_name,salary,job_title from employees join jobs using(j' at line 1
mysql> select first_name,last_name,salary,job_title from employees join jobs using(job_id);
+-------------+-------------+----------+---------------------------------+
| first_name  | last_name   | salary   | job_title                       |
+-------------+-------------+----------+---------------------------------+
| William     | Gietz       |  8300.00 | Public Accountant               |
| Shelley     | Higgins     | 12000.00 | Accounting Manager              |
| Jennifer    | Whalen      |  4400.00 | Administration Assistant        |
| Steven      | King        | 24000.00 | President                       |
| Neena       | Kochhar     | 17000.00 | Administration Vice President   |
| Lex         | De Haan     | 17000.00 | Administration Vice President   |
| Daniel      | Faviet      |  9000.00 | Accountant                      |
| John        | Chen        |  8200.00 | Accountant                      |
| Ismael      | Sciarra     |  7700.00 | Accountant                      |
| Jose Manuel | Urman       |  7800.00 | Accountant                      |
| Luis        | Popp        |  6900.00 | Accountant                      |
| Nancy       | Greenberg   | 12000.00 | Finance Manager                 |
| Susan       | Mavris      |  6500.00 | Human Resources Representative  |
| Alexander   | Hunold      |  9000.00 | Programmer                      |
| Bruce       | Ernst       |  6000.00 | Programmer                      |
| David       | Austin      |  4800.00 | Programmer                      |
| Valli       | Pataballa   |  4800.00 | Programmer                      |
| Diana       | Lorentz     |  4200.00 | Programmer                      |
| Michael     | Hartstein   | 13000.00 | Marketing Manager               |
| Pat         | Fay         |  6000.00 | Marketing Representative        |
| Hermann     | Baer        | 10000.00 | Public Relations Representative |
| Alexander   | Khoo        |  3100.00 | Purchasing Clerk                |
| Shelli      | Baida       |  2900.00 | Purchasing Clerk                |
| Sigal       | Tobias      |  2800.00 | Purchasing Clerk                |
| Guy         | Himuro      |  2600.00 | Purchasing Clerk                |
| Karen       | Colmenares  |  2500.00 | Purchasing Clerk                |
| Den         | Raphaely    | 11000.00 | Purchasing Manager              |
| John        | Russell     | 14000.00 | Sales Manager                   |
| Karen       | Partners    | 13500.00 | Sales Manager                   |
| Alberto     | Errazuriz   | 12000.00 | Sales Manager                   |
| Gerald      | Cambrault   | 11000.00 | Sales Manager                   |
| Eleni       | Zlotkey     | 10500.00 | Sales Manager                   |
| Peter       | Tucker      | 10000.00 | Sales Representative            |
| David       | Bernstein   |  9500.00 | Sales Representative            |
| Peter       | Hall        |  9000.00 | Sales Representative            |
| Christopher | Olsen       |  8000.00 | Sales Representative            |
| Nanette     | Cambrault   |  7500.00 | Sales Representative            |
| Oliver      | Tuvault     |  7000.00 | Sales Representative            |
| Janette     | King        | 10000.00 | Sales Representative            |
| Patrick     | Sully       |  9500.00 | Sales Representative            |
| Allan       | McEwen      |  9000.00 | Sales Representative            |
| Lindsey     | Smith       |  8000.00 | Sales Representative            |
| Louise      | Doran       |  7500.00 | Sales Representative            |
| Sarath      | Sewall      |  7000.00 | Sales Representative            |
| Clara       | Vishney     | 10500.00 | Sales Representative            |
| Danielle    | Greene      |  9500.00 | Sales Representative            |
| Mattea      | Marvins     |  7200.00 | Sales Representative            |
| David       | Lee         |  6800.00 | Sales Representative            |
| Sundar      | Ande        |  6400.00 | Sales Representative            |
| Amit        | Banda       |  6200.00 | Sales Representative            |
| Lisa        | Ozer        | 11500.00 | Sales Representative            |
| Harrison    | Bloom       | 10000.00 | Sales Representative            |
| Tayler      | Fox         |  9600.00 | Sales Representative            |
| William     | Smith       |  7400.00 | Sales Representative            |
| Elizabeth   | Bates       |  7300.00 | Sales Representative            |
| Sundita     | Kumar       |  6100.00 | Sales Representative            |
| Ellen       | Abel        | 11000.00 | Sales Representative            |
| Alyssa      | Hutton      |  8800.00 | Sales Representative            |
| Jonathon    | Taylor      |  8600.00 | Sales Representative            |
| Jack        | Livingston  |  8400.00 | Sales Representative            |
| Kimberely   | Grant       |  7000.00 | Sales Representative            |
| Charles     | Johnson     |  6200.00 | Sales Representative            |
| Winston     | Taylor      |  3200.00 | Shipping Clerk                  |
| Jean        | Fleaur      |  3100.00 | Shipping Clerk                  |
| Martha      | Sullivan    |  2500.00 | Shipping Clerk                  |
| Girard      | Geoni       |  2800.00 | Shipping Clerk                  |
| Nandita     | Sarchand    |  4200.00 | Shipping Clerk                  |
| Alexis      | Bull        |  4100.00 | Shipping Clerk                  |
| Julia       | Dellinger   |  3400.00 | Shipping Clerk                  |
| Anthony     | Cabrio      |  3000.00 | Shipping Clerk                  |
| Kelly       | Chung       |  3800.00 | Shipping Clerk                  |
| Jennifer    | Dilly       |  3600.00 | Shipping Clerk                  |
| Timothy     | Gates       |  2900.00 | Shipping Clerk                  |
| Randall     | Perkins     |  2500.00 | Shipping Clerk                  |
| Sarah       | Bell        |  4000.00 | Shipping Clerk                  |
| Britney     | Everett     |  3900.00 | Shipping Clerk                  |
| Samuel      | McCain      |  3200.00 | Shipping Clerk                  |
| Vance       | Jones       |  2800.00 | Shipping Clerk                  |
| Alana       | Walsh       |  3100.00 | Shipping Clerk                  |
| Kevin       | Feeney      |  3000.00 | Shipping Clerk                  |
| Donald      | OConnell    |  2600.00 | Shipping Clerk                  |
| Douglas     | Grant       |  2600.00 | Shipping Clerk                  |
| Julia       | Nayer       |  3200.00 | Stock Clerk                     |
| Irene       | Mikkilineni |  2700.00 | Stock Clerk                     |
| James       | Landry      |  2400.00 | Stock Clerk                     |
| Steven      | Markle      |  2200.00 | Stock Clerk                     |
| Laura       | Bissot      |  3300.00 | Stock Clerk                     |
| Mozhe       | Atkinson    |  2800.00 | Stock Clerk                     |
| James       | Marlow      |  2500.00 | Stock Clerk                     |
| TJ          | Olson       |  2100.00 | Stock Clerk                     |
| Jason       | Mallin      |  3300.00 | Stock Clerk                     |
| Michael     | Rogers      |  2900.00 | Stock Clerk                     |
| Ki          | Gee         |  2400.00 | Stock Clerk                     |
| Hazel       | Philtanker  |  2200.00 | Stock Clerk                     |
| Renske      | Ladwig      |  3600.00 | Stock Clerk                     |
| Stephen     | Stiles      |  3200.00 | Stock Clerk                     |
| John        | Seo         |  2700.00 | Stock Clerk                     |
| Joshua      | Patel       |  2500.00 | Stock Clerk                     |
| Trenna      | Rajs        |  3500.00 | Stock Clerk                     |
| Curtis      | Davies      |  3100.00 | Stock Clerk                     |
| Randall     | Matos       |  2600.00 | Stock Clerk                     |
| Peter       | Vargas      |  2500.00 | Stock Clerk                     |
| Matthew     | Weiss       |  8000.00 | Stock Manager                   |
| Adam        | Fripp       |  8200.00 | Stock Manager                   |
| Payam       | Kaufling    |  7900.00 | Stock Manager                   |
| Shanta      | Vollman     |  6500.00 | Stock Manager                   |
| Kevin       | Mourgos     |  5800.00 | Stock Manager                   |
+-------------+-------------+----------+---------------------------------+
107 rows in set (0.00 sec)

mysql>
mysql>
mysql> select first_name,last_name,salary,job_id,job_title from employees join jobs using(job_id);
+-------------+-------------+----------+------------+---------------------------------+
| first_name  | last_name   | salary   | job_id     | job_title                       |
+-------------+-------------+----------+------------+---------------------------------+
| William     | Gietz       |  8300.00 | AC_ACCOUNT | Public Accountant               |
| Shelley     | Higgins     | 12000.00 | AC_MGR     | Accounting Manager              |
| Jennifer    | Whalen      |  4400.00 | AD_ASST    | Administration Assistant        |
| Steven      | King        | 24000.00 | AD_PRES    | President                       |
| Neena       | Kochhar     | 17000.00 | AD_VP      | Administration Vice President   |
| Lex         | De Haan     | 17000.00 | AD_VP      | Administration Vice President   |
| Daniel      | Faviet      |  9000.00 | FI_ACCOUNT | Accountant                      |
| John        | Chen        |  8200.00 | FI_ACCOUNT | Accountant                      |
| Ismael      | Sciarra     |  7700.00 | FI_ACCOUNT | Accountant                      |
| Jose Manuel | Urman       |  7800.00 | FI_ACCOUNT | Accountant                      |
| Luis        | Popp        |  6900.00 | FI_ACCOUNT | Accountant                      |
| Nancy       | Greenberg   | 12000.00 | FI_MGR     | Finance Manager                 |
| Susan       | Mavris      |  6500.00 | HR_REP     | Human Resources Representative  |
| Alexander   | Hunold      |  9000.00 | IT_PROG    | Programmer                      |
| Bruce       | Ernst       |  6000.00 | IT_PROG    | Programmer                      |
| David       | Austin      |  4800.00 | IT_PROG    | Programmer                      |
| Valli       | Pataballa   |  4800.00 | IT_PROG    | Programmer                      |
| Diana       | Lorentz     |  4200.00 | IT_PROG    | Programmer                      |
| Michael     | Hartstein   | 13000.00 | MK_MAN     | Marketing Manager               |
| Pat         | Fay         |  6000.00 | MK_REP     | Marketing Representative        |
| Hermann     | Baer        | 10000.00 | PR_REP     | Public Relations Representative |
| Alexander   | Khoo        |  3100.00 | PU_CLERK   | Purchasing Clerk                |
| Shelli      | Baida       |  2900.00 | PU_CLERK   | Purchasing Clerk                |
| Sigal       | Tobias      |  2800.00 | PU_CLERK   | Purchasing Clerk                |
| Guy         | Himuro      |  2600.00 | PU_CLERK   | Purchasing Clerk                |
| Karen       | Colmenares  |  2500.00 | PU_CLERK   | Purchasing Clerk                |
| Den         | Raphaely    | 11000.00 | PU_MAN     | Purchasing Manager              |
| John        | Russell     | 14000.00 | SA_MAN     | Sales Manager                   |
| Karen       | Partners    | 13500.00 | SA_MAN     | Sales Manager                   |
| Alberto     | Errazuriz   | 12000.00 | SA_MAN     | Sales Manager                   |
| Gerald      | Cambrault   | 11000.00 | SA_MAN     | Sales Manager                   |
| Eleni       | Zlotkey     | 10500.00 | SA_MAN     | Sales Manager                   |
| Peter       | Tucker      | 10000.00 | SA_REP     | Sales Representative            |
| David       | Bernstein   |  9500.00 | SA_REP     | Sales Representative            |
| Peter       | Hall        |  9000.00 | SA_REP     | Sales Representative            |
| Christopher | Olsen       |  8000.00 | SA_REP     | Sales Representative            |
| Nanette     | Cambrault   |  7500.00 | SA_REP     | Sales Representative            |
| Oliver      | Tuvault     |  7000.00 | SA_REP     | Sales Representative            |
| Janette     | King        | 10000.00 | SA_REP     | Sales Representative            |
| Patrick     | Sully       |  9500.00 | SA_REP     | Sales Representative            |
| Allan       | McEwen      |  9000.00 | SA_REP     | Sales Representative            |
| Lindsey     | Smith       |  8000.00 | SA_REP     | Sales Representative            |
| Louise      | Doran       |  7500.00 | SA_REP     | Sales Representative            |
| Sarath      | Sewall      |  7000.00 | SA_REP     | Sales Representative            |
| Clara       | Vishney     | 10500.00 | SA_REP     | Sales Representative            |
| Danielle    | Greene      |  9500.00 | SA_REP     | Sales Representative            |
| Mattea      | Marvins     |  7200.00 | SA_REP     | Sales Representative            |
| David       | Lee         |  6800.00 | SA_REP     | Sales Representative            |
| Sundar      | Ande        |  6400.00 | SA_REP     | Sales Representative            |
| Amit        | Banda       |  6200.00 | SA_REP     | Sales Representative            |
| Lisa        | Ozer        | 11500.00 | SA_REP     | Sales Representative            |
| Harrison    | Bloom       | 10000.00 | SA_REP     | Sales Representative            |
| Tayler      | Fox         |  9600.00 | SA_REP     | Sales Representative            |
| William     | Smith       |  7400.00 | SA_REP     | Sales Representative            |
| Elizabeth   | Bates       |  7300.00 | SA_REP     | Sales Representative            |
| Sundita     | Kumar       |  6100.00 | SA_REP     | Sales Representative            |
| Ellen       | Abel        | 11000.00 | SA_REP     | Sales Representative            |
| Alyssa      | Hutton      |  8800.00 | SA_REP     | Sales Representative            |
| Jonathon    | Taylor      |  8600.00 | SA_REP     | Sales Representative            |
| Jack        | Livingston  |  8400.00 | SA_REP     | Sales Representative            |
| Kimberely   | Grant       |  7000.00 | SA_REP     | Sales Representative            |
| Charles     | Johnson     |  6200.00 | SA_REP     | Sales Representative            |
| Winston     | Taylor      |  3200.00 | SH_CLERK   | Shipping Clerk                  |
| Jean        | Fleaur      |  3100.00 | SH_CLERK   | Shipping Clerk                  |
| Martha      | Sullivan    |  2500.00 | SH_CLERK   | Shipping Clerk                  |
| Girard      | Geoni       |  2800.00 | SH_CLERK   | Shipping Clerk                  |
| Nandita     | Sarchand    |  4200.00 | SH_CLERK   | Shipping Clerk                  |
| Alexis      | Bull        |  4100.00 | SH_CLERK   | Shipping Clerk                  |
| Julia       | Dellinger   |  3400.00 | SH_CLERK   | Shipping Clerk                  |
| Anthony     | Cabrio      |  3000.00 | SH_CLERK   | Shipping Clerk                  |
| Kelly       | Chung       |  3800.00 | SH_CLERK   | Shipping Clerk                  |
| Jennifer    | Dilly       |  3600.00 | SH_CLERK   | Shipping Clerk                  |
| Timothy     | Gates       |  2900.00 | SH_CLERK   | Shipping Clerk                  |
| Randall     | Perkins     |  2500.00 | SH_CLERK   | Shipping Clerk                  |
| Sarah       | Bell        |  4000.00 | SH_CLERK   | Shipping Clerk                  |
| Britney     | Everett     |  3900.00 | SH_CLERK   | Shipping Clerk                  |
| Samuel      | McCain      |  3200.00 | SH_CLERK   | Shipping Clerk                  |
| Vance       | Jones       |  2800.00 | SH_CLERK   | Shipping Clerk                  |
| Alana       | Walsh       |  3100.00 | SH_CLERK   | Shipping Clerk                  |
| Kevin       | Feeney      |  3000.00 | SH_CLERK   | Shipping Clerk                  |
| Donald      | OConnell    |  2600.00 | SH_CLERK   | Shipping Clerk                  |
| Douglas     | Grant       |  2600.00 | SH_CLERK   | Shipping Clerk                  |
| Julia       | Nayer       |  3200.00 | ST_CLERK   | Stock Clerk                     |
| Irene       | Mikkilineni |  2700.00 | ST_CLERK   | Stock Clerk                     |
| James       | Landry      |  2400.00 | ST_CLERK   | Stock Clerk                     |
| Steven      | Markle      |  2200.00 | ST_CLERK   | Stock Clerk                     |
| Laura       | Bissot      |  3300.00 | ST_CLERK   | Stock Clerk                     |
| Mozhe       | Atkinson    |  2800.00 | ST_CLERK   | Stock Clerk                     |
| James       | Marlow      |  2500.00 | ST_CLERK   | Stock Clerk                     |
| TJ          | Olson       |  2100.00 | ST_CLERK   | Stock Clerk                     |
| Jason       | Mallin      |  3300.00 | ST_CLERK   | Stock Clerk                     |
| Michael     | Rogers      |  2900.00 | ST_CLERK   | Stock Clerk                     |
| Ki          | Gee         |  2400.00 | ST_CLERK   | Stock Clerk                     |
| Hazel       | Philtanker  |  2200.00 | ST_CLERK   | Stock Clerk                     |
| Renske      | Ladwig      |  3600.00 | ST_CLERK   | Stock Clerk                     |
| Stephen     | Stiles      |  3200.00 | ST_CLERK   | Stock Clerk                     |
| John        | Seo         |  2700.00 | ST_CLERK   | Stock Clerk                     |
| Joshua      | Patel       |  2500.00 | ST_CLERK   | Stock Clerk                     |
| Trenna      | Rajs        |  3500.00 | ST_CLERK   | Stock Clerk                     |
| Curtis      | Davies      |  3100.00 | ST_CLERK   | Stock Clerk                     |
| Randall     | Matos       |  2600.00 | ST_CLERK   | Stock Clerk                     |
| Peter       | Vargas      |  2500.00 | ST_CLERK   | Stock Clerk                     |
| Matthew     | Weiss       |  8000.00 | ST_MAN     | Stock Manager                   |
| Adam        | Fripp       |  8200.00 | ST_MAN     | Stock Manager                   |
| Payam       | Kaufling    |  7900.00 | ST_MAN     | Stock Manager                   |
| Shanta      | Vollman     |  6500.00 | ST_MAN     | Stock Manager                   |
| Kevin       | Mourgos     |  5800.00 | ST_MAN     | Stock Manager                   |
+-------------+-------------+----------+------------+---------------------------------+
107 rows in set (0.00 sec)

mysql>
mysql>
mysql> # 8.Write a query in SQL to display the first name, last name, department number and department name, for all employees for departments 20 or 40.
mysql>
mysql> select first_name,last_name, department_id ,department_name from employees join departments using(department_id) where department_id=20 and department_id=40;
Empty set (0.01 sec)

mysql> select first_name,last_name, department_id ,department_name from employees join departments using(department_id) where department_id=20 or department_id=40;
+------------+-----------+---------------+-----------------+
| first_name | last_name | department_id | department_name |
+------------+-----------+---------------+-----------------+
| Michael    | Hartstein |            20 | Marketing       |
| Pat        | Fay       |            20 | Marketing       |
| Susan      | Mavris    |            40 | Human Resources |
+------------+-----------+---------------+-----------------+
3 rows in set (0.00 sec)

mysql>
mysql>
mysql> select first_name,last_name,employees.department_id,department_name from employees inner join departments where employees.department_id=departments.department_id and( employees.department_id =20 or employees.department_id =40);
ERROR 1064 (42000): You have an error in your SQL syntax; check the manual that corresponds to your MySQL server version for the right syntax to use near 'select first_name,last_name,employees.department_id,department_name from empl' at line 1
mysql> select first_name,last_name,employees.department_id,department_name from employees inner join departments where employees.department_id=departments.department_id and( employees.department_id =20 or employees.department_id =40);
+------------+-----------+---------------+-----------------+
| first_name | last_name | department_id | department_name |
+------------+-----------+---------------+-----------------+
| Michael    | Hartstein |            20 | Marketing       |
| Pat        | Fay       |            20 | Marketing       |
| Susan      | Mavris    |            40 | Human Resources |
+------------+-----------+---------------+-----------------+
3 rows in set (0.00 sec)

mysql>
mysql> # 9.Write a query in SQL to display those employees who contain a letter z to their first name and also display their last name, department, city, and state province.
mysql> select * from employees join locations where first_name like '%z%'  ;
+-------------+------------+------------+----------+--------------------+------------+----------+---------+----------------+------------+---------------+-------------+---------------------------+--------------+---------------------+-------------------+------------+
| EMPLOYEE_ID | FIRST_NAME | LAST_NAME  | EMAIL    | PHONE_NUMBER       | HIRE_DATE  | JOB_ID   | SALARY  | COMMISSION_PCT | MANAGER_ID | DEPARTMENT_ID | LOCATION_ID | STREET_ADDRESS            | POSTAL_CODE  | CITY                | STATE_PROVINCE    | COUNTRY_ID |
+-------------+------------+------------+----------+--------------------+------------+----------+---------+----------------+------------+---------------+-------------+---------------------------+--------------+---------------------+-------------------+------------+
|         172 | Elizabeth  | Bates      | EBATES   | 011.44.1343.529268 | 1987-08-28 | SA_REP   | 7300.00 |           0.15 |        148 |            80 |        1000 | 1297 Via Cola di Rie      | 989          | Roma                |                   | IT         |
|         136 | Hazel      | Philtanker | HPHILTAN | 650.127.1634       | 1987-07-23 | ST_CLERK | 2200.00 |           0.00 |        122 |            50 |        1000 | 1297 Via Cola di Rie      | 989          | Roma                |                   | IT         |
|         130 | Mozhe      | Atkinson   | MATKINSO | 650.124.6234       | 1987-07-17 | ST_CLERK | 2800.00 |           0.00 |        121 |            50 |        1000 | 1297 Via Cola di Rie      | 989          | Roma                |                   | IT         |
|         172 | Elizabeth  | Bates      | EBATES   | 011.44.1343.529268 | 1987-08-28 | SA_REP   | 7300.00 |           0.15 |        148 |            80 |        1100 | 93091 Calle della Testa   | 10934        | Venice              |                   | IT         |
|         136 | Hazel      | Philtanker | HPHILTAN | 650.127.1634       | 1987-07-23 | ST_CLERK | 2200.00 |           0.00 |        122 |            50 |        1100 | 93091 Calle della Testa   | 10934        | Venice              |                   | IT         |
|         130 | Mozhe      | Atkinson   | MATKINSO | 650.124.6234       | 1987-07-17 | ST_CLERK | 2800.00 |           0.00 |        121 |            50 |        1100 | 93091 Calle della Testa   | 10934        | Venice              |                   | IT         |
|         172 | Elizabeth  | Bates      | EBATES   | 011.44.1343.529268 | 1987-08-28 | SA_REP   | 7300.00 |           0.15 |        148 |            80 |        1200 | 2017 Shinjuku-ku          | 1689         | Tokyo               | Tokyo Prefecture  | JP         |
|         136 | Hazel      | Philtanker | HPHILTAN | 650.127.1634       | 1987-07-23 | ST_CLERK | 2200.00 |           0.00 |        122 |            50 |        1200 | 2017 Shinjuku-ku          | 1689         | Tokyo               | Tokyo Prefecture  | JP         |
|         130 | Mozhe      | Atkinson   | MATKINSO | 650.124.6234       | 1987-07-17 | ST_CLERK | 2800.00 |           0.00 |        121 |            50 |        1200 | 2017 Shinjuku-ku          | 1689         | Tokyo               | Tokyo Prefecture  | JP         |
|         172 | Elizabeth  | Bates      | EBATES   | 011.44.1343.529268 | 1987-08-28 | SA_REP   | 7300.00 |           0.15 |        148 |            80 |        1300 | 9450 Kamiya-cho           | 6823         | Hiroshima           |                   | JP         |
|         136 | Hazel      | Philtanker | HPHILTAN | 650.127.1634       | 1987-07-23 | ST_CLERK | 2200.00 |           0.00 |        122 |            50 |        1300 | 9450 Kamiya-cho           | 6823         | Hiroshima           |                   | JP         |
|         130 | Mozhe      | Atkinson   | MATKINSO | 650.124.6234       | 1987-07-17 | ST_CLERK | 2800.00 |           0.00 |        121 |            50 |        1300 | 9450 Kamiya-cho           | 6823         | Hiroshima           |                   | JP         |
|         172 | Elizabeth  | Bates      | EBATES   | 011.44.1343.529268 | 1987-08-28 | SA_REP   | 7300.00 |           0.15 |        148 |            80 |        1400 | 2014 Jabberwocky Rd       | 26192        | Southlake           | Texas             | US         |
|         136 | Hazel      | Philtanker | HPHILTAN | 650.127.1634       | 1987-07-23 | ST_CLERK | 2200.00 |           0.00 |        122 |            50 |        1400 | 2014 Jabberwocky Rd       | 26192        | Southlake           | Texas             | US         |
|         130 | Mozhe      | Atkinson   | MATKINSO | 650.124.6234       | 1987-07-17 | ST_CLERK | 2800.00 |           0.00 |        121 |            50 |        1400 | 2014 Jabberwocky Rd       | 26192        | Southlake           | Texas             | US         |
|         172 | Elizabeth  | Bates      | EBATES   | 011.44.1343.529268 | 1987-08-28 | SA_REP   | 7300.00 |           0.15 |        148 |            80 |        1500 | 2011 Interiors Blvd       | 99236        | South San Francisco | California        | US         |
|         136 | Hazel      | Philtanker | HPHILTAN | 650.127.1634       | 1987-07-23 | ST_CLERK | 2200.00 |           0.00 |        122 |            50 |        1500 | 2011 Interiors Blvd       | 99236        | South San Francisco | California        | US         |
|         130 | Mozhe      | Atkinson   | MATKINSO | 650.124.6234       | 1987-07-17 | ST_CLERK | 2800.00 |           0.00 |        121 |            50 |        1500 | 2011 Interiors Blvd       | 99236        | South San Francisco | California        | US         |
|         172 | Elizabeth  | Bates      | EBATES   | 011.44.1343.529268 | 1987-08-28 | SA_REP   | 7300.00 |           0.15 |        148 |            80 |        1600 | 2007 Zagora St            | 50090        | South Brunswick     | New Jersey        | US         |
|         136 | Hazel      | Philtanker | HPHILTAN | 650.127.1634       | 1987-07-23 | ST_CLERK | 2200.00 |           0.00 |        122 |            50 |        1600 | 2007 Zagora St            | 50090        | South Brunswick     | New Jersey        | US         |
|         130 | Mozhe      | Atkinson   | MATKINSO | 650.124.6234       | 1987-07-17 | ST_CLERK | 2800.00 |           0.00 |        121 |            50 |        1600 | 2007 Zagora St            | 50090        | South Brunswick     | New Jersey        | US         |
|         172 | Elizabeth  | Bates      | EBATES   | 011.44.1343.529268 | 1987-08-28 | SA_REP   | 7300.00 |           0.15 |        148 |            80 |        1700 | 2004 Charade Rd           | 98199        | Seattle             | Washington        | US         |
|         136 | Hazel      | Philtanker | HPHILTAN | 650.127.1634       | 1987-07-23 | ST_CLERK | 2200.00 |           0.00 |        122 |            50 |        1700 | 2004 Charade Rd           | 98199        | Seattle             | Washington        | US         |
|         130 | Mozhe      | Atkinson   | MATKINSO | 650.124.6234       | 1987-07-17 | ST_CLERK | 2800.00 |           0.00 |        121 |            50 |        1700 | 2004 Charade Rd           | 98199        | Seattle             | Washington        | US         |
|         172 | Elizabeth  | Bates      | EBATES   | 011.44.1343.529268 | 1987-08-28 | SA_REP   | 7300.00 |           0.15 |        148 |            80 |        1800 | 147 Spadina Ave           | M5V 2L7      | Toronto             | Ontario           | CA         |
|         136 | Hazel      | Philtanker | HPHILTAN | 650.127.1634       | 1987-07-23 | ST_CLERK | 2200.00 |           0.00 |        122 |            50 |        1800 | 147 Spadina Ave           | M5V 2L7      | Toronto             | Ontario           | CA         |
|         130 | Mozhe      | Atkinson   | MATKINSO | 650.124.6234       | 1987-07-17 | ST_CLERK | 2800.00 |           0.00 |        121 |            50 |        1800 | 147 Spadina Ave           | M5V 2L7      | Toronto             | Ontario           | CA         |
|         172 | Elizabeth  | Bates      | EBATES   | 011.44.1343.529268 | 1987-08-28 | SA_REP   | 7300.00 |           0.15 |        148 |            80 |        1900 | 6092 Boxwood St           | YSW 9T2      | Whitehorse          | Yukon             | CA         |
|         136 | Hazel      | Philtanker | HPHILTAN | 650.127.1634       | 1987-07-23 | ST_CLERK | 2200.00 |           0.00 |        122 |            50 |        1900 | 6092 Boxwood St           | YSW 9T2      | Whitehorse          | Yukon             | CA         |
|         130 | Mozhe      | Atkinson   | MATKINSO | 650.124.6234       | 1987-07-17 | ST_CLERK | 2800.00 |           0.00 |        121 |            50 |        1900 | 6092 Boxwood St           | YSW 9T2      | Whitehorse          | Yukon             | CA         |
|         172 | Elizabeth  | Bates      | EBATES   | 011.44.1343.529268 | 1987-08-28 | SA_REP   | 7300.00 |           0.15 |        148 |            80 |        2000 | 40-5-12 Laogianggen       | 190518       | Beijing             |                   | CN         |
|         136 | Hazel      | Philtanker | HPHILTAN | 650.127.1634       | 1987-07-23 | ST_CLERK | 2200.00 |           0.00 |        122 |            50 |        2000 | 40-5-12 Laogianggen       | 190518       | Beijing             |                   | CN         |
|         130 | Mozhe      | Atkinson   | MATKINSO | 650.124.6234       | 1987-07-17 | ST_CLERK | 2800.00 |           0.00 |        121 |            50 |        2000 | 40-5-12 Laogianggen       | 190518       | Beijing             |                   | CN         |
|         172 | Elizabeth  | Bates      | EBATES   | 011.44.1343.529268 | 1987-08-28 | SA_REP   | 7300.00 |           0.15 |        148 |            80 |        2100 | 1298 Vileparle (E)        | 490231       | Bombay              | Maharashtra       | IN         |
|         136 | Hazel      | Philtanker | HPHILTAN | 650.127.1634       | 1987-07-23 | ST_CLERK | 2200.00 |           0.00 |        122 |            50 |        2100 | 1298 Vileparle (E)        | 490231       | Bombay              | Maharashtra       | IN         |
|         130 | Mozhe      | Atkinson   | MATKINSO | 650.124.6234       | 1987-07-17 | ST_CLERK | 2800.00 |           0.00 |        121 |            50 |        2100 | 1298 Vileparle (E)        | 490231       | Bombay              | Maharashtra       | IN         |
|         172 | Elizabeth  | Bates      | EBATES   | 011.44.1343.529268 | 1987-08-28 | SA_REP   | 7300.00 |           0.15 |        148 |            80 |        2200 | 12-98 Victoria Street     | 2901         | Sydney              | New South Wales   | AU         |
|         136 | Hazel      | Philtanker | HPHILTAN | 650.127.1634       | 1987-07-23 | ST_CLERK | 2200.00 |           0.00 |        122 |            50 |        2200 | 12-98 Victoria Street     | 2901         | Sydney              | New South Wales   | AU         |
|         130 | Mozhe      | Atkinson   | MATKINSO | 650.124.6234       | 1987-07-17 | ST_CLERK | 2800.00 |           0.00 |        121 |            50 |        2200 | 12-98 Victoria Street     | 2901         | Sydney              | New South Wales   | AU         |
|         172 | Elizabeth  | Bates      | EBATES   | 011.44.1343.529268 | 1987-08-28 | SA_REP   | 7300.00 |           0.15 |        148 |            80 |        2300 | 198 Clementi North        | 540198       | Singapore           |                   | SG         |
|         136 | Hazel      | Philtanker | HPHILTAN | 650.127.1634       | 1987-07-23 | ST_CLERK | 2200.00 |           0.00 |        122 |            50 |        2300 | 198 Clementi North        | 540198       | Singapore           |                   | SG         |
|         130 | Mozhe      | Atkinson   | MATKINSO | 650.124.6234       | 1987-07-17 | ST_CLERK | 2800.00 |           0.00 |        121 |            50 |        2300 | 198 Clementi North        | 540198       | Singapore           |                   | SG         |
|         172 | Elizabeth  | Bates      | EBATES   | 011.44.1343.529268 | 1987-08-28 | SA_REP   | 7300.00 |           0.15 |        148 |            80 |        2400 | 8204 Arthur St            |              | London              |                   | UK         |
|         136 | Hazel      | Philtanker | HPHILTAN | 650.127.1634       | 1987-07-23 | ST_CLERK | 2200.00 |           0.00 |        122 |            50 |        2400 | 8204 Arthur St            |              | London              |                   | UK         |
|         130 | Mozhe      | Atkinson   | MATKINSO | 650.124.6234       | 1987-07-17 | ST_CLERK | 2800.00 |           0.00 |        121 |            50 |        2400 | 8204 Arthur St            |              | London              |                   | UK         |
|         172 | Elizabeth  | Bates      | EBATES   | 011.44.1343.529268 | 1987-08-28 | SA_REP   | 7300.00 |           0.15 |        148 |            80 |        2500 | "Magdalen Centre          |  The Oxford  | OX9 9ZB             | Oxford            | Ox         |
|         136 | Hazel      | Philtanker | HPHILTAN | 650.127.1634       | 1987-07-23 | ST_CLERK | 2200.00 |           0.00 |        122 |            50 |        2500 | "Magdalen Centre          |  The Oxford  | OX9 9ZB             | Oxford            | Ox         |
|         130 | Mozhe      | Atkinson   | MATKINSO | 650.124.6234       | 1987-07-17 | ST_CLERK | 2800.00 |           0.00 |        121 |            50 |        2500 | "Magdalen Centre          |  The Oxford  | OX9 9ZB             | Oxford            | Ox         |
|         172 | Elizabeth  | Bates      | EBATES   | 011.44.1343.529268 | 1987-08-28 | SA_REP   | 7300.00 |           0.15 |        148 |            80 |        2600 | 9702 Chester Road         | 9629850293   | Stretford           | Manchester        | UK         |
|         136 | Hazel      | Philtanker | HPHILTAN | 650.127.1634       | 1987-07-23 | ST_CLERK | 2200.00 |           0.00 |        122 |            50 |        2600 | 9702 Chester Road         | 9629850293   | Stretford           | Manchester        | UK         |
|         130 | Mozhe      | Atkinson   | MATKINSO | 650.124.6234       | 1987-07-17 | ST_CLERK | 2800.00 |           0.00 |        121 |            50 |        2600 | 9702 Chester Road         | 9629850293   | Stretford           | Manchester        | UK         |
|         172 | Elizabeth  | Bates      | EBATES   | 011.44.1343.529268 | 1987-08-28 | SA_REP   | 7300.00 |           0.15 |        148 |            80 |        2700 | Schwanthalerstr. 7031     | 80925        | Munich              | Bavaria           | DE         |
|         136 | Hazel      | Philtanker | HPHILTAN | 650.127.1634       | 1987-07-23 | ST_CLERK | 2200.00 |           0.00 |        122 |            50 |        2700 | Schwanthalerstr. 7031     | 80925        | Munich              | Bavaria           | DE         |
|         130 | Mozhe      | Atkinson   | MATKINSO | 650.124.6234       | 1987-07-17 | ST_CLERK | 2800.00 |           0.00 |        121 |            50 |        2700 | Schwanthalerstr. 7031     | 80925        | Munich              | Bavaria           | DE         |
|         172 | Elizabeth  | Bates      | EBATES   | 011.44.1343.529268 | 1987-08-28 | SA_REP   | 7300.00 |           0.15 |        148 |            80 |        2800 | Rua Frei Caneca 1360      | 01307-002    | Sao Paulo           | Sao Paulo         | BR         |
|         136 | Hazel      | Philtanker | HPHILTAN | 650.127.1634       | 1987-07-23 | ST_CLERK | 2200.00 |           0.00 |        122 |            50 |        2800 | Rua Frei Caneca 1360      | 01307-002    | Sao Paulo           | Sao Paulo         | BR         |
|         130 | Mozhe      | Atkinson   | MATKINSO | 650.124.6234       | 1987-07-17 | ST_CLERK | 2800.00 |           0.00 |        121 |            50 |        2800 | Rua Frei Caneca 1360      | 01307-002    | Sao Paulo           | Sao Paulo         | BR         |
|         172 | Elizabeth  | Bates      | EBATES   | 011.44.1343.529268 | 1987-08-28 | SA_REP   | 7300.00 |           0.15 |        148 |            80 |        2900 | 20 Rue des Corps-Saints   | 1730         | Geneva              | Geneve            | CH         |
|         136 | Hazel      | Philtanker | HPHILTAN | 650.127.1634       | 1987-07-23 | ST_CLERK | 2200.00 |           0.00 |        122 |            50 |        2900 | 20 Rue des Corps-Saints   | 1730         | Geneva              | Geneve            | CH         |
|         130 | Mozhe      | Atkinson   | MATKINSO | 650.124.6234       | 1987-07-17 | ST_CLERK | 2800.00 |           0.00 |        121 |            50 |        2900 | 20 Rue des Corps-Saints   | 1730         | Geneva              | Geneve            | CH         |
|         172 | Elizabeth  | Bates      | EBATES   | 011.44.1343.529268 | 1987-08-28 | SA_REP   | 7300.00 |           0.15 |        148 |            80 |        3000 | Murtenstrasse 921         | 3095         | Bern                | BE                | CH         |
|         136 | Hazel      | Philtanker | HPHILTAN | 650.127.1634       | 1987-07-23 | ST_CLERK | 2200.00 |           0.00 |        122 |            50 |        3000 | Murtenstrasse 921         | 3095         | Bern                | BE                | CH         |
|         130 | Mozhe      | Atkinson   | MATKINSO | 650.124.6234       | 1987-07-17 | ST_CLERK | 2800.00 |           0.00 |        121 |            50 |        3000 | Murtenstrasse 921         | 3095         | Bern                | BE                | CH         |
|         172 | Elizabeth  | Bates      | EBATES   | 011.44.1343.529268 | 1987-08-28 | SA_REP   | 7300.00 |           0.15 |        148 |            80 |        3100 | Pieter Breughelstraat 837 | 3029SK       | Utrecht             | Utrecht           | NL         |
|         136 | Hazel      | Philtanker | HPHILTAN | 650.127.1634       | 1987-07-23 | ST_CLERK | 2200.00 |           0.00 |        122 |            50 |        3100 | Pieter Breughelstraat 837 | 3029SK       | Utrecht             | Utrecht           | NL         |
|         130 | Mozhe      | Atkinson   | MATKINSO | 650.124.6234       | 1987-07-17 | ST_CLERK | 2800.00 |           0.00 |        121 |            50 |        3100 | Pieter Breughelstraat 837 | 3029SK       | Utrecht             | Utrecht           | NL         |
|         172 | Elizabeth  | Bates      | EBATES   | 011.44.1343.529268 | 1987-08-28 | SA_REP   | 7300.00 |           0.15 |        148 |            80 |        3200 | Mariano Escobedo 9991     | 11932        | Mexico City         | "Distrito Federal | "          |
|         136 | Hazel      | Philtanker | HPHILTAN | 650.127.1634       | 1987-07-23 | ST_CLERK | 2200.00 |           0.00 |        122 |            50 |        3200 | Mariano Escobedo 9991     | 11932        | Mexico City         | "Distrito Federal | "          |
|         130 | Mozhe      | Atkinson   | MATKINSO | 650.124.6234       | 1987-07-17 | ST_CLERK | 2800.00 |           0.00 |        121 |            50 |        3200 | Mariano Escobedo 9991     | 11932        | Mexico City         | "Distrito Federal | "          |
+-------------+------------+------------+----------+--------------------+------------+----------+---------+----------------+------------+---------------+-------------+---------------------------+--------------+---------------------+-------------------+------------+
69 rows in set (0.00 sec)

mysql> ^C
mysql> select first_name,last_name,department_name,city,state_province from employees inner join locations inner join departments where employees.department_id=departments.department_id and locations.location_id=departments.location_id and first_name like '%z%';   ;
+------------+------------+-----------------+---------------------+----------------+
| first_name | last_name  | department_name | city                | state_province |
+------------+------------+-----------------+---------------------+----------------+
| Mozhe      | Atkinson   | Shipping        | South San Francisco | California     |
| Hazel      | Philtanker | Shipping        | South San Francisco | California     |
| Elizabeth  | Bates      | Sales           | OX9 9ZB             | Oxford         |
+------------+------------+-----------------+---------------------+----------------+
3 rows in set (0.00 sec)

ERROR:
No query specified

mysql>
mysql> select first_name,last_name,department_name,city,state_province from employees inner join locations inner join departments where first_name like '%z%' and employees.department_id=departments.department_id and locations.location_id=departments.location_id ;   ;
+------------+------------+-----------------+---------------------+----------------+
| first_name | last_name  | department_name | city                | state_province |
+------------+------------+-----------------+---------------------+----------------+
| Mozhe      | Atkinson   | Shipping        | South San Francisco | California     |
| Hazel      | Philtanker | Shipping        | South San Francisco | California     |
| Elizabeth  | Bates      | Sales           | OX9 9ZB             | Oxford         |
+------------+------------+-----------------+---------------------+----------------+
3 rows in set (0.00 sec)

ERROR:
No query specified

mysql> select first_name,last_name,department_name,city,state_province from employees inner join locations inner join departments where first_name like '%z%' and employees.department_id=departments.department_id and locations.location_id=departments.location_id ;
+------------+------------+-----------------+---------------------+----------------+
| first_name | last_name  | department_name | city                | state_province |
+------------+------------+-----------------+---------------------+----------------+
| Mozhe      | Atkinson   | Shipping        | South San Francisco | California     |
| Hazel      | Philtanker | Shipping        | South San Francisco | California     |
| Elizabeth  | Bates      | Sales           | OX9 9ZB             | Oxford         |
+------------+------------+-----------------+---------------------+----------------+
3 rows in set (0.00 sec)

mysql>
mysql> # 10.Write a query in SQL to display all departments including those where does not have any employee.
mysql>
mysql> select departments.* , employee_id from employees inner join departments where departments.department_id=employees.department_id and employee_id=null;
Empty set (0.00 sec)

mysql> select * from departments;
+---------------+----------------------+------------+-------------+
| DEPARTMENT_ID | DEPARTMENT_NAME      | MANAGER_ID | LOCATION_ID |
+---------------+----------------------+------------+-------------+
|            10 | Administration       |        200 |        1700 |
|            20 | Marketing            |        201 |        1800 |
|            30 | Purchasing           |        114 |        1700 |
|            40 | Human Resources      |        203 |        2400 |
|            50 | Shipping             |        121 |        1500 |
|            60 | IT                   |        103 |        1400 |
|            70 | Public Relations     |        204 |        2700 |
|            80 | Sales                |        145 |        2500 |
|            90 | Executive            |        100 |        1700 |
|           100 | Finance              |        108 |        1700 |
|           110 | Accounting           |        205 |        1700 |
|           120 | Treasury             |          0 |        1700 |
|           130 | Corporate Tax        |          0 |        1700 |
|           140 | Control And Credit   |          0 |        1700 |
|           150 | Shareholder Services |          0 |        1700 |
|           160 | Benefits             |          0 |        1700 |
|           170 | Manufacturing        |          0 |        1700 |
|           180 | Construction         |          0 |        1700 |
|           190 | Contracting          |          0 |        1700 |
|           200 | Operations           |          0 |        1700 |
|           210 | IT Support           |          0 |        1700 |
|           220 | NOC                  |          0 |        1700 |
|           230 | IT Helpdesk          |          0 |        1700 |
|           240 | Government Sales     |          0 |        1700 |
|           250 | Retail Sales         |          0 |        1700 |
|           260 | Recruiting           |          0 |        1700 |
|           270 | Payroll              |          0 |        1700 |
+---------------+----------------------+------------+-------------+
27 rows in set (0.00 sec)

mysql> select * from employees;
+-------------+-------------+-------------+----------+--------------------+------------+------------+----------+----------------+------------+---------------+
| EMPLOYEE_ID | FIRST_NAME  | LAST_NAME   | EMAIL    | PHONE_NUMBER       | HIRE_DATE  | JOB_ID     | SALARY   | COMMISSION_PCT | MANAGER_ID | DEPARTMENT_ID |
+-------------+-------------+-------------+----------+--------------------+------------+------------+----------+----------------+------------+---------------+
|         100 | Steven      | King        | SKING    | 515.123.4567       | 1987-06-17 | AD_PRES    | 24000.00 |           0.00 |          0 |            90 |
|         101 | Neena       | Kochhar     | NKOCHHAR | 515.123.4568       | 1987-06-18 | AD_VP      | 17000.00 |           0.00 |        100 |            90 |
|         102 | Lex         | De Haan     | LDEHAAN  | 515.123.4569       | 1987-06-19 | AD_VP      | 17000.00 |           0.00 |        100 |            90 |
|         103 | Alexander   | Hunold      | AHUNOLD  | 590.423.4567       | 1987-06-20 | IT_PROG    |  9000.00 |           0.00 |        102 |            60 |
|         104 | Bruce       | Ernst       | BERNST   | 590.423.4568       | 1987-06-21 | IT_PROG    |  6000.00 |           0.00 |        103 |            60 |
|         105 | David       | Austin      | DAUSTIN  | 590.423.4569       | 1987-06-22 | IT_PROG    |  4800.00 |           0.00 |        103 |            60 |
|         106 | Valli       | Pataballa   | VPATABAL | 590.423.4560       | 1987-06-23 | IT_PROG    |  4800.00 |           0.00 |        103 |            60 |
|         107 | Diana       | Lorentz     | DLORENTZ | 590.423.5567       | 1987-06-24 | IT_PROG    |  4200.00 |           0.00 |        103 |            60 |
|         108 | Nancy       | Greenberg   | NGREENBE | 515.124.4569       | 1987-06-25 | FI_MGR     | 12000.00 |           0.00 |        101 |           100 |
|         109 | Daniel      | Faviet      | DFAVIET  | 515.124.4169       | 1987-06-26 | FI_ACCOUNT |  9000.00 |           0.00 |        108 |           100 |
|         110 | John        | Chen        | JCHEN    | 515.124.4269       | 1987-06-27 | FI_ACCOUNT |  8200.00 |           0.00 |        108 |           100 |
|         111 | Ismael      | Sciarra     | ISCIARRA | 515.124.4369       | 1987-06-28 | FI_ACCOUNT |  7700.00 |           0.00 |        108 |           100 |
|         112 | Jose Manuel | Urman       | JMURMAN  | 515.124.4469       | 1987-06-29 | FI_ACCOUNT |  7800.00 |           0.00 |        108 |           100 |
|         113 | Luis        | Popp        | LPOPP    | 515.124.4567       | 1987-06-30 | FI_ACCOUNT |  6900.00 |           0.00 |        108 |           100 |
|         114 | Den         | Raphaely    | DRAPHEAL | 515.127.4561       | 1987-07-01 | PU_MAN     | 11000.00 |           0.00 |        100 |            30 |
|         115 | Alexander   | Khoo        | AKHOO    | 515.127.4562       | 1987-07-02 | PU_CLERK   |  3100.00 |           0.00 |        114 |            30 |
|         116 | Shelli      | Baida       | SBAIDA   | 515.127.4563       | 1987-07-03 | PU_CLERK   |  2900.00 |           0.00 |        114 |            30 |
|         117 | Sigal       | Tobias      | STOBIAS  | 515.127.4564       | 1987-07-04 | PU_CLERK   |  2800.00 |           0.00 |        114 |            30 |
|         118 | Guy         | Himuro      | GHIMURO  | 515.127.4565       | 1987-07-05 | PU_CLERK   |  2600.00 |           0.00 |        114 |            30 |
|         119 | Karen       | Colmenares  | KCOLMENA | 515.127.4566       | 1987-07-06 | PU_CLERK   |  2500.00 |           0.00 |        114 |            30 |
|         120 | Matthew     | Weiss       | MWEISS   | 650.123.1234       | 1987-07-07 | ST_MAN     |  8000.00 |           0.00 |        100 |            50 |
|         121 | Adam        | Fripp       | AFRIPP   | 650.123.2234       | 1987-07-08 | ST_MAN     |  8200.00 |           0.00 |        100 |            50 |
|         122 | Payam       | Kaufling    | PKAUFLIN | 650.123.3234       | 1987-07-09 | ST_MAN     |  7900.00 |           0.00 |        100 |            50 |
|         123 | Shanta      | Vollman     | SVOLLMAN | 650.123.4234       | 1987-07-10 | ST_MAN     |  6500.00 |           0.00 |        100 |            50 |
|         124 | Kevin       | Mourgos     | KMOURGOS | 650.123.5234       | 1987-07-11 | ST_MAN     |  5800.00 |           0.00 |        100 |            50 |
|         125 | Julia       | Nayer       | JNAYER   | 650.124.1214       | 1987-07-12 | ST_CLERK   |  3200.00 |           0.00 |        120 |            50 |
|         126 | Irene       | Mikkilineni | IMIKKILI | 650.124.1224       | 1987-07-13 | ST_CLERK   |  2700.00 |           0.00 |        120 |            50 |
|         127 | James       | Landry      | JLANDRY  | 650.124.1334       | 1987-07-14 | ST_CLERK   |  2400.00 |           0.00 |        120 |            50 |
|         128 | Steven      | Markle      | SMARKLE  | 650.124.1434       | 1987-07-15 | ST_CLERK   |  2200.00 |           0.00 |        120 |            50 |
|         129 | Laura       | Bissot      | LBISSOT  | 650.124.5234       | 1987-07-16 | ST_CLERK   |  3300.00 |           0.00 |        121 |            50 |
|         130 | Mozhe       | Atkinson    | MATKINSO | 650.124.6234       | 1987-07-17 | ST_CLERK   |  2800.00 |           0.00 |        121 |            50 |
|         131 | James       | Marlow      | JAMRLOW  | 650.124.7234       | 1987-07-18 | ST_CLERK   |  2500.00 |           0.00 |        121 |            50 |
|         132 | TJ          | Olson       | TJOLSON  | 650.124.8234       | 1987-07-19 | ST_CLERK   |  2100.00 |           0.00 |        121 |            50 |
|         133 | Jason       | Mallin      | JMALLIN  | 650.127.1934       | 1987-07-20 | ST_CLERK   |  3300.00 |           0.00 |        122 |            50 |
|         134 | Michael     | Rogers      | MROGERS  | 650.127.1834       | 1987-07-21 | ST_CLERK   |  2900.00 |           0.00 |        122 |            50 |
|         135 | Ki          | Gee         | KGEE     | 650.127.1734       | 1987-07-22 | ST_CLERK   |  2400.00 |           0.00 |        122 |            50 |
|         136 | Hazel       | Philtanker  | HPHILTAN | 650.127.1634       | 1987-07-23 | ST_CLERK   |  2200.00 |           0.00 |        122 |            50 |
|         137 | Renske      | Ladwig      | RLADWIG  | 650.121.1234       | 1987-07-24 | ST_CLERK   |  3600.00 |           0.00 |        123 |            50 |
|         138 | Stephen     | Stiles      | SSTILES  | 650.121.2034       | 1987-07-25 | ST_CLERK   |  3200.00 |           0.00 |        123 |            50 |
|         139 | John        | Seo         | JSEO     | 650.121.2019       | 1987-07-26 | ST_CLERK   |  2700.00 |           0.00 |        123 |            50 |
|         140 | Joshua      | Patel       | JPATEL   | 650.121.1834       | 1987-07-27 | ST_CLERK   |  2500.00 |           0.00 |        123 |            50 |
|         141 | Trenna      | Rajs        | TRAJS    | 650.121.8009       | 1987-07-28 | ST_CLERK   |  3500.00 |           0.00 |        124 |            50 |
|         142 | Curtis      | Davies      | CDAVIES  | 650.121.2994       | 1987-07-29 | ST_CLERK   |  3100.00 |           0.00 |        124 |            50 |
|         143 | Randall     | Matos       | RMATOS   | 650.121.2874       | 1987-07-30 | ST_CLERK   |  2600.00 |           0.00 |        124 |            50 |
|         144 | Peter       | Vargas      | PVARGAS  | 650.121.2004       | 1987-07-31 | ST_CLERK   |  2500.00 |           0.00 |        124 |            50 |
|         145 | John        | Russell     | JRUSSEL  | 011.44.1344.429268 | 1987-08-01 | SA_MAN     | 14000.00 |           0.40 |        100 |            80 |
|         146 | Karen       | Partners    | KPARTNER | 011.44.1344.467268 | 1987-08-02 | SA_MAN     | 13500.00 |           0.30 |        100 |            80 |
|         147 | Alberto     | Errazuriz   | AERRAZUR | 011.44.1344.429278 | 1987-08-03 | SA_MAN     | 12000.00 |           0.30 |        100 |            80 |
|         148 | Gerald      | Cambrault   | GCAMBRAU | 011.44.1344.619268 | 1987-08-04 | SA_MAN     | 11000.00 |           0.30 |        100 |            80 |
|         149 | Eleni       | Zlotkey     | EZLOTKEY | 011.44.1344.429018 | 1987-08-05 | SA_MAN     | 10500.00 |           0.20 |        100 |            80 |
|         150 | Peter       | Tucker      | PTUCKER  | 011.44.1344.129268 | 1987-08-06 | SA_REP     | 10000.00 |           0.30 |        145 |            80 |
|         151 | David       | Bernstein   | DBERNSTE | 011.44.1344.345268 | 1987-08-07 | SA_REP     |  9500.00 |           0.25 |        145 |            80 |
|         152 | Peter       | Hall        | PHALL    | 011.44.1344.478968 | 1987-08-08 | SA_REP     |  9000.00 |           0.25 |        145 |            80 |
|         153 | Christopher | Olsen       | COLSEN   | 011.44.1344.498718 | 1987-08-09 | SA_REP     |  8000.00 |           0.20 |        145 |            80 |
|         154 | Nanette     | Cambrault   | NCAMBRAU | 011.44.1344.987668 | 1987-08-10 | SA_REP     |  7500.00 |           0.20 |        145 |            80 |
|         155 | Oliver      | Tuvault     | OTUVAULT | 011.44.1344.486508 | 1987-08-11 | SA_REP     |  7000.00 |           0.15 |        145 |            80 |
|         156 | Janette     | King        | JKING    | 011.44.1345.429268 | 1987-08-12 | SA_REP     | 10000.00 |           0.35 |        146 |            80 |
|         157 | Patrick     | Sully       | PSULLY   | 011.44.1345.929268 | 1987-08-13 | SA_REP     |  9500.00 |           0.35 |        146 |            80 |
|         158 | Allan       | McEwen      | AMCEWEN  | 011.44.1345.829268 | 1987-08-14 | SA_REP     |  9000.00 |           0.35 |        146 |            80 |
|         159 | Lindsey     | Smith       | LSMITH   | 011.44.1345.729268 | 1987-08-15 | SA_REP     |  8000.00 |           0.30 |        146 |            80 |
|         160 | Louise      | Doran       | LDORAN   | 011.44.1345.629268 | 1987-08-16 | SA_REP     |  7500.00 |           0.30 |        146 |            80 |
|         161 | Sarath      | Sewall      | SSEWALL  | 011.44.1345.529268 | 1987-08-17 | SA_REP     |  7000.00 |           0.25 |        146 |            80 |
|         162 | Clara       | Vishney     | CVISHNEY | 011.44.1346.129268 | 1987-08-18 | SA_REP     | 10500.00 |           0.25 |        147 |            80 |
|         163 | Danielle    | Greene      | DGREENE  | 011.44.1346.229268 | 1987-08-19 | SA_REP     |  9500.00 |           0.15 |        147 |            80 |
|         164 | Mattea      | Marvins     | MMARVINS | 011.44.1346.329268 | 1987-08-20 | SA_REP     |  7200.00 |           0.10 |        147 |            80 |
|         165 | David       | Lee         | DLEE     | 011.44.1346.529268 | 1987-08-21 | SA_REP     |  6800.00 |           0.10 |        147 |            80 |
|         166 | Sundar      | Ande        | SANDE    | 011.44.1346.629268 | 1987-08-22 | SA_REP     |  6400.00 |           0.10 |        147 |            80 |
|         167 | Amit        | Banda       | ABANDA   | 011.44.1346.729268 | 1987-08-23 | SA_REP     |  6200.00 |           0.10 |        147 |            80 |
|         168 | Lisa        | Ozer        | LOZER    | 011.44.1343.929268 | 1987-08-24 | SA_REP     | 11500.00 |           0.25 |        148 |            80 |
|         169 | Harrison    | Bloom       | HBLOOM   | 011.44.1343.829268 | 1987-08-25 | SA_REP     | 10000.00 |           0.20 |        148 |            80 |
|         170 | Tayler      | Fox         | TFOX     | 011.44.1343.729268 | 1987-08-26 | SA_REP     |  9600.00 |           0.20 |        148 |            80 |
|         171 | William     | Smith       | WSMITH   | 011.44.1343.629268 | 1987-08-27 | SA_REP     |  7400.00 |           0.15 |        148 |            80 |
|         172 | Elizabeth   | Bates       | EBATES   | 011.44.1343.529268 | 1987-08-28 | SA_REP     |  7300.00 |           0.15 |        148 |            80 |
|         173 | Sundita     | Kumar       | SKUMAR   | 011.44.1343.329268 | 1987-08-29 | SA_REP     |  6100.00 |           0.10 |        148 |            80 |
|         174 | Ellen       | Abel        | EABEL    | 011.44.1644.429267 | 1987-08-30 | SA_REP     | 11000.00 |           0.30 |        149 |            80 |
|         175 | Alyssa      | Hutton      | AHUTTON  | 011.44.1644.429266 | 1987-08-31 | SA_REP     |  8800.00 |           0.25 |        149 |            80 |
|         176 | Jonathon    | Taylor      | JTAYLOR  | 011.44.1644.429265 | 1987-09-01 | SA_REP     |  8600.00 |           0.20 |        149 |            80 |
|         177 | Jack        | Livingston  | JLIVINGS | 011.44.1644.429264 | 1987-09-02 | SA_REP     |  8400.00 |           0.20 |        149 |            80 |
|         178 | Kimberely   | Grant       | KGRANT   | 011.44.1644.429263 | 1987-09-03 | SA_REP     |  7000.00 |           0.15 |        149 |             0 |
|         179 | Charles     | Johnson     | CJOHNSON | 011.44.1644.429262 | 1987-09-04 | SA_REP     |  6200.00 |           0.10 |        149 |            80 |
|         180 | Winston     | Taylor      | WTAYLOR  | 650.507.9876       | 1987-09-05 | SH_CLERK   |  3200.00 |           0.00 |        120 |            50 |
|         181 | Jean        | Fleaur      | JFLEAUR  | 650.507.9877       | 1987-09-06 | SH_CLERK   |  3100.00 |           0.00 |        120 |            50 |
|         182 | Martha      | Sullivan    | MSULLIVA | 650.507.9878       | 1987-09-07 | SH_CLERK   |  2500.00 |           0.00 |        120 |            50 |
|         183 | Girard      | Geoni       | GGEONI   | 650.507.9879       | 1987-09-08 | SH_CLERK   |  2800.00 |           0.00 |        120 |            50 |
|         184 | Nandita     | Sarchand    | NSARCHAN | 650.509.1876       | 1987-09-09 | SH_CLERK   |  4200.00 |           0.00 |        121 |            50 |
|         185 | Alexis      | Bull        | ABULL    | 650.509.2876       | 1987-09-10 | SH_CLERK   |  4100.00 |           0.00 |        121 |            50 |
|         186 | Julia       | Dellinger   | JDELLING | 650.509.3876       | 1987-09-11 | SH_CLERK   |  3400.00 |           0.00 |        121 |            50 |
|         187 | Anthony     | Cabrio      | ACABRIO  | 650.509.4876       | 1987-09-12 | SH_CLERK   |  3000.00 |           0.00 |        121 |            50 |
|         188 | Kelly       | Chung       | KCHUNG   | 650.505.1876       | 1987-09-13 | SH_CLERK   |  3800.00 |           0.00 |        122 |            50 |
|         189 | Jennifer    | Dilly       | JDILLY   | 650.505.2876       | 1987-09-14 | SH_CLERK   |  3600.00 |           0.00 |        122 |            50 |
|         190 | Timothy     | Gates       | TGATES   | 650.505.3876       | 1987-09-15 | SH_CLERK   |  2900.00 |           0.00 |        122 |            50 |
|         191 | Randall     | Perkins     | RPERKINS | 650.505.4876       | 1987-09-16 | SH_CLERK   |  2500.00 |           0.00 |        122 |            50 |
|         192 | Sarah       | Bell        | SBELL    | 650.501.1876       | 1987-09-17 | SH_CLERK   |  4000.00 |           0.00 |        123 |            50 |
|         193 | Britney     | Everett     | BEVERETT | 650.501.2876       | 1987-09-18 | SH_CLERK   |  3900.00 |           0.00 |        123 |            50 |
|         194 | Samuel      | McCain      | SMCCAIN  | 650.501.3876       | 1987-09-19 | SH_CLERK   |  3200.00 |           0.00 |        123 |            50 |
|         195 | Vance       | Jones       | VJONES   | 650.501.4876       | 1987-09-20 | SH_CLERK   |  2800.00 |           0.00 |        123 |            50 |
|         196 | Alana       | Walsh       | AWALSH   | 650.507.9811       | 1987-09-21 | SH_CLERK   |  3100.00 |           0.00 |        124 |            50 |
|         197 | Kevin       | Feeney      | KFEENEY  | 650.507.9822       | 1987-09-22 | SH_CLERK   |  3000.00 |           0.00 |        124 |            50 |
|         198 | Donald      | OConnell    | DOCONNEL | 650.507.9833       | 1987-09-23 | SH_CLERK   |  2600.00 |           0.00 |        124 |            50 |
|         199 | Douglas     | Grant       | DGRANT   | 650.507.9844       | 1987-09-24 | SH_CLERK   |  2600.00 |           0.00 |        124 |            50 |
|         200 | Jennifer    | Whalen      | JWHALEN  | 515.123.4444       | 1987-09-25 | AD_ASST    |  4400.00 |           0.00 |        101 |            10 |
|         201 | Michael     | Hartstein   | MHARTSTE | 515.123.5555       | 1987-09-26 | MK_MAN     | 13000.00 |           0.00 |        100 |            20 |
|         202 | Pat         | Fay         | PFAY     | 603.123.6666       | 1987-09-27 | MK_REP     |  6000.00 |           0.00 |        201 |            20 |
|         203 | Susan       | Mavris      | SMAVRIS  | 515.123.7777       | 1987-09-28 | HR_REP     |  6500.00 |           0.00 |        101 |            40 |
|         204 | Hermann     | Baer        | HBAER    | 515.123.8888       | 1987-09-29 | PR_REP     | 10000.00 |           0.00 |        101 |            70 |
|         205 | Shelley     | Higgins     | SHIGGINS | 515.123.8080       | 1987-09-30 | AC_MGR     | 12000.00 |           0.00 |        101 |           110 |
|         206 | William     | Gietz       | WGIETZ   | 515.123.8181       | 1987-10-01 | AC_ACCOUNT |  8300.00 |           0.00 |        205 |           110 |
+-------------+-------------+-------------+----------+--------------------+------------+------------+----------+----------------+------------+---------------+
107 rows in set (0.00 sec)

mysql> select departments.* , employees.* from employees join departments using(department_id);
+---------------+------------------+------------+-------------+-------------+-------------+-------------+----------+--------------------+------------+------------+----------+----------------+------------+---------------+
| DEPARTMENT_ID | DEPARTMENT_NAME  | MANAGER_ID | LOCATION_ID | EMPLOYEE_ID | FIRST_NAME  | LAST_NAME   | EMAIL    | PHONE_NUMBER       | HIRE_DATE  | JOB_ID     | SALARY   | COMMISSION_PCT | MANAGER_ID | DEPARTMENT_ID |
+---------------+------------------+------------+-------------+-------------+-------------+-------------+----------+--------------------+------------+------------+----------+----------------+------------+---------------+
|            10 | Administration   |        200 |        1700 |         200 | Jennifer    | Whalen      | JWHALEN  | 515.123.4444       | 1987-09-25 | AD_ASST    |  4400.00 |           0.00 |        101 |            10 |
|            20 | Marketing        |        201 |        1800 |         201 | Michael     | Hartstein   | MHARTSTE | 515.123.5555       | 1987-09-26 | MK_MAN     | 13000.00 |           0.00 |        100 |            20 |
|            20 | Marketing        |        201 |        1800 |         202 | Pat         | Fay         | PFAY     | 603.123.6666       | 1987-09-27 | MK_REP     |  6000.00 |           0.00 |        201 |            20 |
|            30 | Purchasing       |        114 |        1700 |         114 | Den         | Raphaely    | DRAPHEAL | 515.127.4561       | 1987-07-01 | PU_MAN     | 11000.00 |           0.00 |        100 |            30 |
|            30 | Purchasing       |        114 |        1700 |         115 | Alexander   | Khoo        | AKHOO    | 515.127.4562       | 1987-07-02 | PU_CLERK   |  3100.00 |           0.00 |        114 |            30 |
|            30 | Purchasing       |        114 |        1700 |         116 | Shelli      | Baida       | SBAIDA   | 515.127.4563       | 1987-07-03 | PU_CLERK   |  2900.00 |           0.00 |        114 |            30 |
|            30 | Purchasing       |        114 |        1700 |         117 | Sigal       | Tobias      | STOBIAS  | 515.127.4564       | 1987-07-04 | PU_CLERK   |  2800.00 |           0.00 |        114 |            30 |
|            30 | Purchasing       |        114 |        1700 |         118 | Guy         | Himuro      | GHIMURO  | 515.127.4565       | 1987-07-05 | PU_CLERK   |  2600.00 |           0.00 |        114 |            30 |
|            30 | Purchasing       |        114 |        1700 |         119 | Karen       | Colmenares  | KCOLMENA | 515.127.4566       | 1987-07-06 | PU_CLERK   |  2500.00 |           0.00 |        114 |            30 |
|            40 | Human Resources  |        203 |        2400 |         203 | Susan       | Mavris      | SMAVRIS  | 515.123.7777       | 1987-09-28 | HR_REP     |  6500.00 |           0.00 |        101 |            40 |
|            50 | Shipping         |        121 |        1500 |         120 | Matthew     | Weiss       | MWEISS   | 650.123.1234       | 1987-07-07 | ST_MAN     |  8000.00 |           0.00 |        100 |            50 |
|            50 | Shipping         |        121 |        1500 |         121 | Adam        | Fripp       | AFRIPP   | 650.123.2234       | 1987-07-08 | ST_MAN     |  8200.00 |           0.00 |        100 |            50 |
|            50 | Shipping         |        121 |        1500 |         122 | Payam       | Kaufling    | PKAUFLIN | 650.123.3234       | 1987-07-09 | ST_MAN     |  7900.00 |           0.00 |        100 |            50 |
|            50 | Shipping         |        121 |        1500 |         123 | Shanta      | Vollman     | SVOLLMAN | 650.123.4234       | 1987-07-10 | ST_MAN     |  6500.00 |           0.00 |        100 |            50 |
|            50 | Shipping         |        121 |        1500 |         124 | Kevin       | Mourgos     | KMOURGOS | 650.123.5234       | 1987-07-11 | ST_MAN     |  5800.00 |           0.00 |        100 |            50 |
|            50 | Shipping         |        121 |        1500 |         125 | Julia       | Nayer       | JNAYER   | 650.124.1214       | 1987-07-12 | ST_CLERK   |  3200.00 |           0.00 |        120 |            50 |
|            50 | Shipping         |        121 |        1500 |         126 | Irene       | Mikkilineni | IMIKKILI | 650.124.1224       | 1987-07-13 | ST_CLERK   |  2700.00 |           0.00 |        120 |            50 |
|            50 | Shipping         |        121 |        1500 |         127 | James       | Landry      | JLANDRY  | 650.124.1334       | 1987-07-14 | ST_CLERK   |  2400.00 |           0.00 |        120 |            50 |
|            50 | Shipping         |        121 |        1500 |         128 | Steven      | Markle      | SMARKLE  | 650.124.1434       | 1987-07-15 | ST_CLERK   |  2200.00 |           0.00 |        120 |            50 |
|            50 | Shipping         |        121 |        1500 |         129 | Laura       | Bissot      | LBISSOT  | 650.124.5234       | 1987-07-16 | ST_CLERK   |  3300.00 |           0.00 |        121 |            50 |
|            50 | Shipping         |        121 |        1500 |         130 | Mozhe       | Atkinson    | MATKINSO | 650.124.6234       | 1987-07-17 | ST_CLERK   |  2800.00 |           0.00 |        121 |            50 |
|            50 | Shipping         |        121 |        1500 |         131 | James       | Marlow      | JAMRLOW  | 650.124.7234       | 1987-07-18 | ST_CLERK   |  2500.00 |           0.00 |        121 |            50 |
|            50 | Shipping         |        121 |        1500 |         132 | TJ          | Olson       | TJOLSON  | 650.124.8234       | 1987-07-19 | ST_CLERK   |  2100.00 |           0.00 |        121 |            50 |
|            50 | Shipping         |        121 |        1500 |         133 | Jason       | Mallin      | JMALLIN  | 650.127.1934       | 1987-07-20 | ST_CLERK   |  3300.00 |           0.00 |        122 |            50 |
|            50 | Shipping         |        121 |        1500 |         134 | Michael     | Rogers      | MROGERS  | 650.127.1834       | 1987-07-21 | ST_CLERK   |  2900.00 |           0.00 |        122 |            50 |
|            50 | Shipping         |        121 |        1500 |         135 | Ki          | Gee         | KGEE     | 650.127.1734       | 1987-07-22 | ST_CLERK   |  2400.00 |           0.00 |        122 |            50 |
|            50 | Shipping         |        121 |        1500 |         136 | Hazel       | Philtanker  | HPHILTAN | 650.127.1634       | 1987-07-23 | ST_CLERK   |  2200.00 |           0.00 |        122 |            50 |
|            50 | Shipping         |        121 |        1500 |         137 | Renske      | Ladwig      | RLADWIG  | 650.121.1234       | 1987-07-24 | ST_CLERK   |  3600.00 |           0.00 |        123 |            50 |
|            50 | Shipping         |        121 |        1500 |         138 | Stephen     | Stiles      | SSTILES  | 650.121.2034       | 1987-07-25 | ST_CLERK   |  3200.00 |           0.00 |        123 |            50 |
|            50 | Shipping         |        121 |        1500 |         139 | John        | Seo         | JSEO     | 650.121.2019       | 1987-07-26 | ST_CLERK   |  2700.00 |           0.00 |        123 |            50 |
|            50 | Shipping         |        121 |        1500 |         140 | Joshua      | Patel       | JPATEL   | 650.121.1834       | 1987-07-27 | ST_CLERK   |  2500.00 |           0.00 |        123 |            50 |
|            50 | Shipping         |        121 |        1500 |         141 | Trenna      | Rajs        | TRAJS    | 650.121.8009       | 1987-07-28 | ST_CLERK   |  3500.00 |           0.00 |        124 |            50 |
|            50 | Shipping         |        121 |        1500 |         142 | Curtis      | Davies      | CDAVIES  | 650.121.2994       | 1987-07-29 | ST_CLERK   |  3100.00 |           0.00 |        124 |            50 |
|            50 | Shipping         |        121 |        1500 |         143 | Randall     | Matos       | RMATOS   | 650.121.2874       | 1987-07-30 | ST_CLERK   |  2600.00 |           0.00 |        124 |            50 |
|            50 | Shipping         |        121 |        1500 |         144 | Peter       | Vargas      | PVARGAS  | 650.121.2004       | 1987-07-31 | ST_CLERK   |  2500.00 |           0.00 |        124 |            50 |
|            50 | Shipping         |        121 |        1500 |         180 | Winston     | Taylor      | WTAYLOR  | 650.507.9876       | 1987-09-05 | SH_CLERK   |  3200.00 |           0.00 |        120 |            50 |
|            50 | Shipping         |        121 |        1500 |         181 | Jean        | Fleaur      | JFLEAUR  | 650.507.9877       | 1987-09-06 | SH_CLERK   |  3100.00 |           0.00 |        120 |            50 |
|            50 | Shipping         |        121 |        1500 |         182 | Martha      | Sullivan    | MSULLIVA | 650.507.9878       | 1987-09-07 | SH_CLERK   |  2500.00 |           0.00 |        120 |            50 |
|            50 | Shipping         |        121 |        1500 |         183 | Girard      | Geoni       | GGEONI   | 650.507.9879       | 1987-09-08 | SH_CLERK   |  2800.00 |           0.00 |        120 |            50 |
|            50 | Shipping         |        121 |        1500 |         184 | Nandita     | Sarchand    | NSARCHAN | 650.509.1876       | 1987-09-09 | SH_CLERK   |  4200.00 |           0.00 |        121 |            50 |
|            50 | Shipping         |        121 |        1500 |         185 | Alexis      | Bull        | ABULL    | 650.509.2876       | 1987-09-10 | SH_CLERK   |  4100.00 |           0.00 |        121 |            50 |
|            50 | Shipping         |        121 |        1500 |         186 | Julia       | Dellinger   | JDELLING | 650.509.3876       | 1987-09-11 | SH_CLERK   |  3400.00 |           0.00 |        121 |            50 |
|            50 | Shipping         |        121 |        1500 |         187 | Anthony     | Cabrio      | ACABRIO  | 650.509.4876       | 1987-09-12 | SH_CLERK   |  3000.00 |           0.00 |        121 |            50 |
|            50 | Shipping         |        121 |        1500 |         188 | Kelly       | Chung       | KCHUNG   | 650.505.1876       | 1987-09-13 | SH_CLERK   |  3800.00 |           0.00 |        122 |            50 |
|            50 | Shipping         |        121 |        1500 |         189 | Jennifer    | Dilly       | JDILLY   | 650.505.2876       | 1987-09-14 | SH_CLERK   |  3600.00 |           0.00 |        122 |            50 |
|            50 | Shipping         |        121 |        1500 |         190 | Timothy     | Gates       | TGATES   | 650.505.3876       | 1987-09-15 | SH_CLERK   |  2900.00 |           0.00 |        122 |            50 |
|            50 | Shipping         |        121 |        1500 |         191 | Randall     | Perkins     | RPERKINS | 650.505.4876       | 1987-09-16 | SH_CLERK   |  2500.00 |           0.00 |        122 |            50 |
|            50 | Shipping         |        121 |        1500 |         192 | Sarah       | Bell        | SBELL    | 650.501.1876       | 1987-09-17 | SH_CLERK   |  4000.00 |           0.00 |        123 |            50 |
|            50 | Shipping         |        121 |        1500 |         193 | Britney     | Everett     | BEVERETT | 650.501.2876       | 1987-09-18 | SH_CLERK   |  3900.00 |           0.00 |        123 |            50 |
|            50 | Shipping         |        121 |        1500 |         194 | Samuel      | McCain      | SMCCAIN  | 650.501.3876       | 1987-09-19 | SH_CLERK   |  3200.00 |           0.00 |        123 |            50 |
|            50 | Shipping         |        121 |        1500 |         195 | Vance       | Jones       | VJONES   | 650.501.4876       | 1987-09-20 | SH_CLERK   |  2800.00 |           0.00 |        123 |            50 |
|            50 | Shipping         |        121 |        1500 |         196 | Alana       | Walsh       | AWALSH   | 650.507.9811       | 1987-09-21 | SH_CLERK   |  3100.00 |           0.00 |        124 |            50 |
|            50 | Shipping         |        121 |        1500 |         197 | Kevin       | Feeney      | KFEENEY  | 650.507.9822       | 1987-09-22 | SH_CLERK   |  3000.00 |           0.00 |        124 |            50 |
|            50 | Shipping         |        121 |        1500 |         198 | Donald      | OConnell    | DOCONNEL | 650.507.9833       | 1987-09-23 | SH_CLERK   |  2600.00 |           0.00 |        124 |            50 |
|            50 | Shipping         |        121 |        1500 |         199 | Douglas     | Grant       | DGRANT   | 650.507.9844       | 1987-09-24 | SH_CLERK   |  2600.00 |           0.00 |        124 |            50 |
|            60 | IT               |        103 |        1400 |         103 | Alexander   | Hunold      | AHUNOLD  | 590.423.4567       | 1987-06-20 | IT_PROG    |  9000.00 |           0.00 |        102 |            60 |
|            60 | IT               |        103 |        1400 |         104 | Bruce       | Ernst       | BERNST   | 590.423.4568       | 1987-06-21 | IT_PROG    |  6000.00 |           0.00 |        103 |            60 |
|            60 | IT               |        103 |        1400 |         105 | David       | Austin      | DAUSTIN  | 590.423.4569       | 1987-06-22 | IT_PROG    |  4800.00 |           0.00 |        103 |            60 |
|            60 | IT               |        103 |        1400 |         106 | Valli       | Pataballa   | VPATABAL | 590.423.4560       | 1987-06-23 | IT_PROG    |  4800.00 |           0.00 |        103 |            60 |
|            60 | IT               |        103 |        1400 |         107 | Diana       | Lorentz     | DLORENTZ | 590.423.5567       | 1987-06-24 | IT_PROG    |  4200.00 |           0.00 |        103 |            60 |
|            70 | Public Relations |        204 |        2700 |         204 | Hermann     | Baer        | HBAER    | 515.123.8888       | 1987-09-29 | PR_REP     | 10000.00 |           0.00 |        101 |            70 |
|            80 | Sales            |        145 |        2500 |         145 | John        | Russell     | JRUSSEL  | 011.44.1344.429268 | 1987-08-01 | SA_MAN     | 14000.00 |           0.40 |        100 |            80 |
|            80 | Sales            |        145 |        2500 |         146 | Karen       | Partners    | KPARTNER | 011.44.1344.467268 | 1987-08-02 | SA_MAN     | 13500.00 |           0.30 |        100 |            80 |
|            80 | Sales            |        145 |        2500 |         147 | Alberto     | Errazuriz   | AERRAZUR | 011.44.1344.429278 | 1987-08-03 | SA_MAN     | 12000.00 |           0.30 |        100 |            80 |
|            80 | Sales            |        145 |        2500 |         148 | Gerald      | Cambrault   | GCAMBRAU | 011.44.1344.619268 | 1987-08-04 | SA_MAN     | 11000.00 |           0.30 |        100 |            80 |
|            80 | Sales            |        145 |        2500 |         149 | Eleni       | Zlotkey     | EZLOTKEY | 011.44.1344.429018 | 1987-08-05 | SA_MAN     | 10500.00 |           0.20 |        100 |            80 |
|            80 | Sales            |        145 |        2500 |         150 | Peter       | Tucker      | PTUCKER  | 011.44.1344.129268 | 1987-08-06 | SA_REP     | 10000.00 |           0.30 |        145 |            80 |
|            80 | Sales            |        145 |        2500 |         151 | David       | Bernstein   | DBERNSTE | 011.44.1344.345268 | 1987-08-07 | SA_REP     |  9500.00 |           0.25 |        145 |            80 |
|            80 | Sales            |        145 |        2500 |         152 | Peter       | Hall        | PHALL    | 011.44.1344.478968 | 1987-08-08 | SA_REP     |  9000.00 |           0.25 |        145 |            80 |
|            80 | Sales            |        145 |        2500 |         153 | Christopher | Olsen       | COLSEN   | 011.44.1344.498718 | 1987-08-09 | SA_REP     |  8000.00 |           0.20 |        145 |            80 |
|            80 | Sales            |        145 |        2500 |         154 | Nanette     | Cambrault   | NCAMBRAU | 011.44.1344.987668 | 1987-08-10 | SA_REP     |  7500.00 |           0.20 |        145 |            80 |
|            80 | Sales            |        145 |        2500 |         155 | Oliver      | Tuvault     | OTUVAULT | 011.44.1344.486508 | 1987-08-11 | SA_REP     |  7000.00 |           0.15 |        145 |            80 |
|            80 | Sales            |        145 |        2500 |         156 | Janette     | King        | JKING    | 011.44.1345.429268 | 1987-08-12 | SA_REP     | 10000.00 |           0.35 |        146 |            80 |
|            80 | Sales            |        145 |        2500 |         157 | Patrick     | Sully       | PSULLY   | 011.44.1345.929268 | 1987-08-13 | SA_REP     |  9500.00 |           0.35 |        146 |            80 |
|            80 | Sales            |        145 |        2500 |         158 | Allan       | McEwen      | AMCEWEN  | 011.44.1345.829268 | 1987-08-14 | SA_REP     |  9000.00 |           0.35 |        146 |            80 |
|            80 | Sales            |        145 |        2500 |         159 | Lindsey     | Smith       | LSMITH   | 011.44.1345.729268 | 1987-08-15 | SA_REP     |  8000.00 |           0.30 |        146 |            80 |
|            80 | Sales            |        145 |        2500 |         160 | Louise      | Doran       | LDORAN   | 011.44.1345.629268 | 1987-08-16 | SA_REP     |  7500.00 |           0.30 |        146 |            80 |
|            80 | Sales            |        145 |        2500 |         161 | Sarath      | Sewall      | SSEWALL  | 011.44.1345.529268 | 1987-08-17 | SA_REP     |  7000.00 |           0.25 |        146 |            80 |
|            80 | Sales            |        145 |        2500 |         162 | Clara       | Vishney     | CVISHNEY | 011.44.1346.129268 | 1987-08-18 | SA_REP     | 10500.00 |           0.25 |        147 |            80 |
|            80 | Sales            |        145 |        2500 |         163 | Danielle    | Greene      | DGREENE  | 011.44.1346.229268 | 1987-08-19 | SA_REP     |  9500.00 |           0.15 |        147 |            80 |
|            80 | Sales            |        145 |        2500 |         164 | Mattea      | Marvins     | MMARVINS | 011.44.1346.329268 | 1987-08-20 | SA_REP     |  7200.00 |           0.10 |        147 |            80 |
|            80 | Sales            |        145 |        2500 |         165 | David       | Lee         | DLEE     | 011.44.1346.529268 | 1987-08-21 | SA_REP     |  6800.00 |           0.10 |        147 |            80 |
|            80 | Sales            |        145 |        2500 |         166 | Sundar      | Ande        | SANDE    | 011.44.1346.629268 | 1987-08-22 | SA_REP     |  6400.00 |           0.10 |        147 |            80 |
|            80 | Sales            |        145 |        2500 |         167 | Amit        | Banda       | ABANDA   | 011.44.1346.729268 | 1987-08-23 | SA_REP     |  6200.00 |           0.10 |        147 |            80 |
|            80 | Sales            |        145 |        2500 |         168 | Lisa        | Ozer        | LOZER    | 011.44.1343.929268 | 1987-08-24 | SA_REP     | 11500.00 |           0.25 |        148 |            80 |
|            80 | Sales            |        145 |        2500 |         169 | Harrison    | Bloom       | HBLOOM   | 011.44.1343.829268 | 1987-08-25 | SA_REP     | 10000.00 |           0.20 |        148 |            80 |
|            80 | Sales            |        145 |        2500 |         170 | Tayler      | Fox         | TFOX     | 011.44.1343.729268 | 1987-08-26 | SA_REP     |  9600.00 |           0.20 |        148 |            80 |
|            80 | Sales            |        145 |        2500 |         171 | William     | Smith       | WSMITH   | 011.44.1343.629268 | 1987-08-27 | SA_REP     |  7400.00 |           0.15 |        148 |            80 |
|            80 | Sales            |        145 |        2500 |         172 | Elizabeth   | Bates       | EBATES   | 011.44.1343.529268 | 1987-08-28 | SA_REP     |  7300.00 |           0.15 |        148 |            80 |
|            80 | Sales            |        145 |        2500 |         173 | Sundita     | Kumar       | SKUMAR   | 011.44.1343.329268 | 1987-08-29 | SA_REP     |  6100.00 |           0.10 |        148 |            80 |
|            80 | Sales            |        145 |        2500 |         174 | Ellen       | Abel        | EABEL    | 011.44.1644.429267 | 1987-08-30 | SA_REP     | 11000.00 |           0.30 |        149 |            80 |
|            80 | Sales            |        145 |        2500 |         175 | Alyssa      | Hutton      | AHUTTON  | 011.44.1644.429266 | 1987-08-31 | SA_REP     |  8800.00 |           0.25 |        149 |            80 |
|            80 | Sales            |        145 |        2500 |         176 | Jonathon    | Taylor      | JTAYLOR  | 011.44.1644.429265 | 1987-09-01 | SA_REP     |  8600.00 |           0.20 |        149 |            80 |
|            80 | Sales            |        145 |        2500 |         177 | Jack        | Livingston  | JLIVINGS | 011.44.1644.429264 | 1987-09-02 | SA_REP     |  8400.00 |           0.20 |        149 |            80 |
|            80 | Sales            |        145 |        2500 |         179 | Charles     | Johnson     | CJOHNSON | 011.44.1644.429262 | 1987-09-04 | SA_REP     |  6200.00 |           0.10 |        149 |            80 |
|            90 | Executive        |        100 |        1700 |         100 | Steven      | King        | SKING    | 515.123.4567       | 1987-06-17 | AD_PRES    | 24000.00 |           0.00 |          0 |            90 |
|            90 | Executive        |        100 |        1700 |         101 | Neena       | Kochhar     | NKOCHHAR | 515.123.4568       | 1987-06-18 | AD_VP      | 17000.00 |           0.00 |        100 |            90 |
|            90 | Executive        |        100 |        1700 |         102 | Lex         | De Haan     | LDEHAAN  | 515.123.4569       | 1987-06-19 | AD_VP      | 17000.00 |           0.00 |        100 |            90 |
|           100 | Finance          |        108 |        1700 |         108 | Nancy       | Greenberg   | NGREENBE | 515.124.4569       | 1987-06-25 | FI_MGR     | 12000.00 |           0.00 |        101 |           100 |
|           100 | Finance          |        108 |        1700 |         109 | Daniel      | Faviet      | DFAVIET  | 515.124.4169       | 1987-06-26 | FI_ACCOUNT |  9000.00 |           0.00 |        108 |           100 |
|           100 | Finance          |        108 |        1700 |         110 | John        | Chen        | JCHEN    | 515.124.4269       | 1987-06-27 | FI_ACCOUNT |  8200.00 |           0.00 |        108 |           100 |
|           100 | Finance          |        108 |        1700 |         111 | Ismael      | Sciarra     | ISCIARRA | 515.124.4369       | 1987-06-28 | FI_ACCOUNT |  7700.00 |           0.00 |        108 |           100 |
|           100 | Finance          |        108 |        1700 |         112 | Jose Manuel | Urman       | JMURMAN  | 515.124.4469       | 1987-06-29 | FI_ACCOUNT |  7800.00 |           0.00 |        108 |           100 |
|           100 | Finance          |        108 |        1700 |         113 | Luis        | Popp        | LPOPP    | 515.124.4567       | 1987-06-30 | FI_ACCOUNT |  6900.00 |           0.00 |        108 |           100 |
|           110 | Accounting       |        205 |        1700 |         205 | Shelley     | Higgins     | SHIGGINS | 515.123.8080       | 1987-09-30 | AC_MGR     | 12000.00 |           0.00 |        101 |           110 |
|           110 | Accounting       |        205 |        1700 |         206 | William     | Gietz       | WGIETZ   | 515.123.8181       | 1987-10-01 | AC_ACCOUNT |  8300.00 |           0.00 |        205 |           110 |
+---------------+------------------+------------+-------------+-------------+-------------+-------------+----------+--------------------+------------+------------+----------+----------------+------------+---------------+
106 rows in set (0.00 sec)

mysql> ^C
mysql> select departments.* , employees.* from employees join departments using(department_id);
+---------------+------------------+------------+-------------+-------------+-------------+-------------+----------+--------------------+------------+------------+----------+----------------+------------+---------------+
| DEPARTMENT_ID | DEPARTMENT_NAME  | MANAGER_ID | LOCATION_ID | EMPLOYEE_ID | FIRST_NAME  | LAST_NAME   | EMAIL    | PHONE_NUMBER       | HIRE_DATE  | JOB_ID     | SALARY   | COMMISSION_PCT | MANAGER_ID | DEPARTMENT_ID |
+---------------+------------------+------------+-------------+-------------+-------------+-------------+----------+--------------------+------------+------------+----------+----------------+------------+---------------+
|            10 | Administration   |        200 |        1700 |         200 | Jennifer    | Whalen      | JWHALEN  | 515.123.4444       | 1987-09-25 | AD_ASST    |  4400.00 |           0.00 |        101 |            10 |
|            20 | Marketing        |        201 |        1800 |         201 | Michael     | Hartstein   | MHARTSTE | 515.123.5555       | 1987-09-26 | MK_MAN     | 13000.00 |           0.00 |        100 |            20 |
|            20 | Marketing        |        201 |        1800 |         202 | Pat         | Fay         | PFAY     | 603.123.6666       | 1987-09-27 | MK_REP     |  6000.00 |           0.00 |        201 |            20 |
|            30 | Purchasing       |        114 |        1700 |         114 | Den         | Raphaely    | DRAPHEAL | 515.127.4561       | 1987-07-01 | PU_MAN     | 11000.00 |           0.00 |        100 |            30 |
|            30 | Purchasing       |        114 |        1700 |         115 | Alexander   | Khoo        | AKHOO    | 515.127.4562       | 1987-07-02 | PU_CLERK   |  3100.00 |           0.00 |        114 |            30 |
|            30 | Purchasing       |        114 |        1700 |         116 | Shelli      | Baida       | SBAIDA   | 515.127.4563       | 1987-07-03 | PU_CLERK   |  2900.00 |           0.00 |        114 |            30 |
|            30 | Purchasing       |        114 |        1700 |         117 | Sigal       | Tobias      | STOBIAS  | 515.127.4564       | 1987-07-04 | PU_CLERK   |  2800.00 |           0.00 |        114 |            30 |
|            30 | Purchasing       |        114 |        1700 |         118 | Guy         | Himuro      | GHIMURO  | 515.127.4565       | 1987-07-05 | PU_CLERK   |  2600.00 |           0.00 |        114 |            30 |
|            30 | Purchasing       |        114 |        1700 |         119 | Karen       | Colmenares  | KCOLMENA | 515.127.4566       | 1987-07-06 | PU_CLERK   |  2500.00 |           0.00 |        114 |            30 |
|            40 | Human Resources  |        203 |        2400 |         203 | Susan       | Mavris      | SMAVRIS  | 515.123.7777       | 1987-09-28 | HR_REP     |  6500.00 |           0.00 |        101 |            40 |
|            50 | Shipping         |        121 |        1500 |         120 | Matthew     | Weiss       | MWEISS   | 650.123.1234       | 1987-07-07 | ST_MAN     |  8000.00 |           0.00 |        100 |            50 |
|            50 | Shipping         |        121 |        1500 |         121 | Adam        | Fripp       | AFRIPP   | 650.123.2234       | 1987-07-08 | ST_MAN     |  8200.00 |           0.00 |        100 |            50 |
|            50 | Shipping         |        121 |        1500 |         122 | Payam       | Kaufling    | PKAUFLIN | 650.123.3234       | 1987-07-09 | ST_MAN     |  7900.00 |           0.00 |        100 |            50 |
|            50 | Shipping         |        121 |        1500 |         123 | Shanta      | Vollman     | SVOLLMAN | 650.123.4234       | 1987-07-10 | ST_MAN     |  6500.00 |           0.00 |        100 |            50 |
|            50 | Shipping         |        121 |        1500 |         124 | Kevin       | Mourgos     | KMOURGOS | 650.123.5234       | 1987-07-11 | ST_MAN     |  5800.00 |           0.00 |        100 |            50 |
|            50 | Shipping         |        121 |        1500 |         125 | Julia       | Nayer       | JNAYER   | 650.124.1214       | 1987-07-12 | ST_CLERK   |  3200.00 |           0.00 |        120 |            50 |
|            50 | Shipping         |        121 |        1500 |         126 | Irene       | Mikkilineni | IMIKKILI | 650.124.1224       | 1987-07-13 | ST_CLERK   |  2700.00 |           0.00 |        120 |            50 |
|            50 | Shipping         |        121 |        1500 |         127 | James       | Landry      | JLANDRY  | 650.124.1334       | 1987-07-14 | ST_CLERK   |  2400.00 |           0.00 |        120 |            50 |
|            50 | Shipping         |        121 |        1500 |         128 | Steven      | Markle      | SMARKLE  | 650.124.1434       | 1987-07-15 | ST_CLERK   |  2200.00 |           0.00 |        120 |            50 |
|            50 | Shipping         |        121 |        1500 |         129 | Laura       | Bissot      | LBISSOT  | 650.124.5234       | 1987-07-16 | ST_CLERK   |  3300.00 |           0.00 |        121 |            50 |
|            50 | Shipping         |        121 |        1500 |         130 | Mozhe       | Atkinson    | MATKINSO | 650.124.6234       | 1987-07-17 | ST_CLERK   |  2800.00 |           0.00 |        121 |            50 |
|            50 | Shipping         |        121 |        1500 |         131 | James       | Marlow      | JAMRLOW  | 650.124.7234       | 1987-07-18 | ST_CLERK   |  2500.00 |           0.00 |        121 |            50 |
|            50 | Shipping         |        121 |        1500 |         132 | TJ          | Olson       | TJOLSON  | 650.124.8234       | 1987-07-19 | ST_CLERK   |  2100.00 |           0.00 |        121 |            50 |
|            50 | Shipping         |        121 |        1500 |         133 | Jason       | Mallin      | JMALLIN  | 650.127.1934       | 1987-07-20 | ST_CLERK   |  3300.00 |           0.00 |        122 |            50 |
|            50 | Shipping         |        121 |        1500 |         134 | Michael     | Rogers      | MROGERS  | 650.127.1834       | 1987-07-21 | ST_CLERK   |  2900.00 |           0.00 |        122 |            50 |
|            50 | Shipping         |        121 |        1500 |         135 | Ki          | Gee         | KGEE     | 650.127.1734       | 1987-07-22 | ST_CLERK   |  2400.00 |           0.00 |        122 |            50 |
|            50 | Shipping         |        121 |        1500 |         136 | Hazel       | Philtanker  | HPHILTAN | 650.127.1634       | 1987-07-23 | ST_CLERK   |  2200.00 |           0.00 |        122 |            50 |
|            50 | Shipping         |        121 |        1500 |         137 | Renske      | Ladwig      | RLADWIG  | 650.121.1234       | 1987-07-24 | ST_CLERK   |  3600.00 |           0.00 |        123 |            50 |
|            50 | Shipping         |        121 |        1500 |         138 | Stephen     | Stiles      | SSTILES  | 650.121.2034       | 1987-07-25 | ST_CLERK   |  3200.00 |           0.00 |        123 |            50 |
|            50 | Shipping         |        121 |        1500 |         139 | John        | Seo         | JSEO     | 650.121.2019       | 1987-07-26 | ST_CLERK   |  2700.00 |           0.00 |        123 |            50 |
|            50 | Shipping         |        121 |        1500 |         140 | Joshua      | Patel       | JPATEL   | 650.121.1834       | 1987-07-27 | ST_CLERK   |  2500.00 |           0.00 |        123 |            50 |
|            50 | Shipping         |        121 |        1500 |         141 | Trenna      | Rajs        | TRAJS    | 650.121.8009       | 1987-07-28 | ST_CLERK   |  3500.00 |           0.00 |        124 |            50 |
|            50 | Shipping         |        121 |        1500 |         142 | Curtis      | Davies      | CDAVIES  | 650.121.2994       | 1987-07-29 | ST_CLERK   |  3100.00 |           0.00 |        124 |            50 |
|            50 | Shipping         |        121 |        1500 |         143 | Randall     | Matos       | RMATOS   | 650.121.2874       | 1987-07-30 | ST_CLERK   |  2600.00 |           0.00 |        124 |            50 |
|            50 | Shipping         |        121 |        1500 |         144 | Peter       | Vargas      | PVARGAS  | 650.121.2004       | 1987-07-31 | ST_CLERK   |  2500.00 |           0.00 |        124 |            50 |
|            50 | Shipping         |        121 |        1500 |         180 | Winston     | Taylor      | WTAYLOR  | 650.507.9876       | 1987-09-05 | SH_CLERK   |  3200.00 |           0.00 |        120 |            50 |
|            50 | Shipping         |        121 |        1500 |         181 | Jean        | Fleaur      | JFLEAUR  | 650.507.9877       | 1987-09-06 | SH_CLERK   |  3100.00 |           0.00 |        120 |            50 |
|            50 | Shipping         |        121 |        1500 |         182 | Martha      | Sullivan    | MSULLIVA | 650.507.9878       | 1987-09-07 | SH_CLERK   |  2500.00 |           0.00 |        120 |            50 |
|            50 | Shipping         |        121 |        1500 |         183 | Girard      | Geoni       | GGEONI   | 650.507.9879       | 1987-09-08 | SH_CLERK   |  2800.00 |           0.00 |        120 |            50 |
|            50 | Shipping         |        121 |        1500 |         184 | Nandita     | Sarchand    | NSARCHAN | 650.509.1876       | 1987-09-09 | SH_CLERK   |  4200.00 |           0.00 |        121 |            50 |
|            50 | Shipping         |        121 |        1500 |         185 | Alexis      | Bull        | ABULL    | 650.509.2876       | 1987-09-10 | SH_CLERK   |  4100.00 |           0.00 |        121 |            50 |
|            50 | Shipping         |        121 |        1500 |         186 | Julia       | Dellinger   | JDELLING | 650.509.3876       | 1987-09-11 | SH_CLERK   |  3400.00 |           0.00 |        121 |            50 |
|            50 | Shipping         |        121 |        1500 |         187 | Anthony     | Cabrio      | ACABRIO  | 650.509.4876       | 1987-09-12 | SH_CLERK   |  3000.00 |           0.00 |        121 |            50 |
|            50 | Shipping         |        121 |        1500 |         188 | Kelly       | Chung       | KCHUNG   | 650.505.1876       | 1987-09-13 | SH_CLERK   |  3800.00 |           0.00 |        122 |            50 |
|            50 | Shipping         |        121 |        1500 |         189 | Jennifer    | Dilly       | JDILLY   | 650.505.2876       | 1987-09-14 | SH_CLERK   |  3600.00 |           0.00 |        122 |            50 |
|            50 | Shipping         |        121 |        1500 |         190 | Timothy     | Gates       | TGATES   | 650.505.3876       | 1987-09-15 | SH_CLERK   |  2900.00 |           0.00 |        122 |            50 |
|            50 | Shipping         |        121 |        1500 |         191 | Randall     | Perkins     | RPERKINS | 650.505.4876       | 1987-09-16 | SH_CLERK   |  2500.00 |           0.00 |        122 |            50 |
|            50 | Shipping         |        121 |        1500 |         192 | Sarah       | Bell        | SBELL    | 650.501.1876       | 1987-09-17 | SH_CLERK   |  4000.00 |           0.00 |        123 |            50 |
|            50 | Shipping         |        121 |        1500 |         193 | Britney     | Everett     | BEVERETT | 650.501.2876       | 1987-09-18 | SH_CLERK   |  3900.00 |           0.00 |        123 |            50 |
|            50 | Shipping         |        121 |        1500 |         194 | Samuel      | McCain      | SMCCAIN  | 650.501.3876       | 1987-09-19 | SH_CLERK   |  3200.00 |           0.00 |        123 |            50 |
|            50 | Shipping         |        121 |        1500 |         195 | Vance       | Jones       | VJONES   | 650.501.4876       | 1987-09-20 | SH_CLERK   |  2800.00 |           0.00 |        123 |            50 |
|            50 | Shipping         |        121 |        1500 |         196 | Alana       | Walsh       | AWALSH   | 650.507.9811       | 1987-09-21 | SH_CLERK   |  3100.00 |           0.00 |        124 |            50 |
|            50 | Shipping         |        121 |        1500 |         197 | Kevin       | Feeney      | KFEENEY  | 650.507.9822       | 1987-09-22 | SH_CLERK   |  3000.00 |           0.00 |        124 |            50 |
|            50 | Shipping         |        121 |        1500 |         198 | Donald      | OConnell    | DOCONNEL | 650.507.9833       | 1987-09-23 | SH_CLERK   |  2600.00 |           0.00 |        124 |            50 |
|            50 | Shipping         |        121 |        1500 |         199 | Douglas     | Grant       | DGRANT   | 650.507.9844       | 1987-09-24 | SH_CLERK   |  2600.00 |           0.00 |        124 |            50 |
|            60 | IT               |        103 |        1400 |         103 | Alexander   | Hunold      | AHUNOLD  | 590.423.4567       | 1987-06-20 | IT_PROG    |  9000.00 |           0.00 |        102 |            60 |
|            60 | IT               |        103 |        1400 |         104 | Bruce       | Ernst       | BERNST   | 590.423.4568       | 1987-06-21 | IT_PROG    |  6000.00 |           0.00 |        103 |            60 |
|            60 | IT               |        103 |        1400 |         105 | David       | Austin      | DAUSTIN  | 590.423.4569       | 1987-06-22 | IT_PROG    |  4800.00 |           0.00 |        103 |            60 |
|            60 | IT               |        103 |        1400 |         106 | Valli       | Pataballa   | VPATABAL | 590.423.4560       | 1987-06-23 | IT_PROG    |  4800.00 |           0.00 |        103 |            60 |
|            60 | IT               |        103 |        1400 |         107 | Diana       | Lorentz     | DLORENTZ | 590.423.5567       | 1987-06-24 | IT_PROG    |  4200.00 |           0.00 |        103 |            60 |
|            70 | Public Relations |        204 |        2700 |         204 | Hermann     | Baer        | HBAER    | 515.123.8888       | 1987-09-29 | PR_REP     | 10000.00 |           0.00 |        101 |            70 |
|            80 | Sales            |        145 |        2500 |         145 | John        | Russell     | JRUSSEL  | 011.44.1344.429268 | 1987-08-01 | SA_MAN     | 14000.00 |           0.40 |        100 |            80 |
|            80 | Sales            |        145 |        2500 |         146 | Karen       | Partners    | KPARTNER | 011.44.1344.467268 | 1987-08-02 | SA_MAN     | 13500.00 |           0.30 |        100 |            80 |
|            80 | Sales            |        145 |        2500 |         147 | Alberto     | Errazuriz   | AERRAZUR | 011.44.1344.429278 | 1987-08-03 | SA_MAN     | 12000.00 |           0.30 |        100 |            80 |
|            80 | Sales            |        145 |        2500 |         148 | Gerald      | Cambrault   | GCAMBRAU | 011.44.1344.619268 | 1987-08-04 | SA_MAN     | 11000.00 |           0.30 |        100 |            80 |
|            80 | Sales            |        145 |        2500 |         149 | Eleni       | Zlotkey     | EZLOTKEY | 011.44.1344.429018 | 1987-08-05 | SA_MAN     | 10500.00 |           0.20 |        100 |            80 |
|            80 | Sales            |        145 |        2500 |         150 | Peter       | Tucker      | PTUCKER  | 011.44.1344.129268 | 1987-08-06 | SA_REP     | 10000.00 |           0.30 |        145 |            80 |
|            80 | Sales            |        145 |        2500 |         151 | David       | Bernstein   | DBERNSTE | 011.44.1344.345268 | 1987-08-07 | SA_REP     |  9500.00 |           0.25 |        145 |            80 |
|            80 | Sales            |        145 |        2500 |         152 | Peter       | Hall        | PHALL    | 011.44.1344.478968 | 1987-08-08 | SA_REP     |  9000.00 |           0.25 |        145 |            80 |
|            80 | Sales            |        145 |        2500 |         153 | Christopher | Olsen       | COLSEN   | 011.44.1344.498718 | 1987-08-09 | SA_REP     |  8000.00 |           0.20 |        145 |            80 |
|            80 | Sales            |        145 |        2500 |         154 | Nanette     | Cambrault   | NCAMBRAU | 011.44.1344.987668 | 1987-08-10 | SA_REP     |  7500.00 |           0.20 |        145 |            80 |
|            80 | Sales            |        145 |        2500 |         155 | Oliver      | Tuvault     | OTUVAULT | 011.44.1344.486508 | 1987-08-11 | SA_REP     |  7000.00 |           0.15 |        145 |            80 |
|            80 | Sales            |        145 |        2500 |         156 | Janette     | King        | JKING    | 011.44.1345.429268 | 1987-08-12 | SA_REP     | 10000.00 |           0.35 |        146 |            80 |
|            80 | Sales            |        145 |        2500 |         157 | Patrick     | Sully       | PSULLY   | 011.44.1345.929268 | 1987-08-13 | SA_REP     |  9500.00 |           0.35 |        146 |            80 |
|            80 | Sales            |        145 |        2500 |         158 | Allan       | McEwen      | AMCEWEN  | 011.44.1345.829268 | 1987-08-14 | SA_REP     |  9000.00 |           0.35 |        146 |            80 |
|            80 | Sales            |        145 |        2500 |         159 | Lindsey     | Smith       | LSMITH   | 011.44.1345.729268 | 1987-08-15 | SA_REP     |  8000.00 |           0.30 |        146 |            80 |
|            80 | Sales            |        145 |        2500 |         160 | Louise      | Doran       | LDORAN   | 011.44.1345.629268 | 1987-08-16 | SA_REP     |  7500.00 |           0.30 |        146 |            80 |
|            80 | Sales            |        145 |        2500 |         161 | Sarath      | Sewall      | SSEWALL  | 011.44.1345.529268 | 1987-08-17 | SA_REP     |  7000.00 |           0.25 |        146 |            80 |
|            80 | Sales            |        145 |        2500 |         162 | Clara       | Vishney     | CVISHNEY | 011.44.1346.129268 | 1987-08-18 | SA_REP     | 10500.00 |           0.25 |        147 |            80 |
|            80 | Sales            |        145 |        2500 |         163 | Danielle    | Greene      | DGREENE  | 011.44.1346.229268 | 1987-08-19 | SA_REP     |  9500.00 |           0.15 |        147 |            80 |
|            80 | Sales            |        145 |        2500 |         164 | Mattea      | Marvins     | MMARVINS | 011.44.1346.329268 | 1987-08-20 | SA_REP     |  7200.00 |           0.10 |        147 |            80 |
|            80 | Sales            |        145 |        2500 |         165 | David       | Lee         | DLEE     | 011.44.1346.529268 | 1987-08-21 | SA_REP     |  6800.00 |           0.10 |        147 |            80 |
|            80 | Sales            |        145 |        2500 |         166 | Sundar      | Ande        | SANDE    | 011.44.1346.629268 | 1987-08-22 | SA_REP     |  6400.00 |           0.10 |        147 |            80 |
|            80 | Sales            |        145 |        2500 |         167 | Amit        | Banda       | ABANDA   | 011.44.1346.729268 | 1987-08-23 | SA_REP     |  6200.00 |           0.10 |        147 |            80 |
|            80 | Sales            |        145 |        2500 |         168 | Lisa        | Ozer        | LOZER    | 011.44.1343.929268 | 1987-08-24 | SA_REP     | 11500.00 |           0.25 |        148 |            80 |
|            80 | Sales            |        145 |        2500 |         169 | Harrison    | Bloom       | HBLOOM   | 011.44.1343.829268 | 1987-08-25 | SA_REP     | 10000.00 |           0.20 |        148 |            80 |
|            80 | Sales            |        145 |        2500 |         170 | Tayler      | Fox         | TFOX     | 011.44.1343.729268 | 1987-08-26 | SA_REP     |  9600.00 |           0.20 |        148 |            80 |
|            80 | Sales            |        145 |        2500 |         171 | William     | Smith       | WSMITH   | 011.44.1343.629268 | 1987-08-27 | SA_REP     |  7400.00 |           0.15 |        148 |            80 |
|            80 | Sales            |        145 |        2500 |         172 | Elizabeth   | Bates       | EBATES   | 011.44.1343.529268 | 1987-08-28 | SA_REP     |  7300.00 |           0.15 |        148 |            80 |
|            80 | Sales            |        145 |        2500 |         173 | Sundita     | Kumar       | SKUMAR   | 011.44.1343.329268 | 1987-08-29 | SA_REP     |  6100.00 |           0.10 |        148 |            80 |
|            80 | Sales            |        145 |        2500 |         174 | Ellen       | Abel        | EABEL    | 011.44.1644.429267 | 1987-08-30 | SA_REP     | 11000.00 |           0.30 |        149 |            80 |
|            80 | Sales            |        145 |        2500 |         175 | Alyssa      | Hutton      | AHUTTON  | 011.44.1644.429266 | 1987-08-31 | SA_REP     |  8800.00 |           0.25 |        149 |            80 |
|            80 | Sales            |        145 |        2500 |         176 | Jonathon    | Taylor      | JTAYLOR  | 011.44.1644.429265 | 1987-09-01 | SA_REP     |  8600.00 |           0.20 |        149 |            80 |
|            80 | Sales            |        145 |        2500 |         177 | Jack        | Livingston  | JLIVINGS | 011.44.1644.429264 | 1987-09-02 | SA_REP     |  8400.00 |           0.20 |        149 |            80 |
|            80 | Sales            |        145 |        2500 |         179 | Charles     | Johnson     | CJOHNSON | 011.44.1644.429262 | 1987-09-04 | SA_REP     |  6200.00 |           0.10 |        149 |            80 |
|            90 | Executive        |        100 |        1700 |         100 | Steven      | King        | SKING    | 515.123.4567       | 1987-06-17 | AD_PRES    | 24000.00 |           0.00 |          0 |            90 |
|            90 | Executive        |        100 |        1700 |         101 | Neena       | Kochhar     | NKOCHHAR | 515.123.4568       | 1987-06-18 | AD_VP      | 17000.00 |           0.00 |        100 |            90 |
|            90 | Executive        |        100 |        1700 |         102 | Lex         | De Haan     | LDEHAAN  | 515.123.4569       | 1987-06-19 | AD_VP      | 17000.00 |           0.00 |        100 |            90 |
|           100 | Finance          |        108 |        1700 |         108 | Nancy       | Greenberg   | NGREENBE | 515.124.4569       | 1987-06-25 | FI_MGR     | 12000.00 |           0.00 |        101 |           100 |
|           100 | Finance          |        108 |        1700 |         109 | Daniel      | Faviet      | DFAVIET  | 515.124.4169       | 1987-06-26 | FI_ACCOUNT |  9000.00 |           0.00 |        108 |           100 |
|           100 | Finance          |        108 |        1700 |         110 | John        | Chen        | JCHEN    | 515.124.4269       | 1987-06-27 | FI_ACCOUNT |  8200.00 |           0.00 |        108 |           100 |
|           100 | Finance          |        108 |        1700 |         111 | Ismael      | Sciarra     | ISCIARRA | 515.124.4369       | 1987-06-28 | FI_ACCOUNT |  7700.00 |           0.00 |        108 |           100 |
|           100 | Finance          |        108 |        1700 |         112 | Jose Manuel | Urman       | JMURMAN  | 515.124.4469       | 1987-06-29 | FI_ACCOUNT |  7800.00 |           0.00 |        108 |           100 |
|           100 | Finance          |        108 |        1700 |         113 | Luis        | Popp        | LPOPP    | 515.124.4567       | 1987-06-30 | FI_ACCOUNT |  6900.00 |           0.00 |        108 |           100 |
|           110 | Accounting       |        205 |        1700 |         205 | Shelley     | Higgins     | SHIGGINS | 515.123.8080       | 1987-09-30 | AC_MGR     | 12000.00 |           0.00 |        101 |           110 |
|           110 | Accounting       |        205 |        1700 |         206 | William     | Gietz       | WGIETZ   | 515.123.8181       | 1987-10-01 | AC_ACCOUNT |  8300.00 |           0.00 |        205 |           110 |
+---------------+------------------+------------+-------------+-------------+-------------+-------------+----------+--------------------+------------+------------+----------+----------------+------------+---------------+
106 rows in set (0.00 sec)

mysql>
mysql>
mysql> # 10.Write a query in SQL to display all departments including those where does not have any employee.
mysql>
mysql> select department_name from departments where departmet_id=(select department_id from employees join departments using(department_id) );
ERROR 1054 (42S22): Unknown column 'departmet_id' in 'where clause'
mysql> select department_name from departments where department_id=(select department_id from employees join departments using(department_id) );
ERROR 1242 (21000): Subquery returns more than 1 row
mysql> select department_name from departments where department_id in (select department_id from employees join departments using(department_id));
+------------------+
| department_name  |
+------------------+
| Administration   |
| Marketing        |
| Purchasing       |
| Human Resources  |
| Shipping         |
| IT               |
| Public Relations |
| Sales            |
| Executive        |
| Finance          |
| Accounting       |
+------------------+
11 rows in set (0.00 sec)

mysql> select department_name ,count(*) from departments where department_id in (select department_id from employees join departments using(department_id));
+-----------------+----------+
| department_name | count(*) |
+-----------------+----------+
| Administration  |       11 |
+-----------------+----------+
1 row in set (0.00 sec)

mysql> select department_name ,count(*) from departments where department_id in (select department_id from employees join departments using(department_id)) group by department_id;
+------------------+----------+
| department_name  | count(*) |
+------------------+----------+
| Administration   |        1 |
| Marketing        |        1 |
| Purchasing       |        1 |
| Human Resources  |        1 |
| Shipping         |        1 |
| IT               |        1 |
| Public Relations |        1 |
| Sales            |        1 |
| Executive        |        1 |
| Finance          |        1 |
| Accounting       |        1 |
+------------------+----------+
11 rows in set (0.00 sec)

mysql>
mysql>
mysql> # 11.Write a query in SQL to display the first and last name and salary for those employees who earn less than the employee earn whose number is 7499.
mysql>
mysql> select first_name,last_name ,salary from employees where sal < (Select sal from employees where employee_id=103);
ERROR 1054 (42S22): Unknown column 'sal' in 'where clause'
mysql> select first_name,last_name ,salary from employees where sal < (Select salary from employees where employee_id=103);
ERROR 1054 (42S22): Unknown column 'sal' in 'where clause'
mysql> select first_name,last_name ,salary from employees where salary < (Select salary from employees where employee_id=103);
+-------------+-------------+---------+
| first_name  | last_name   | salary  |
+-------------+-------------+---------+
| Bruce       | Ernst       | 6000.00 |
| David       | Austin      | 4800.00 |
| Valli       | Pataballa   | 4800.00 |
| Diana       | Lorentz     | 4200.00 |
| John        | Chen        | 8200.00 |
| Ismael      | Sciarra     | 7700.00 |
| Jose Manuel | Urman       | 7800.00 |
| Luis        | Popp        | 6900.00 |
| Alexander   | Khoo        | 3100.00 |
| Shelli      | Baida       | 2900.00 |
| Sigal       | Tobias      | 2800.00 |
| Guy         | Himuro      | 2600.00 |
| Karen       | Colmenares  | 2500.00 |
| Matthew     | Weiss       | 8000.00 |
| Adam        | Fripp       | 8200.00 |
| Payam       | Kaufling    | 7900.00 |
| Shanta      | Vollman     | 6500.00 |
| Kevin       | Mourgos     | 5800.00 |
| Julia       | Nayer       | 3200.00 |
| Irene       | Mikkilineni | 2700.00 |
| James       | Landry      | 2400.00 |
| Steven      | Markle      | 2200.00 |
| Laura       | Bissot      | 3300.00 |
| Mozhe       | Atkinson    | 2800.00 |
| James       | Marlow      | 2500.00 |
| TJ          | Olson       | 2100.00 |
| Jason       | Mallin      | 3300.00 |
| Michael     | Rogers      | 2900.00 |
| Ki          | Gee         | 2400.00 |
| Hazel       | Philtanker  | 2200.00 |
| Renske      | Ladwig      | 3600.00 |
| Stephen     | Stiles      | 3200.00 |
| John        | Seo         | 2700.00 |
| Joshua      | Patel       | 2500.00 |
| Trenna      | Rajs        | 3500.00 |
| Curtis      | Davies      | 3100.00 |
| Randall     | Matos       | 2600.00 |
| Peter       | Vargas      | 2500.00 |
| Christopher | Olsen       | 8000.00 |
| Nanette     | Cambrault   | 7500.00 |
| Oliver      | Tuvault     | 7000.00 |
| Lindsey     | Smith       | 8000.00 |
| Louise      | Doran       | 7500.00 |
| Sarath      | Sewall      | 7000.00 |
| Mattea      | Marvins     | 7200.00 |
| David       | Lee         | 6800.00 |
| Sundar      | Ande        | 6400.00 |
| Amit        | Banda       | 6200.00 |
| William     | Smith       | 7400.00 |
| Elizabeth   | Bates       | 7300.00 |
| Sundita     | Kumar       | 6100.00 |
| Alyssa      | Hutton      | 8800.00 |
| Jonathon    | Taylor      | 8600.00 |
| Jack        | Livingston  | 8400.00 |
| Kimberely   | Grant       | 7000.00 |
| Charles     | Johnson     | 6200.00 |
| Winston     | Taylor      | 3200.00 |
| Jean        | Fleaur      | 3100.00 |
| Martha      | Sullivan    | 2500.00 |
| Girard      | Geoni       | 2800.00 |
| Nandita     | Sarchand    | 4200.00 |
| Alexis      | Bull        | 4100.00 |
| Julia       | Dellinger   | 3400.00 |
| Anthony     | Cabrio      | 3000.00 |
| Kelly       | Chung       | 3800.00 |
| Jennifer    | Dilly       | 3600.00 |
| Timothy     | Gates       | 2900.00 |
| Randall     | Perkins     | 2500.00 |
| Sarah       | Bell        | 4000.00 |
| Britney     | Everett     | 3900.00 |
| Samuel      | McCain      | 3200.00 |
| Vance       | Jones       | 2800.00 |
| Alana       | Walsh       | 3100.00 |
| Kevin       | Feeney      | 3000.00 |
| Donald      | OConnell    | 2600.00 |
| Douglas     | Grant       | 2600.00 |
| Jennifer    | Whalen      | 4400.00 |
| Pat         | Fay         | 6000.00 |
| Susan       | Mavris      | 6500.00 |
| William     | Gietz       | 8300.00 |
+-------------+-------------+---------+
80 rows in set (0.00 sec)

mysql>
mysql>
mysql> # 12.Write a query in SQL to display the first name of all employees including the first name of their manager.
mysql>
mysql> select employees.first_name, mgr.first_name from employees join(select * from employees) mgr where employees.manager_id=mgr.employee_id;.
+-------------+------------+
| first_name  | FIRST_NAME |
+-------------+------------+
| Neena       | Steven     |
| Lex         | Steven     |
| Alexander   | Lex        |
| Bruce       | Alexander  |
| David       | Alexander  |
| Valli       | Alexander  |
| Diana       | Alexander  |
| Nancy       | Neena      |
| Daniel      | Nancy      |
| John        | Nancy      |
| Ismael      | Nancy      |
| Jose Manuel | Nancy      |
| Luis        | Nancy      |
| Den         | Steven     |
| Alexander   | Den        |
| Shelli      | Den        |
| Sigal       | Den        |
| Guy         | Den        |
| Karen       | Den        |
| Matthew     | Steven     |
| Adam        | Steven     |
| Payam       | Steven     |
| Shanta      | Steven     |
| Kevin       | Steven     |
| Julia       | Matthew    |
| Irene       | Matthew    |
| James       | Matthew    |
| Steven      | Matthew    |
| Laura       | Adam       |
| Mozhe       | Adam       |
| James       | Adam       |
| TJ          | Adam       |
| Jason       | Payam      |
| Michael     | Payam      |
| Ki          | Payam      |
| Hazel       | Payam      |
| Renske      | Shanta     |
| Stephen     | Shanta     |
| John        | Shanta     |
| Joshua      | Shanta     |
| Trenna      | Kevin      |
| Curtis      | Kevin      |
| Randall     | Kevin      |
| Peter       | Kevin      |
| John        | Steven     |
| Karen       | Steven     |
| Alberto     | Steven     |
| Gerald      | Steven     |
| Eleni       | Steven     |
| Peter       | John       |
| David       | John       |
| Peter       | John       |
| Christopher | John       |
| Nanette     | John       |
| Oliver      | John       |
| Janette     | Karen      |
| Patrick     | Karen      |
| Allan       | Karen      |
| Lindsey     | Karen      |
| Louise      | Karen      |
| Sarath      | Karen      |
| Clara       | Alberto    |
| Danielle    | Alberto    |
| Mattea      | Alberto    |
| David       | Alberto    |
| Sundar      | Alberto    |
| Amit        | Alberto    |
| Lisa        | Gerald     |
| Harrison    | Gerald     |
| Tayler      | Gerald     |
| William     | Gerald     |
| Elizabeth   | Gerald     |
| Sundita     | Gerald     |
| Ellen       | Eleni      |
| Alyssa      | Eleni      |
| Jonathon    | Eleni      |
| Jack        | Eleni      |
| Kimberely   | Eleni      |
| Charles     | Eleni      |
| Winston     | Matthew    |
| Jean        | Matthew    |
| Martha      | Matthew    |
| Girard      | Matthew    |
| Nandita     | Adam       |
| Alexis      | Adam       |
| Julia       | Adam       |
| Anthony     | Adam       |
| Kelly       | Payam      |
| Jennifer    | Payam      |
| Timothy     | Payam      |
| Randall     | Payam      |
| Sarah       | Shanta     |
| Britney     | Shanta     |
| Samuel      | Shanta     |
| Vance       | Shanta     |
| Alana       | Kevin      |
| Kevin       | Kevin      |
| Donald      | Kevin      |
| Douglas     | Kevin      |
| Jennifer    | Neena      |
| Michael     | Steven     |
| Pat         | Michael    |
| Susan       | Neena      |
| Hermann     | Neena      |
| Shelley     | Neena      |
| William     | Shelley    |
+-------------+------------+
106 rows in set (0.00 sec)

    ->
    -> ^C
mysql>
mysql> # 13.Write a query in SQL to display the department name, city, and state province for each department.
mysql>
mysql> select department_name,city,state_province from departments inner join locations where departments.location_id=locations.location_id;
+----------------------+---------------------+----------------+
| department_name      | city                | state_province |
+----------------------+---------------------+----------------+
| Administration       | Seattle             | Washington     |
| Marketing            | Toronto             | Ontario        |
| Purchasing           | Seattle             | Washington     |
| Human Resources      | London              |                |
| Shipping             | South San Francisco | California     |
| IT                   | Southlake           | Texas          |
| Public Relations     | Munich              | Bavaria        |
| Sales                | OX9 9ZB             | Oxford         |
| Executive            | Seattle             | Washington     |
| Finance              | Seattle             | Washington     |
| Accounting           | Seattle             | Washington     |
| Treasury             | Seattle             | Washington     |
| Corporate Tax        | Seattle             | Washington     |
| Control And Credit   | Seattle             | Washington     |
| Shareholder Services | Seattle             | Washington     |
| Benefits             | Seattle             | Washington     |
| Manufacturing        | Seattle             | Washington     |
| Construction         | Seattle             | Washington     |
| Contracting          | Seattle             | Washington     |
| Operations           | Seattle             | Washington     |
| IT Support           | Seattle             | Washington     |
| NOC                  | Seattle             | Washington     |
| IT Helpdesk          | Seattle             | Washington     |
| Government Sales     | Seattle             | Washington     |
| Retail Sales         | Seattle             | Washington     |
| Recruiting           | Seattle             | Washington     |
| Payroll              | Seattle             | Washington     |
+----------------------+---------------------+----------------+
27 rows in set (0.00 sec)

mysql>
mysql>
mysql> # 14.Write a query in SQL to display the first name, last name, and department number for those employees who works in the same department as the employee who holds the last name as Michael
mysql>
mysql> select first_name,last_name,department_id from employees where department_id=(select department_id from employees where last_name='fay');
+------------+-----------+---------------+
| first_name | last_name | department_id |
+------------+-----------+---------------+
| Michael    | Hartstein |            20 |
| Pat        | Fay       |            20 |
+------------+-----------+---------------+
2 rows in set (0.00 sec)

mysql> select first_name,last_name,department_id from employees join departments  where employees.department_id=departments.department_id and  department_id=(select department_id from employees where last_name='fay');
ERROR 1052 (23000): Column 'department_id' in field list is ambiguous
mysql> select first_name,last_name,employees.department_id from employees join departments  where employees.department_id=departments.department_id and  department_id=(select department_id from employees where last_name='fay');
ERROR 1052 (23000): Column 'department_id' in where clause is ambiguous
mysql> select first_name,last_name,employees.department_id from employees join departments  where employees.department_id=departments.department_id and  employees.department_id=(select department_id from employees where last_name='fay');
+------------+-----------+---------------+
| first_name | last_name | department_id |
+------------+-----------+---------------+
| Michael    | Hartstein |            20 |
| Pat        | Fay       |            20 |
+------------+-----------+---------------+
2 rows in set (0.00 sec)

mysql>