Enter password: *************
Welcome to the MySQL monitor.  Commands end with ; or \g.
Your MySQL connection id is 16
Server version: 8.0.29 MySQL Community Server - GPL

Copyright (c) 2000, 2022, Oracle and/or its affiliates.

Oracle is a registered trademark of Oracle Corporation and/or its
affiliates. Other names may be trademarks of their respective
owners.

Type 'help;' or '\h' for help. Type '\c' to clear the current input statement.

mysql> use db1;
Database changed
mysql> select * from emp into outfile "d:\emp.csv";
Query OK, 28 rows affected (0.36 sec)

mysql> select curdate();
+------------+
| curdate()  |
+------------+
| 2022-05-22 |
+------------+
1 row in set (0.00 sec)

mysql> # Assignment No 3 ......................
mysql>
mysql> # 1.List names of employees whose job is MANAGER.
mysql>
mysql> table emp;
+-------+----------+--------+---------------------+------+------------+------+------+--------+---------+--------------+------------+------------+----------+------+
| EMPNO | ENAME    | GENDER | JOB                 | MGR  | HIREDATE   | SAL  | COMM | DEPTNO | BONUSID | USER NAME    | PWD        | PHONE      | isActive | SrNO |
+-------+----------+--------+---------------------+------+------------+------+------+--------+---------+--------------+------------+------------+----------+------+
|  6001 | GITA     | F      | Compliance officers | 7920 | 1981-07-19 | 1750 | NULL |     30 |       1 | GITA         | sales@2017 | NULL       |        1 |    1 |
|  6129 | VRUSHALI | F      | Compliance officers | 7920 | 1981-07-19 | 1750 | NULL |     50 |       1 | VRUSHALI     | PUN@8877   | NULL       |        1 |    2 |
|  6473 | SHARMIN  | F      | Public Relation     | 7920 | 1981-07-19 | 1750 | NULL |     20 |       1 | SHARMIN      | a12recmpm  | NULL       |        1 |    3 |
|  6781 | BANDISH  | F      | Public Relation     | 7920 | 1981-07-19 | 1750 | NULL |     20 |       1 | BANDISH      | a12recmpm  | NULL       |        1 |    4 |
|  7369 | SMITH    | M      | CLERK               | 7902 | 1980-12-17 |  800 | NULL |     20 |       2 | TRITONE      | a12recmpm  | 7032300023 |        0 |    5 |
|  7415 | AARAV    | M      | CLERK               | 7902 | 1981-12-31 | 3350 | NULL |     10 |    NULL | AARAV        | NULL       | 7032300084 |        0 |    6 |
|  7421 | THOMAS   | M      | CLERK               | 7920 | 1981-07-19 | 1750 | NULL |     10 |       1 | THOMAS       | r50mpm     | 7032300011 |        0 |    7 |
|  7499 | ALLEN    | M      | SALESMAN            | 7698 | 1981-02-20 | 1600 |  300 |     30 |       4 | ALWAYS TESTE | sales@2017 | 7032300096 |        1 |    8 |
|  7521 | WARD     | M      | SALESMAN            | 7698 | 1981-02-22 | 1250 |  500 |     30 |       1 | WARD         | sales@2017 | 7132300034 |        1 |    9 |
|  7566 | JONES    | M      | MANAGER             | 7839 | 1981-04-02 | 2975 | NULL |     20 |       4 | HONEYCOMB    | a12recmpm  | 7132300039 |        1 |   10 |
|  7654 | MARTIN   | M      | SALESMAN            | 7698 | 1981-09-28 | 1250 | 1400 |     30 |       6 | LIFE RACER   | sales@2017 | 7132300050 |        1 |   11 |
|  7698 | BLAKE    | M      | MANAGER             | 7839 | 1981-05-01 | 2850 | NULL |     30 |       1 | BIG BEN      | sales@2017 | 7132300027 |        1 |   12 |
|  7782 | CLARK    | M      | MANAGER             | 7839 | 1981-06-09 | 2450 | NULL |     10 |       3 | CLARK        | r50mpm     | 7032300001 |        1 |   13 |
|  7788 | SCOTT    | M      | ANALYST             | 7766 | 1982-12-09 | 3000 | NULL |     20 |       3 | WHITE SAND   | a12recmpm  | NULL       |        1 |   14 |
|  7839 | KING     | M      | PRESIDENT           | NULL | 1981-11-17 | 5000 | NULL |     10 |       1 | KING         | r50mpm     | 7132300081 |        1 |   15 |
|  7840 | FRED     | M      | vice PRESIDENT      | 7839 | 1983-08-09 | 5000 | NULL |     20 |       1 | SAND STONE   | a12recmpm  | NULL       |        1 |   16 |
|  7844 | TURNER   | M      | SALESMAN            | 7698 | 1981-09-08 | 1500 |    0 |     30 |       5 | SAND DUST    | sales@2017 | NULL       |        1 |   17 |
|  7876 | ADAMS    | M      | CLERK               | 7788 | 1983-01-12 | 1100 | NULL |     20 |       1 | CRAZY ANYONE | a12recmpm  | 7132300086 |        1 |   18 |
|  7900 | JAMES    | M      | CLERK               | 7698 | 1981-12-03 |  950 | NULL |     30 |       2 | CRAZY LEADER | sales@2017 | 7132300042 |        1 |   19 |
|  7902 | zzz      | M      | ANALYST             | 7566 | 1981-12-03 | 3000 | NULL |     20 |       4 | CONBRIO      | a12recmpm  | NULL       |        0 |   20 |
|  7919 | HOFFMAN  | M      | MANAGER             | 7566 | 1982-03-24 | 4150 | NULL |     30 |       3 | INTERVAL     | sales@2017 | NULL       |        1 |   21 |
|  7920 | GRASS    | M      | SALESMAN            | 7919 | 1980-02-14 | 2575 | 2700 |     30 |       5 | GRASS        | sales@2017 | NULL       |        1 |   22 |
|  7934 | MILLER   | M      | CLERK               | 7782 | 1982-01-23 | 1300 | NULL |     10 |       2 | QUARTERNOTE  | r50mpm     | 7132300055 |        0 |   23 |
|  7945 | AARUSH   | M      | SALESMAN            | 7902 | 1980-02-14 | 1350 | 2700 |     30 |    NULL | AARUSH       | ABCDEF     | NULL       |        0 |   24 |
|  7949 | ALEX     | M      | MANAGER             | 7698 | 1982-01-24 | 1250 |  500 |     30 |       5 | QUARTERREST  | sales@2017 | 7156567183 |        1 |   25 |
|  8433 | NATASHA  | F      | CLERK               | 7920 | 1981-07-19 | 1750 | NULL |     30 |       1 | NATASHA      | sales@2017 | NULL       |        1 |   26 |
|  9400 | SANGITA  | F      | Compliance officers | 7920 | 1981-07-19 | 1750 | NULL |     50 |       1 | SANGITA      | NULL       | NULL       |        1 |   27 |
|  9473 | SUPRIYA  | F      | ANALYST             | 7920 | 1981-07-19 | 1750 | NULL |     50 |       1 | SUPRIYA      | XYZ@1234   | NULL       |        1 |   28 |
+-------+----------+--------+---------------------+------+------------+------+------+--------+---------+--------------+------------+------------+----------+------+
28 rows in set (0.00 sec)

mysql> select * from emp where job='manager';
+-------+---------+--------+---------+------+------------+------+------+--------+---------+-------------+------------+------------+----------+------+
| EMPNO | ENAME   | GENDER | JOB     | MGR  | HIREDATE   | SAL  | COMM | DEPTNO | BONUSID | USER NAME   | PWD        | PHONE      | isActive | SrNO |
+-------+---------+--------+---------+------+------------+------+------+--------+---------+-------------+------------+------------+----------+------+
|  7566 | JONES   | M      | MANAGER | 7839 | 1981-04-02 | 2975 | NULL |     20 |       4 | HONEYCOMB   | a12recmpm  | 7132300039 |        1 |   10 |
|  7698 | BLAKE   | M      | MANAGER | 7839 | 1981-05-01 | 2850 | NULL |     30 |       1 | BIG BEN     | sales@2017 | 7132300027 |        1 |   12 |
|  7782 | CLARK   | M      | MANAGER | 7839 | 1981-06-09 | 2450 | NULL |     10 |       3 | CLARK       | r50mpm     | 7032300001 |        1 |   13 |
|  7919 | HOFFMAN | M      | MANAGER | 7566 | 1982-03-24 | 4150 | NULL |     30 |       3 | INTERVAL    | sales@2017 | NULL       |        1 |   21 |
|  7949 | ALEX    | M      | MANAGER | 7698 | 1982-01-24 | 1250 |  500 |     30 |       5 | QUARTERREST | sales@2017 | 7156567183 |        1 |   25 |
+-------+---------+--------+---------+------+------------+------+------+--------+---------+-------------+------------+------------+----------+------+
5 rows in set (0.00 sec)

mysql> # 2.List names of employee having salary greater than equal to 3000.
mysql>
mysql> select * from emp where sal> 3000;
+-------+---------+--------+----------------+------+------------+------+------+--------+---------+------------+------------+------------+----------+------+
| EMPNO | ENAME   | GENDER | JOB            | MGR  | HIREDATE   | SAL  | COMM | DEPTNO | BONUSID | USER NAME  | PWD        | PHONE      | isActive | SrNO |
+-------+---------+--------+----------------+------+------------+------+------+--------+---------+------------+------------+------------+----------+------+
|  7415 | AARAV   | M      | CLERK          | 7902 | 1981-12-31 | 3350 | NULL |     10 |    NULL | AARAV      | NULL       | 7032300084 |        0 |    6 |
|  7839 | KING    | M      | PRESIDENT      | NULL | 1981-11-17 | 5000 | NULL |     10 |       1 | KING       | r50mpm     | 7132300081 |        1 |   15 |
|  7840 | FRED    | M      | vice PRESIDENT | 7839 | 1983-08-09 | 5000 | NULL |     20 |       1 | SAND STONE | a12recmpm  | NULL       |        1 |   16 |
|  7919 | HOFFMAN | M      | MANAGER        | 7566 | 1982-03-24 | 4150 | NULL |     30 |       3 | INTERVAL   | sales@2017 | NULL       |        1 |   21 |
+-------+---------+--------+----------------+------+------------+------+------+--------+---------+------------+------------+------------+----------+------+
4 rows in set (0.00 sec)

mysql> # 3.List all employees having ‘A’ as second letter in their names.
mysql>
mysql> select * from emp like '_%d';
ERROR 1064 (42000): You have an error in your SQL syntax; check the manual that corresponds to your MySQL server version for the right syntax to use near 'like '_%d'' at line 1
mysql> select * from emp like '_%a%';
ERROR 1064 (42000): You have an error in your SQL syntax; check the manual that corresponds to your MySQL server version for the right syntax to use near 'like '_%a%'' at line 1
mysql> select * from emp where ename like '_%a%';
+-------+----------+--------+---------------------+------+------------+------+------+--------+---------+--------------+------------+------------+----------+------+
| EMPNO | ENAME    | GENDER | JOB                 | MGR  | HIREDATE   | SAL  | COMM | DEPTNO | BONUSID | USER NAME    | PWD        | PHONE      | isActive | SrNO |
+-------+----------+--------+---------------------+------+------------+------+------+--------+---------+--------------+------------+------------+----------+------+
|  6001 | GITA     | F      | Compliance officers | 7920 | 1981-07-19 | 1750 | NULL |     30 |       1 | GITA         | sales@2017 | NULL       |        1 |    1 |
|  6129 | VRUSHALI | F      | Compliance officers | 7920 | 1981-07-19 | 1750 | NULL |     50 |       1 | VRUSHALI     | PUN@8877   | NULL       |        1 |    2 |
|  6473 | SHARMIN  | F      | Public Relation     | 7920 | 1981-07-19 | 1750 | NULL |     20 |       1 | SHARMIN      | a12recmpm  | NULL       |        1 |    3 |
|  6781 | BANDISH  | F      | Public Relation     | 7920 | 1981-07-19 | 1750 | NULL |     20 |       1 | BANDISH      | a12recmpm  | NULL       |        1 |    4 |
|  7415 | AARAV    | M      | CLERK               | 7902 | 1981-12-31 | 3350 | NULL |     10 |    NULL | AARAV        | NULL       | 7032300084 |        0 |    6 |
|  7421 | THOMAS   | M      | CLERK               | 7920 | 1981-07-19 | 1750 | NULL |     10 |       1 | THOMAS       | r50mpm     | 7032300011 |        0 |    7 |
|  7521 | WARD     | M      | SALESMAN            | 7698 | 1981-02-22 | 1250 |  500 |     30 |       1 | WARD         | sales@2017 | 7132300034 |        1 |    9 |
|  7654 | MARTIN   | M      | SALESMAN            | 7698 | 1981-09-28 | 1250 | 1400 |     30 |       6 | LIFE RACER   | sales@2017 | 7132300050 |        1 |   11 |
|  7698 | BLAKE    | M      | MANAGER             | 7839 | 1981-05-01 | 2850 | NULL |     30 |       1 | BIG BEN      | sales@2017 | 7132300027 |        1 |   12 |
|  7782 | CLARK    | M      | MANAGER             | 7839 | 1981-06-09 | 2450 | NULL |     10 |       3 | CLARK        | r50mpm     | 7032300001 |        1 |   13 |
|  7876 | ADAMS    | M      | CLERK               | 7788 | 1983-01-12 | 1100 | NULL |     20 |       1 | CRAZY ANYONE | a12recmpm  | 7132300086 |        1 |   18 |
|  7900 | JAMES    | M      | CLERK               | 7698 | 1981-12-03 |  950 | NULL |     30 |       2 | CRAZY LEADER | sales@2017 | 7132300042 |        1 |   19 |
|  7919 | HOFFMAN  | M      | MANAGER             | 7566 | 1982-03-24 | 4150 | NULL |     30 |       3 | INTERVAL     | sales@2017 | NULL       |        1 |   21 |
|  7920 | GRASS    | M      | SALESMAN            | 7919 | 1980-02-14 | 2575 | 2700 |     30 |       5 | GRASS        | sales@2017 | NULL       |        1 |   22 |
|  7945 | AARUSH   | M      | SALESMAN            | 7902 | 1980-02-14 | 1350 | 2700 |     30 |    NULL | AARUSH       | ABCDEF     | NULL       |        0 |   24 |
|  8433 | NATASHA  | F      | CLERK               | 7920 | 1981-07-19 | 1750 | NULL |     30 |       1 | NATASHA      | sales@2017 | NULL       |        1 |   26 |
|  9400 | SANGITA  | F      | Compliance officers | 7920 | 1981-07-19 | 1750 | NULL |     50 |       1 | SANGITA      | NULL       | NULL       |        1 |   27 |
|  9473 | SUPRIYA  | F      | ANALYST             | 7920 | 1981-07-19 | 1750 | NULL |     50 |       1 | SUPRIYA      | XYZ@1234   | NULL       |        1 |   28 |
+-------+----------+--------+---------------------+------+------------+------+------+--------+---------+--------------+------------+------------+----------+------+
18 rows in set (0.00 sec)

mysql> select * from emp where ename like '%a%';
+-------+----------+--------+---------------------+------+------------+------+------+--------+---------+--------------+------------+------------+----------+------+
| EMPNO | ENAME    | GENDER | JOB                 | MGR  | HIREDATE   | SAL  | COMM | DEPTNO | BONUSID | USER NAME    | PWD        | PHONE      | isActive | SrNO |
+-------+----------+--------+---------------------+------+------------+------+------+--------+---------+--------------+------------+------------+----------+------+
|  6001 | GITA     | F      | Compliance officers | 7920 | 1981-07-19 | 1750 | NULL |     30 |       1 | GITA         | sales@2017 | NULL       |        1 |    1 |
|  6129 | VRUSHALI | F      | Compliance officers | 7920 | 1981-07-19 | 1750 | NULL |     50 |       1 | VRUSHALI     | PUN@8877   | NULL       |        1 |    2 |
|  6473 | SHARMIN  | F      | Public Relation     | 7920 | 1981-07-19 | 1750 | NULL |     20 |       1 | SHARMIN      | a12recmpm  | NULL       |        1 |    3 |
|  6781 | BANDISH  | F      | Public Relation     | 7920 | 1981-07-19 | 1750 | NULL |     20 |       1 | BANDISH      | a12recmpm  | NULL       |        1 |    4 |
|  7415 | AARAV    | M      | CLERK               | 7902 | 1981-12-31 | 3350 | NULL |     10 |    NULL | AARAV        | NULL       | 7032300084 |        0 |    6 |
|  7421 | THOMAS   | M      | CLERK               | 7920 | 1981-07-19 | 1750 | NULL |     10 |       1 | THOMAS       | r50mpm     | 7032300011 |        0 |    7 |
|  7499 | ALLEN    | M      | SALESMAN            | 7698 | 1981-02-20 | 1600 |  300 |     30 |       4 | ALWAYS TESTE | sales@2017 | 7032300096 |        1 |    8 |
|  7521 | WARD     | M      | SALESMAN            | 7698 | 1981-02-22 | 1250 |  500 |     30 |       1 | WARD         | sales@2017 | 7132300034 |        1 |    9 |
|  7654 | MARTIN   | M      | SALESMAN            | 7698 | 1981-09-28 | 1250 | 1400 |     30 |       6 | LIFE RACER   | sales@2017 | 7132300050 |        1 |   11 |
|  7698 | BLAKE    | M      | MANAGER             | 7839 | 1981-05-01 | 2850 | NULL |     30 |       1 | BIG BEN      | sales@2017 | 7132300027 |        1 |   12 |
|  7782 | CLARK    | M      | MANAGER             | 7839 | 1981-06-09 | 2450 | NULL |     10 |       3 | CLARK        | r50mpm     | 7032300001 |        1 |   13 |
|  7876 | ADAMS    | M      | CLERK               | 7788 | 1983-01-12 | 1100 | NULL |     20 |       1 | CRAZY ANYONE | a12recmpm  | 7132300086 |        1 |   18 |
|  7900 | JAMES    | M      | CLERK               | 7698 | 1981-12-03 |  950 | NULL |     30 |       2 | CRAZY LEADER | sales@2017 | 7132300042 |        1 |   19 |
|  7919 | HOFFMAN  | M      | MANAGER             | 7566 | 1982-03-24 | 4150 | NULL |     30 |       3 | INTERVAL     | sales@2017 | NULL       |        1 |   21 |
|  7920 | GRASS    | M      | SALESMAN            | 7919 | 1980-02-14 | 2575 | 2700 |     30 |       5 | GRASS        | sales@2017 | NULL       |        1 |   22 |
|  7945 | AARUSH   | M      | SALESMAN            | 7902 | 1980-02-14 | 1350 | 2700 |     30 |    NULL | AARUSH       | ABCDEF     | NULL       |        0 |   24 |
|  7949 | ALEX     | M      | MANAGER             | 7698 | 1982-01-24 | 1250 |  500 |     30 |       5 | QUARTERREST  | sales@2017 | 7156567183 |        1 |   25 |
|  8433 | NATASHA  | F      | CLERK               | 7920 | 1981-07-19 | 1750 | NULL |     30 |       1 | NATASHA      | sales@2017 | NULL       |        1 |   26 |
|  9400 | SANGITA  | F      | Compliance officers | 7920 | 1981-07-19 | 1750 | NULL |     50 |       1 | SANGITA      | NULL       | NULL       |        1 |   27 |
|  9473 | SUPRIYA  | F      | ANALYST             | 7920 | 1981-07-19 | 1750 | NULL |     50 |       1 | SUPRIYA      | XYZ@1234   | NULL       |        1 |   28 |
+-------+----------+--------+---------------------+------+------------+------+------+--------+---------+--------------+------------+------------+----------+------+
20 rows in set (0.00 sec)

mysql> select * from emp where ename like '_a%';
+-------+---------+--------+---------------------+------+------------+------+------+--------+---------+--------------+------------+------------+----------+------+
| EMPNO | ENAME   | GENDER | JOB                 | MGR  | HIREDATE   | SAL  | COMM | DEPTNO | BONUSID | USER NAME    | PWD        | PHONE      | isActive | SrNO |
+-------+---------+--------+---------------------+------+------------+------+------+--------+---------+--------------+------------+------------+----------+------+
|  6781 | BANDISH | F      | Public Relation     | 7920 | 1981-07-19 | 1750 | NULL |     20 |       1 | BANDISH      | a12recmpm  | NULL       |        1 |    4 |
|  7415 | AARAV   | M      | CLERK               | 7902 | 1981-12-31 | 3350 | NULL |     10 |    NULL | AARAV        | NULL       | 7032300084 |        0 |    6 |
|  7521 | WARD    | M      | SALESMAN            | 7698 | 1981-02-22 | 1250 |  500 |     30 |       1 | WARD         | sales@2017 | 7132300034 |        1 |    9 |
|  7654 | MARTIN  | M      | SALESMAN            | 7698 | 1981-09-28 | 1250 | 1400 |     30 |       6 | LIFE RACER   | sales@2017 | 7132300050 |        1 |   11 |
|  7900 | JAMES   | M      | CLERK               | 7698 | 1981-12-03 |  950 | NULL |     30 |       2 | CRAZY LEADER | sales@2017 | 7132300042 |        1 |   19 |
|  7945 | AARUSH  | M      | SALESMAN            | 7902 | 1980-02-14 | 1350 | 2700 |     30 |    NULL | AARUSH       | ABCDEF     | NULL       |        0 |   24 |
|  8433 | NATASHA | F      | CLERK               | 7920 | 1981-07-19 | 1750 | NULL |     30 |       1 | NATASHA      | sales@2017 | NULL       |        1 |   26 |
|  9400 | SANGITA | F      | Compliance officers | 7920 | 1981-07-19 | 1750 | NULL |     50 |       1 | SANGITA      | NULL       | NULL       |        1 |   27 |
+-------+---------+--------+---------------------+------+------------+------+------+--------+---------+--------------+------------+------------+----------+------+
8 rows in set (0.00 sec)

mysql> # above is the correct one
mysql> # 4.List the Employee Number, Name, Hiredate and Job Title of the Employees in the Department 10
mysql> select empno , ename , hiredate , job from emp where deptno=10;
+-------+--------+------------+-----------+
| empno | ename  | hiredate   | job       |
+-------+--------+------------+-----------+
|  7415 | AARAV  | 1981-12-31 | CLERK     |
|  7421 | THOMAS | 1981-07-19 | CLERK     |
|  7782 | CLARK  | 1981-06-09 | MANAGER   |
|  7839 | KING   | 1981-11-17 | PRESIDENT |
|  7934 | MILLER | 1982-01-23 | CLERK     |
+-------+--------+------------+-----------+
5 rows in set (0.00 sec)

mysql> select empno , ename , hiredate , job , deptno from emp where deptno=10;
+-------+--------+------------+-----------+--------+
| empno | ename  | hiredate   | job       | deptno |
+-------+--------+------------+-----------+--------+
|  7415 | AARAV  | 1981-12-31 | CLERK     |     10 |
|  7421 | THOMAS | 1981-07-19 | CLERK     |     10 |
|  7782 | CLARK  | 1981-06-09 | MANAGER   |     10 |
|  7839 | KING   | 1981-11-17 | PRESIDENT |     10 |
|  7934 | MILLER | 1982-01-23 | CLERK     |     10 |
+-------+--------+------------+-----------+--------+
5 rows in set (0.00 sec)

mysql> select * from emp where ename like '_a%' and not like 'a%';
ERROR 1064 (42000): You have an error in your SQL syntax; check the manual that corresponds to your MySQL server version for the right syntax to use near 'like 'a%'' at line 1
mysql> select * from emp where ename like in('_a%' and 'a%');
ERROR 1064 (42000): You have an error in your SQL syntax; check the manual that corresponds to your MySQL server version for the right syntax to use near 'in('_a%' and 'a%')' at line 1
mysql> select ename from emp limit 10;
+---------+
| ename   |
+---------+
| AARAV   |
| AARUSH  |
| ADAMS   |
| ALEX    |
| ALLEN   |
| BANDISH |
| BLAKE   |
| CLARK   |
| FRED    |
| GITA    |
+---------+
10 rows in set (0.00 sec)

mysql> SELECT ENAME FROM EMP WHERE ENAME LIKE '%A%A%' AND 2=LENGTH(ENAME)- LENGTH(REPLACE(ENAME, 'A',''));
+---------+
| ENAME   |
+---------+
| AARUSH  |
| ADAMS   |
| SANGITA |
+---------+
3 rows in set (0.01 sec)

mysql> # 5.Display the details of those Employees who earn a monthly Salary of more than 2000
mysql> select * from emp whetre sal>2000;
ERROR 1064 (42000): You have an error in your SQL syntax; check the manual that corresponds to your MySQL server version for the right syntax to use near 'sal>2000' at line 1
mysql> select * from emp where sal>2000;
+-------+---------+--------+----------------+------+------------+------+------+--------+---------+------------+------------+------------+----------+------+
| EMPNO | ENAME   | GENDER | JOB            | MGR  | HIREDATE   | SAL  | COMM | DEPTNO | BONUSID | USER NAME  | PWD        | PHONE      | isActive | SrNO |
+-------+---------+--------+----------------+------+------------+------+------+--------+---------+------------+------------+------------+----------+------+
|  7415 | AARAV   | M      | CLERK          | 7902 | 1981-12-31 | 3350 | NULL |     10 |    NULL | AARAV      | NULL       | 7032300084 |        0 |    6 |
|  7566 | JONES   | M      | MANAGER        | 7839 | 1981-04-02 | 2975 | NULL |     20 |       4 | HONEYCOMB  | a12recmpm  | 7132300039 |        1 |   10 |
|  7698 | BLAKE   | M      | MANAGER        | 7839 | 1981-05-01 | 2850 | NULL |     30 |       1 | BIG BEN    | sales@2017 | 7132300027 |        1 |   12 |
|  7782 | CLARK   | M      | MANAGER        | 7839 | 1981-06-09 | 2450 | NULL |     10 |       3 | CLARK      | r50mpm     | 7032300001 |        1 |   13 |
|  7788 | SCOTT   | M      | ANALYST        | 7766 | 1982-12-09 | 3000 | NULL |     20 |       3 | WHITE SAND | a12recmpm  | NULL       |        1 |   14 |
|  7839 | KING    | M      | PRESIDENT      | NULL | 1981-11-17 | 5000 | NULL |     10 |       1 | KING       | r50mpm     | 7132300081 |        1 |   15 |
|  7840 | FRED    | M      | vice PRESIDENT | 7839 | 1983-08-09 | 5000 | NULL |     20 |       1 | SAND STONE | a12recmpm  | NULL       |        1 |   16 |
|  7902 | zzz     | M      | ANALYST        | 7566 | 1981-12-03 | 3000 | NULL |     20 |       4 | CONBRIO    | a12recmpm  | NULL       |        0 |   20 |
|  7919 | HOFFMAN | M      | MANAGER        | 7566 | 1982-03-24 | 4150 | NULL |     30 |       3 | INTERVAL   | sales@2017 | NULL       |        1 |   21 |
|  7920 | GRASS   | M      | SALESMAN       | 7919 | 1980-02-14 | 2575 | 2700 |     30 |       5 | GRASS      | sales@2017 | NULL       |        1 |   22 |
+-------+---------+--------+----------------+------+------------+------+------+--------+---------+------------+------------+------------+----------+------+
10 rows in set (0.00 sec)

mysql> # 6.Display the names of all Employees from Department 10 and 20 whose name start with "A" and ends with "B"
mysql> select * from emp where deptno between (10,20);
ERROR 1064 (42000): You have an error in your SQL syntax; check the manual that corresponds to your MySQL server version for the right syntax to use near '' at line 1
mysql> select * from emp where deptno =between (10,20);
ERROR 1064 (42000): You have an error in your SQL syntax; check the manual that corresponds to your MySQL server version for the right syntax to use near 'between (10,20)' at line 1
mysql> select * from emp where deptno =between (10 and 20);
ERROR 1064 (42000): You have an error in your SQL syntax; check the manual that corresponds to your MySQL server version for the right syntax to use near 'between (10 and 20)' at line 1
mysql> select * from emp where deptno=10 and deptno=20;
Empty set (0.00 sec)

mysql> select * from emp where deptno=10 ,deptno=20;
ERROR 1064 (42000): You have an error in your SQL syntax; check the manual that corresponds to your MySQL server version for the right syntax to use near ',deptno=20' at line 1
mysql> select * from emp where ename like 'a%' and ename like '%B';
Empty set (0.00 sec)

mysql> table emp;
+-------+----------+--------+---------------------+------+------------+------+------+--------+---------+--------------+------------+------------+----------+------+
| EMPNO | ENAME    | GENDER | JOB                 | MGR  | HIREDATE   | SAL  | COMM | DEPTNO | BONUSID | USER NAME    | PWD        | PHONE      | isActive | SrNO |
+-------+----------+--------+---------------------+------+------------+------+------+--------+---------+--------------+------------+------------+----------+------+
|  6001 | GITA     | F      | Compliance officers | 7920 | 1981-07-19 | 1750 | NULL |     30 |       1 | GITA         | sales@2017 | NULL       |        1 |    1 |
|  6129 | VRUSHALI | F      | Compliance officers | 7920 | 1981-07-19 | 1750 | NULL |     50 |       1 | VRUSHALI     | PUN@8877   | NULL       |        1 |    2 |
|  6473 | SHARMIN  | F      | Public Relation     | 7920 | 1981-07-19 | 1750 | NULL |     20 |       1 | SHARMIN      | a12recmpm  | NULL       |        1 |    3 |
|  6781 | BANDISH  | F      | Public Relation     | 7920 | 1981-07-19 | 1750 | NULL |     20 |       1 | BANDISH      | a12recmpm  | NULL       |        1 |    4 |
|  7369 | SMITH    | M      | CLERK               | 7902 | 1980-12-17 |  800 | NULL |     20 |       2 | TRITONE      | a12recmpm  | 7032300023 |        0 |    5 |
|  7415 | AARAV    | M      | CLERK               | 7902 | 1981-12-31 | 3350 | NULL |     10 |    NULL | AARAV        | NULL       | 7032300084 |        0 |    6 |
|  7421 | THOMAS   | M      | CLERK               | 7920 | 1981-07-19 | 1750 | NULL |     10 |       1 | THOMAS       | r50mpm     | 7032300011 |        0 |    7 |
|  7499 | ALLEN    | M      | SALESMAN            | 7698 | 1981-02-20 | 1600 |  300 |     30 |       4 | ALWAYS TESTE | sales@2017 | 7032300096 |        1 |    8 |
|  7521 | WARD     | M      | SALESMAN            | 7698 | 1981-02-22 | 1250 |  500 |     30 |       1 | WARD         | sales@2017 | 7132300034 |        1 |    9 |
|  7566 | JONES    | M      | MANAGER             | 7839 | 1981-04-02 | 2975 | NULL |     20 |       4 | HONEYCOMB    | a12recmpm  | 7132300039 |        1 |   10 |
|  7654 | MARTIN   | M      | SALESMAN            | 7698 | 1981-09-28 | 1250 | 1400 |     30 |       6 | LIFE RACER   | sales@2017 | 7132300050 |        1 |   11 |
|  7698 | BLAKE    | M      | MANAGER             | 7839 | 1981-05-01 | 2850 | NULL |     30 |       1 | BIG BEN      | sales@2017 | 7132300027 |        1 |   12 |
|  7782 | CLARK    | M      | MANAGER             | 7839 | 1981-06-09 | 2450 | NULL |     10 |       3 | CLARK        | r50mpm     | 7032300001 |        1 |   13 |
|  7788 | SCOTT    | M      | ANALYST             | 7766 | 1982-12-09 | 3000 | NULL |     20 |       3 | WHITE SAND   | a12recmpm  | NULL       |        1 |   14 |
|  7839 | KING     | M      | PRESIDENT           | NULL | 1981-11-17 | 5000 | NULL |     10 |       1 | KING         | r50mpm     | 7132300081 |        1 |   15 |
|  7840 | FRED     | M      | vice PRESIDENT      | 7839 | 1983-08-09 | 5000 | NULL |     20 |       1 | SAND STONE   | a12recmpm  | NULL       |        1 |   16 |
|  7844 | TURNER   | M      | SALESMAN            | 7698 | 1981-09-08 | 1500 |    0 |     30 |       5 | SAND DUST    | sales@2017 | NULL       |        1 |   17 |
|  7876 | ADAMS    | M      | CLERK               | 7788 | 1983-01-12 | 1100 | NULL |     20 |       1 | CRAZY ANYONE | a12recmpm  | 7132300086 |        1 |   18 |
|  7900 | JAMES    | M      | CLERK               | 7698 | 1981-12-03 |  950 | NULL |     30 |       2 | CRAZY LEADER | sales@2017 | 7132300042 |        1 |   19 |
|  7902 | zzz      | M      | ANALYST             | 7566 | 1981-12-03 | 3000 | NULL |     20 |       4 | CONBRIO      | a12recmpm  | NULL       |        0 |   20 |
|  7919 | HOFFMAN  | M      | MANAGER             | 7566 | 1982-03-24 | 4150 | NULL |     30 |       3 | INTERVAL     | sales@2017 | NULL       |        1 |   21 |
|  7920 | GRASS    | M      | SALESMAN            | 7919 | 1980-02-14 | 2575 | 2700 |     30 |       5 | GRASS        | sales@2017 | NULL       |        1 |   22 |
|  7934 | MILLER   | M      | CLERK               | 7782 | 1982-01-23 | 1300 | NULL |     10 |       2 | QUARTERNOTE  | r50mpm     | 7132300055 |        0 |   23 |
|  7945 | AARUSH   | M      | SALESMAN            | 7902 | 1980-02-14 | 1350 | 2700 |     30 |    NULL | AARUSH       | ABCDEF     | NULL       |        0 |   24 |
|  7949 | ALEX     | M      | MANAGER             | 7698 | 1982-01-24 | 1250 |  500 |     30 |       5 | QUARTERREST  | sales@2017 | 7156567183 |        1 |   25 |
|  8433 | NATASHA  | F      | CLERK               | 7920 | 1981-07-19 | 1750 | NULL |     30 |       1 | NATASHA      | sales@2017 | NULL       |        1 |   26 |
|  9400 | SANGITA  | F      | Compliance officers | 7920 | 1981-07-19 | 1750 | NULL |     50 |       1 | SANGITA      | NULL       | NULL       |        1 |   27 |
|  9473 | SUPRIYA  | F      | ANALYST             | 7920 | 1981-07-19 | 1750 | NULL |     50 |       1 | SUPRIYA      | XYZ@1234   | NULL       |        1 |   28 |
+-------+----------+--------+---------------------+------+------------+------+------+--------+---------+--------------+------------+------------+----------+------+
28 rows in set (0.00 sec)

mysql> select * from emp where ename like 'a%' or ename like '%B';
+-------+--------+--------+----------+------+------------+------+------+--------+---------+--------------+------------+------------+----------+------+
| EMPNO | ENAME  | GENDER | JOB      | MGR  | HIREDATE   | SAL  | COMM | DEPTNO | BONUSID | USER NAME    | PWD        | PHONE      | isActive | SrNO |
+-------+--------+--------+----------+------+------------+------+------+--------+---------+--------------+------------+------------+----------+------+
|  7415 | AARAV  | M      | CLERK    | 7902 | 1981-12-31 | 3350 | NULL |     10 |    NULL | AARAV        | NULL       | 7032300084 |        0 |    6 |
|  7499 | ALLEN  | M      | SALESMAN | 7698 | 1981-02-20 | 1600 |  300 |     30 |       4 | ALWAYS TESTE | sales@2017 | 7032300096 |        1 |    8 |
|  7876 | ADAMS  | M      | CLERK    | 7788 | 1983-01-12 | 1100 | NULL |     20 |       1 | CRAZY ANYONE | a12recmpm  | 7132300086 |        1 |   18 |
|  7945 | AARUSH | M      | SALESMAN | 7902 | 1980-02-14 | 1350 | 2700 |     30 |    NULL | AARUSH       | ABCDEF     | NULL       |        0 |   24 |
|  7949 | ALEX   | M      | MANAGER  | 7698 | 1982-01-24 | 1250 |  500 |     30 |       5 | QUARTERREST  | sales@2017 | 7156567183 |        1 |   25 |
+-------+--------+--------+----------+------+------------+------+------+--------+---------+--------------+------------+------------+----------+------+
5 rows in set (0.00 sec)

mysql> select * from emp where (depto=10 and deptno=20 ) or (ename like 'a%' or ename like '%B)';
ERROR 1064 (42000): You have an error in your SQL syntax; check the manual that corresponds to your MySQL server version for the right syntax to use near '' at line 1
mysql> select * from emp where depto=10 and deptno=20  or (ename like 'a%' or ename like '%B)';
ERROR 1064 (42000): You have an error in your SQL syntax; check the manual that corresponds to your MySQL server version for the right syntax to use near '' at line 1
mysql> select * from emp where depto=10 and deptno=20  or (ename like 'a%' or ename like '%B) from emp';
ERROR 1064 (42000): You have an error in your SQL syntax; check the manual that corresponds to your MySQL server version for the right syntax to use near '' at line 1
mysql> select * from emp where depto=10 and deptno=20  or (select ename from emp where ename like 'a%' or ename like '%B)';
ERROR 1064 (42000): You have an error in your SQL syntax; check the manual that corresponds to your MySQL server version for the right syntax to use near '' at line 1
mysql> select * from emp where depto=10 and deptno=20  or (select ename from emp where ename like 'a%' or ename like '%B');
ERROR 1054 (42S22): Unknown column 'depto' in 'where clause'
mysql> select * from emp where deptno=10 and deptno=20  or (select ename from emp where ename like 'a%' or ename like '%B');
ERROR 1242 (21000): Subquery returns more than 1 row
mysql> select * from emp where deptno=10 and deptno=20  or (select ename from emp where ename like 'a%');
ERROR 1242 (21000): Subquery returns more than 1 row
mysql> select * from (select ename from emp where ename like 'a%' or ename like '%B') t1 ;
+--------+
| ename  |
+--------+
| AARAV  |
| AARUSH |
| ADAMS  |
| ALEX   |
| ALLEN  |
+--------+
5 rows in set (0.00 sec)

mysql> select ename from emp where ename like 'a%' or ename like '%B' ,(Select * from emp where deptno=10 and deptno=20 )t1  ;
ERROR 1064 (42000): You have an error in your SQL syntax; check the manual that corresponds to your MySQL server version for the right syntax to use near ',(Select * from emp where deptno=10 and deptno=20 )t1' at line 1
mysql> select ename from emp where ename like 'a%' or ename like '%B' (Select * from emp where deptno=10 and deptno=20 )t1  ;
ERROR 1064 (42000): You have an error in your SQL syntax; check the manual that corresponds to your MySQL server version for the right syntax to use near '(Select * from emp where deptno=10 and deptno=20 )t1' at line 1
mysql> select * from (select * from emp where ename like 'a%' or ename like '%B') t1 where deptno=10 ;
+-------+-------+--------+-------+------+------------+------+------+--------+---------+-----------+------+------------+----------+------+
| EMPNO | ENAME | GENDER | JOB   | MGR  | HIREDATE   | SAL  | COMM | DEPTNO | BONUSID | USER NAME | PWD  | PHONE      | isActive | SrNO |
+-------+-------+--------+-------+------+------------+------+------+--------+---------+-----------+------+------------+----------+------+
|  7415 | AARAV | M      | CLERK | 7902 | 1981-12-31 | 3350 | NULL |     10 |    NULL | AARAV     | NULL | 7032300084 |        0 |    6 |
+-------+-------+--------+-------+------+------------+------+------+--------+---------+-----------+------+------------+----------+------+
1 row in set (0.00 sec)

mysql> select * from (select * from emp where ename like 'a%' or ename like '%B') t1 where deptno=10 and deptno=20 ;
Empty set (0.00 sec)

mysql> tabele emp;
ERROR 1064 (42000): You have an error in your SQL syntax; check the manual that corresponds to your MySQL server version for the right syntax to use near 'tabele emp' at line 1
mysql> table emp;
+-------+----------+--------+---------------------+------+------------+------+------+--------+---------+--------------+------------+------------+----------+------+
| EMPNO | ENAME    | GENDER | JOB                 | MGR  | HIREDATE   | SAL  | COMM | DEPTNO | BONUSID | USER NAME    | PWD        | PHONE      | isActive | SrNO |
+-------+----------+--------+---------------------+------+------------+------+------+--------+---------+--------------+------------+------------+----------+------+
|  6001 | GITA     | F      | Compliance officers | 7920 | 1981-07-19 | 1750 | NULL |     30 |       1 | GITA         | sales@2017 | NULL       |        1 |    1 |
|  6129 | VRUSHALI | F      | Compliance officers | 7920 | 1981-07-19 | 1750 | NULL |     50 |       1 | VRUSHALI     | PUN@8877   | NULL       |        1 |    2 |
|  6473 | SHARMIN  | F      | Public Relation     | 7920 | 1981-07-19 | 1750 | NULL |     20 |       1 | SHARMIN      | a12recmpm  | NULL       |        1 |    3 |
|  6781 | BANDISH  | F      | Public Relation     | 7920 | 1981-07-19 | 1750 | NULL |     20 |       1 | BANDISH      | a12recmpm  | NULL       |        1 |    4 |
|  7369 | SMITH    | M      | CLERK               | 7902 | 1980-12-17 |  800 | NULL |     20 |       2 | TRITONE      | a12recmpm  | 7032300023 |        0 |    5 |
|  7415 | AARAV    | M      | CLERK               | 7902 | 1981-12-31 | 3350 | NULL |     10 |    NULL | AARAV        | NULL       | 7032300084 |        0 |    6 |
|  7421 | THOMAS   | M      | CLERK               | 7920 | 1981-07-19 | 1750 | NULL |     10 |       1 | THOMAS       | r50mpm     | 7032300011 |        0 |    7 |
|  7499 | ALLEN    | M      | SALESMAN            | 7698 | 1981-02-20 | 1600 |  300 |     30 |       4 | ALWAYS TESTE | sales@2017 | 7032300096 |        1 |    8 |
|  7521 | WARD     | M      | SALESMAN            | 7698 | 1981-02-22 | 1250 |  500 |     30 |       1 | WARD         | sales@2017 | 7132300034 |        1 |    9 |
|  7566 | JONES    | M      | MANAGER             | 7839 | 1981-04-02 | 2975 | NULL |     20 |       4 | HONEYCOMB    | a12recmpm  | 7132300039 |        1 |   10 |
|  7654 | MARTIN   | M      | SALESMAN            | 7698 | 1981-09-28 | 1250 | 1400 |     30 |       6 | LIFE RACER   | sales@2017 | 7132300050 |        1 |   11 |
|  7698 | BLAKE    | M      | MANAGER             | 7839 | 1981-05-01 | 2850 | NULL |     30 |       1 | BIG BEN      | sales@2017 | 7132300027 |        1 |   12 |
|  7782 | CLARK    | M      | MANAGER             | 7839 | 1981-06-09 | 2450 | NULL |     10 |       3 | CLARK        | r50mpm     | 7032300001 |        1 |   13 |
|  7788 | SCOTT    | M      | ANALYST             | 7766 | 1982-12-09 | 3000 | NULL |     20 |       3 | WHITE SAND   | a12recmpm  | NULL       |        1 |   14 |
|  7839 | KING     | M      | PRESIDENT           | NULL | 1981-11-17 | 5000 | NULL |     10 |       1 | KING         | r50mpm     | 7132300081 |        1 |   15 |
|  7840 | FRED     | M      | vice PRESIDENT      | 7839 | 1983-08-09 | 5000 | NULL |     20 |       1 | SAND STONE   | a12recmpm  | NULL       |        1 |   16 |
|  7844 | TURNER   | M      | SALESMAN            | 7698 | 1981-09-08 | 1500 |    0 |     30 |       5 | SAND DUST    | sales@2017 | NULL       |        1 |   17 |
|  7876 | ADAMS    | M      | CLERK               | 7788 | 1983-01-12 | 1100 | NULL |     20 |       1 | CRAZY ANYONE | a12recmpm  | 7132300086 |        1 |   18 |
|  7900 | JAMES    | M      | CLERK               | 7698 | 1981-12-03 |  950 | NULL |     30 |       2 | CRAZY LEADER | sales@2017 | 7132300042 |        1 |   19 |
|  7902 | zzz      | M      | ANALYST             | 7566 | 1981-12-03 | 3000 | NULL |     20 |       4 | CONBRIO      | a12recmpm  | NULL       |        0 |   20 |
|  7919 | HOFFMAN  | M      | MANAGER             | 7566 | 1982-03-24 | 4150 | NULL |     30 |       3 | INTERVAL     | sales@2017 | NULL       |        1 |   21 |
|  7920 | GRASS    | M      | SALESMAN            | 7919 | 1980-02-14 | 2575 | 2700 |     30 |       5 | GRASS        | sales@2017 | NULL       |        1 |   22 |
|  7934 | MILLER   | M      | CLERK               | 7782 | 1982-01-23 | 1300 | NULL |     10 |       2 | QUARTERNOTE  | r50mpm     | 7132300055 |        0 |   23 |
|  7945 | AARUSH   | M      | SALESMAN            | 7902 | 1980-02-14 | 1350 | 2700 |     30 |    NULL | AARUSH       | ABCDEF     | NULL       |        0 |   24 |
|  7949 | ALEX     | M      | MANAGER             | 7698 | 1982-01-24 | 1250 |  500 |     30 |       5 | QUARTERREST  | sales@2017 | 7156567183 |        1 |   25 |
|  8433 | NATASHA  | F      | CLERK               | 7920 | 1981-07-19 | 1750 | NULL |     30 |       1 | NATASHA      | sales@2017 | NULL       |        1 |   26 |
|  9400 | SANGITA  | F      | Compliance officers | 7920 | 1981-07-19 | 1750 | NULL |     50 |       1 | SANGITA      | NULL       | NULL       |        1 |   27 |
|  9473 | SUPRIYA  | F      | ANALYST             | 7920 | 1981-07-19 | 1750 | NULL |     50 |       1 | SUPRIYA      | XYZ@1234   | NULL       |        1 |   28 |
+-------+----------+--------+---------------------+------+------------+------+------+--------+---------+--------------+------------+------------+----------+------+
28 rows in set (0.00 sec)

mysql> select * from (select * from emp where ename like 'a%' or ename like '%B') t1 where deptno=10 and deptno=20 ;
Empty set (0.00 sec)

mysql> select * from (select * from emp where ename like 'a%' or ename like '%B') t1 where deptno=10 or deptno=20 ;
+-------+-------+--------+-------+------+------------+------+------+--------+---------+--------------+-----------+------------+----------+------+
| EMPNO | ENAME | GENDER | JOB   | MGR  | HIREDATE   | SAL  | COMM | DEPTNO | BONUSID | USER NAME    | PWD       | PHONE      | isActive | SrNO |
+-------+-------+--------+-------+------+------------+------+------+--------+---------+--------------+-----------+------------+----------+------+
|  7415 | AARAV | M      | CLERK | 7902 | 1981-12-31 | 3350 | NULL |     10 |    NULL | AARAV        | NULL      | 7032300084 |        0 |    6 |
|  7876 | ADAMS | M      | CLERK | 7788 | 1983-01-12 | 1100 | NULL |     20 |       1 | CRAZY ANYONE | a12recmpm | 7132300086 |        1 |   18 |
+-------+-------+--------+-------+------+------------+------+------+--------+---------+--------------+-----------+------------+----------+------+
2 rows in set (0.00 sec)

mysql> # 7.Display the details of the employees who have joined on 21-DEC-1990.
mysql> select * from (select hiradate from emp where date(year)=21-dec-1980)t1;
ERROR 1064 (42000): You have an error in your SQL syntax; check the manual that corresponds to your MySQL server version for the right syntax to use near 'dec-1980)t1' at line 1
mysql> select * from (select hiredate from emp where date(hiredate)=21-dec-1980)t1;
ERROR 1064 (42000): You have an error in your SQL syntax; check the manual that corresponds to your MySQL server version for the right syntax to use near 'dec-1980)t1' at line 1
mysql> select * from (select hiredate from emp where date(hiredate)='21-dec-1980')t1;
ERROR 1525 (HY000): Incorrect DATE value: '21-dec-1980'
mysql> select * from (select hiredate from emp where date_format(hiredate, '%d%b%Y') ='21-dec-1980')t1;
Empty set (0.00 sec)

mysql> select * from (select hiredate from emp where date_format(hiredate, '%d%b%Y') >'1-jan-1981')t1;
+------------+
| hiredate   |
+------------+
| 1981-07-19 |
| 1981-07-19 |
| 1981-07-19 |
| 1981-07-19 |
| 1980-12-17 |
| 1981-12-31 |
| 1981-07-19 |
| 1981-02-20 |
| 1981-02-22 |
| 1981-09-28 |
| 1981-11-17 |
| 1983-01-12 |
| 1982-03-24 |
| 1980-02-14 |
| 1982-01-23 |
| 1980-02-14 |
| 1982-01-24 |
| 1981-07-19 |
| 1981-07-19 |
| 1981-07-19 |
+------------+
20 rows in set (0.00 sec)

mysql> select * from (select * from emp where date_format(hiredate, '%d%b%Y') >'1-jan-1981')t1;
+-------+----------+--------+---------------------+------+------------+------+------+--------+---------+--------------+------------+------------+----------+------+
| EMPNO | ENAME    | GENDER | JOB                 | MGR  | HIREDATE   | SAL  | COMM | DEPTNO | BONUSID | USER NAME    | PWD        | PHONE      | isActive | SrNO |
+-------+----------+--------+---------------------+------+------------+------+------+--------+---------+--------------+------------+------------+----------+------+
|  6001 | GITA     | F      | Compliance officers | 7920 | 1981-07-19 | 1750 | NULL |     30 |       1 | GITA         | sales@2017 | NULL       |        1 |    1 |
|  6129 | VRUSHALI | F      | Compliance officers | 7920 | 1981-07-19 | 1750 | NULL |     50 |       1 | VRUSHALI     | PUN@8877   | NULL       |        1 |    2 |
|  6473 | SHARMIN  | F      | Public Relation     | 7920 | 1981-07-19 | 1750 | NULL |     20 |       1 | SHARMIN      | a12recmpm  | NULL       |        1 |    3 |
|  6781 | BANDISH  | F      | Public Relation     | 7920 | 1981-07-19 | 1750 | NULL |     20 |       1 | BANDISH      | a12recmpm  | NULL       |        1 |    4 |
|  7369 | SMITH    | M      | CLERK               | 7902 | 1980-12-17 |  800 | NULL |     20 |       2 | TRITONE      | a12recmpm  | 7032300023 |        0 |    5 |
|  7415 | AARAV    | M      | CLERK               | 7902 | 1981-12-31 | 3350 | NULL |     10 |    NULL | AARAV        | NULL       | 7032300084 |        0 |    6 |
|  7421 | THOMAS   | M      | CLERK               | 7920 | 1981-07-19 | 1750 | NULL |     10 |       1 | THOMAS       | r50mpm     | 7032300011 |        0 |    7 |
|  7499 | ALLEN    | M      | SALESMAN            | 7698 | 1981-02-20 | 1600 |  300 |     30 |       4 | ALWAYS TESTE | sales@2017 | 7032300096 |        1 |    8 |
|  7521 | WARD     | M      | SALESMAN            | 7698 | 1981-02-22 | 1250 |  500 |     30 |       1 | WARD         | sales@2017 | 7132300034 |        1 |    9 |
|  7654 | MARTIN   | M      | SALESMAN            | 7698 | 1981-09-28 | 1250 | 1400 |     30 |       6 | LIFE RACER   | sales@2017 | 7132300050 |        1 |   11 |
|  7839 | KING     | M      | PRESIDENT           | NULL | 1981-11-17 | 5000 | NULL |     10 |       1 | KING         | r50mpm     | 7132300081 |        1 |   15 |
|  7876 | ADAMS    | M      | CLERK               | 7788 | 1983-01-12 | 1100 | NULL |     20 |       1 | CRAZY ANYONE | a12recmpm  | 7132300086 |        1 |   18 |
|  7919 | HOFFMAN  | M      | MANAGER             | 7566 | 1982-03-24 | 4150 | NULL |     30 |       3 | INTERVAL     | sales@2017 | NULL       |        1 |   21 |
|  7920 | GRASS    | M      | SALESMAN            | 7919 | 1980-02-14 | 2575 | 2700 |     30 |       5 | GRASS        | sales@2017 | NULL       |        1 |   22 |
|  7934 | MILLER   | M      | CLERK               | 7782 | 1982-01-23 | 1300 | NULL |     10 |       2 | QUARTERNOTE  | r50mpm     | 7132300055 |        0 |   23 |
|  7945 | AARUSH   | M      | SALESMAN            | 7902 | 1980-02-14 | 1350 | 2700 |     30 |    NULL | AARUSH       | ABCDEF     | NULL       |        0 |   24 |
|  7949 | ALEX     | M      | MANAGER             | 7698 | 1982-01-24 | 1250 |  500 |     30 |       5 | QUARTERREST  | sales@2017 | 7156567183 |        1 |   25 |
|  8433 | NATASHA  | F      | CLERK               | 7920 | 1981-07-19 | 1750 | NULL |     30 |       1 | NATASHA      | sales@2017 | NULL       |        1 |   26 |
|  9400 | SANGITA  | F      | Compliance officers | 7920 | 1981-07-19 | 1750 | NULL |     50 |       1 | SANGITA      | NULL       | NULL       |        1 |   27 |
|  9473 | SUPRIYA  | F      | ANALYST             | 7920 | 1981-07-19 | 1750 | NULL |     50 |       1 | SUPRIYA      | XYZ@1234   | NULL       |        1 |   28 |
+-------+----------+--------+---------------------+------+------------+------+------+--------+---------+--------------+------------+------------+----------+------+
20 rows in set (0.00 sec)

mysql> # 8.Display the Employee Code, Name, Job & Annual Salary for all Employees belonging to Department Number 10.
mysql>
mysql> select empno , ename , job , sal "Monthly Salary" , sal*12 "Annual Salary" from emp where deptno=10;
+-------+--------+-----------+----------------+---------------+
| empno | ename  | job       | Monthly Salary | Annual Salary |
+-------+--------+-----------+----------------+---------------+
|  7415 | AARAV  | CLERK     |           3350 |         40200 |
|  7421 | THOMAS | CLERK     |           1750 |         21000 |
|  7782 | CLARK  | MANAGER   |           2450 |         29400 |
|  7839 | KING   | PRESIDENT |           5000 |         60000 |
|  7934 | MILLER | CLERK     |           1300 |         15600 |
+-------+--------+-----------+----------------+---------------+
5 rows in set (0.00 sec)

mysql> select empno , ename , job , sal "Monthly Salary" , sal*12 "Annual Salary" , deptno from emp where deptno=10;
+-------+--------+-----------+----------------+---------------+--------+
| empno | ename  | job       | Monthly Salary | Annual Salary | deptno |
+-------+--------+-----------+----------------+---------------+--------+
|  7415 | AARAV  | CLERK     |           3350 |         40200 |     10 |
|  7421 | THOMAS | CLERK     |           1750 |         21000 |     10 |
|  7782 | CLARK  | MANAGER   |           2450 |         29400 |     10 |
|  7839 | KING   | PRESIDENT |           5000 |         60000 |     10 |
|  7934 | MILLER | CLERK     |           1300 |         15600 |     10 |
+-------+--------+-----------+----------------+---------------+--------+
5 rows in set (0.00 sec)

mysql> # 9.Display the details of the Employees who earn an Annual salary of more than 25000. Sort the records in the descending order of Salary.
mysql> select empno , ename , job , sal "Monthly Salary" , sal*12 "Annual Salary" , deptno from emp where sal*12 >25000 order by sal desc;
+-------+---------+----------------+----------------+---------------+--------+
| empno | ename   | job            | Monthly Salary | Annual Salary | deptno |
+-------+---------+----------------+----------------+---------------+--------+
|  7839 | KING    | PRESIDENT      |           5000 |         60000 |     10 |
|  7840 | FRED    | vice PRESIDENT |           5000 |         60000 |     20 |
|  7919 | HOFFMAN | MANAGER        |           4150 |         49800 |     30 |
|  7415 | AARAV   | CLERK          |           3350 |         40200 |     10 |
|  7788 | SCOTT   | ANALYST        |           3000 |         36000 |     20 |
|  7902 | zzz     | ANALYST        |           3000 |         36000 |     20 |
|  7566 | JONES   | MANAGER        |           2975 |         35700 |     20 |
|  7698 | BLAKE   | MANAGER        |           2850 |         34200 |     30 |
|  7920 | GRASS   | SALESMAN       |           2575 |         30900 |     30 |
|  7782 | CLARK   | MANAGER        |           2450 |         29400 |     10 |
+-------+---------+----------------+----------------+---------------+--------+
10 rows in set (0.00 sec)

mysql> select empno , ename , job , sal "Monthly Salary" , sal*12 "Annual Salary" , deptno from emp where sal*12 >25000 order by sal desc and deptno=10;
ERROR 1064 (42000): You have an error in your SQL syntax; check the manual that corresponds to your MySQL server version for the right syntax to use near 'and deptno=10' at line 1
mysql> select empno , ename , job , sal "Monthly Salary" , sal*12 "Annual Salary" , deptno from emp where sal*12 >25000 and deptno=10 order by sal desc ;
+-------+-------+-----------+----------------+---------------+--------+
| empno | ename | job       | Monthly Salary | Annual Salary | deptno |
+-------+-------+-----------+----------------+---------------+--------+
|  7839 | KING  | PRESIDENT |           5000 |         60000 |     10 |
|  7415 | AARAV | CLERK     |           3350 |         40200 |     10 |
|  7782 | CLARK | MANAGER   |           2450 |         29400 |     10 |
+-------+-------+-----------+----------------+---------------+--------+
3 rows in set (0.00 sec)

mysql> # 10.Display the names of Employees whose names contain the character "F"
mysql> select ename from emp where ename like '%f%';
+---------+
| ename   |
+---------+
| FRED    |
| HOFFMAN |
+---------+
2 rows in set (0.00 sec)

mysql> # 11.Display the Employee Code, Name, Job & Annual Salary for all Employees belonging to Department Number 10.
mysql> select empno , ename , job , sal "Monthly Salary" , sal*12 "Annual Salary" , deptno from emp where sal*12 >25000 order by sal desc and deptno=10;
ERROR 1064 (42000): You have an error in your SQL syntax; check the manual that corresponds to your MySQL server version for the right syntax to use near 'and deptno=10' at line 1
mysql> select empno , ename , job , sal "Monthly Salary" , sal*12 "Annual Salary" , deptno from emp where sal*12 >25000 and deptno=10 order by sal desc ;
+-------+-------+-----------+----------------+---------------+--------+
| empno | ename | job       | Monthly Salary | Annual Salary | deptno |
+-------+-------+-----------+----------------+---------------+--------+
|  7839 | KING  | PRESIDENT |           5000 |         60000 |     10 |
|  7415 | AARAV | CLERK     |           3350 |         40200 |     10 |
|  7782 | CLARK | MANAGER   |           2450 |         29400 |     10 |
+-------+-------+-----------+----------------+---------------+--------+
3 rows in set (0.00 sec)

mysql> # 12.Display the details of the Employees who earn an Annual salary of more than 25000. Sort the records in the descending order of Salary.
mysql> select * from emp where sal*12 >25000 and deptno=10 order by sal desc ;
+-------+-------+--------+-----------+------+------------+------+------+--------+---------+-----------+--------+------------+----------+------+
| EMPNO | ENAME | GENDER | JOB       | MGR  | HIREDATE   | SAL  | COMM | DEPTNO | BONUSID | USER NAME | PWD    | PHONE      | isActive | SrNO |
+-------+-------+--------+-----------+------+------------+------+------+--------+---------+-----------+--------+------------+----------+------+
|  7839 | KING  | M      | PRESIDENT | NULL | 1981-11-17 | 5000 | NULL |     10 |       1 | KING      | r50mpm | 7132300081 |        1 |   15 |
|  7415 | AARAV | M      | CLERK     | 7902 | 1981-12-31 | 3350 | NULL |     10 |    NULL | AARAV     | NULL   | 7032300084 |        0 |    6 |
|  7782 | CLARK | M      | MANAGER   | 7839 | 1981-06-09 | 2450 | NULL |     10 |       3 | CLARK     | r50mpm | 7032300001 |        1 |   13 |
+-------+-------+--------+-----------+------+------------+------+------+--------+---------+-----------+--------+------------+----------+------+
3 rows in set (0.00 sec)

mysql> select * from emp where sal*12 >25000 order by sal desc ;
+-------+---------+--------+----------------+------+------------+------+------+--------+---------+------------+------------+------------+----------+------+
| EMPNO | ENAME   | GENDER | JOB            | MGR  | HIREDATE   | SAL  | COMM | DEPTNO | BONUSID | USER NAME  | PWD        | PHONE      | isActive | SrNO |
+-------+---------+--------+----------------+------+------------+------+------+--------+---------+------------+------------+------------+----------+------+
|  7839 | KING    | M      | PRESIDENT      | NULL | 1981-11-17 | 5000 | NULL |     10 |       1 | KING       | r50mpm     | 7132300081 |        1 |   15 |
|  7840 | FRED    | M      | vice PRESIDENT | 7839 | 1983-08-09 | 5000 | NULL |     20 |       1 | SAND STONE | a12recmpm  | NULL       |        1 |   16 |
|  7919 | HOFFMAN | M      | MANAGER        | 7566 | 1982-03-24 | 4150 | NULL |     30 |       3 | INTERVAL   | sales@2017 | NULL       |        1 |   21 |
|  7415 | AARAV   | M      | CLERK          | 7902 | 1981-12-31 | 3350 | NULL |     10 |    NULL | AARAV      | NULL       | 7032300084 |        0 |    6 |
|  7788 | SCOTT   | M      | ANALYST        | 7766 | 1982-12-09 | 3000 | NULL |     20 |       3 | WHITE SAND | a12recmpm  | NULL       |        1 |   14 |
|  7902 | zzz     | M      | ANALYST        | 7566 | 1981-12-03 | 3000 | NULL |     20 |       4 | CONBRIO    | a12recmpm  | NULL       |        0 |   20 |
|  7566 | JONES   | M      | MANAGER        | 7839 | 1981-04-02 | 2975 | NULL |     20 |       4 | HONEYCOMB  | a12recmpm  | 7132300039 |        1 |   10 |
|  7698 | BLAKE   | M      | MANAGER        | 7839 | 1981-05-01 | 2850 | NULL |     30 |       1 | BIG BEN    | sales@2017 | 7132300027 |        1 |   12 |
|  7920 | GRASS   | M      | SALESMAN       | 7919 | 1980-02-14 | 2575 | 2700 |     30 |       5 | GRASS      | sales@2017 | NULL       |        1 |   22 |
|  7782 | CLARK   | M      | MANAGER        | 7839 | 1981-06-09 | 2450 | NULL |     10 |       3 | CLARK      | r50mpm     | 7032300001 |        1 |   13 |
+-------+---------+--------+----------------+------+------------+------+------+--------+---------+------------+------------+------------+----------+------+
10 rows in set (0.00 sec)

mysql> # 13.Display the names of Employees whose names contain the character "F".
mysql> select ename from emp where ename like '%f%';
+---------+
| ename   |
+---------+
| FRED    |
| HOFFMAN |
+---------+
2 rows in set (0.00 sec)

mysql> select * from emp where ename like '%f%';
+-------+---------+--------+----------------+------+------------+------+------+--------+---------+------------+------------+-------+----------+------+
| EMPNO | ENAME   | GENDER | JOB            | MGR  | HIREDATE   | SAL  | COMM | DEPTNO | BONUSID | USER NAME  | PWD        | PHONE | isActive | SrNO |
+-------+---------+--------+----------------+------+------------+------+------+--------+---------+------------+------------+-------+----------+------+
|  7840 | FRED    | M      | vice PRESIDENT | 7839 | 1983-08-09 | 5000 | NULL |     20 |       1 | SAND STONE | a12recmpm  | NULL  |        1 |   16 |
|  7919 | HOFFMAN | M      | MANAGER        | 7566 | 1982-03-24 | 4150 | NULL |     30 |       3 | INTERVAL   | sales@2017 | NULL  |        1 |   21 |
+-------+---------+--------+----------------+------+------------+------+------+--------+---------+------------+------------+-------+----------+------+
2 rows in set (0.00 sec)

mysql> # 14.Display the Names and Numbers of all Departments in the descending order of the Department Names
mysql> select ename , deptno from emp order by ename dec and order by deptno desc;
ERROR 1064 (42000): You have an error in your SQL syntax; check the manual that corresponds to your MySQL server version for the right syntax to use near 'dec and order by deptno desc' at line 1
mysql> select ename , deptno from emp order by ename desc and order by deptno desc;
ERROR 1064 (42000): You have an error in your SQL syntax; check the manual that corresponds to your MySQL server version for the right syntax to use near 'and order by deptno desc' at line 1
mysql> select ename , deptno from emp order by ename desc;
+----------+--------+
| ename    | deptno |
+----------+--------+
| zzz      |     20 |
| WARD     |     30 |
| VRUSHALI |     50 |
| TURNER   |     30 |
| THOMAS   |     10 |
| SUPRIYA  |     50 |
| SMITH    |     20 |
| SHARMIN  |     20 |
| SCOTT    |     20 |
| SANGITA  |     50 |
| NATASHA  |     30 |
| MILLER   |     10 |
| MARTIN   |     30 |
| KING     |     10 |
| JONES    |     20 |
| JAMES    |     30 |
| HOFFMAN  |     30 |
| GRASS    |     30 |
| GITA     |     30 |
| FRED     |     20 |
| CLARK    |     10 |
| BLAKE    |     30 |
| BANDISH  |     20 |
| ALLEN    |     30 |
| ALEX     |     30 |
| ADAMS    |     20 |
| AARUSH   |     30 |
| AARAV    |     10 |
+----------+--------+
28 rows in set (0.00 sec)

mysql> select ename , deptno from emp order by ename desc and deptno desc;
ERROR 1064 (42000): You have an error in your SQL syntax; check the manual that corresponds to your MySQL server version for the right syntax to use near 'and deptno desc' at line 1
mysql> select ename , deptno from emp order by ename desc , deptno desc;
+----------+--------+
| ename    | deptno |
+----------+--------+
| zzz      |     20 |
| WARD     |     30 |
| VRUSHALI |     50 |
| TURNER   |     30 |
| THOMAS   |     10 |
| SUPRIYA  |     50 |
| SMITH    |     20 |
| SHARMIN  |     20 |
| SCOTT    |     20 |
| SANGITA  |     50 |
| NATASHA  |     30 |
| MILLER   |     10 |
| MARTIN   |     30 |
| KING     |     10 |
| JONES    |     20 |
| JAMES    |     30 |
| HOFFMAN  |     30 |
| GRASS    |     30 |
| GITA     |     30 |
| FRED     |     20 |
| CLARK    |     10 |
| BLAKE    |     30 |
| BANDISH  |     20 |
| ALLEN    |     30 |
| ALEX     |     30 |
| ADAMS    |     20 |
| AARUSH   |     30 |
| AARAV    |     10 |
+----------+--------+
28 rows in set (0.00 sec)

mysql> select ename , deptno from emp order by ename desc , order by deptno desc;
ERROR 1064 (42000): You have an error in your SQL syntax; check the manual that corresponds to your MySQL server version for the right syntax to use near 'order by deptno desc' at line 1
mysql> select ename , deptno from emp order by ename , order by deptno desc;
ERROR 1064 (42000): You have an error in your SQL syntax; check the manual that corresponds to your MySQL server version for the right syntax to use near 'order by deptno desc' at line 1
mysql> select ename , deptno from emp order by ename , deptno desc;
+----------+--------+
| ename    | deptno |
+----------+--------+
| AARAV    |     10 |
| AARUSH   |     30 |
| ADAMS    |     20 |
| ALEX     |     30 |
| ALLEN    |     30 |
| BANDISH  |     20 |
| BLAKE    |     30 |
| CLARK    |     10 |
| FRED     |     20 |
| GITA     |     30 |
| GRASS    |     30 |
| HOFFMAN  |     30 |
| JAMES    |     30 |
| JONES    |     20 |
| KING     |     10 |
| MARTIN   |     30 |
| MILLER   |     10 |
| NATASHA  |     30 |
| SANGITA  |     50 |
| SCOTT    |     20 |
| SHARMIN  |     20 |
| SMITH    |     20 |
| SUPRIYA  |     50 |
| THOMAS   |     10 |
| TURNER   |     30 |
| VRUSHALI |     50 |
| WARD     |     30 |
| zzz      |     20 |
+----------+--------+
28 rows in set (0.00 sec)

mysql> select ename , deptno from emp order by ename desc, deptno desc;
+----------+--------+
| ename    | deptno |
+----------+--------+
| zzz      |     20 |
| WARD     |     30 |
| VRUSHALI |     50 |
| TURNER   |     30 |
| THOMAS   |     10 |
| SUPRIYA  |     50 |
| SMITH    |     20 |
| SHARMIN  |     20 |
| SCOTT    |     20 |
| SANGITA  |     50 |
| NATASHA  |     30 |
| MILLER   |     10 |
| MARTIN   |     30 |
| KING     |     10 |
| JONES    |     20 |
| JAMES    |     30 |
| HOFFMAN  |     30 |
| GRASS    |     30 |
| GITA     |     30 |
| FRED     |     20 |
| CLARK    |     10 |
| BLAKE    |     30 |
| BANDISH  |     20 |
| ALLEN    |     30 |
| ALEX     |     30 |
| ADAMS    |     20 |
| AARUSH   |     30 |
| AARAV    |     10 |
+----------+--------+
28 rows in set (0.00 sec)

mysql> # 15.Display the Name, Employee Number, Designation and Salary of those Employees who earn a monthly salary of not less than 1000 and not more than 2000
mysql> select ename ,denme ,  deptno from emp order by dename desc;
ERROR 1054 (42S22): Unknown column 'denme' in 'field list'
mysql> select ename ,dename ,  deptno from emp order by dename desc;
ERROR 1054 (42S22): Unknown column 'dename' in 'field list'
mysql> select ename ,dname ,  deptno from emp order by dename desc;
ERROR 1054 (42S22): Unknown column 'dname' in 'field list'
mysql> select ename ,dname ,  deptno from emp order by dname desc;
ERROR 1054 (42S22): Unknown column 'dname' in 'field list'
mysql> select ename ,dname ,  emp.deptno from emp order by dname desc;
ERROR 1054 (42S22): Unknown column 'dname' in 'field list'
mysql> select dname ,deptno from dept order by dname desc;
+------------+--------+
| dname      | deptno |
+------------+--------+
| SALES      |     30 |
| RESEARCH   |     20 |
| OPERATIONS |     40 |
| HR         |     50 |
| ACCOUNTING |     10 |
+------------+--------+
5 rows in set (0.01 sec)

mysql> select ename , dname ,emp.deptno from emp,dept order by dname desc;
+----------+------------+--------+
| ename    | dname      | deptno |
+----------+------------+--------+
| BANDISH  | SALES      |     20 |
| SANGITA  | SALES      |     50 |
| GITA     | SALES      |     30 |
| AARAV    | SALES      |     10 |
| ALLEN    | SALES      |     30 |
| BLAKE    | SALES      |     30 |
| NATASHA  | SALES      |     30 |
| VRUSHALI | SALES      |     50 |
| JONES    | SALES      |     20 |
| JAMES    | SALES      |     30 |
| WARD     | SALES      |     30 |
| AARUSH   | SALES      |     30 |
| SHARMIN  | SALES      |     20 |
| CLARK    | SALES      |     10 |
| MILLER   | SALES      |     10 |
| ADAMS    | SALES      |     20 |
| GRASS    | SALES      |     30 |
| THOMAS   | SALES      |     10 |
| FRED     | SALES      |     20 |
| TURNER   | SALES      |     30 |
| KING     | SALES      |     10 |
| ALEX     | SALES      |     30 |
| SMITH    | SALES      |     20 |
| MARTIN   | SALES      |     30 |
| HOFFMAN  | SALES      |     30 |
| zzz      | SALES      |     20 |
| SCOTT    | SALES      |     20 |
| SUPRIYA  | SALES      |     50 |
| JAMES    | RESEARCH   |     30 |
| VRUSHALI | RESEARCH   |     50 |
| SHARMIN  | RESEARCH   |     20 |
| KING     | RESEARCH   |     10 |
| MARTIN   | RESEARCH   |     30 |
| BANDISH  | RESEARCH   |     20 |
| ADAMS    | RESEARCH   |     20 |
| SCOTT    | RESEARCH   |     20 |
| SMITH    | RESEARCH   |     20 |
| AARAV    | RESEARCH   |     10 |
| TURNER   | RESEARCH   |     30 |
| THOMAS   | RESEARCH   |     10 |
| CLARK    | RESEARCH   |     10 |
| ALLEN    | RESEARCH   |     30 |
| BLAKE    | RESEARCH   |     30 |
| WARD     | RESEARCH   |     30 |
| FRED     | RESEARCH   |     20 |
| JONES    | RESEARCH   |     20 |
| zzz      | RESEARCH   |     20 |
| HOFFMAN  | RESEARCH   |     30 |
| GRASS    | RESEARCH   |     30 |
| MILLER   | RESEARCH   |     10 |
| AARUSH   | RESEARCH   |     30 |
| SUPRIYA  | RESEARCH   |     50 |
| ALEX     | RESEARCH   |     30 |
| NATASHA  | RESEARCH   |     30 |
| SANGITA  | RESEARCH   |     50 |
| GITA     | RESEARCH   |     30 |
| BLAKE    | OPERATIONS |     30 |
| zzz      | OPERATIONS |     20 |
| CLARK    | OPERATIONS |     10 |
| JONES    | OPERATIONS |     20 |
| HOFFMAN  | OPERATIONS |     30 |
| ADAMS    | OPERATIONS |     20 |
| WARD     | OPERATIONS |     30 |
| SMITH    | OPERATIONS |     20 |
| GRASS    | OPERATIONS |     30 |
| BANDISH  | OPERATIONS |     20 |
| KING     | OPERATIONS |     10 |
| MILLER   | OPERATIONS |     10 |
| JAMES    | OPERATIONS |     30 |
| TURNER   | OPERATIONS |     30 |
| AARUSH   | OPERATIONS |     30 |
| SHARMIN  | OPERATIONS |     20 |
| SCOTT    | OPERATIONS |     20 |
| MARTIN   | OPERATIONS |     30 |
| ALLEN    | OPERATIONS |     30 |
| NATASHA  | OPERATIONS |     30 |
| VRUSHALI | OPERATIONS |     50 |
| THOMAS   | OPERATIONS |     10 |
| SANGITA  | OPERATIONS |     50 |
| GITA     | OPERATIONS |     30 |
| FRED     | OPERATIONS |     20 |
| SUPRIYA  | OPERATIONS |     50 |
| AARAV    | OPERATIONS |     10 |
| ALEX     | OPERATIONS |     30 |
| ALLEN    | HR         |     30 |
| WARD     | HR         |     30 |
| JONES    | HR         |     20 |
| MARTIN   | HR         |     30 |
| MILLER   | HR         |     10 |
| BLAKE    | HR         |     30 |
| CLARK    | HR         |     10 |
| SCOTT    | HR         |     20 |
| AARUSH   | HR         |     30 |
| GITA     | HR         |     30 |
| FRED     | HR         |     20 |
| TURNER   | HR         |     30 |
| ALEX     | HR         |     30 |
| ADAMS    | HR         |     20 |
| GRASS    | HR         |     30 |
| KING     | HR         |     10 |
| NATASHA  | HR         |     30 |
| JAMES    | HR         |     30 |
| zzz      | HR         |     20 |
| VRUSHALI | HR         |     50 |
| SANGITA  | HR         |     50 |
| SHARMIN  | HR         |     20 |
| BANDISH  | HR         |     20 |
| HOFFMAN  | HR         |     30 |
| SUPRIYA  | HR         |     50 |
| SMITH    | HR         |     20 |
| AARAV    | HR         |     10 |
| THOMAS   | HR         |     10 |
| SCOTT    | ACCOUNTING |     20 |
| SHARMIN  | ACCOUNTING |     20 |
| MILLER   | ACCOUNTING |     10 |
| VRUSHALI | ACCOUNTING |     50 |
| GITA     | ACCOUNTING |     30 |
| JAMES    | ACCOUNTING |     30 |
| MARTIN   | ACCOUNTING |     30 |
| AARUSH   | ACCOUNTING |     30 |
| JONES    | ACCOUNTING |     20 |
| WARD     | ACCOUNTING |     30 |
| FRED     | ACCOUNTING |     20 |
| zzz      | ACCOUNTING |     20 |
| ALEX     | ACCOUNTING |     30 |
| CLARK    | ACCOUNTING |     10 |
| ALLEN    | ACCOUNTING |     30 |
| THOMAS   | ACCOUNTING |     10 |
| AARAV    | ACCOUNTING |     10 |
| NATASHA  | ACCOUNTING |     30 |
| HOFFMAN  | ACCOUNTING |     30 |
| TURNER   | ACCOUNTING |     30 |
| BLAKE    | ACCOUNTING |     30 |
| SMITH    | ACCOUNTING |     20 |
| SANGITA  | ACCOUNTING |     50 |
| KING     | ACCOUNTING |     10 |
| GRASS    | ACCOUNTING |     30 |
| BANDISH  | ACCOUNTING |     20 |
| ADAMS    | ACCOUNTING |     20 |
| SUPRIYA  | ACCOUNTING |     50 |
+----------+------------+--------+
140 rows in set (0.00 sec)

mysql> select empno,ename,job ,sal from emp where sal > any(select sal from emp where sal in(1000,2000));
Empty set (0.01 sec)

mysql> select empno,ename,job ,sal from emp where sal > any(select sal from emp where sal in(min(sal),max(sal)));
ERROR 1111 (HY000): Invalid use of group function
mysql> select empno,ename,job ,sal from emp where sal < any(select sal from emp where sal in(1000,2000));
Empty set (0.00 sec)

mysql> select empno,ename,job ,sal from emp where sal < any(select sal from emp where sal in('1000','2000'));
Empty set (0.00 sec)

mysql> select empno,ename,job ,sal from emp where sal > any(select sal from emp where sal in('1000','2000'));
Empty set (0.00 sec)

mysql> select empno,ename,job ,sal from emp where sal >1000 and sal<2000 ;
+-------+----------+---------------------+------+
| empno | ename    | job                 | sal  |
+-------+----------+---------------------+------+
|  6001 | GITA     | Compliance officers | 1750 |
|  6129 | VRUSHALI | Compliance officers | 1750 |
|  6473 | SHARMIN  | Public Relation     | 1750 |
|  6781 | BANDISH  | Public Relation     | 1750 |
|  7421 | THOMAS   | CLERK               | 1750 |
|  7499 | ALLEN    | SALESMAN            | 1600 |
|  7521 | WARD     | SALESMAN            | 1250 |
|  7654 | MARTIN   | SALESMAN            | 1250 |
|  7844 | TURNER   | SALESMAN            | 1500 |
|  7876 | ADAMS    | CLERK               | 1100 |
|  7934 | MILLER   | CLERK               | 1300 |
|  7945 | AARUSH   | SALESMAN            | 1350 |
|  7949 | ALEX     | MANAGER             | 1250 |
|  8433 | NATASHA  | CLERK               | 1750 |
|  9400 | SANGITA  | Compliance officers | 1750 |
|  9473 | SUPRIYA  | ANALYST             | 1750 |
+-------+----------+---------------------+------+
16 rows in set (0.00 sec)

mysql> # 15.Display the Name, Employee Number, Designation and Salary of those Employees who earn a monthly salary of not less than 1000 and not more than 2000
mysql> select empno,ename,job ,sal from emp where sal >1000 and sal<2000 ;
+-------+----------+---------------------+------+
| empno | ename    | job                 | sal  |
+-------+----------+---------------------+------+
|  6001 | GITA     | Compliance officers | 1750 |
|  6129 | VRUSHALI | Compliance officers | 1750 |
|  6473 | SHARMIN  | Public Relation     | 1750 |
|  6781 | BANDISH  | Public Relation     | 1750 |
|  7421 | THOMAS   | CLERK               | 1750 |
|  7499 | ALLEN    | SALESMAN            | 1600 |
|  7521 | WARD     | SALESMAN            | 1250 |
|  7654 | MARTIN   | SALESMAN            | 1250 |
|  7844 | TURNER   | SALESMAN            | 1500 |
|  7876 | ADAMS    | CLERK               | 1100 |
|  7934 | MILLER   | CLERK               | 1300 |
|  7945 | AARUSH   | SALESMAN            | 1350 |
|  7949 | ALEX     | MANAGER             | 1250 |
|  8433 | NATASHA  | CLERK               | 1750 |
|  9400 | SANGITA  | Compliance officers | 1750 |
|  9473 | SUPRIYA  | ANALYST             | 1750 |
+-------+----------+---------------------+------+
16 rows in set (0.00 sec)

mysql>
mysql> select empno,ename,job ,sal from emp where sal in(1000,2000) ;
Empty set (0.00 sec)

mysql> select empno,ename,job ,sal from emp where sal between sal=1000 and sal=2000) ;
ERROR 1064 (42000): You have an error in your SQL syntax; check the manual that corresponds to your MySQL server version for the right syntax to use near '=1000 and sal=2000)' at line 1
mysql> select empno,ename,job ,sal from emp where sal between 1000 and 2000) ;
ERROR 1064 (42000): You have an error in your SQL syntax; check the manual that corresponds to your MySQL server version for the right syntax to use near ')' at line 1
mysql> select empno,ename,job ,sal from emp where sal between (1000 ,2000)) ;
ERROR 1064 (42000): You have an error in your SQL syntax; check the manual that corresponds to your MySQL server version for the right syntax to use near ')' at line 1
mysql> select empno,ename,job ,sal from emp where sal between (1000 ,2000) ;
ERROR 1064 (42000): You have an error in your SQL syntax; check the manual that corresponds to your MySQL server version for the right syntax to use near '' at line 1
mysql> select empno,ename,job ,sal from emp where sal between (1000 and 2000) ;
ERROR 1064 (42000): You have an error in your SQL syntax; check the manual that corresponds to your MySQL server version for the right syntax to use near '' at line 1
mysql> select empno,ename,job ,sal from emp where  between sal= 1000 and sal= 2000 ;
ERROR 1064 (42000): You have an error in your SQL syntax; check the manual that corresponds to your MySQL server version for the right syntax to use near 'between sal= 1000 and sal= 2000' at line 1
mysql> select empno,ename,job ,sal from emp where sal between sal= 1000 and sal= 2000 ;
ERROR 1064 (42000): You have an error in your SQL syntax; check the manual that corresponds to your MySQL server version for the right syntax to use near '= 1000 and sal= 2000' at line 1
mysql> select empno,ename,job ,sal from emp where sal between (sal= 1000 and sal= 2000) ;
ERROR 1064 (42000): You have an error in your SQL syntax; check the manual that corresponds to your MySQL server version for the right syntax to use near '' at line 1
mysql> # 16.Find out the Bonus (Bonus 1.1% of Annual Salary) that every person will receive at the end of the year.
mysql> table bonus;
+----+------+
| ID | RATE |
+----+------+
|  1 |  0.5 |
|  2 | 0.75 |
|  3 | 0.25 |
|  4 | 0.15 |
|  5 | 0.55 |
|  6 | 0.54 |
|  7 | 0.34 |
|  8 | 0.14 |
|  9 | 0.27 |
| 10 | 0.32 |
+----+------+
10 rows in set (0.02 sec)

mysql> select ename . job ,sal ,sal*12+sal*.01 Bonus from emp ;
ERROR 1054 (42S22): Unknown column 'ename.job' in 'field list'
mysql> select ename , job ,sal ,(sal*12+sal*.01) Bonus from emp ;
+----------+---------------------+------+----------+
| ename    | job                 | sal  | Bonus    |
+----------+---------------------+------+----------+
| GITA     | Compliance officers | 1750 | 21017.50 |
| VRUSHALI | Compliance officers | 1750 | 21017.50 |
| SHARMIN  | Public Relation     | 1750 | 21017.50 |
| BANDISH  | Public Relation     | 1750 | 21017.50 |
| SMITH    | CLERK               |  800 |  9608.00 |
| AARAV    | CLERK               | 3350 | 40233.50 |
| THOMAS   | CLERK               | 1750 | 21017.50 |
| ALLEN    | SALESMAN            | 1600 | 19216.00 |
| WARD     | SALESMAN            | 1250 | 15012.50 |
| JONES    | MANAGER             | 2975 | 35729.75 |
| MARTIN   | SALESMAN            | 1250 | 15012.50 |
| BLAKE    | MANAGER             | 2850 | 34228.50 |
| CLARK    | MANAGER             | 2450 | 29424.50 |
| SCOTT    | ANALYST             | 3000 | 36030.00 |
| KING     | PRESIDENT           | 5000 | 60050.00 |
| FRED     | vice PRESIDENT      | 5000 | 60050.00 |
| TURNER   | SALESMAN            | 1500 | 18015.00 |
| ADAMS    | CLERK               | 1100 | 13211.00 |
| JAMES    | CLERK               |  950 | 11409.50 |
| zzz      | ANALYST             | 3000 | 36030.00 |
| HOFFMAN  | MANAGER             | 4150 | 49841.50 |
| GRASS    | SALESMAN            | 2575 | 30925.75 |
| MILLER   | CLERK               | 1300 | 15613.00 |
| AARUSH   | SALESMAN            | 1350 | 16213.50 |
| ALEX     | MANAGER             | 1250 | 15012.50 |
| NATASHA  | CLERK               | 1750 | 21017.50 |
| SANGITA  | Compliance officers | 1750 | 21017.50 |
| SUPRIYA  | ANALYST             | 1750 | 21017.50 |
+----------+---------------------+------+----------+
28 rows in set (0.00 sec)

mysql> select ename , job ,sal ,sal*12 'Yearly salary',(sal*12+sal*.01) Bonus from emp ;
+----------+---------------------+------+---------------+----------+
| ename    | job                 | sal  | Yearly salary | Bonus    |
+----------+---------------------+------+---------------+----------+
| GITA     | Compliance officers | 1750 |         21000 | 21017.50 |
| VRUSHALI | Compliance officers | 1750 |         21000 | 21017.50 |
| SHARMIN  | Public Relation     | 1750 |         21000 | 21017.50 |
| BANDISH  | Public Relation     | 1750 |         21000 | 21017.50 |
| SMITH    | CLERK               |  800 |          9600 |  9608.00 |
| AARAV    | CLERK               | 3350 |         40200 | 40233.50 |
| THOMAS   | CLERK               | 1750 |         21000 | 21017.50 |
| ALLEN    | SALESMAN            | 1600 |         19200 | 19216.00 |
| WARD     | SALESMAN            | 1250 |         15000 | 15012.50 |
| JONES    | MANAGER             | 2975 |         35700 | 35729.75 |
| MARTIN   | SALESMAN            | 1250 |         15000 | 15012.50 |
| BLAKE    | MANAGER             | 2850 |         34200 | 34228.50 |
| CLARK    | MANAGER             | 2450 |         29400 | 29424.50 |
| SCOTT    | ANALYST             | 3000 |         36000 | 36030.00 |
| KING     | PRESIDENT           | 5000 |         60000 | 60050.00 |
| FRED     | vice PRESIDENT      | 5000 |         60000 | 60050.00 |
| TURNER   | SALESMAN            | 1500 |         18000 | 18015.00 |
| ADAMS    | CLERK               | 1100 |         13200 | 13211.00 |
| JAMES    | CLERK               |  950 |         11400 | 11409.50 |
| zzz      | ANALYST             | 3000 |         36000 | 36030.00 |
| HOFFMAN  | MANAGER             | 4150 |         49800 | 49841.50 |
| GRASS    | SALESMAN            | 2575 |         30900 | 30925.75 |
| MILLER   | CLERK               | 1300 |         15600 | 15613.00 |
| AARUSH   | SALESMAN            | 1350 |         16200 | 16213.50 |
| ALEX     | MANAGER             | 1250 |         15000 | 15012.50 |
| NATASHA  | CLERK               | 1750 |         21000 | 21017.50 |
| SANGITA  | Compliance officers | 1750 |         21000 | 21017.50 |
| SUPRIYA  | ANALYST             | 1750 |         21000 | 21017.50 |
+----------+---------------------+------+---------------+----------+
28 rows in set (0.00 sec)

mysql> select ename , job ,sal ,sal*12 'Yearly salary',(sal*12+sal*1.1/100) Bonus from emp ;
+----------+---------------------+------+---------------+-------------+
| ename    | job                 | sal  | Yearly salary | Bonus       |
+----------+---------------------+------+---------------+-------------+
| GITA     | Compliance officers | 1750 |         21000 | 21019.25000 |
| VRUSHALI | Compliance officers | 1750 |         21000 | 21019.25000 |
| SHARMIN  | Public Relation     | 1750 |         21000 | 21019.25000 |
| BANDISH  | Public Relation     | 1750 |         21000 | 21019.25000 |
| SMITH    | CLERK               |  800 |          9600 |  9608.80000 |
| AARAV    | CLERK               | 3350 |         40200 | 40236.85000 |
| THOMAS   | CLERK               | 1750 |         21000 | 21019.25000 |
| ALLEN    | SALESMAN            | 1600 |         19200 | 19217.60000 |
| WARD     | SALESMAN            | 1250 |         15000 | 15013.75000 |
| JONES    | MANAGER             | 2975 |         35700 | 35732.72500 |
| MARTIN   | SALESMAN            | 1250 |         15000 | 15013.75000 |
| BLAKE    | MANAGER             | 2850 |         34200 | 34231.35000 |
| CLARK    | MANAGER             | 2450 |         29400 | 29426.95000 |
| SCOTT    | ANALYST             | 3000 |         36000 | 36033.00000 |
| KING     | PRESIDENT           | 5000 |         60000 | 60055.00000 |
| FRED     | vice PRESIDENT      | 5000 |         60000 | 60055.00000 |
| TURNER   | SALESMAN            | 1500 |         18000 | 18016.50000 |
| ADAMS    | CLERK               | 1100 |         13200 | 13212.10000 |
| JAMES    | CLERK               |  950 |         11400 | 11410.45000 |
| zzz      | ANALYST             | 3000 |         36000 | 36033.00000 |
| HOFFMAN  | MANAGER             | 4150 |         49800 | 49845.65000 |
| GRASS    | SALESMAN            | 2575 |         30900 | 30928.32500 |
| MILLER   | CLERK               | 1300 |         15600 | 15614.30000 |
| AARUSH   | SALESMAN            | 1350 |         16200 | 16214.85000 |
| ALEX     | MANAGER             | 1250 |         15000 | 15013.75000 |
| NATASHA  | CLERK               | 1750 |         21000 | 21019.25000 |
| SANGITA  | Compliance officers | 1750 |         21000 | 21019.25000 |
| SUPRIYA  | ANALYST             | 1750 |         21000 | 21019.25000 |
+----------+---------------------+------+---------------+-------------+
28 rows in set (0.00 sec)

mysql> select ename , job ,sal ,sal*12 'Yearly salary',(sal*1.1/100) Bonus from emp ;
+----------+---------------------+------+---------------+----------+
| ename    | job                 | sal  | Yearly salary | Bonus    |
+----------+---------------------+------+---------------+----------+
| GITA     | Compliance officers | 1750 |         21000 | 19.25000 |
| VRUSHALI | Compliance officers | 1750 |         21000 | 19.25000 |
| SHARMIN  | Public Relation     | 1750 |         21000 | 19.25000 |
| BANDISH  | Public Relation     | 1750 |         21000 | 19.25000 |
| SMITH    | CLERK               |  800 |          9600 |  8.80000 |
| AARAV    | CLERK               | 3350 |         40200 | 36.85000 |
| THOMAS   | CLERK               | 1750 |         21000 | 19.25000 |
| ALLEN    | SALESMAN            | 1600 |         19200 | 17.60000 |
| WARD     | SALESMAN            | 1250 |         15000 | 13.75000 |
| JONES    | MANAGER             | 2975 |         35700 | 32.72500 |
| MARTIN   | SALESMAN            | 1250 |         15000 | 13.75000 |
| BLAKE    | MANAGER             | 2850 |         34200 | 31.35000 |
| CLARK    | MANAGER             | 2450 |         29400 | 26.95000 |
| SCOTT    | ANALYST             | 3000 |         36000 | 33.00000 |
| KING     | PRESIDENT           | 5000 |         60000 | 55.00000 |
| FRED     | vice PRESIDENT      | 5000 |         60000 | 55.00000 |
| TURNER   | SALESMAN            | 1500 |         18000 | 16.50000 |
| ADAMS    | CLERK               | 1100 |         13200 | 12.10000 |
| JAMES    | CLERK               |  950 |         11400 | 10.45000 |
| zzz      | ANALYST             | 3000 |         36000 | 33.00000 |
| HOFFMAN  | MANAGER             | 4150 |         49800 | 45.65000 |
| GRASS    | SALESMAN            | 2575 |         30900 | 28.32500 |
| MILLER   | CLERK               | 1300 |         15600 | 14.30000 |
| AARUSH   | SALESMAN            | 1350 |         16200 | 14.85000 |
| ALEX     | MANAGER             | 1250 |         15000 | 13.75000 |
| NATASHA  | CLERK               | 1750 |         21000 | 19.25000 |
| SANGITA  | Compliance officers | 1750 |         21000 | 19.25000 |
| SUPRIYA  | ANALYST             | 1750 |         21000 | 19.25000 |
+----------+---------------------+------+---------------+----------+
28 rows in set (0.00 sec)

mysql> select ename , job ,sal ,sal*12 'Yearly salary',(sal*12*1.1/100) Bonus from emp ;
+----------+---------------------+------+---------------+-----------+
| ename    | job                 | sal  | Yearly salary | Bonus     |
+----------+---------------------+------+---------------+-----------+
| GITA     | Compliance officers | 1750 |         21000 | 231.00000 |
| VRUSHALI | Compliance officers | 1750 |         21000 | 231.00000 |
| SHARMIN  | Public Relation     | 1750 |         21000 | 231.00000 |
| BANDISH  | Public Relation     | 1750 |         21000 | 231.00000 |
| SMITH    | CLERK               |  800 |          9600 | 105.60000 |
| AARAV    | CLERK               | 3350 |         40200 | 442.20000 |
| THOMAS   | CLERK               | 1750 |         21000 | 231.00000 |
| ALLEN    | SALESMAN            | 1600 |         19200 | 211.20000 |
| WARD     | SALESMAN            | 1250 |         15000 | 165.00000 |
| JONES    | MANAGER             | 2975 |         35700 | 392.70000 |
| MARTIN   | SALESMAN            | 1250 |         15000 | 165.00000 |
| BLAKE    | MANAGER             | 2850 |         34200 | 376.20000 |
| CLARK    | MANAGER             | 2450 |         29400 | 323.40000 |
| SCOTT    | ANALYST             | 3000 |         36000 | 396.00000 |
| KING     | PRESIDENT           | 5000 |         60000 | 660.00000 |
| FRED     | vice PRESIDENT      | 5000 |         60000 | 660.00000 |
| TURNER   | SALESMAN            | 1500 |         18000 | 198.00000 |
| ADAMS    | CLERK               | 1100 |         13200 | 145.20000 |
| JAMES    | CLERK               |  950 |         11400 | 125.40000 |
| zzz      | ANALYST             | 3000 |         36000 | 396.00000 |
| HOFFMAN  | MANAGER             | 4150 |         49800 | 547.80000 |
| GRASS    | SALESMAN            | 2575 |         30900 | 339.90000 |
| MILLER   | CLERK               | 1300 |         15600 | 171.60000 |
| AARUSH   | SALESMAN            | 1350 |         16200 | 178.20000 |
| ALEX     | MANAGER             | 1250 |         15000 | 165.00000 |
| NATASHA  | CLERK               | 1750 |         21000 | 231.00000 |
| SANGITA  | Compliance officers | 1750 |         21000 | 231.00000 |
| SUPRIYA  | ANALYST             | 1750 |         21000 | 231.00000 |
+----------+---------------------+------+---------------+-----------+
28 rows in set (0.00 sec)

mysql> select ename , job ,sal ,sal*12 'Yearly salary',(sal*12*.011) Bonus from emp ;
+----------+---------------------+------+---------------+---------+
| ename    | job                 | sal  | Yearly salary | Bonus   |
+----------+---------------------+------+---------------+---------+
| GITA     | Compliance officers | 1750 |         21000 | 231.000 |
| VRUSHALI | Compliance officers | 1750 |         21000 | 231.000 |
| SHARMIN  | Public Relation     | 1750 |         21000 | 231.000 |
| BANDISH  | Public Relation     | 1750 |         21000 | 231.000 |
| SMITH    | CLERK               |  800 |          9600 | 105.600 |
| AARAV    | CLERK               | 3350 |         40200 | 442.200 |
| THOMAS   | CLERK               | 1750 |         21000 | 231.000 |
| ALLEN    | SALESMAN            | 1600 |         19200 | 211.200 |
| WARD     | SALESMAN            | 1250 |         15000 | 165.000 |
| JONES    | MANAGER             | 2975 |         35700 | 392.700 |
| MARTIN   | SALESMAN            | 1250 |         15000 | 165.000 |
| BLAKE    | MANAGER             | 2850 |         34200 | 376.200 |
| CLARK    | MANAGER             | 2450 |         29400 | 323.400 |
| SCOTT    | ANALYST             | 3000 |         36000 | 396.000 |
| KING     | PRESIDENT           | 5000 |         60000 | 660.000 |
| FRED     | vice PRESIDENT      | 5000 |         60000 | 660.000 |
| TURNER   | SALESMAN            | 1500 |         18000 | 198.000 |
| ADAMS    | CLERK               | 1100 |         13200 | 145.200 |
| JAMES    | CLERK               |  950 |         11400 | 125.400 |
| zzz      | ANALYST             | 3000 |         36000 | 396.000 |
| HOFFMAN  | MANAGER             | 4150 |         49800 | 547.800 |
| GRASS    | SALESMAN            | 2575 |         30900 | 339.900 |
| MILLER   | CLERK               | 1300 |         15600 | 171.600 |
| AARUSH   | SALESMAN            | 1350 |         16200 | 178.200 |
| ALEX     | MANAGER             | 1250 |         15000 | 165.000 |
| NATASHA  | CLERK               | 1750 |         21000 | 231.000 |
| SANGITA  | Compliance officers | 1750 |         21000 | 231.000 |
| SUPRIYA  | ANALYST             | 1750 |         21000 | 231.000 |
+----------+---------------------+------+---------------+---------+
28 rows in set (0.00 sec)

mysql> select *from emp where sal*12 'Yearly salary',(sal*12*.011) Bonus  ;
ERROR 1064 (42000): You have an error in your SQL syntax; check the manual that corresponds to your MySQL server version for the right syntax to use near ''Yearly salary',(sal*12*.011) Bonus' at line 1
mysql> select *from emp  sal*12 'Yearly salary',sal*12*.011) Bonus  ;
ERROR 1064 (42000): You have an error in your SQL syntax; check the manual that corresponds to your MySQL server version for the right syntax to use near '*12 'Yearly salary',sal*12*.011) Bonus' at line 1
mysql> select *from emp  sal*12 'Yearly salary',sal*12*.011) Bonus from emp  ;
ERROR 1064 (42000): You have an error in your SQL syntax; check the manual that corresponds to your MySQL server version for the right syntax to use near '*12 'Yearly salary',sal*12*.011) Bonus from emp' at line 1
mysql> select *from ( select sal*12 'Yearly salary',(sal*12*.011) Bonus from emp) t1  ;
+---------------+---------+
| Yearly salary | Bonus   |
+---------------+---------+
|         21000 | 231.000 |
|         21000 | 231.000 |
|         21000 | 231.000 |
|         21000 | 231.000 |
|          9600 | 105.600 |
|         40200 | 442.200 |
|         21000 | 231.000 |
|         19200 | 211.200 |
|         15000 | 165.000 |
|         35700 | 392.700 |
|         15000 | 165.000 |
|         34200 | 376.200 |
|         29400 | 323.400 |
|         36000 | 396.000 |
|         60000 | 660.000 |
|         60000 | 660.000 |
|         18000 | 198.000 |
|         13200 | 145.200 |
|         11400 | 125.400 |
|         36000 | 396.000 |
|         49800 | 547.800 |
|         30900 | 339.900 |
|         15600 | 171.600 |
|         16200 | 178.200 |
|         15000 | 165.000 |
|         21000 | 231.000 |
|         21000 | 231.000 |
|         21000 | 231.000 |
+---------------+---------+
28 rows in set (0.00 sec)

mysql>  # 17.Display the Name, Job and Dept No. of all the Employees who either work in Department 30 or in Department 40.
mysql>
mysql> select empno,ename,job ,deptno from emp where deptno=30 or deptno=40 ;
+-------+---------+---------------------+--------+
| empno | ename   | job                 | deptno |
+-------+---------+---------------------+--------+
|  6001 | GITA    | Compliance officers |     30 |
|  7499 | ALLEN   | SALESMAN            |     30 |
|  7521 | WARD    | SALESMAN            |     30 |
|  7654 | MARTIN  | SALESMAN            |     30 |
|  7698 | BLAKE   | MANAGER             |     30 |
|  7844 | TURNER  | SALESMAN            |     30 |
|  7900 | JAMES   | CLERK               |     30 |
|  7919 | HOFFMAN | MANAGER             |     30 |
|  7920 | GRASS   | SALESMAN            |     30 |
|  7945 | AARUSH  | SALESMAN            |     30 |
|  7949 | ALEX    | MANAGER             |     30 |
|  8433 | NATASHA | CLERK               |     30 |
+-------+---------+---------------------+--------+
12 rows in set (0.00 sec)

mysql> select empno,ename,job ,deptno from emp where deptno=30 and deptno=40 ;
Empty set (0.00 sec)

mysql> table emp
    -> ;
+-------+----------+--------+---------------------+------+------------+------+------+--------+---------+--------------+------------+------------+----------+------+
| EMPNO | ENAME    | GENDER | JOB                 | MGR  | HIREDATE   | SAL  | COMM | DEPTNO | BONUSID | USER NAME    | PWD        | PHONE      | isActive | SrNO |
+-------+----------+--------+---------------------+------+------------+------+------+--------+---------+--------------+------------+------------+----------+------+
|  6001 | GITA     | F      | Compliance officers | 7920 | 1981-07-19 | 1750 | NULL |     30 |       1 | GITA         | sales@2017 | NULL       |        1 |    1 |
|  6129 | VRUSHALI | F      | Compliance officers | 7920 | 1981-07-19 | 1750 | NULL |     50 |       1 | VRUSHALI     | PUN@8877   | NULL       |        1 |    2 |
|  6473 | SHARMIN  | F      | Public Relation     | 7920 | 1981-07-19 | 1750 | NULL |     20 |       1 | SHARMIN      | a12recmpm  | NULL       |        1 |    3 |
|  6781 | BANDISH  | F      | Public Relation     | 7920 | 1981-07-19 | 1750 | NULL |     20 |       1 | BANDISH      | a12recmpm  | NULL       |        1 |    4 |
|  7369 | SMITH    | M      | CLERK               | 7902 | 1980-12-17 |  800 | NULL |     20 |       2 | TRITONE      | a12recmpm  | 7032300023 |        0 |    5 |
|  7415 | AARAV    | M      | CLERK               | 7902 | 1981-12-31 | 3350 | NULL |     10 |    NULL | AARAV        | NULL       | 7032300084 |        0 |    6 |
|  7421 | THOMAS   | M      | CLERK               | 7920 | 1981-07-19 | 1750 | NULL |     10 |       1 | THOMAS       | r50mpm     | 7032300011 |        0 |    7 |
|  7499 | ALLEN    | M      | SALESMAN            | 7698 | 1981-02-20 | 1600 |  300 |     30 |       4 | ALWAYS TESTE | sales@2017 | 7032300096 |        1 |    8 |
|  7521 | WARD     | M      | SALESMAN            | 7698 | 1981-02-22 | 1250 |  500 |     30 |       1 | WARD         | sales@2017 | 7132300034 |        1 |    9 |
|  7566 | JONES    | M      | MANAGER             | 7839 | 1981-04-02 | 2975 | NULL |     20 |       4 | HONEYCOMB    | a12recmpm  | 7132300039 |        1 |   10 |
|  7654 | MARTIN   | M      | SALESMAN            | 7698 | 1981-09-28 | 1250 | 1400 |     30 |       6 | LIFE RACER   | sales@2017 | 7132300050 |        1 |   11 |
|  7698 | BLAKE    | M      | MANAGER             | 7839 | 1981-05-01 | 2850 | NULL |     30 |       1 | BIG BEN      | sales@2017 | 7132300027 |        1 |   12 |
|  7782 | CLARK    | M      | MANAGER             | 7839 | 1981-06-09 | 2450 | NULL |     10 |       3 | CLARK        | r50mpm     | 7032300001 |        1 |   13 |
|  7788 | SCOTT    | M      | ANALYST             | 7766 | 1982-12-09 | 3000 | NULL |     20 |       3 | WHITE SAND   | a12recmpm  | NULL       |        1 |   14 |
|  7839 | KING     | M      | PRESIDENT           | NULL | 1981-11-17 | 5000 | NULL |     10 |       1 | KING         | r50mpm     | 7132300081 |        1 |   15 |
|  7840 | FRED     | M      | vice PRESIDENT      | 7839 | 1983-08-09 | 5000 | NULL |     20 |       1 | SAND STONE   | a12recmpm  | NULL       |        1 |   16 |
|  7844 | TURNER   | M      | SALESMAN            | 7698 | 1981-09-08 | 1500 |    0 |     30 |       5 | SAND DUST    | sales@2017 | NULL       |        1 |   17 |
|  7876 | ADAMS    | M      | CLERK               | 7788 | 1983-01-12 | 1100 | NULL |     20 |       1 | CRAZY ANYONE | a12recmpm  | 7132300086 |        1 |   18 |
|  7900 | JAMES    | M      | CLERK               | 7698 | 1981-12-03 |  950 | NULL |     30 |       2 | CRAZY LEADER | sales@2017 | 7132300042 |        1 |   19 |
|  7902 | zzz      | M      | ANALYST             | 7566 | 1981-12-03 | 3000 | NULL |     20 |       4 | CONBRIO      | a12recmpm  | NULL       |        0 |   20 |
|  7919 | HOFFMAN  | M      | MANAGER             | 7566 | 1982-03-24 | 4150 | NULL |     30 |       3 | INTERVAL     | sales@2017 | NULL       |        1 |   21 |
|  7920 | GRASS    | M      | SALESMAN            | 7919 | 1980-02-14 | 2575 | 2700 |     30 |       5 | GRASS        | sales@2017 | NULL       |        1 |   22 |
|  7934 | MILLER   | M      | CLERK               | 7782 | 1982-01-23 | 1300 | NULL |     10 |       2 | QUARTERNOTE  | r50mpm     | 7132300055 |        0 |   23 |
|  7945 | AARUSH   | M      | SALESMAN            | 7902 | 1980-02-14 | 1350 | 2700 |     30 |    NULL | AARUSH       | ABCDEF     | NULL       |        0 |   24 |
|  7949 | ALEX     | M      | MANAGER             | 7698 | 1982-01-24 | 1250 |  500 |     30 |       5 | QUARTERREST  | sales@2017 | 7156567183 |        1 |   25 |
|  8433 | NATASHA  | F      | CLERK               | 7920 | 1981-07-19 | 1750 | NULL |     30 |       1 | NATASHA      | sales@2017 | NULL       |        1 |   26 |
|  9400 | SANGITA  | F      | Compliance officers | 7920 | 1981-07-19 | 1750 | NULL |     50 |       1 | SANGITA      | NULL       | NULL       |        1 |   27 |
|  9473 | SUPRIYA  | F      | ANALYST             | 7920 | 1981-07-19 | 1750 | NULL |     50 |       1 | SUPRIYA      | XYZ@1234   | NULL       |        1 |   28 |
+-------+----------+--------+---------------------+------+------------+------+------+--------+---------+--------------+------------+------------+----------+------+
28 rows in set (0.00 sec)

mysql> table dept;
+--------+------------+----------+------------+------------+
| DEPTNO | DNAME      | LOC      | PWD        | STARTEDON  |
+--------+------------+----------+------------+------------+
|     10 | ACCOUNTING | NEW YORK | r50mpm     | 24/03/1989 |
|     20 | RESEARCH   | DALLAS   | a12recmpm  | 12/04/1989 |
|     30 | SALES      | CHICAGO  | sales@2017 | 13/04/1989 |
|     40 | OPERATIONS | BOSTON   | opr@123    | 12/07/1989 |
|     50 | HR         | PUNE     | PUN@8877   | 22/12/1989 |
+--------+------------+----------+------------+------------+
5 rows in set (0.00 sec)

mysql> # 18.Display the Employee Number, Name for Clerks and Managers who’s Salary is more than 1500.
mysql> select empno,ename,job ,deptno from emp where sal > any(select sal from emp where job in('clark','Manager')) ;
+-------+----------+---------------------+--------+
| empno | ename    | job                 | deptno |
+-------+----------+---------------------+--------+
|  6001 | GITA     | Compliance officers |     30 |
|  6129 | VRUSHALI | Compliance officers |     50 |
|  6473 | SHARMIN  | Public Relation     |     20 |
|  6781 | BANDISH  | Public Relation     |     20 |
|  7415 | AARAV    | CLERK               |     10 |
|  7421 | THOMAS   | CLERK               |     10 |
|  7499 | ALLEN    | SALESMAN            |     30 |
|  7566 | JONES    | MANAGER             |     20 |
|  7698 | BLAKE    | MANAGER             |     30 |
|  7782 | CLARK    | MANAGER             |     10 |
|  7788 | SCOTT    | ANALYST             |     20 |
|  7839 | KING     | PRESIDENT           |     10 |
|  7840 | FRED     | vice PRESIDENT      |     20 |
|  7844 | TURNER   | SALESMAN            |     30 |
|  7902 | zzz      | ANALYST             |     20 |
|  7919 | HOFFMAN  | MANAGER             |     30 |
|  7920 | GRASS    | SALESMAN            |     30 |
|  7934 | MILLER   | CLERK               |     10 |
|  7945 | AARUSH   | SALESMAN            |     30 |
|  8433 | NATASHA  | CLERK               |     30 |
|  9400 | SANGITA  | Compliance officers |     50 |
|  9473 | SUPRIYA  | ANALYST             |     50 |
+-------+----------+---------------------+--------+
22 rows in set (0.00 sec)

mysql> select empno,ename,job ,sal from emp where sal > any(select sal from emp where job in('clark','Manager')) ;
+-------+----------+---------------------+------+
| empno | ename    | job                 | sal  |
+-------+----------+---------------------+------+
|  6001 | GITA     | Compliance officers | 1750 |
|  6129 | VRUSHALI | Compliance officers | 1750 |
|  6473 | SHARMIN  | Public Relation     | 1750 |
|  6781 | BANDISH  | Public Relation     | 1750 |
|  7415 | AARAV    | CLERK               | 3350 |
|  7421 | THOMAS   | CLERK               | 1750 |
|  7499 | ALLEN    | SALESMAN            | 1600 |
|  7566 | JONES    | MANAGER             | 2975 |
|  7698 | BLAKE    | MANAGER             | 2850 |
|  7782 | CLARK    | MANAGER             | 2450 |
|  7788 | SCOTT    | ANALYST             | 3000 |
|  7839 | KING     | PRESIDENT           | 5000 |
|  7840 | FRED     | vice PRESIDENT      | 5000 |
|  7844 | TURNER   | SALESMAN            | 1500 |
|  7902 | zzz      | ANALYST             | 3000 |
|  7919 | HOFFMAN  | MANAGER             | 4150 |
|  7920 | GRASS    | SALESMAN            | 2575 |
|  7934 | MILLER   | CLERK               | 1300 |
|  7945 | AARUSH   | SALESMAN            | 1350 |
|  8433 | NATASHA  | CLERK               | 1750 |
|  9400 | SANGITA  | Compliance officers | 1750 |
|  9473 | SUPRIYA  | ANALYST             | 1750 |
+-------+----------+---------------------+------+
22 rows in set (0.00 sec)

mysql> select empno,ename,job ,sal from emp where sal < any(select sal from emp where job in('clark','Manager')) ;
+-------+----------+---------------------+------+
| empno | ename    | job                 | sal  |
+-------+----------+---------------------+------+
|  6001 | GITA     | Compliance officers | 1750 |
|  6129 | VRUSHALI | Compliance officers | 1750 |
|  6473 | SHARMIN  | Public Relation     | 1750 |
|  6781 | BANDISH  | Public Relation     | 1750 |
|  7369 | SMITH    | CLERK               |  800 |
|  7415 | AARAV    | CLERK               | 3350 |
|  7421 | THOMAS   | CLERK               | 1750 |
|  7499 | ALLEN    | SALESMAN            | 1600 |
|  7521 | WARD     | SALESMAN            | 1250 |
|  7566 | JONES    | MANAGER             | 2975 |
|  7654 | MARTIN   | SALESMAN            | 1250 |
|  7698 | BLAKE    | MANAGER             | 2850 |
|  7782 | CLARK    | MANAGER             | 2450 |
|  7788 | SCOTT    | ANALYST             | 3000 |
|  7844 | TURNER   | SALESMAN            | 1500 |
|  7876 | ADAMS    | CLERK               | 1100 |
|  7900 | JAMES    | CLERK               |  950 |
|  7902 | zzz      | ANALYST             | 3000 |
|  7920 | GRASS    | SALESMAN            | 2575 |
|  7934 | MILLER   | CLERK               | 1300 |
|  7945 | AARUSH   | SALESMAN            | 1350 |
|  7949 | ALEX     | MANAGER             | 1250 |
|  8433 | NATASHA  | CLERK               | 1750 |
|  9400 | SANGITA  | Compliance officers | 1750 |
|  9473 | SUPRIYA  | ANALYST             | 1750 |
+-------+----------+---------------------+------+
25 rows in set (0.00 sec)

mysql> select empno,ename,job ,sal from emp where jon in('clark','Manager') ;
ERROR 1054 (42S22): Unknown column 'jon' in 'where clause'
mysql> select empno,ename,job ,sal from emp where job in('clark','Manager') ;
+-------+---------+---------+------+
| empno | ename   | job     | sal  |
+-------+---------+---------+------+
|  7566 | JONES   | MANAGER | 2975 |
|  7698 | BLAKE   | MANAGER | 2850 |
|  7782 | CLARK   | MANAGER | 2450 |
|  7919 | HOFFMAN | MANAGER | 4150 |
|  7949 | ALEX    | MANAGER | 1250 |
+-------+---------+---------+------+
5 rows in set (0.00 sec)

mysql> select empno,ename,job ,sal from emp where jon ='clark' and job='Manager') ;
ERROR 1064 (42000): You have an error in your SQL syntax; check the manual that corresponds to your MySQL server version for the right syntax to use near ')' at line 1
mysql> select empno,ename,job ,sal from emp where job ='clark' and job='Manager') ;
ERROR 1064 (42000): You have an error in your SQL syntax; check the manual that corresponds to your MySQL server version for the right syntax to use near ')' at line 1
mysql> select empno,ename,job ,sal from emp where job ='clark' and job='Manager';
Empty set (0.00 sec)

mysql> select empno,ename,job ,sal from emp where job ='claek' and job='Manager';
Empty set (0.00 sec)

mysql> select empno,ename,job ,sal from emp where job ='clerk' and job='Manager';
Empty set (0.00 sec)

mysql> select empno,ename,job ,sal from emp where sal < all(select sal from emp where job in('clark','Manager')) ;
+-------+-------+-------+------+
| empno | ename | job   | sal  |
+-------+-------+-------+------+
|  7369 | SMITH | CLERK |  800 |
|  7876 | ADAMS | CLERK | 1100 |
|  7900 | JAMES | CLERK |  950 |
+-------+-------+-------+------+
3 rows in set (0.00 sec)

mysql> select empno,ename,job ,sal from emp where sal > all(select sal from emp where job in('clark','Manager')) ;
+-------+-------+----------------+------+
| empno | ename | job            | sal  |
+-------+-------+----------------+------+
|  7839 | KING  | PRESIDENT      | 5000 |
|  7840 | FRED  | vice PRESIDENT | 5000 |
+-------+-------+----------------+------+
2 rows in set (0.00 sec)

mysql> select empno,ename,job ,sal from emp where job ='clerk' and job='Manager' and sal >1500 ;
Empty set (0.00 sec)

mysql> select empno,ename,job ,sal from emp where job ='clerk' or job='Manager' and sal >1500 ;
+-------+---------+---------+------+
| empno | ename   | job     | sal  |
+-------+---------+---------+------+
|  7369 | SMITH   | CLERK   |  800 |
|  7415 | AARAV   | CLERK   | 3350 |
|  7421 | THOMAS  | CLERK   | 1750 |
|  7876 | ADAMS   | CLERK   | 1100 |
|  7900 | JAMES   | CLERK   |  950 |
|  7934 | MILLER  | CLERK   | 1300 |
|  8433 | NATASHA | CLERK   | 1750 |
|  7566 | JONES   | MANAGER | 2975 |
|  7698 | BLAKE   | MANAGER | 2850 |
|  7782 | CLARK   | MANAGER | 2450 |
|  7919 | HOFFMAN | MANAGER | 4150 |
+-------+---------+---------+------+
11 rows in set (0.00 sec)

mysql> select empno,ename,job ,sal from emp where( (job ='clerk' or job='Manager') and sal >1500) ;
+-------+---------+---------+------+
| empno | ename   | job     | sal  |
+-------+---------+---------+------+
|  7415 | AARAV   | CLERK   | 3350 |
|  7421 | THOMAS  | CLERK   | 1750 |
|  8433 | NATASHA | CLERK   | 1750 |
|  7566 | JONES   | MANAGER | 2975 |
|  7698 | BLAKE   | MANAGER | 2850 |
|  7782 | CLARK   | MANAGER | 2450 |
|  7919 | HOFFMAN | MANAGER | 4150 |
+-------+---------+---------+------+
7 rows in set (0.00 sec)

mysql> # 19.Display the Name, Annual Salary and Commission as "Commission Earned" of all employees whose monthly salary is greater than their Commission. The output should be in decreasing order of salary. If two or more employees have same salary, then sort them by name within the highest order of salary
mysql> select ename ,sal,sal*12 "Annual Salary", sal*12*comm "Commission Earned" from emp where sal > sal*12*comm order by sal desc;
+--------+------+---------------+-------------------+
| ename  | sal  | Annual Salary | Commission Earned |
+--------+------+---------------+-------------------+
| TURNER | 1500 |         18000 |                 0 |
+--------+------+---------------+-------------------+
1 row in set (0.00 sec)

mysql> select ename ,sal,sal*12 "Annual Salary", sal+sal*12*comm "Commission Earned" from emp where sal > sal+sal*12*comm order by sal desc;
Empty set (0.00 sec)

mysql> select ename ,sal,sal*12 "Annual Salary", sal+sal*12*comm "Commission Earned" from emp ;
+----------+------+---------------+-------------------+
| ename    | sal  | Annual Salary | Commission Earned |
+----------+------+---------------+-------------------+
| GITA     | 1750 |         21000 |              NULL |
| VRUSHALI | 1750 |         21000 |              NULL |
| SHARMIN  | 1750 |         21000 |              NULL |
| BANDISH  | 1750 |         21000 |              NULL |
| SMITH    |  800 |          9600 |              NULL |
| AARAV    | 3350 |         40200 |              NULL |
| THOMAS   | 1750 |         21000 |              NULL |
| ALLEN    | 1600 |         19200 |           5761600 |
| WARD     | 1250 |         15000 |           7501250 |
| JONES    | 2975 |         35700 |              NULL |
| MARTIN   | 1250 |         15000 |          21001250 |
| BLAKE    | 2850 |         34200 |              NULL |
| CLARK    | 2450 |         29400 |              NULL |
| SCOTT    | 3000 |         36000 |              NULL |
| KING     | 5000 |         60000 |              NULL |
| FRED     | 5000 |         60000 |              NULL |
| TURNER   | 1500 |         18000 |              1500 |
| ADAMS    | 1100 |         13200 |              NULL |
| JAMES    |  950 |         11400 |              NULL |
| zzz      | 3000 |         36000 |              NULL |
| HOFFMAN  | 4150 |         49800 |              NULL |
| GRASS    | 2575 |         30900 |          83432575 |
| MILLER   | 1300 |         15600 |              NULL |
| AARUSH   | 1350 |         16200 |          43741350 |
| ALEX     | 1250 |         15000 |           7501250 |
| NATASHA  | 1750 |         21000 |              NULL |
| SANGITA  | 1750 |         21000 |              NULL |
| SUPRIYA  | 1750 |         21000 |              NULL |
+----------+------+---------------+-------------------+
28 rows in set (0.00 sec)

mysql> select ename ,sal,sal*12 "Annual Salary", sal+sal*12*comm  ifnull(comm,0) "Commission Earned" from emp where sal > sal+sal*12*comm order by sal desc;
ERROR 1064 (42000): You have an error in your SQL syntax; check the manual that corresponds to your MySQL server version for the right syntax to use near '(comm,0) "Commission Earned" from emp where sal > sal+sal*12*comm order by sal d' at line 1
mysql> select ename ,sal,sal*12 "Annual Salary", sal+sal*12*comm "Commission Earned" from emp where sal > sal+sal*12*comm order by sal desc;
Empty set (0.00 sec)

mysql> select ename ,sal,sal*12 "Annual Salary", sal+sal*12*comm "Commission Earned" from emp where sal > sal+sal*12*comm order by sal desc;
Empty set (0.00 sec)

mysql> table emp limit 5;
+-------+----------+--------+---------------------+------+------------+------+------+--------+---------+-----------+------------+------------+----------+------+
| EMPNO | ENAME    | GENDER | JOB                 | MGR  | HIREDATE   | SAL  | COMM | DEPTNO | BONUSID | USER NAME | PWD        | PHONE      | isActive | SrNO |
+-------+----------+--------+---------------------+------+------------+------+------+--------+---------+-----------+------------+------------+----------+------+
|  6001 | GITA     | F      | Compliance officers | 7920 | 1981-07-19 | 1750 | NULL |     30 |       1 | GITA      | sales@2017 | NULL       |        1 |    1 |
|  6129 | VRUSHALI | F      | Compliance officers | 7920 | 1981-07-19 | 1750 | NULL |     50 |       1 | VRUSHALI  | PUN@8877   | NULL       |        1 |    2 |
|  6473 | SHARMIN  | F      | Public Relation     | 7920 | 1981-07-19 | 1750 | NULL |     20 |       1 | SHARMIN   | a12recmpm  | NULL       |        1 |    3 |
|  6781 | BANDISH  | F      | Public Relation     | 7920 | 1981-07-19 | 1750 | NULL |     20 |       1 | BANDISH   | a12recmpm  | NULL       |        1 |    4 |
|  7369 | SMITH    | M      | CLERK               | 7902 | 1980-12-17 |  800 | NULL |     20 |       2 | TRITONE   | a12recmpm  | 7032300023 |        0 |    5 |
+-------+----------+--------+---------------------+------+------------+------+------+--------+---------+-----------+------------+------------+----------+------+
5 rows in set (0.00 sec)

mysql> table emp ;
+-------+----------+--------+---------------------+------+------------+------+------+--------+---------+--------------+------------+------------+----------+------+
| EMPNO | ENAME    | GENDER | JOB                 | MGR  | HIREDATE   | SAL  | COMM | DEPTNO | BONUSID | USER NAME    | PWD        | PHONE      | isActive | SrNO |
+-------+----------+--------+---------------------+------+------------+------+------+--------+---------+--------------+------------+------------+----------+------+
|  6001 | GITA     | F      | Compliance officers | 7920 | 1981-07-19 | 1750 | NULL |     30 |       1 | GITA         | sales@2017 | NULL       |        1 |    1 |
|  6129 | VRUSHALI | F      | Compliance officers | 7920 | 1981-07-19 | 1750 | NULL |     50 |       1 | VRUSHALI     | PUN@8877   | NULL       |        1 |    2 |
|  6473 | SHARMIN  | F      | Public Relation     | 7920 | 1981-07-19 | 1750 | NULL |     20 |       1 | SHARMIN      | a12recmpm  | NULL       |        1 |    3 |
|  6781 | BANDISH  | F      | Public Relation     | 7920 | 1981-07-19 | 1750 | NULL |     20 |       1 | BANDISH      | a12recmpm  | NULL       |        1 |    4 |
|  7369 | SMITH    | M      | CLERK               | 7902 | 1980-12-17 |  800 | NULL |     20 |       2 | TRITONE      | a12recmpm  | 7032300023 |        0 |    5 |
|  7415 | AARAV    | M      | CLERK               | 7902 | 1981-12-31 | 3350 | NULL |     10 |    NULL | AARAV        | NULL       | 7032300084 |        0 |    6 |
|  7421 | THOMAS   | M      | CLERK               | 7920 | 1981-07-19 | 1750 | NULL |     10 |       1 | THOMAS       | r50mpm     | 7032300011 |        0 |    7 |
|  7499 | ALLEN    | M      | SALESMAN            | 7698 | 1981-02-20 | 1600 |  300 |     30 |       4 | ALWAYS TESTE | sales@2017 | 7032300096 |        1 |    8 |
|  7521 | WARD     | M      | SALESMAN            | 7698 | 1981-02-22 | 1250 |  500 |     30 |       1 | WARD         | sales@2017 | 7132300034 |        1 |    9 |
|  7566 | JONES    | M      | MANAGER             | 7839 | 1981-04-02 | 2975 | NULL |     20 |       4 | HONEYCOMB    | a12recmpm  | 7132300039 |        1 |   10 |
|  7654 | MARTIN   | M      | SALESMAN            | 7698 | 1981-09-28 | 1250 | 1400 |     30 |       6 | LIFE RACER   | sales@2017 | 7132300050 |        1 |   11 |
|  7698 | BLAKE    | M      | MANAGER             | 7839 | 1981-05-01 | 2850 | NULL |     30 |       1 | BIG BEN      | sales@2017 | 7132300027 |        1 |   12 |
|  7782 | CLARK    | M      | MANAGER             | 7839 | 1981-06-09 | 2450 | NULL |     10 |       3 | CLARK        | r50mpm     | 7032300001 |        1 |   13 |
|  7788 | SCOTT    | M      | ANALYST             | 7766 | 1982-12-09 | 3000 | NULL |     20 |       3 | WHITE SAND   | a12recmpm  | NULL       |        1 |   14 |
|  7839 | KING     | M      | PRESIDENT           | NULL | 1981-11-17 | 5000 | NULL |     10 |       1 | KING         | r50mpm     | 7132300081 |        1 |   15 |
|  7840 | FRED     | M      | vice PRESIDENT      | 7839 | 1983-08-09 | 5000 | NULL |     20 |       1 | SAND STONE   | a12recmpm  | NULL       |        1 |   16 |
|  7844 | TURNER   | M      | SALESMAN            | 7698 | 1981-09-08 | 1500 |    0 |     30 |       5 | SAND DUST    | sales@2017 | NULL       |        1 |   17 |
|  7876 | ADAMS    | M      | CLERK               | 7788 | 1983-01-12 | 1100 | NULL |     20 |       1 | CRAZY ANYONE | a12recmpm  | 7132300086 |        1 |   18 |
|  7900 | JAMES    | M      | CLERK               | 7698 | 1981-12-03 |  950 | NULL |     30 |       2 | CRAZY LEADER | sales@2017 | 7132300042 |        1 |   19 |
|  7902 | zzz      | M      | ANALYST             | 7566 | 1981-12-03 | 3000 | NULL |     20 |       4 | CONBRIO      | a12recmpm  | NULL       |        0 |   20 |
|  7919 | HOFFMAN  | M      | MANAGER             | 7566 | 1982-03-24 | 4150 | NULL |     30 |       3 | INTERVAL     | sales@2017 | NULL       |        1 |   21 |
|  7920 | GRASS    | M      | SALESMAN            | 7919 | 1980-02-14 | 2575 | 2700 |     30 |       5 | GRASS        | sales@2017 | NULL       |        1 |   22 |
|  7934 | MILLER   | M      | CLERK               | 7782 | 1982-01-23 | 1300 | NULL |     10 |       2 | QUARTERNOTE  | r50mpm     | 7132300055 |        0 |   23 |
|  7945 | AARUSH   | M      | SALESMAN            | 7902 | 1980-02-14 | 1350 | 2700 |     30 |    NULL | AARUSH       | ABCDEF     | NULL       |        0 |   24 |
|  7949 | ALEX     | M      | MANAGER             | 7698 | 1982-01-24 | 1250 |  500 |     30 |       5 | QUARTERREST  | sales@2017 | 7156567183 |        1 |   25 |
|  8433 | NATASHA  | F      | CLERK               | 7920 | 1981-07-19 | 1750 | NULL |     30 |       1 | NATASHA      | sales@2017 | NULL       |        1 |   26 |
|  9400 | SANGITA  | F      | Compliance officers | 7920 | 1981-07-19 | 1750 | NULL |     50 |       1 | SANGITA      | NULL       | NULL       |        1 |   27 |
|  9473 | SUPRIYA  | F      | ANALYST             | 7920 | 1981-07-19 | 1750 | NULL |     50 |       1 | SUPRIYA      | XYZ@1234   | NULL       |        1 |   28 |
+-------+----------+--------+---------------------+------+------------+------+------+--------+---------+--------------+------------+------------+----------+------+
28 rows in set (0.00 sec)

mysql> select ename ,sal,sal*12 "Annual Salary", sal*12*comm "Commission Earned" from emp where sal >= sal*12*comm order by sal desc;
+--------+------+---------------+-------------------+
| ename  | sal  | Annual Salary | Commission Earned |
+--------+------+---------------+-------------------+
| TURNER | 1500 |         18000 |                 0 |
+--------+------+---------------+-------------------+
1 row in set (0.00 sec)

mysql> select ename ,sal,sal*12 "Annual Salary", sal*12*comm "Commission Earned" from emp where sal < sal*12*comm order by sal desc;
+--------+------+---------------+-------------------+
| ename  | sal  | Annual Salary | Commission Earned |
+--------+------+---------------+-------------------+
| GRASS  | 2575 |         30900 |          83430000 |
| ALLEN  | 1600 |         19200 |           5760000 |
| AARUSH | 1350 |         16200 |          43740000 |
| WARD   | 1250 |         15000 |           7500000 |
| MARTIN | 1250 |         15000 |          21000000 |
| ALEX   | 1250 |         15000 |           7500000 |
+--------+------+---------------+-------------------+
6 rows in set (0.00 sec)

mysql> select ename ,sal,sal*12 "Annual Salary", sal+comm*12 "Commission Earned" from emp where sal < sal*12*comm order by sal desc;
+--------+------+---------------+-------------------+
| ename  | sal  | Annual Salary | Commission Earned |
+--------+------+---------------+-------------------+
| GRASS  | 2575 |         30900 |             34975 |
| ALLEN  | 1600 |         19200 |              5200 |
| AARUSH | 1350 |         16200 |             33750 |
| WARD   | 1250 |         15000 |              7250 |
| MARTIN | 1250 |         15000 |             18050 |
| ALEX   | 1250 |         15000 |              7250 |
+--------+------+---------------+-------------------+
6 rows in set (0.00 sec)

mysql> select ename ,sal,sal*12 "Annual Salary", sal+comm*12 "Commission Earned" from emp where sal < sal+comm*12 order by sal desc;
+--------+------+---------------+-------------------+
| ename  | sal  | Annual Salary | Commission Earned |
+--------+------+---------------+-------------------+
| GRASS  | 2575 |         30900 |             34975 |
| ALLEN  | 1600 |         19200 |              5200 |
| AARUSH | 1350 |         16200 |             33750 |
| WARD   | 1250 |         15000 |              7250 |
| MARTIN | 1250 |         15000 |             18050 |
| ALEX   | 1250 |         15000 |              7250 |
+--------+------+---------------+-------------------+
6 rows in set (0.00 sec)

mysql> select ename ,sal,sal*12 "Annual Salary", sal+comm*12 "Commission Earned" from emp where sal > sal+comm*12 order by sal desc;
Empty set (0.00 sec)

mysql> select ename ,sal,sal*12 "Annual Salary", comm*12 "Commission Earned" from emp where sal > comm*12 order by sal desc;
+--------+------+---------------+-------------------+
| ename  | sal  | Annual Salary | Commission Earned |
+--------+------+---------------+-------------------+
| TURNER | 1500 |         18000 |                 0 |
+--------+------+---------------+-------------------+
1 row in set (0.00 sec)

mysql> select ename ,sal,sal*12 "Annual Salary", ifnull(comm,0) ,comm*12 "Commission Earned" from emp where sal > comm*12 order by sal desc;
+--------+------+---------------+----------------+-------------------+
| ename  | sal  | Annual Salary | ifnull(comm,0) | Commission Earned |
+--------+------+---------------+----------------+-------------------+
| TURNER | 1500 |         18000 |              0 |                 0 |
+--------+------+---------------+----------------+-------------------+
1 row in set (0.00 sec)

mysql> select ename ,sal,sal*12 "Annual Salary", ifnull(comm,0) comm*12 "Commission Earned" from emp where sal > comm*12 order by sal desc;
ERROR 1064 (42000): You have an error in your SQL syntax; check the manual that corresponds to your MySQL server version for the right syntax to use near '*12 "Commission Earned" from emp where sal > comm*12 order by sal desc' at line 1
mysql> select ename ,sal,sal*12 "Annual Salary", ifnull(comm*12,0) comm*12 "Commission Earned" from emp where sal > comm*12 order by sal desc;
ERROR 1064 (42000): You have an error in your SQL syntax; check the manual that corresponds to your MySQL server version for the right syntax to use near '*12 "Commission Earned" from emp where sal > comm*12 order by sal desc' at line 1
mysql> select ename ,sal,sal*12 "Annual Salary", ifnull(comm,comm*12,0) comm "Commission Earned" from emp where sal > comm*12 order by sal desc;
ERROR 1064 (42000): You have an error in your SQL syntax; check the manual that corresponds to your MySQL server version for the right syntax to use near '"Commission Earned" from emp where sal > comm*12 order by sal desc' at line 1
mysql> select ename ,sal,sal*12 "Annual Salary", ifnull(comm,comm*12,0) "Commission Earned" from emp where sal > comm*12 order by sal desc;
ERROR 1582 (42000): Incorrect parameter count in the call to native function 'ifnull'
mysql> select ename ,sal,sal*12 "Annual Salary", ifnull(comm*12,0) "Commission Earned" from emp where sal > comm*12 order by sal desc;
+--------+------+---------------+-------------------+
| ename  | sal  | Annual Salary | Commission Earned |
+--------+------+---------------+-------------------+
| TURNER | 1500 |         18000 |                 0 |
+--------+------+---------------+-------------------+
1 row in set (0.00 sec)

mysql> select ename ,sal,sal*12 "Annual Salary", (ifnull(comm*12,0)comm) "Commission Earned" from emp where sal > comm*12 order by sal desc;
ERROR 1064 (42000): You have an error in your SQL syntax; check the manual that corresponds to your MySQL server version for the right syntax to use near 'comm) "Commission Earned" from emp where sal > comm*12 order by sal desc' at line 1
mysql> select ename ,sal,sal*12 "Annual Salary", ifnull(comm*12,comm) "Commission Earned" from emp where sal > comm*12 order by sal desc;
+--------+------+---------------+-------------------+
| ename  | sal  | Annual Salary | Commission Earned |
+--------+------+---------------+-------------------+
| TURNER | 1500 |         18000 |                 0 |
+--------+------+---------------+-------------------+
1 row in set (0.00 sec)

mysql> select ename ,sal,sal*12 "Annual Salary", ifnull(comm,comm*12,comm) "Commission Earned" from emp where sal > comm*12 order by sal desc;
ERROR 1582 (42000): Incorrect parameter count in the call to native function 'ifnull'
mysql> select ename ,sal,sal*12 "Annual Salary", ifnull(comm,comm*12) "Commission Earned" from emp where sal > comm*12 order by sal desc;
+--------+------+---------------+-------------------+
| ename  | sal  | Annual Salary | Commission Earned |
+--------+------+---------------+-------------------+
| TURNER | 1500 |         18000 |                 0 |
+--------+------+---------------+-------------------+
1 row in set (0.00 sec)

mysql> select ename ,sal,sal*12 "Annual Salary", ifnull(comm,0) "Commission Earned" from emp where sal > comm*12 order by sal desc;
+--------+------+---------------+-------------------+
| ename  | sal  | Annual Salary | Commission Earned |
+--------+------+---------------+-------------------+
| TURNER | 1500 |         18000 |                 0 |
+--------+------+---------------+-------------------+
1 row in set (0.00 sec)

mysql> select ename ,sal,sal*12 "Annual Salary", comm*12 "Commission Earned" from emp where sal > comm*12 order by sal desc;
+--------+------+---------------+-------------------+
| ename  | sal  | Annual Salary | Commission Earned |
+--------+------+---------------+-------------------+
| TURNER | 1500 |         18000 |                 0 |
+--------+------+---------------+-------------------+
1 row in set (0.00 sec)

mysql> # 20.Display the Name and Job of sales executives or managers whose names end with the letter ‘S’
mysql> select ename , job from emp ename like 's%';
ERROR 1064 (42000): You have an error in your SQL syntax; check the manual that corresponds to your MySQL server version for the right syntax to use near 'like 's%'' at line 1
mysql> select ename , job from emp ename like 's%';
ERROR 1064 (42000): You have an error in your SQL syntax; check the manual that corresponds to your MySQL server version for the right syntax to use near 'like 's%'' at line 1
mysql> select ename , job from emp ename like 'S%';
ERROR 1064 (42000): You have an error in your SQL syntax; check the manual that corresponds to your MySQL server version for the right syntax to use near 'like 'S%'' at line 1
mysql> select ename , job from where emp ename like 'S%';
ERROR 1064 (42000): You have an error in your SQL syntax; check the manual that corresponds to your MySQL server version for the right syntax to use near 'where emp ename like 'S%'' at line 1
mysql> select ename , job from emp where ename like 'S%';
+---------+---------------------+
| ename   | job                 |
+---------+---------------------+
| SANGITA | Compliance officers |
| SCOTT   | ANALYST             |
| SHARMIN | Public Relation     |
| SMITH   | CLERK               |
| SUPRIYA | ANALYST             |
+---------+---------------------+
5 rows in set (0.00 sec)

mysql> select ename , job from emp where ename like '%S' and job=(select job from emp where job in('Manager','clerk'));
ERROR 1242 (21000): Subquery returns more than 1 row
mysql> select ename , job from emp where ename like '%S' and job ='Manager' or job ='clerk';
+---------+---------+
| ename   | job     |
+---------+---------+
| SMITH   | CLERK   |
| AARAV   | CLERK   |
| THOMAS  | CLERK   |
| ADAMS   | CLERK   |
| JAMES   | CLERK   |
| MILLER  | CLERK   |
| NATASHA | CLERK   |
| JONES   | MANAGER |
+---------+---------+
8 rows in set (0.00 sec)

mysql> select ename , job from emp where (ename like '%S' and job ='Manager' or job ='clerk');
+---------+---------+
| ename   | job     |
+---------+---------+
| SMITH   | CLERK   |
| AARAV   | CLERK   |
| THOMAS  | CLERK   |
| ADAMS   | CLERK   |
| JAMES   | CLERK   |
| MILLER  | CLERK   |
| NATASHA | CLERK   |
| JONES   | MANAGER |
+---------+---------+
8 rows in set (0.00 sec)

mysql> select ename , job from emp where (ename like '%S' and job ='Manager' and job ='clerk');
Empty set (0.00 sec)

mysql> select ename , job from emp where ename like '%S' and (job ='Manager' and job ='clerk');
Empty set (0.00 sec)

mysql> select ename , job from emp where ename like '%S' and (job ='Manager' or job ='clerk');
+--------+---------+
| ename  | job     |
+--------+---------+
| THOMAS | CLERK   |
| ADAMS  | CLERK   |
| JAMES  | CLERK   |
| JONES  | MANAGER |
+--------+---------+
4 rows in set (0.00 sec)

mysql> select ename , job from emp where ename like '%S' and (job ='Manager' or job ='salesman');
+-------+----------+
| ename | job      |
+-------+----------+
| JONES | MANAGER  |
| GRASS | SALESMAN |
+-------+----------+
2 rows in set (0.00 sec)

mysql> # 21.Display all the Names of the Employees whose Salary is either more than 1000 but not more than 2200.
mysql> select empno,ename,job ,sal from emp where sal > anyl(select sal from emp where sa; in(1000,2000)) ;
ERROR 1064 (42000): You have an error in your SQL syntax; check the manual that corresponds to your MySQL server version for the right syntax to use near 'select sal from emp where sa' at line 1
ERROR 1064 (42000): You have an error in your SQL syntax; check the manual that corresponds to your MySQL server version for the right syntax to use near 'in(1000,2000))' at line 1
mysql> select empno,ename,job ,sal from emp where sal > anyl(select sal from emp where sal in(1000,2000)) ;
ERROR 1064 (42000): You have an error in your SQL syntax; check the manual that corresponds to your MySQL server version for the right syntax to use near 'select sal from emp where sal in(1000,2000))' at line 1
mysql> select empno,ename,job ,sal from emp where sal>1000 and sal <2000)) ;
ERROR 1064 (42000): You have an error in your SQL syntax; check the manual that corresponds to your MySQL server version for the right syntax to use near '))' at line 1
mysql> select empno,ename,job ,sal from emp where sal>1000 and sal <2000 ;
+-------+----------+---------------------+------+
| empno | ename    | job                 | sal  |
+-------+----------+---------------------+------+
|  6001 | GITA     | Compliance officers | 1750 |
|  6129 | VRUSHALI | Compliance officers | 1750 |
|  6473 | SHARMIN  | Public Relation     | 1750 |
|  6781 | BANDISH  | Public Relation     | 1750 |
|  7421 | THOMAS   | CLERK               | 1750 |
|  7499 | ALLEN    | SALESMAN            | 1600 |
|  7521 | WARD     | SALESMAN            | 1250 |
|  7654 | MARTIN   | SALESMAN            | 1250 |
|  7844 | TURNER   | SALESMAN            | 1500 |
|  7876 | ADAMS    | CLERK               | 1100 |
|  7934 | MILLER   | CLERK               | 1300 |
|  7945 | AARUSH   | SALESMAN            | 1350 |
|  7949 | ALEX     | MANAGER             | 1250 |
|  8433 | NATASHA  | CLERK               | 1750 |
|  9400 | SANGITA  | Compliance officers | 1750 |
|  9473 | SUPRIYA  | ANALYST             | 1750 |
+-------+----------+---------------------+------+
16 rows in set (0.00 sec)

mysql> 3 22.Select Name & Salary of employees who are clerks
    ->
    -> ^C
mysql> select ename ,sal from emp where job='clerk';
+---------+------+
| ename   | sal  |
+---------+------+
| SMITH   |  800 |
| AARAV   | 3350 |
| THOMAS  | 1750 |
| ADAMS   | 1100 |
| JAMES   |  950 |
| MILLER  | 1300 |
| NATASHA | 1750 |
+---------+------+
7 rows in set (0.00 sec)

mysql> # 23.List the Department Number and Names of all Employees having Salary less than 2500.
mysql> select * from emp where sal <2500;
+-------+----------+--------+---------------------+------+------------+------+------+--------+---------+--------------+------------+------------+----------+------+
| EMPNO | ENAME    | GENDER | JOB                 | MGR  | HIREDATE   | SAL  | COMM | DEPTNO | BONUSID | USER NAME    | PWD        | PHONE      | isActive | SrNO |
+-------+----------+--------+---------------------+------+------------+------+------+--------+---------+--------------+------------+------------+----------+------+
|  6001 | GITA     | F      | Compliance officers | 7920 | 1981-07-19 | 1750 | NULL |     30 |       1 | GITA         | sales@2017 | NULL       |        1 |    1 |
|  6129 | VRUSHALI | F      | Compliance officers | 7920 | 1981-07-19 | 1750 | NULL |     50 |       1 | VRUSHALI     | PUN@8877   | NULL       |        1 |    2 |
|  6473 | SHARMIN  | F      | Public Relation     | 7920 | 1981-07-19 | 1750 | NULL |     20 |       1 | SHARMIN      | a12recmpm  | NULL       |        1 |    3 |
|  6781 | BANDISH  | F      | Public Relation     | 7920 | 1981-07-19 | 1750 | NULL |     20 |       1 | BANDISH      | a12recmpm  | NULL       |        1 |    4 |
|  7369 | SMITH    | M      | CLERK               | 7902 | 1980-12-17 |  800 | NULL |     20 |       2 | TRITONE      | a12recmpm  | 7032300023 |        0 |    5 |
|  7421 | THOMAS   | M      | CLERK               | 7920 | 1981-07-19 | 1750 | NULL |     10 |       1 | THOMAS       | r50mpm     | 7032300011 |        0 |    7 |
|  7499 | ALLEN    | M      | SALESMAN            | 7698 | 1981-02-20 | 1600 |  300 |     30 |       4 | ALWAYS TESTE | sales@2017 | 7032300096 |        1 |    8 |
|  7521 | WARD     | M      | SALESMAN            | 7698 | 1981-02-22 | 1250 |  500 |     30 |       1 | WARD         | sales@2017 | 7132300034 |        1 |    9 |
|  7654 | MARTIN   | M      | SALESMAN            | 7698 | 1981-09-28 | 1250 | 1400 |     30 |       6 | LIFE RACER   | sales@2017 | 7132300050 |        1 |   11 |
|  7782 | CLARK    | M      | MANAGER             | 7839 | 1981-06-09 | 2450 | NULL |     10 |       3 | CLARK        | r50mpm     | 7032300001 |        1 |   13 |
|  7844 | TURNER   | M      | SALESMAN            | 7698 | 1981-09-08 | 1500 |    0 |     30 |       5 | SAND DUST    | sales@2017 | NULL       |        1 |   17 |
|  7876 | ADAMS    | M      | CLERK               | 7788 | 1983-01-12 | 1100 | NULL |     20 |       1 | CRAZY ANYONE | a12recmpm  | 7132300086 |        1 |   18 |
|  7900 | JAMES    | M      | CLERK               | 7698 | 1981-12-03 |  950 | NULL |     30 |       2 | CRAZY LEADER | sales@2017 | 7132300042 |        1 |   19 |
|  7934 | MILLER   | M      | CLERK               | 7782 | 1982-01-23 | 1300 | NULL |     10 |       2 | QUARTERNOTE  | r50mpm     | 7132300055 |        0 |   23 |
|  7945 | AARUSH   | M      | SALESMAN            | 7902 | 1980-02-14 | 1350 | 2700 |     30 |    NULL | AARUSH       | ABCDEF     | NULL       |        0 |   24 |
|  7949 | ALEX     | M      | MANAGER             | 7698 | 1982-01-24 | 1250 |  500 |     30 |       5 | QUARTERREST  | sales@2017 | 7156567183 |        1 |   25 |
|  8433 | NATASHA  | F      | CLERK               | 7920 | 1981-07-19 | 1750 | NULL |     30 |       1 | NATASHA      | sales@2017 | NULL       |        1 |   26 |
|  9400 | SANGITA  | F      | Compliance officers | 7920 | 1981-07-19 | 1750 | NULL |     50 |       1 | SANGITA      | NULL       | NULL       |        1 |   27 |
|  9473 | SUPRIYA  | F      | ANALYST             | 7920 | 1981-07-19 | 1750 | NULL |     50 |       1 | SUPRIYA      | XYZ@1234   | NULL       |        1 |   28 |
+-------+----------+--------+---------------------+------+------------+------+------+--------+---------+--------------+------------+------------+----------+------+
19 rows in set (0.00 sec)

mysql> select deptno , ename from emp where sal <2500;
+--------+----------+
| deptno | ename    |
+--------+----------+
|     30 | GITA     |
|     50 | VRUSHALI |
|     20 | SHARMIN  |
|     20 | BANDISH  |
|     20 | SMITH    |
|     10 | THOMAS   |
|     30 | ALLEN    |
|     30 | WARD     |
|     30 | MARTIN   |
|     10 | CLARK    |
|     30 | TURNER   |
|     20 | ADAMS    |
|     30 | JAMES    |
|     10 | MILLER   |
|     30 | AARUSH   |
|     30 | ALEX     |
|     30 | NATASHA  |
|     50 | SANGITA  |
|     50 | SUPRIYA  |
+--------+----------+
19 rows in set (0.00 sec)

mysql> select deptno , ename ,sal from emp where sal <2500;
+--------+----------+------+
| deptno | ename    | sal  |
+--------+----------+------+
|     30 | GITA     | 1750 |
|     50 | VRUSHALI | 1750 |
|     20 | SHARMIN  | 1750 |
|     20 | BANDISH  | 1750 |
|     20 | SMITH    |  800 |
|     10 | THOMAS   | 1750 |
|     30 | ALLEN    | 1600 |
|     30 | WARD     | 1250 |
|     30 | MARTIN   | 1250 |
|     10 | CLARK    | 2450 |
|     30 | TURNER   | 1500 |
|     20 | ADAMS    | 1100 |
|     30 | JAMES    |  950 |
|     10 | MILLER   | 1300 |
|     30 | AARUSH   | 1350 |
|     30 | ALEX     | 1250 |
|     30 | NATASHA  | 1750 |
|     50 | SANGITA  | 1750 |
|     50 | SUPRIYA  | 1750 |
+--------+----------+------+
19 rows in set (0.00 sec)

mysql> # 24.List the Employee Number and the Name of the President.
mysql> select deptno , ename ,sal from emp where job='president';
+--------+-------+------+
| deptno | ename | sal  |
+--------+-------+------+
|     10 | KING  | 5000 |
+--------+-------+------+
1 row in set (0.00 sec)

mysql> select deptno ,dename, ename ,sal from emp where job='president';
ERROR 1054 (42S22): Unknown column 'dename' in 'field list'
mysql> select deptno ,dname, ename ,sal from emp where job='president';
ERROR 1054 (42S22): Unknown column 'dname' in 'field list'
mysql> select deptno ,dept.dname, ename ,sal from emp where job='president';
ERROR 1054 (42S22): Unknown column 'dept.dname' in 'field list'
mysql> select deptno ,dept.dname, ename ,sal from emp=dept where job='president';
ERROR 1064 (42000): You have an error in your SQL syntax; check the manual that corresponds to your MySQL server version for the right syntax to use near '=dept where job='president'' at line 1
mysql> select deptno , ename ,sal from emp where job='president';
+--------+-------+------+
| deptno | ename | sal  |
+--------+-------+------+
|     10 | KING  | 5000 |
+--------+-------+------+
1 row in set (0.00 sec)

mysql> 25.Display Names whose job is either Clerk or Analyst or Salesman.
    -> ^C
mysql> select ename , job from emp where job in('clerk','analyst','salesman');
+---------+----------+
| ename   | job      |
+---------+----------+
| SMITH   | CLERK    |
| AARAV   | CLERK    |
| THOMAS  | CLERK    |
| ALLEN   | SALESMAN |
| WARD    | SALESMAN |
| MARTIN  | SALESMAN |
| SCOTT   | ANALYST  |
| TURNER  | SALESMAN |
| ADAMS   | CLERK    |
| JAMES   | CLERK    |
| zzz     | ANALYST  |
| GRASS   | SALESMAN |
| MILLER  | CLERK    |
| AARUSH  | SALESMAN |
| NATASHA | CLERK    |
| SUPRIYA | ANALYST  |
+---------+----------+
16 rows in set (0.00 sec)

mysql> # 26.List the Employees whose names start with ‘B’ or ‘M’
mysql> select * from emp where ename like 'B%' or 'M%';
+-------+---------+--------+-----------------+------+------------+------+------+--------+---------+-----------+------------+------------+----------+------+
| EMPNO | ENAME   | GENDER | JOB             | MGR  | HIREDATE   | SAL  | COMM | DEPTNO | BONUSID | USER NAME | PWD        | PHONE      | isActive | SrNO |
+-------+---------+--------+-----------------+------+------------+------+------+--------+---------+-----------+------------+------------+----------+------+
|  6781 | BANDISH | F      | Public Relation | 7920 | 1981-07-19 | 1750 | NULL |     20 |       1 | BANDISH   | a12recmpm  | NULL       |        1 |    4 |
|  7698 | BLAKE   | M      | MANAGER         | 7839 | 1981-05-01 | 2850 | NULL |     30 |       1 | BIG BEN   | sales@2017 | 7132300027 |        1 |   12 |
+-------+---------+--------+-----------------+------+------------+------+------+--------+---------+-----------+------------+------------+----------+------+
2 rows in set, 1 warning (0.00 sec)

mysql> select * from emp where ename like 'B%' and 'M%';
Empty set, 1 warning (0.00 sec)

mysql> select * from emp where ename like 'B%' or ename like 'M%';
+-------+---------+--------+-----------------+------+------------+------+------+--------+---------+-------------+------------+------------+----------+------+
| EMPNO | ENAME   | GENDER | JOB             | MGR  | HIREDATE   | SAL  | COMM | DEPTNO | BONUSID | USER NAME   | PWD        | PHONE      | isActive | SrNO |
+-------+---------+--------+-----------------+------+------------+------+------+--------+---------+-------------+------------+------------+----------+------+
|  6781 | BANDISH | F      | Public Relation | 7920 | 1981-07-19 | 1750 | NULL |     20 |       1 | BANDISH     | a12recmpm  | NULL       |        1 |    4 |
|  7698 | BLAKE   | M      | MANAGER         | 7839 | 1981-05-01 | 2850 | NULL |     30 |       1 | BIG BEN     | sales@2017 | 7132300027 |        1 |   12 |
|  7654 | MARTIN  | M      | SALESMAN        | 7698 | 1981-09-28 | 1250 | 1400 |     30 |       6 | LIFE RACER  | sales@2017 | 7132300050 |        1 |   11 |
|  7934 | MILLER  | M      | CLERK           | 7782 | 1982-01-23 | 1300 | NULL |     10 |       2 | QUARTERNOTE | r50mpm     | 7132300055 |        0 |   23 |
+-------+---------+--------+-----------------+------+------------+------+------+--------+---------+-------------+------------+------------+----------+------+
4 rows in set (0.00 sec)

mysql> # 27.Give a list of Employees sorted in alphabetic order of Names.
mysql> select * from emp order by ename ;
+-------+----------+--------+---------------------+------+------------+------+------+--------+---------+--------------+------------+------------+----------+------+
| EMPNO | ENAME    | GENDER | JOB                 | MGR  | HIREDATE   | SAL  | COMM | DEPTNO | BONUSID | USER NAME    | PWD        | PHONE      | isActive | SrNO |
+-------+----------+--------+---------------------+------+------------+------+------+--------+---------+--------------+------------+------------+----------+------+
|  7415 | AARAV    | M      | CLERK               | 7902 | 1981-12-31 | 3350 | NULL |     10 |    NULL | AARAV        | NULL       | 7032300084 |        0 |    6 |
|  7945 | AARUSH   | M      | SALESMAN            | 7902 | 1980-02-14 | 1350 | 2700 |     30 |    NULL | AARUSH       | ABCDEF     | NULL       |        0 |   24 |
|  7876 | ADAMS    | M      | CLERK               | 7788 | 1983-01-12 | 1100 | NULL |     20 |       1 | CRAZY ANYONE | a12recmpm  | 7132300086 |        1 |   18 |
|  7949 | ALEX     | M      | MANAGER             | 7698 | 1982-01-24 | 1250 |  500 |     30 |       5 | QUARTERREST  | sales@2017 | 7156567183 |        1 |   25 |
|  7499 | ALLEN    | M      | SALESMAN            | 7698 | 1981-02-20 | 1600 |  300 |     30 |       4 | ALWAYS TESTE | sales@2017 | 7032300096 |        1 |    8 |
|  6781 | BANDISH  | F      | Public Relation     | 7920 | 1981-07-19 | 1750 | NULL |     20 |       1 | BANDISH      | a12recmpm  | NULL       |        1 |    4 |
|  7698 | BLAKE    | M      | MANAGER             | 7839 | 1981-05-01 | 2850 | NULL |     30 |       1 | BIG BEN      | sales@2017 | 7132300027 |        1 |   12 |
|  7782 | CLARK    | M      | MANAGER             | 7839 | 1981-06-09 | 2450 | NULL |     10 |       3 | CLARK        | r50mpm     | 7032300001 |        1 |   13 |
|  7840 | FRED     | M      | vice PRESIDENT      | 7839 | 1983-08-09 | 5000 | NULL |     20 |       1 | SAND STONE   | a12recmpm  | NULL       |        1 |   16 |
|  6001 | GITA     | F      | Compliance officers | 7920 | 1981-07-19 | 1750 | NULL |     30 |       1 | GITA         | sales@2017 | NULL       |        1 |    1 |
|  7920 | GRASS    | M      | SALESMAN            | 7919 | 1980-02-14 | 2575 | 2700 |     30 |       5 | GRASS        | sales@2017 | NULL       |        1 |   22 |
|  7919 | HOFFMAN  | M      | MANAGER             | 7566 | 1982-03-24 | 4150 | NULL |     30 |       3 | INTERVAL     | sales@2017 | NULL       |        1 |   21 |
|  7900 | JAMES    | M      | CLERK               | 7698 | 1981-12-03 |  950 | NULL |     30 |       2 | CRAZY LEADER | sales@2017 | 7132300042 |        1 |   19 |
|  7566 | JONES    | M      | MANAGER             | 7839 | 1981-04-02 | 2975 | NULL |     20 |       4 | HONEYCOMB    | a12recmpm  | 7132300039 |        1 |   10 |
|  7839 | KING     | M      | PRESIDENT           | NULL | 1981-11-17 | 5000 | NULL |     10 |       1 | KING         | r50mpm     | 7132300081 |        1 |   15 |
|  7654 | MARTIN   | M      | SALESMAN            | 7698 | 1981-09-28 | 1250 | 1400 |     30 |       6 | LIFE RACER   | sales@2017 | 7132300050 |        1 |   11 |
|  7934 | MILLER   | M      | CLERK               | 7782 | 1982-01-23 | 1300 | NULL |     10 |       2 | QUARTERNOTE  | r50mpm     | 7132300055 |        0 |   23 |
|  8433 | NATASHA  | F      | CLERK               | 7920 | 1981-07-19 | 1750 | NULL |     30 |       1 | NATASHA      | sales@2017 | NULL       |        1 |   26 |
|  9400 | SANGITA  | F      | Compliance officers | 7920 | 1981-07-19 | 1750 | NULL |     50 |       1 | SANGITA      | NULL       | NULL       |        1 |   27 |
|  7788 | SCOTT    | M      | ANALYST             | 7766 | 1982-12-09 | 3000 | NULL |     20 |       3 | WHITE SAND   | a12recmpm  | NULL       |        1 |   14 |
|  6473 | SHARMIN  | F      | Public Relation     | 7920 | 1981-07-19 | 1750 | NULL |     20 |       1 | SHARMIN      | a12recmpm  | NULL       |        1 |    3 |
|  7369 | SMITH    | M      | CLERK               | 7902 | 1980-12-17 |  800 | NULL |     20 |       2 | TRITONE      | a12recmpm  | 7032300023 |        0 |    5 |
|  9473 | SUPRIYA  | F      | ANALYST             | 7920 | 1981-07-19 | 1750 | NULL |     50 |       1 | SUPRIYA      | XYZ@1234   | NULL       |        1 |   28 |
|  7421 | THOMAS   | M      | CLERK               | 7920 | 1981-07-19 | 1750 | NULL |     10 |       1 | THOMAS       | r50mpm     | 7032300011 |        0 |    7 |
|  7844 | TURNER   | M      | SALESMAN            | 7698 | 1981-09-08 | 1500 |    0 |     30 |       5 | SAND DUST    | sales@2017 | NULL       |        1 |   17 |
|  6129 | VRUSHALI | F      | Compliance officers | 7920 | 1981-07-19 | 1750 | NULL |     50 |       1 | VRUSHALI     | PUN@8877   | NULL       |        1 |    2 |
|  7521 | WARD     | M      | SALESMAN            | 7698 | 1981-02-22 | 1250 |  500 |     30 |       1 | WARD         | sales@2017 | 7132300034 |        1 |    9 |
|  7902 | zzz      | M      | ANALYST             | 7566 | 1981-12-03 | 3000 | NULL |     20 |       4 | CONBRIO      | a12recmpm  | NULL       |        0 |   20 |
+-------+----------+--------+---------------------+------+------------+------+------+--------+---------+--------------+------------+------------+----------+------+
28 rows in set (0.00 sec)

mysql> # 28.Find out details of Employees where Commission is greater than 5% of the Salary.
mysql> select * from emp where comm > sal*12*.05 ;
+-------+--------+--------+----------+------+------------+------+------+--------+---------+------------+------------+------------+----------+------+
| EMPNO | ENAME  | GENDER | JOB      | MGR  | HIREDATE   | SAL  | COMM | DEPTNO | BONUSID | USER NAME  | PWD        | PHONE      | isActive | SrNO |
+-------+--------+--------+----------+------+------------+------+------+--------+---------+------------+------------+------------+----------+------+
|  7654 | MARTIN | M      | SALESMAN | 7698 | 1981-09-28 | 1250 | 1400 |     30 |       6 | LIFE RACER | sales@2017 | 7132300050 |        1 |   11 |
|  7920 | GRASS  | M      | SALESMAN | 7919 | 1980-02-14 | 2575 | 2700 |     30 |       5 | GRASS      | sales@2017 | NULL       |        1 |   22 |
|  7945 | AARUSH | M      | SALESMAN | 7902 | 1980-02-14 | 1350 | 2700 |     30 |    NULL | AARUSH     | ABCDEF     | NULL       |        0 |   24 |
+-------+--------+--------+----------+------+------------+------+------+--------+---------+------------+------------+------------+----------+------+
3 rows in set (0.00 sec)

mysql> select * from emp where comm > sal*.05 ;
+-------+--------+--------+----------+------+------------+------+------+--------+---------+--------------+------------+------------+----------+------+
| EMPNO | ENAME  | GENDER | JOB      | MGR  | HIREDATE   | SAL  | COMM | DEPTNO | BONUSID | USER NAME    | PWD        | PHONE      | isActive | SrNO |
+-------+--------+--------+----------+------+------------+------+------+--------+---------+--------------+------------+------------+----------+------+
|  7499 | ALLEN  | M      | SALESMAN | 7698 | 1981-02-20 | 1600 |  300 |     30 |       4 | ALWAYS TESTE | sales@2017 | 7032300096 |        1 |    8 |
|  7521 | WARD   | M      | SALESMAN | 7698 | 1981-02-22 | 1250 |  500 |     30 |       1 | WARD         | sales@2017 | 7132300034 |        1 |    9 |
|  7654 | MARTIN | M      | SALESMAN | 7698 | 1981-09-28 | 1250 | 1400 |     30 |       6 | LIFE RACER   | sales@2017 | 7132300050 |        1 |   11 |
|  7920 | GRASS  | M      | SALESMAN | 7919 | 1980-02-14 | 2575 | 2700 |     30 |       5 | GRASS        | sales@2017 | NULL       |        1 |   22 |
|  7945 | AARUSH | M      | SALESMAN | 7902 | 1980-02-14 | 1350 | 2700 |     30 |    NULL | AARUSH       | ABCDEF     | NULL       |        0 |   24 |
|  7949 | ALEX   | M      | MANAGER  | 7698 | 1982-01-24 | 1250 |  500 |     30 |       5 | QUARTERREST  | sales@2017 | 7156567183 |        1 |   25 |
+-------+--------+--------+----------+------+------------+------+------+--------+---------+--------------+------------+------------+----------+------+
6 rows in set (0.00 sec)

mysql> # 29.Create query to display the Employee Name and Department Number for empno 7566
mysql> select ename ,deptno from emp where emmpno > any(select empno from emp where emp =7566);
ERROR 1054 (42S22): Unknown column 'emp' in 'where clause'
mysql> table emp;
+-------+----------+--------+---------------------+------+------------+------+------+--------+---------+--------------+------------+------------+----------+------+
| EMPNO | ENAME    | GENDER | JOB                 | MGR  | HIREDATE   | SAL  | COMM | DEPTNO | BONUSID | USER NAME    | PWD        | PHONE      | isActive | SrNO |
+-------+----------+--------+---------------------+------+------------+------+------+--------+---------+--------------+------------+------------+----------+------+
|  6001 | GITA     | F      | Compliance officers | 7920 | 1981-07-19 | 1750 | NULL |     30 |       1 | GITA         | sales@2017 | NULL       |        1 |    1 |
|  6129 | VRUSHALI | F      | Compliance officers | 7920 | 1981-07-19 | 1750 | NULL |     50 |       1 | VRUSHALI     | PUN@8877   | NULL       |        1 |    2 |
|  6473 | SHARMIN  | F      | Public Relation     | 7920 | 1981-07-19 | 1750 | NULL |     20 |       1 | SHARMIN      | a12recmpm  | NULL       |        1 |    3 |
|  6781 | BANDISH  | F      | Public Relation     | 7920 | 1981-07-19 | 1750 | NULL |     20 |       1 | BANDISH      | a12recmpm  | NULL       |        1 |    4 |
|  7369 | SMITH    | M      | CLERK               | 7902 | 1980-12-17 |  800 | NULL |     20 |       2 | TRITONE      | a12recmpm  | 7032300023 |        0 |    5 |
|  7415 | AARAV    | M      | CLERK               | 7902 | 1981-12-31 | 3350 | NULL |     10 |    NULL | AARAV        | NULL       | 7032300084 |        0 |    6 |
|  7421 | THOMAS   | M      | CLERK               | 7920 | 1981-07-19 | 1750 | NULL |     10 |       1 | THOMAS       | r50mpm     | 7032300011 |        0 |    7 |
|  7499 | ALLEN    | M      | SALESMAN            | 7698 | 1981-02-20 | 1600 |  300 |     30 |       4 | ALWAYS TESTE | sales@2017 | 7032300096 |        1 |    8 |
|  7521 | WARD     | M      | SALESMAN            | 7698 | 1981-02-22 | 1250 |  500 |     30 |       1 | WARD         | sales@2017 | 7132300034 |        1 |    9 |
|  7566 | JONES    | M      | MANAGER             | 7839 | 1981-04-02 | 2975 | NULL |     20 |       4 | HONEYCOMB    | a12recmpm  | 7132300039 |        1 |   10 |
|  7654 | MARTIN   | M      | SALESMAN            | 7698 | 1981-09-28 | 1250 | 1400 |     30 |       6 | LIFE RACER   | sales@2017 | 7132300050 |        1 |   11 |
|  7698 | BLAKE    | M      | MANAGER             | 7839 | 1981-05-01 | 2850 | NULL |     30 |       1 | BIG BEN      | sales@2017 | 7132300027 |        1 |   12 |
|  7782 | CLARK    | M      | MANAGER             | 7839 | 1981-06-09 | 2450 | NULL |     10 |       3 | CLARK        | r50mpm     | 7032300001 |        1 |   13 |
|  7788 | SCOTT    | M      | ANALYST             | 7766 | 1982-12-09 | 3000 | NULL |     20 |       3 | WHITE SAND   | a12recmpm  | NULL       |        1 |   14 |
|  7839 | KING     | M      | PRESIDENT           | NULL | 1981-11-17 | 5000 | NULL |     10 |       1 | KING         | r50mpm     | 7132300081 |        1 |   15 |
|  7840 | FRED     | M      | vice PRESIDENT      | 7839 | 1983-08-09 | 5000 | NULL |     20 |       1 | SAND STONE   | a12recmpm  | NULL       |        1 |   16 |
|  7844 | TURNER   | M      | SALESMAN            | 7698 | 1981-09-08 | 1500 |    0 |     30 |       5 | SAND DUST    | sales@2017 | NULL       |        1 |   17 |
|  7876 | ADAMS    | M      | CLERK               | 7788 | 1983-01-12 | 1100 | NULL |     20 |       1 | CRAZY ANYONE | a12recmpm  | 7132300086 |        1 |   18 |
|  7900 | JAMES    | M      | CLERK               | 7698 | 1981-12-03 |  950 | NULL |     30 |       2 | CRAZY LEADER | sales@2017 | 7132300042 |        1 |   19 |
|  7902 | zzz      | M      | ANALYST             | 7566 | 1981-12-03 | 3000 | NULL |     20 |       4 | CONBRIO      | a12recmpm  | NULL       |        0 |   20 |
|  7919 | HOFFMAN  | M      | MANAGER             | 7566 | 1982-03-24 | 4150 | NULL |     30 |       3 | INTERVAL     | sales@2017 | NULL       |        1 |   21 |
|  7920 | GRASS    | M      | SALESMAN            | 7919 | 1980-02-14 | 2575 | 2700 |     30 |       5 | GRASS        | sales@2017 | NULL       |        1 |   22 |
|  7934 | MILLER   | M      | CLERK               | 7782 | 1982-01-23 | 1300 | NULL |     10 |       2 | QUARTERNOTE  | r50mpm     | 7132300055 |        0 |   23 |
|  7945 | AARUSH   | M      | SALESMAN            | 7902 | 1980-02-14 | 1350 | 2700 |     30 |    NULL | AARUSH       | ABCDEF     | NULL       |        0 |   24 |
|  7949 | ALEX     | M      | MANAGER             | 7698 | 1982-01-24 | 1250 |  500 |     30 |       5 | QUARTERREST  | sales@2017 | 7156567183 |        1 |   25 |
|  8433 | NATASHA  | F      | CLERK               | 7920 | 1981-07-19 | 1750 | NULL |     30 |       1 | NATASHA      | sales@2017 | NULL       |        1 |   26 |
|  9400 | SANGITA  | F      | Compliance officers | 7920 | 1981-07-19 | 1750 | NULL |     50 |       1 | SANGITA      | NULL       | NULL       |        1 |   27 |
|  9473 | SUPRIYA  | F      | ANALYST             | 7920 | 1981-07-19 | 1750 | NULL |     50 |       1 | SUPRIYA      | XYZ@1234   | NULL       |        1 |   28 |
+-------+----------+--------+---------------------+------+------------+------+------+--------+---------+--------------+------------+------------+----------+------+
28 rows in set (0.00 sec)

mysql> select ename ,deptno from emp where emmpno > any(select empno from emp where ename='jones');
ERROR 1054 (42S22): Unknown column 'emmpno' in 'IN/ALL/ANY subquery'
mysql> select ename ,deptno from emp where emmpno=7566;
ERROR 1054 (42S22): Unknown column 'emmpno' in 'where clause'
mysql> select ename ,deptno from emp where empno=7566;
+-------+--------+
| ename | deptno |
+-------+--------+
| JONES |     20 |
+-------+--------+
1 row in set (0.00 sec)

mysql> select * from emp where empno=7566;
+-------+-------+--------+---------+------+------------+------+------+--------+---------+-----------+-----------+------------+----------+------+
| EMPNO | ENAME | GENDER | JOB     | MGR  | HIREDATE   | SAL  | COMM | DEPTNO | BONUSID | USER NAME | PWD       | PHONE      | isActive | SrNO |
+-------+-------+--------+---------+------+------------+------+------+--------+---------+-----------+-----------+------------+----------+------+
|  7566 | JONES | M      | MANAGER | 7839 | 1981-04-02 | 2975 | NULL |     20 |       4 | HONEYCOMB | a12recmpm | 7132300039 |        1 |   10 |
+-------+-------+--------+---------+------+------------+------+------+--------+---------+-----------+-----------+------------+----------+------+
1 row in set (0.00 sec)

mysql> # 30.List the Name and Salary of Employees who earn more than $1500 and are in Department 10 or 30. Label the columns NAME and Monthly Salary, respectively.
mysql> select ename , sal , sal*12 'Annual Salary' from emp where sal*12 >1500 and (deptno=10 or deptno=30);
+---------+------+---------------+
| ename   | sal  | Annual Salary |
+---------+------+---------------+
| GITA    | 1750 |         21000 |
| AARAV   | 3350 |         40200 |
| THOMAS  | 1750 |         21000 |
| ALLEN   | 1600 |         19200 |
| WARD    | 1250 |         15000 |
| MARTIN  | 1250 |         15000 |
| BLAKE   | 2850 |         34200 |
| CLARK   | 2450 |         29400 |
| KING    | 5000 |         60000 |
| TURNER  | 1500 |         18000 |
| JAMES   |  950 |         11400 |
| HOFFMAN | 4150 |         49800 |
| GRASS   | 2575 |         30900 |
| MILLER  | 1300 |         15600 |
| AARUSH  | 1350 |         16200 |
| ALEX    | 1250 |         15000 |
| NATASHA | 1750 |         21000 |
+---------+------+---------------+
17 rows in set (0.00 sec)

mysql> select ename , sal , sal*12 'Annual Salary' from emp where sal >1500 and (deptno=10 or deptno=30);
+---------+------+---------------+
| ename   | sal  | Annual Salary |
+---------+------+---------------+
| GITA    | 1750 |         21000 |
| AARAV   | 3350 |         40200 |
| THOMAS  | 1750 |         21000 |
| ALLEN   | 1600 |         19200 |
| BLAKE   | 2850 |         34200 |
| CLARK   | 2450 |         29400 |
| KING    | 5000 |         60000 |
| HOFFMAN | 4150 |         49800 |
| GRASS   | 2575 |         30900 |
| NATASHA | 1750 |         21000 |
+---------+------+---------------+
10 rows in set (0.00 sec)

mysql> # 31.Display the Name, Salary and Commission for all Employees who earn Commission. Sort data in descending order of Salary and Commission.
mysql>
mysql> select ename , sal , sal*12 'Annual Salary' ,comm from emp where comm >= 0 order by sal desc , comm desc;
+--------+------+---------------+------+
| ename  | sal  | Annual Salary | comm |
+--------+------+---------------+------+
| GRASS  | 2575 |         30900 | 2700 |
| ALLEN  | 1600 |         19200 |  300 |
| TURNER | 1500 |         18000 |    0 |
| AARUSH | 1350 |         16200 | 2700 |
| MARTIN | 1250 |         15000 | 1400 |
| WARD   | 1250 |         15000 |  500 |
| ALEX   | 1250 |         15000 |  500 |
+--------+------+---------------+------+
7 rows in set (0.00 sec)

mysql> select ename , sal , sal*12 'Annual Salary' ,comm from emp where comm > 0 order by sal desc , comm desc;
+--------+------+---------------+------+
| ename  | sal  | Annual Salary | comm |
+--------+------+---------------+------+
| GRASS  | 2575 |         30900 | 2700 |
| ALLEN  | 1600 |         19200 |  300 |
| AARUSH | 1350 |         16200 | 2700 |
| MARTIN | 1250 |         15000 | 1400 |
| WARD   | 1250 |         15000 |  500 |
| ALEX   | 1250 |         15000 |  500 |
+--------+------+---------------+------+
6 rows in set (0.00 sec)

mysql> select ename , sal , sal*12 'Annual Salary' ,comm ,comm*12 from emp where comm > 0 order by sal desc , comm desc;
+--------+------+---------------+------+---------+
| ename  | sal  | Annual Salary | comm | comm*12 |
+--------+------+---------------+------+---------+
| GRASS  | 2575 |         30900 | 2700 |   32400 |
| ALLEN  | 1600 |         19200 |  300 |    3600 |
| AARUSH | 1350 |         16200 | 2700 |   32400 |
| MARTIN | 1250 |         15000 | 1400 |   16800 |
| WARD   | 1250 |         15000 |  500 |    6000 |
| ALEX   | 1250 |         15000 |  500 |    6000 |
+--------+------+---------------+------+---------+
6 rows in set (0.00 sec)

mysql> select ename , sal , sal*12 'Annual Salary' ,comm ,comm*12 'Annual Commission' from emp where comm > 0 order by sal desc , comm desc;
+--------+------+---------------+------+-------------------+
| ename  | sal  | Annual Salary | comm | Annual Commission |
+--------+------+---------------+------+-------------------+
| GRASS  | 2575 |         30900 | 2700 |             32400 |
| ALLEN  | 1600 |         19200 |  300 |              3600 |
| AARUSH | 1350 |         16200 | 2700 |             32400 |
| MARTIN | 1250 |         15000 | 1400 |             16800 |
| WARD   | 1250 |         15000 |  500 |              6000 |
| ALEX   | 1250 |         15000 |  500 |              6000 |
+--------+------+---------------+------+-------------------+
6 rows in set (0.00 sec)

mysql> # 32.Display the Names of all Employees with the third letter of their Name as an "A".
mysql> select * from emp where ename like '__A%';
+-------+---------+--------+-----------------+------+------------+------+------+--------+---------+--------------+------------+------------+----------+------+
| EMPNO | ENAME   | GENDER | JOB             | MGR  | HIREDATE   | SAL  | COMM | DEPTNO | BONUSID | USER NAME    | PWD        | PHONE      | isActive | SrNO |
+-------+---------+--------+-----------------+------+------------+------+------+--------+---------+--------------+------------+------------+----------+------+
|  6473 | SHARMIN | F      | Public Relation | 7920 | 1981-07-19 | 1750 | NULL |     20 |       1 | SHARMIN      | a12recmpm  | NULL       |        1 |    3 |
|  7698 | BLAKE   | M      | MANAGER         | 7839 | 1981-05-01 | 2850 | NULL |     30 |       1 | BIG BEN      | sales@2017 | 7132300027 |        1 |   12 |
|  7782 | CLARK   | M      | MANAGER         | 7839 | 1981-06-09 | 2450 | NULL |     10 |       3 | CLARK        | r50mpm     | 7032300001 |        1 |   13 |
|  7876 | ADAMS   | M      | CLERK           | 7788 | 1983-01-12 | 1100 | NULL |     20 |       1 | CRAZY ANYONE | a12recmpm  | 7132300086 |        1 |   18 |
|  7920 | GRASS   | M      | SALESMAN        | 7919 | 1980-02-14 | 2575 | 2700 |     30 |       5 | GRASS        | sales@2017 | NULL       |        1 |   22 |
+-------+---------+--------+-----------------+------+------------+------+------+--------+---------+--------------+------------+------------+----------+------+
5 rows in set (0.00 sec)

mysql> # 33.Display the name of all Employees that have two ‘LS’ in the name and are in department 30 or their manager is 7782
mysql> select * from emp having ename like '%ls%' and mgr=7782;
Empty set (0.00 sec)

mysql> select * from emp where ename like '%ls%' and mgr=7782;
Empty set (0.00 sec)

mysql> select * from emp where (ename like '%ls%' and mgr=7782);
Empty set (0.00 sec)

mysql> select * from emp where (ename like '%ls%ls%' and mgr=7782);
Empty set (0.00 sec)

mysql> select * from emp where (ename like '%l%'or ename like '%s% and mgr=7782);
    '> ^C
mysql> select * from emp where (ename like '%l%'or ename like '%s%' and mgr=7782);
+-------+----------+--------+---------------------+------+------------+------+------+--------+---------+--------------+------------+------------+----------+------+
| EMPNO | ENAME    | GENDER | JOB                 | MGR  | HIREDATE   | SAL  | COMM | DEPTNO | BONUSID | USER NAME    | PWD        | PHONE      | isActive | SrNO |
+-------+----------+--------+---------------------+------+------------+------+------+--------+---------+--------------+------------+------------+----------+------+
|  6129 | VRUSHALI | F      | Compliance officers | 7920 | 1981-07-19 | 1750 | NULL |     50 |       1 | VRUSHALI     | PUN@8877   | NULL       |        1 |    2 |
|  7499 | ALLEN    | M      | SALESMAN            | 7698 | 1981-02-20 | 1600 |  300 |     30 |       4 | ALWAYS TESTE | sales@2017 | 7032300096 |        1 |    8 |
|  7698 | BLAKE    | M      | MANAGER             | 7839 | 1981-05-01 | 2850 | NULL |     30 |       1 | BIG BEN      | sales@2017 | 7132300027 |        1 |   12 |
|  7782 | CLARK    | M      | MANAGER             | 7839 | 1981-06-09 | 2450 | NULL |     10 |       3 | CLARK        | r50mpm     | 7032300001 |        1 |   13 |
|  7934 | MILLER   | M      | CLERK               | 7782 | 1982-01-23 | 1300 | NULL |     10 |       2 | QUARTERNOTE  | r50mpm     | 7132300055 |        0 |   23 |
|  7949 | ALEX     | M      | MANAGER             | 7698 | 1982-01-24 | 1250 |  500 |     30 |       5 | QUARTERREST  | sales@2017 | 7156567183 |        1 |   25 |
+-------+----------+--------+---------------------+------+------------+------+------+--------+---------+--------------+------------+------------+----------+------+
6 rows in set (0.00 sec)

mysql> select * from emp where ename like '%l%'or ename like '%s%' and mgr=7782;
+-------+----------+--------+---------------------+------+------------+------+------+--------+---------+--------------+------------+------------+----------+------+
| EMPNO | ENAME    | GENDER | JOB                 | MGR  | HIREDATE   | SAL  | COMM | DEPTNO | BONUSID | USER NAME    | PWD        | PHONE      | isActive | SrNO |
+-------+----------+--------+---------------------+------+------------+------+------+--------+---------+--------------+------------+------------+----------+------+
|  6129 | VRUSHALI | F      | Compliance officers | 7920 | 1981-07-19 | 1750 | NULL |     50 |       1 | VRUSHALI     | PUN@8877   | NULL       |        1 |    2 |
|  7499 | ALLEN    | M      | SALESMAN            | 7698 | 1981-02-20 | 1600 |  300 |     30 |       4 | ALWAYS TESTE | sales@2017 | 7032300096 |        1 |    8 |
|  7698 | BLAKE    | M      | MANAGER             | 7839 | 1981-05-01 | 2850 | NULL |     30 |       1 | BIG BEN      | sales@2017 | 7132300027 |        1 |   12 |
|  7782 | CLARK    | M      | MANAGER             | 7839 | 1981-06-09 | 2450 | NULL |     10 |       3 | CLARK        | r50mpm     | 7032300001 |        1 |   13 |
|  7934 | MILLER   | M      | CLERK               | 7782 | 1982-01-23 | 1300 | NULL |     10 |       2 | QUARTERNOTE  | r50mpm     | 7132300055 |        0 |   23 |
|  7949 | ALEX     | M      | MANAGER             | 7698 | 1982-01-24 | 1250 |  500 |     30 |       5 | QUARTERREST  | sales@2017 | 7156567183 |        1 |   25 |
+-------+----------+--------+---------------------+------+------------+------+------+--------+---------+--------------+------------+------------+----------+------+
6 rows in set (0.00 sec)

mysql> # 34.Display Name, Job & Sal for all Emp whose job is Clerk or Analyst and their Sal is not equal to 1000, 3000 & 5000
mysql> select ename ,job,sal from emp where job in('clerk','analyst')a and not sal in(1000,3000,5000);
ERROR 1064 (42000): You have an error in your SQL syntax; check the manual that corresponds to your MySQL server version for the right syntax to use near 'a and not sal in(1000,3000,5000)' at line 1
mysql> select ename ,job,sal from emp where job in('clerk','analyst') and not sal in(1000,3000,5000);
+---------+---------+------+
| ename   | job     | sal  |
+---------+---------+------+
| SUPRIYA | ANALYST | 1750 |
| SMITH   | CLERK   |  800 |
| AARAV   | CLERK   | 3350 |
| THOMAS  | CLERK   | 1750 |
| ADAMS   | CLERK   | 1100 |
| JAMES   | CLERK   |  950 |
| MILLER  | CLERK   | 1300 |
| NATASHA | CLERK   | 1750 |
+---------+---------+------+
8 rows in set (0.00 sec)

mysql> # 35.Display the Name, Sal & Comm for all Employees whose Comm amount is greater than their Sal increased by 10%.
mysql> select ename , sal , sal*12 'Annual Salary' ,comm  from emp where comm > sal+sal*.1;
+--------+------+---------------+------+
| ename  | sal  | Annual Salary | comm |
+--------+------+---------------+------+
| MARTIN | 1250 |         15000 | 1400 |
| AARUSH | 1350 |         16200 | 2700 |
+--------+------+---------------+------+
2 rows in set (0.00 sec)

mysql> # 36. Display Employee Number, Name, Gross Salary (Bonus + Salary*12 + Commission) for all those Employees who belong to Department Number 20 or 30 in the ascending order of Employee Numbers.^C
mysql> select empno, ename ,(bonus+sal*12+comm) 'Gross Salary' from emp where deptno=20 or deptno=30 order by empno;
ERROR 1054 (42S22): Unknown column 'bonus' in 'field list'
mysql> table emp limit 1
    -> ;
+-------+-------+--------+---------------------+------+------------+------+------+--------+---------+-----------+------------+-------+----------+------+
| EMPNO | ENAME | GENDER | JOB                 | MGR  | HIREDATE   | SAL  | COMM | DEPTNO | BONUSID | USER NAME | PWD        | PHONE | isActive | SrNO |
+-------+-------+--------+---------------------+------+------------+------+------+--------+---------+-----------+------------+-------+----------+------+
|  6001 | GITA  | F      | Compliance officers | 7920 | 1981-07-19 | 1750 | NULL |     30 |       1 | GITA      | sales@2017 | NULL  |        1 |    1 |
+-------+-------+--------+---------------------+------+------------+------+------+--------+---------+-----------+------------+-------+----------+------+
1 row in set (0.00 sec)

mysql> select empno, ename ,(bonus.rate+sal*12+comm) 'Gross Salary' from emp where deptno=20 or deptno=30 order by empno;
ERROR 1054 (42S22): Unknown column 'bonus.rate' in 'field list'
mysql> select empno, ename ,(bonus=(select rate from bonus)+sal*12+comm) 'Gross Salary' from emp where deptno=20 or deptno=30 order by empno;
ERROR 1054 (42S22): Unknown column 'bonus' in 'field list'
mysql> table bonus;
+----+------+
| ID | RATE |
+----+------+
|  1 |  0.5 |
|  2 | 0.75 |
|  3 | 0.25 |
|  4 | 0.15 |
|  5 | 0.55 |
|  6 | 0.54 |
|  7 | 0.34 |
|  8 | 0.14 |
|  9 | 0.27 |
| 10 | 0.32 |
+----+------+
10 rows in set (0.00 sec)

mysql> select empno, ename ,(bs(select rate from bonus)+sal*12+comm) 'Gross Salary' from emp where deptno=20 or deptno=30 order by empno;
ERROR 1064 (42000): You have an error in your SQL syntax; check the manual that corresponds to your MySQL server version for the right syntax to use near 'select rate from bonus)+sal*12+comm) 'Gross Salary' from emp where deptno=20 or ' at line 1
mysql> select empno, ename ,(bonus.rate+sal*12+comm) 'Gross Salary' from emp=bonus where deptno=20 or deptno=30 order by empno;
ERROR 1064 (42000): You have an error in your SQL syntax; check the manual that corresponds to your MySQL server version for the right syntax to use near '=bonus where deptno=20 or deptno=30 order by empno' at line 1
mysql> select ename , if( not bonusid=0 , if(comm=0 or isnull(comm),floor((sal*rate*12)+(sal*12)),floor((sal*rate*12)+(sal*12)+(comm*12)), 'No bonus') "Gross Salary",
    -> deptno, rate from emp ,bonus where emp=.bonusid=bonus.id and deptno in(20,30) order by empno;
ERROR 1064 (42000): You have an error in your SQL syntax; check the manual that corresponds to your MySQL server version for the right syntax to use near ', 'No bonus') "Gross Salary",
deptno, rate from emp ,bonus where emp=.bonusid=b' at line 1
mysql> select ename , if( not bonusid=0 , if(comm=0 or isnull(comm),floor((sal*rate*12)+(sal*12)),floor((sal*rate*12)+(sal*12)+(comm*12)), 'No bonus') "Gross Salary",deptno, rate from emp ,bonus where emp=.bonusid=bonus.id and deptno in(20,30) order by empno;
ERROR 1064 (42000): You have an error in your SQL syntax; check the manual that corresponds to your MySQL server version for the right syntax to use near ', 'No bonus') "Gross Salary",deptno, rate from emp ,bonus where emp=.bonusid=bon' at line 1
mysql> select ename , if( not bonusid=0 , if(comm=0 or isnull(comm),floor((sal*rate*12)+(sal*12)),floor((sal*rate*12)+(sal*12)+(comm*12)), 'No bonus') )"Gross Salary",deptno, rate from emp ,bonus where emp=.bonusid=bonus.id and deptno in(20,30) order by empno;
ERROR 1064 (42000): You have an error in your SQL syntax; check the manual that corresponds to your MySQL server version for the right syntax to use near ', 'No bonus') )"Gross Salary",deptno, rate from emp ,bonus where emp=.bonusid=bo' at line 1
mysql> select ename , if( not bonusid=0 , if(comm=0 or isnull(comm),floor((sal*rate*12)+(sal*12)),floor((sal*rate*12)+(sal*12)+(comm*12)), 'No bonus') )"Gross Salary",deptno, rate from emp ,bonus where emp.bonusid=bonus.id and deptno in(20,30) order by empno;
ERROR 1064 (42000): You have an error in your SQL syntax; check the manual that corresponds to your MySQL server version for the right syntax to use near ', 'No bonus') )"Gross Salary",deptno, rate from emp ,bonus where emp.bonusid=bon' at line 1
mysql> select ename , if( not bonusid=0 , if(comm=0 or isnull(comm),floor((sal*rate*12)+(sal*12)),floor((sal*rate*12)+(sal*12)+(comm*12)), 'No bonus') "Gross Salary",deptno, rate from emp ,bonus where emp.bonusid=bonus.id and deptno in(20,30) order by empno;
ERROR 1064 (42000): You have an error in your SQL syntax; check the manual that corresponds to your MySQL server version for the right syntax to use near ', 'No bonus') "Gross Salary",deptno, rate from emp ,bonus where emp.bonusid=bonu' at line 1
mysql> select ename , if( not bonusid=0 , if(comm=0 or isnull(comm),floor((sal*rate*12)+(sal*12)),floor((sal*rate*12)+(sal*12)+(comm*12)), 'No bonus') "Gross Salary",deptno, rate from emp ,bonus where emp.BONUSID=bonus.id and deptno in(20,30) order by empno;
ERROR 1064 (42000): You have an error in your SQL syntax; check the manual that corresponds to your MySQL server version for the right syntax to use near ', 'No bonus') "Gross Salary",deptno, rate from emp ,bonus where emp.BONUSID=bonu' at line 1
mysql> select ename , if( not bonusid=0 , if(comm=0 or isnull(comm),floor((sal*rate*12)+(sal*12)),floor((sal*rate*12)+(sal*12)+(comm*12)), 'No bonus') "Gross Salary",deptno,, rate from emp ,bonus where emp.BONUSID=bonus.id and deptno in(20,30) order by empno ;
ERROR 1064 (42000): You have an error in your SQL syntax; check the manual that corresponds to your MySQL server version for the right syntax to use near ', 'No bonus') "Gross Salary",deptno,, rate from emp ,bonus where emp.BONUSID=bon' at line 1
mysql> select ename , if( not bonusid=0 , if(comm=0 or isnull(comm),floor((sal*rate*12)+(sal*12)),floor((sal*rate*12)+(sal*12)+(comm*12)), 'No bonus') "Gross Salary",deptno,, rate from emp ,bonus where emp.BONUSID=bonus.id and deptno in(20,30) order by empno ;
ERROR 1064 (42000): You have an error in your SQL syntax; check the manual that corresponds to your MySQL server version for the right syntax to use near ', 'No bonus') "Gross Salary",deptno,, rate from emp ,bonus where emp.BONUSID=bon' at line 1
mysql> select ename , if( not bonusid=0 , if(comm=0 or isnull(comm),floor((sal*rate*12)+(sal*12)),floor((sal*rate*12)+(sal*12)+(comm*12)), 'No bonus') "Gross Salary",deptno,, rate from emp ,bonus where emp.BONUSID=bonus.id and deptno in(20,30) order by empno ;
ERROR 1064 (42000): You have an error in your SQL syntax; check the manual that corresponds to your MySQL server version for the right syntax to use near ', 'No bonus') "Gross Salary",deptno,, rate from emp ,bonus where emp.BONUSID=bon' at line 1
mysql> select ename , if( not bonusid=0 , if(comm=0 or isnull(comm),floor((sal*rate*12)+(sal*12)),floor((sal*rate*12)+(sal*12)+(comm*12)), 'No bonus') "Gross Salary", deptno, rate from emp , bonus where emp.BONUSID=bonus.id and deptno in(20,30) order by empno ;
ERROR 1064 (42000): You have an error in your SQL syntax; check the manual that corresponds to your MySQL server version for the right syntax to use near ', 'No bonus') "Gross Salary", deptno, rate from emp , bonus where emp.BONUSID=bo' at line 1
mysql> select ename , if( not bonusid=0 , if(comm=0 or isnull(comm),floor((sal*rate*12)+(sal*12)),floor((sal*rate*12)+(sal*12)+(comm*12)) ), "No bonus") "Gross Salary", deptno, rate from emp , bonus where emp.BONUSID=bonus.id and deptno in(20,30) order by empno ;
+---------+--------------+--------+------+
| ename   | Gross Salary | deptno | rate |
+---------+--------------+--------+------+
| GITA    | 31500        |     30 |  0.5 |
| SHARMIN | 31500        |     20 |  0.5 |
| BANDISH | 31500        |     20 |  0.5 |
| SMITH   | 16800        |     20 | 0.75 |
| ALLEN   | 25680        |     30 | 0.15 |
| WARD    | 28500        |     30 |  0.5 |
| JONES   | 41055        |     20 | 0.15 |
| MARTIN  | 39900        |     30 | 0.54 |
| BLAKE   | 51300        |     30 |  0.5 |
| SCOTT   | 45000        |     20 | 0.25 |
| FRED    | 90000        |     20 |  0.5 |
| TURNER  | 27900        |     30 | 0.55 |
| ADAMS   | 19800        |     20 |  0.5 |
| JAMES   | 19950        |     30 | 0.75 |
| zzz     | 41400        |     20 | 0.15 |
| HOFFMAN | 62250        |     30 | 0.25 |
| GRASS   | 80295        |     30 | 0.55 |
| ALEX    | 29250        |     30 | 0.55 |
| NATASHA | 31500        |     30 |  0.5 |
+---------+--------------+--------+------+
19 rows in set (0.01 sec)

mysql> # 37.Display the Employee Number, Name, Salary, and Salary Increase by 15% expressed as a whole number. Label the column New Salary.
mysql> select empno , ename , sal , ceil(sal+sal*.15) "New Salary" from emp ;
+-------+----------+------+------------+
| empno | ename    | sal  | New Salary |
+-------+----------+------+------------+
|  6001 | GITA     | 1750 |       2013 |
|  6129 | VRUSHALI | 1750 |       2013 |
|  6473 | SHARMIN  | 1750 |       2013 |
|  6781 | BANDISH  | 1750 |       2013 |
|  7369 | SMITH    |  800 |        920 |
|  7415 | AARAV    | 3350 |       3853 |
|  7421 | THOMAS   | 1750 |       2013 |
|  7499 | ALLEN    | 1600 |       1840 |
|  7521 | WARD     | 1250 |       1438 |
|  7566 | JONES    | 2975 |       3422 |
|  7654 | MARTIN   | 1250 |       1438 |
|  7698 | BLAKE    | 2850 |       3278 |
|  7782 | CLARK    | 2450 |       2818 |
|  7788 | SCOTT    | 3000 |       3450 |
|  7839 | KING     | 5000 |       5750 |
|  7840 | FRED     | 5000 |       5750 |
|  7844 | TURNER   | 1500 |       1725 |
|  7876 | ADAMS    | 1100 |       1265 |
|  7900 | JAMES    |  950 |       1093 |
|  7902 | zzz      | 3000 |       3450 |
|  7919 | HOFFMAN  | 4150 |       4773 |
|  7920 | GRASS    | 2575 |       2962 |
|  7934 | MILLER   | 1300 |       1495 |
|  7945 | AARUSH   | 1350 |       1553 |
|  7949 | ALEX     | 1250 |       1438 |
|  8433 | NATASHA  | 1750 |       2013 |
|  9400 | SANGITA  | 1750 |       2013 |
|  9473 | SUPRIYA  | 1750 |       2013 |
+-------+----------+------+------------+
28 rows in set (0.01 sec)

mysql> # 38.Write a query that will display the employees name with the first letter capitalized an other letters lowercase and the length of their name, for all employees whose name starts with J, A or M.^C
mysql> select concat(upper(ename ,1 ) lower(substr(ename ,2, length(ename)))) as Name from emp where ename like 'j%'or ename like 'a%' or ename like 'm%'
    -> ;
ERROR 1064 (42000): You have an error in your SQL syntax; check the manual that corresponds to your MySQL server version for the right syntax to use near '(substr(ename ,2, length(ename)))) as Name from emp where ename like 'j%'or enam' at line 1
mysql> select concat(upper(ename ,1 ), lower(substr(ename ,2, length(ename)))) as Name from emp where ename like 'j%'or ename like 'a%' or ename like 'm%'
    -> ;
ERROR 1582 (42000): Incorrect parameter count in the call to native function 'upper'
mysql> select concat(upper(left(ename ,1) ), lower(substr(ename ,2, length(ename)))) as Name from emp where ename like 'j%'or ename like 'a%' or ename like 'm%' ;
+--------+
| Name   |
+--------+
| Aarav  |
| Aarush |
| Adams  |
| Alex   |
| Allen  |
| James  |
| Jones  |
| Martin |
| Miller |
+--------+
9 rows in set (0.01 sec)

mysql> select concat(upper(left(ename ,1) ), lower(substr(ename ,2, length(ename)))) as Name from emp;
+----------+
| Name     |
+----------+
| Aarav    |
| Aarush   |
| Adams    |
| Alex     |
| Allen    |
| Bandish  |
| Blake    |
| Clark    |
| Fred     |
| Gita     |
| Grass    |
| Hoffman  |
| James    |
| Jones    |
| King     |
| Martin   |
| Miller   |
| Natasha  |
| Sangita  |
| Scott    |
| Sharmin  |
| Smith    |
| Supriya  |
| Thomas   |
| Turner   |
| Vrushali |
| Ward     |
| Zzz      |
+----------+
28 rows in set (0.00 sec)

mysql> # 39.Create a query that will display the Employees name and commission amount. If the employee does not earn commission, put "No Commission".
mysql> select ename , sal , not if(comm=0, 'No commission') from emp;
ERROR 1064 (42000): You have an error in your SQL syntax; check the manual that corresponds to your MySQL server version for the right syntax to use near ') from emp' at line 1
mysql> select ename , sal , if(comm=0 or isnull(comm),  'No commission', comm ) from emp;
+----------+------+-----------------------------------------------------+
| ename    | sal  | if(comm=0 or isnull(comm),  'No commission', comm ) |
+----------+------+-----------------------------------------------------+
| GITA     | 1750 | No commission                                       |
| VRUSHALI | 1750 | No commission                                       |
| SHARMIN  | 1750 | No commission                                       |
| BANDISH  | 1750 | No commission                                       |
| SMITH    |  800 | No commission                                       |
| AARAV    | 3350 | No commission                                       |
| THOMAS   | 1750 | No commission                                       |
| ALLEN    | 1600 | 300                                                 |
| WARD     | 1250 | 500                                                 |
| JONES    | 2975 | No commission                                       |
| MARTIN   | 1250 | 1400                                                |
| BLAKE    | 2850 | No commission                                       |
| CLARK    | 2450 | No commission                                       |
| SCOTT    | 3000 | No commission                                       |
| KING     | 5000 | No commission                                       |
| FRED     | 5000 | No commission                                       |
| TURNER   | 1500 | No commission                                       |
| ADAMS    | 1100 | No commission                                       |
| JAMES    |  950 | No commission                                       |
| zzz      | 3000 | No commission                                       |
| HOFFMAN  | 4150 | No commission                                       |
| GRASS    | 2575 | 2700                                                |
| MILLER   | 1300 | No commission                                       |
| AARUSH   | 1350 | 2700                                                |
| ALEX     | 1250 | 500                                                 |
| NATASHA  | 1750 | No commission                                       |
| SANGITA  | 1750 | No commission                                       |
| SUPRIYA  | 1750 | No commission                                       |
+----------+------+-----------------------------------------------------+
28 rows in set (0.00 sec)

mysql> select ename , sal , if(comm=0 or isnull(comm),  'No commission', comm )'Commission' from emp;
+----------+------+---------------+
| ename    | sal  | Commission    |
+----------+------+---------------+
| GITA     | 1750 | No commission |
| VRUSHALI | 1750 | No commission |
| SHARMIN  | 1750 | No commission |
| BANDISH  | 1750 | No commission |
| SMITH    |  800 | No commission |
| AARAV    | 3350 | No commission |
| THOMAS   | 1750 | No commission |
| ALLEN    | 1600 | 300           |
| WARD     | 1250 | 500           |
| JONES    | 2975 | No commission |
| MARTIN   | 1250 | 1400          |
| BLAKE    | 2850 | No commission |
| CLARK    | 2450 | No commission |
| SCOTT    | 3000 | No commission |
| KING     | 5000 | No commission |
| FRED     | 5000 | No commission |
| TURNER   | 1500 | No commission |
| ADAMS    | 1100 | No commission |
| JAMES    |  950 | No commission |
| zzz      | 3000 | No commission |
| HOFFMAN  | 4150 | No commission |
| GRASS    | 2575 | 2700          |
| MILLER   | 1300 | No commission |
| AARUSH   | 1350 | 2700          |
| ALEX     | 1250 | 500           |
| NATASHA  | 1750 | No commission |
| SANGITA  | 1750 | No commission |
| SUPRIYA  | 1750 | No commission |
+----------+------+---------------+
28 rows in set (0.00 sec)

mysql> # 40.Display Customers Name, Sales Amount approximate Profit Earned (Profit = 8% of Sales Amount) in whole numbers.
mysql> table sales;
+-------+--------+----------------------------------------------+--------+-------------------------+----------+
| REPID | CUSTID | CUSTNAME                                     | PRODID | PRODNAME                | AMOUNT   |
+-------+--------+----------------------------------------------+--------+-------------------------+----------+
|  7521 |    106 | SHAPE UP                                     | 200376 | SB ENERGY BAR-6 PACK    |     2.40 |
|  7654 |    102 | VOLLYRITE                                    | 100870 | ACE TENNIS BALLS-3 PACK |  3306.00 |
|  7654 |    102 | VOLLYRITE                                    | 100860 | ACE TENNIS RACKET I     | 16569.00 |
|  7521 |    106 | SHAPE UP                                     | 100890 | ACE TENNIS NET          |   464.00 |
|  7521 |    106 | SHAPE UP                                     | 100861 | ACE TENNIS RACKET II    |  4584.00 |
|  7521 |    106 | SHAPE UP                                     | 100860 | ACE TENNIS RACKET I     |   440.00 |
|  7521 |    106 | SHAPE UP                                     | 100870 | ACE TENNIS BALLS-3 PACK |  1400.00 |
|  7521 |    106 | SHAPE UP                                     | 101860 | SP TENNIS RACKET        |  1200.00 |
|  7521 |    106 | SHAPE UP                                     | 101863 | SP JUNIOR RACKET        |   900.00 |
|  7521 |    106 | SHAPE UP                                     | 102130 | RH: "GUIDE TO TENNIS"   |    34.00 |
|  7844 |    100 | JOCKSPORTS                                   | 102130 | RH: "GUIDE TO TENNIS"   |  1703.40 |
|  7499 |    104 | EVERY MOUNTAIN                               | 100871 | ACE TENNIS BALLS-6 PACK |   846.80 |
|  7499 |    104 | EVERY MOUNTAIN                               | 101860 | SP TENNIS RACKET        |    24.00 |
|  7844 |    100 | JOCKSPORTS                                   | 100861 | ACE TENNIS RACKET II    |   485.00 |
|  7844 |    100 | JOCKSPORTS                                   | 100870 | ACE TENNIS BALLS-3 PACK |   292.50 |
|  7844 |    100 | JOCKSPORTS                                   | 100890 | ACE TENNIS NET          |    50.00 |
|  7521 |    101 | TKB SPORT SHOP                               | 100860 | ACE TENNIS RACKET I     |    35.00 |
|  7521 |    101 | TKB SPORT SHOP                               | 100870 | ACE TENNIS BALLS-3 PACK |     8.40 |
|  7521 |    101 | TKB SPORT SHOP                               | 100890 | ACE TENNIS NET          |    58.00 |
|  7654 |    102 | VOLLYRITE                                    | 100861 | ACE TENNIS RACKET II    |  2300.50 |
|  7499 |    104 | EVERY MOUNTAIN                               | 100860 | ACE TENNIS RACKET I     |  3000.00 |
|  7499 |    104 | EVERY MOUNTAIN                               | 100861 | ACE TENNIS RACKET II    |   810.00 |
|  7499 |    104 | EVERY MOUNTAIN                               | 101863 | SP JUNIOR RACKET        |  1500.00 |
|  7844 |    108 | NORTH WOODS HEALTH AND FITNESS SUPPLY CENTER | 100871 | ACE TENNIS BALLS-6 PACK |   560.00 |
|  7844 |    108 | NORTH WOODS HEALTH AND FITNESS SUPPLY CENTER | 101860 | SP TENNIS RACKET        |  4800.00 |
|  7844 |    108 | NORTH WOODS HEALTH AND FITNESS SUPPLY CENTER | 200380 | SB VITA SNACK-6 PACK    |   600.00 |
|  7844 |    108 | NORTH WOODS HEALTH AND FITNESS SUPPLY CENTER | 200376 | SB ENERGY BAR-6 PACK    |   440.00 |
|  7654 |    102 | VOLLYRITE                                    | 100871 | ACE TENNIS BALLS-6 PACK |  5600.00 |
|  7499 |    107 | WOMENS SPORTS                                | 100861 | ACE TENNIS RACKET II    |   180.00 |
|  7499 |    107 | WOMENS SPORTS                                | 100870 | ACE TENNIS BALLS-3 PACK |   280.00 |
|  7499 |    107 | WOMENS SPORTS                                | 100871 | ACE TENNIS BALLS-6 PACK |   250.00 |
|  7521 |    103 | JUST TENNIS                                  | 100861 | ACE TENNIS RACKET II    |   450.00 |
|  7521 |    103 | JUST TENNIS                                  | 100870 | ACE TENNIS BALLS-3 PACK |   140.00 |
|  7521 |    103 | JUST TENNIS                                  | 100890 | ACE TENNIS NET          |   116.00 |
|  7521 |    103 | JUST TENNIS                                  | 102130 | RH: "GUIDE TO TENNIS"   |    34.00 |
|  7521 |    103 | JUST TENNIS                                  | 200376 | SB ENERGY BAR-6 PACK    |    24.00 |
|  7844 |    105 | K + T SPORTS                                 | 100860 | ACE TENNIS RACKET I     |  1750.00 |
|  7844 |    105 | K + T SPORTS                                 | 100861 | ACE TENNIS RACKET II    |  4500.00 |
|  7844 |    105 | K + T SPORTS                                 | 100870 | ACE TENNIS BALLS-3 PACK |  1400.00 |
|  7844 |    105 | K + T SPORTS                                 | 100871 | ACE TENNIS BALLS-6 PACK |  2800.00 |
|  7844 |    105 | K + T SPORTS                                 | 100890 | ACE TENNIS NET          | 29000.00 |
|  7844 |    105 | K + T SPORTS                                 | 101860 | SP TENNIS RACKET        |  2400.00 |
|  7844 |    105 | K + T SPORTS                                 | 101863 | SP JUNIOR RACKET        |  2500.00 |
|  7844 |    105 | K + T SPORTS                                 | 102130 | RH: "GUIDE TO TENNIS"   |   340.00 |
|  7844 |    105 | K + T SPORTS                                 | 200376 | SB ENERGY BAR-6 PACK    |   480.00 |
|  7844 |    105 | K + T SPORTS                                 | 200380 | SB VITA SNACK-6 PACK    |  1200.00 |
|  7499 |    104 | EVERY MOUNTAIN                               | 200380 | SB VITA SNACK-6 PACK    |   400.00 |
|  7499 |    104 | EVERY MOUNTAIN                               | 200376 | SB ENERGY BAR-6 PACK    |   240.00 |
|  7499 |    104 | EVERY MOUNTAIN                               | 102130 | RH: "GUIDE TO TENNIS"   |   340.00 |
|  7844 |    100 | JOCKSPORTS                                   | 100860 | ACE TENNIS RACKET I     |   350.00 |
|  7844 |    100 | JOCKSPORTS                                   | 200376 | SB ENERGY BAR-6 PACK    |  2400.00 |
+-------+--------+----------------------------------------------+--------+-------------------------+----------+
51 rows in set (0.04 sec)

mysql> select custname , amount , amount*0.8 'Profit' from sales;
+----------------------------------------------+----------+----------+
| custname                                     | amount   | Profit   |
+----------------------------------------------+----------+----------+
| JOCKSPORTS                                   |  1703.40 |  1362.72 |
| JOCKSPORTS                                   |   485.00 |   388.00 |
| JOCKSPORTS                                   |   292.50 |   234.00 |
| JOCKSPORTS                                   |    50.00 |    40.00 |
| JOCKSPORTS                                   |   350.00 |   280.00 |
| JOCKSPORTS                                   |  2400.00 |  1920.00 |
| TKB SPORT SHOP                               |    35.00 |    28.00 |
| TKB SPORT SHOP                               |     8.40 |     6.72 |
| TKB SPORT SHOP                               |    58.00 |    46.40 |
| VOLLYRITE                                    |  3306.00 |  2644.80 |
| VOLLYRITE                                    | 16569.00 | 13255.20 |
| VOLLYRITE                                    |  2300.50 |  1840.40 |
| VOLLYRITE                                    |  5600.00 |  4480.00 |
| JUST TENNIS                                  |   450.00 |   360.00 |
| JUST TENNIS                                  |   140.00 |   112.00 |
| JUST TENNIS                                  |   116.00 |    92.80 |
| JUST TENNIS                                  |    34.00 |    27.20 |
| JUST TENNIS                                  |    24.00 |    19.20 |
| EVERY MOUNTAIN                               |   846.80 |   677.44 |
| EVERY MOUNTAIN                               |    24.00 |    19.20 |
| EVERY MOUNTAIN                               |  3000.00 |  2400.00 |
| EVERY MOUNTAIN                               |   810.00 |   648.00 |
| EVERY MOUNTAIN                               |  1500.00 |  1200.00 |
| EVERY MOUNTAIN                               |   400.00 |   320.00 |
| EVERY MOUNTAIN                               |   240.00 |   192.00 |
| EVERY MOUNTAIN                               |   340.00 |   272.00 |
| K + T SPORTS                                 |  1750.00 |  1400.00 |
| K + T SPORTS                                 |  4500.00 |  3600.00 |
| K + T SPORTS                                 |  1400.00 |  1120.00 |
| K + T SPORTS                                 |  2800.00 |  2240.00 |
| K + T SPORTS                                 | 29000.00 | 23200.00 |
| K + T SPORTS                                 |  2400.00 |  1920.00 |
| K + T SPORTS                                 |  2500.00 |  2000.00 |
| K + T SPORTS                                 |   340.00 |   272.00 |
| K + T SPORTS                                 |   480.00 |   384.00 |
| K + T SPORTS                                 |  1200.00 |   960.00 |
| SHAPE UP                                     |     2.40 |     1.92 |
| SHAPE UP                                     |   464.00 |   371.20 |
| SHAPE UP                                     |  4584.00 |  3667.20 |
| SHAPE UP                                     |   440.00 |   352.00 |
| SHAPE UP                                     |  1400.00 |  1120.00 |
| SHAPE UP                                     |  1200.00 |   960.00 |
| SHAPE UP                                     |   900.00 |   720.00 |
| SHAPE UP                                     |    34.00 |    27.20 |
| WOMENS SPORTS                                |   180.00 |   144.00 |
| WOMENS SPORTS                                |   280.00 |   224.00 |
| WOMENS SPORTS                                |   250.00 |   200.00 |
| NORTH WOODS HEALTH AND FITNESS SUPPLY CENTER |   560.00 |   448.00 |
| NORTH WOODS HEALTH AND FITNESS SUPPLY CENTER |  4800.00 |  3840.00 |
| NORTH WOODS HEALTH AND FITNESS SUPPLY CENTER |   600.00 |   480.00 |
| NORTH WOODS HEALTH AND FITNESS SUPPLY CENTER |   440.00 |   352.00 |
+----------------------------------------------+----------+----------+
51 rows in set (0.01 sec)

mysql> select custname , amount , floor(amount*0.8) 'Profit' from sales;
+----------------------------------------------+----------+--------+
| custname                                     | amount   | Profit |
+----------------------------------------------+----------+--------+
| JOCKSPORTS                                   |  1703.40 |   1362 |
| JOCKSPORTS                                   |   485.00 |    388 |
| JOCKSPORTS                                   |   292.50 |    234 |
| JOCKSPORTS                                   |    50.00 |     40 |
| JOCKSPORTS                                   |   350.00 |    280 |
| JOCKSPORTS                                   |  2400.00 |   1920 |
| TKB SPORT SHOP                               |    35.00 |     28 |
| TKB SPORT SHOP                               |     8.40 |      6 |
| TKB SPORT SHOP                               |    58.00 |     46 |
| VOLLYRITE                                    |  3306.00 |   2644 |
| VOLLYRITE                                    | 16569.00 |  13255 |
| VOLLYRITE                                    |  2300.50 |   1840 |
| VOLLYRITE                                    |  5600.00 |   4480 |
| JUST TENNIS                                  |   450.00 |    360 |
| JUST TENNIS                                  |   140.00 |    112 |
| JUST TENNIS                                  |   116.00 |     92 |
| JUST TENNIS                                  |    34.00 |     27 |
| JUST TENNIS                                  |    24.00 |     19 |
| EVERY MOUNTAIN                               |   846.80 |    677 |
| EVERY MOUNTAIN                               |    24.00 |     19 |
| EVERY MOUNTAIN                               |  3000.00 |   2400 |
| EVERY MOUNTAIN                               |   810.00 |    648 |
| EVERY MOUNTAIN                               |  1500.00 |   1200 |
| EVERY MOUNTAIN                               |   400.00 |    320 |
| EVERY MOUNTAIN                               |   240.00 |    192 |
| EVERY MOUNTAIN                               |   340.00 |    272 |
| K + T SPORTS                                 |  1750.00 |   1400 |
| K + T SPORTS                                 |  4500.00 |   3600 |
| K + T SPORTS                                 |  1400.00 |   1120 |
| K + T SPORTS                                 |  2800.00 |   2240 |
| K + T SPORTS                                 | 29000.00 |  23200 |
| K + T SPORTS                                 |  2400.00 |   1920 |
| K + T SPORTS                                 |  2500.00 |   2000 |
| K + T SPORTS                                 |   340.00 |    272 |
| K + T SPORTS                                 |   480.00 |    384 |
| K + T SPORTS                                 |  1200.00 |    960 |
| SHAPE UP                                     |     2.40 |      1 |
| SHAPE UP                                     |   464.00 |    371 |
| SHAPE UP                                     |  4584.00 |   3667 |
| SHAPE UP                                     |   440.00 |    352 |
| SHAPE UP                                     |  1400.00 |   1120 |
| SHAPE UP                                     |  1200.00 |    960 |
| SHAPE UP                                     |   900.00 |    720 |
| SHAPE UP                                     |    34.00 |     27 |
| WOMENS SPORTS                                |   180.00 |    144 |
| WOMENS SPORTS                                |   280.00 |    224 |
| WOMENS SPORTS                                |   250.00 |    200 |
| NORTH WOODS HEALTH AND FITNESS SUPPLY CENTER |   560.00 |    448 |
| NORTH WOODS HEALTH AND FITNESS SUPPLY CENTER |  4800.00 |   3840 |
| NORTH WOODS HEALTH AND FITNESS SUPPLY CENTER |   600.00 |    480 |
| NORTH WOODS HEALTH AND FITNESS SUPPLY CENTER |   440.00 |    352 |
+----------------------------------------------+----------+--------+
51 rows in set (0.00 sec)

mysql> # 41.Using the sales table, you need to report the following
mysql> a.Sales for the first quarter of the year of 1999
    -> b.Sales for the product SP TENNIS RACKET
    -> ^C
mysql> desc sales;
+----------+--------------+------+-----+---------+-------+
| Field    | Type         | Null | Key | Default | Extra |
+----------+--------------+------+-----+---------+-------+
| REPID    | int          | NO   |     | NULL    |       |
| CUSTID   | int          | NO   |     | NULL    |       |
| CUSTNAME | varchar(45)  | YES  |     | NULL    |       |
| PRODID   | int          | NO   |     | NULL    |       |
| PRODNAME | varchar(30)  | YES  |     | NULL    |       |
| AMOUNT   | double(19,2) | YES  |     | NULL    |       |
+----------+--------------+------+-----+---------+-------+
6 rows in set (0.01 sec)

mysql> table products;
+-----------+----------------------------------+------------+------------+----------------------+-----------+--------------+--------------+--------------+--------------+
| ProductID | ProductName                      | SupplierID | CategoryID | QuantityPerUnit      | UnitPrice | UnitsInStock | UnitsOnOrder | ReorderLevel | Discontinued |
+-----------+----------------------------------+------------+------------+----------------------+-----------+--------------+--------------+--------------+--------------+
|         1 | Chai                             |          1 |          1 | 10 boxes x 20 bags   |   18.0000 |           39 |            0 |           10 |            0 |
|         2 | Chang                            |          1 |          1 | 24 - 12 oz bottles   |   19.0000 |           17 |           40 |           25 |            0 |
|         3 | Aniseed Syrup                    |          1 |          2 | 12 - 550 ml bottles  |   10.0000 |           13 |           70 |           25 |            0 |
|         4 | Chef Anton's Cajun Seasoning     |          2 |          2 | 48 - 6 oz jars       |   22.0000 |           53 |            0 |            0 |            0 |
|         5 | Chef Anton's Gumbo Mix           |          2 |          2 | 36 boxes             |   21.3500 |            0 |            0 |            0 |            1 |
|         6 | Grandma's Boysenberry Spread     |          3 |          2 | 12 - 8 oz jars       |   25.0000 |          120 |            0 |           25 |            0 |
|         7 | Uncle Bob's Organic Dried Pears  |          3 |          7 | 12 - 1 lb pkgs.      |   30.0000 |           15 |            0 |           10 |            0 |
|         8 | Northwoods Cranberry Sauce       |          3 |          2 | 12 - 12 oz jars      |   40.0000 |            6 |            0 |            0 |            0 |
|         9 | Mishi Kobe Niku                  |          4 |          6 | 18 - 500 g pkgs.     |   97.0000 |           29 |            0 |            0 |            1 |
|        10 | Ikura                            |          4 |          8 | 12 - 200 ml jars     |   31.0000 |           31 |            0 |            0 |            0 |
|        11 | Queso Cabrales                   |          5 |          4 | 1 kg pkg.            |   21.0000 |           22 |           30 |           30 |            0 |
|        12 | Queso Manchego La Pastora        |          5 |          4 | 10 - 500 g pkgs.     |   38.0000 |           86 |            0 |            0 |            0 |
|        13 | Konbu                            |          6 |          8 | 2 kg box             |    6.0000 |           24 |            0 |            5 |            0 |
|        14 | Tofu                             |          6 |          7 | 40 - 100 g pkgs.     |   23.2500 |           35 |            0 |            0 |            0 |
|        15 | Genen Shouyu                     |          6 |          2 | 40 - 100 g pkgs.     |   15.5000 |           39 |            0 |            5 |            0 |
|        16 | Pavlova                          |          7 |          3 | 32 - 500 g boxes     |   17.4500 |           29 |            0 |           10 |            0 |
|        17 | Alice Mutton                     |          7 |          6 | 20 - 1 kg tins       |   39.0000 |            0 |            0 |            0 |            1 |
|        18 | Carnarvon Tigers                 |          7 |          8 | 16 kg pkg.           |   62.5000 |           42 |            0 |            0 |            0 |
|        19 | Teatime Chocolate Biscuits       |          8 |          3 | 10 boxes x 12 pieces |    9.2000 |           25 |            0 |            5 |            0 |
|        20 | Sir Rodney's Marmalade           |          8 |          3 | 30 gift boxes        |   81.0000 |           40 |            0 |            0 |            0 |
|        21 | Sir Rodney's Scones              |          8 |          3 | 24 pkgs. x 4 pieces  |   10.0000 |            3 |           40 |            5 |            0 |
|        22 | Gustaf's Knckebrd                |          9 |          5 | 24 - 500 g pkgs.     |   21.0000 |          104 |            0 |           25 |            0 |
|        23 | Tunnbrd                          |          9 |          5 | 12 - 250 g pkgs.     |    9.0000 |           61 |            0 |           25 |            0 |
|        24 | Guaran Fantstica                 |         10 |          1 | 12 - 355 ml cans     |    4.5000 |           20 |            0 |            0 |            1 |
|        25 | NuNuCa Nu-Nougat-Creme           |         11 |          3 | 20 - 450 g glasses   |   14.0000 |           76 |            0 |           30 |            0 |
|        26 | Gumbr Gummibrchen                |         11 |          3 | 100 - 250 g bags     |   31.2300 |           15 |            0 |            0 |            0 |
|        27 | Schoggi Schokolade               |         11 |          3 | 100 - 100 g pieces   |   43.9000 |           49 |            0 |           30 |            0 |
|        28 | Rssle Sauerkraut                 |         12 |          7 | 25 - 825 g cans      |   45.6000 |           26 |            0 |            0 |            1 |
|        29 | Thringer Rostbratwurst           |         12 |          6 | 50 bags x 30 sausgs. |  123.7900 |            0 |            0 |            0 |            1 |
|        30 | Nord-Ost Matjeshering            |         13 |          8 | 10 - 200 g glasses   |   25.8900 |           10 |            0 |           15 |            0 |
|        31 | Gorgonzola Telino                |         14 |          4 | 12 - 100 g pkgs      |   12.5000 |            0 |           70 |           20 |            0 |
|        32 | Mascarpone Fabioli               |         14 |          4 | 24 - 200 g pkgs.     |   32.0000 |            9 |           40 |           25 |            0 |
|        33 | Geitost                          |         15 |          4 | 500 g                |    2.5000 |          112 |            0 |           20 |            0 |
|        34 | Sasquatch Ale                    |         16 |          1 | 24 - 12 oz bottles   |   14.0000 |          111 |            0 |           15 |            0 |
|        35 | Steeleye Stout                   |         16 |          1 | 24 - 12 oz bottles   |   18.0000 |           20 |            0 |           15 |            0 |
|        36 | Inlagd Sill                      |         17 |          8 | 24 - 250 g jars      |   19.0000 |          112 |            0 |           20 |            0 |
|        37 | Gravad lax                       |         17 |          8 | 12 - 500 g pkgs.     |   26.0000 |           11 |           50 |           25 |            0 |
|        38 | Cte de Blaye                     |         18 |          1 | 12 - 75 cl bottles   |  263.5000 |           17 |            0 |           15 |            0 |
|        39 | Chartreuse verte                 |         18 |          1 | 750 cc per bottle    |   18.0000 |           69 |            0 |            5 |            0 |
|        40 | Boston Crab Meat                 |         19 |          8 | 24 - 4 oz tins       |   18.4000 |          123 |            0 |           30 |            0 |
|        41 | Jack's New England Clam Chowder  |         19 |          8 | 12 - 12 oz cans      |    9.6500 |           85 |            0 |           10 |            0 |
|        42 | Singaporean Hokkien Fried Mee    |         20 |          5 | 32 - 1 kg pkgs.      |   14.0000 |           26 |            0 |            0 |            1 |
|        43 | Ipoh Coffee                      |         20 |          1 | 16 - 500 g tins      |   46.0000 |           17 |           10 |           25 |            0 |
|        44 | Gula Malacca                     |         20 |          2 | 20 - 2 kg bags       |   19.4500 |           27 |            0 |           15 |            0 |
|        45 | Rogede sild                      |         21 |          8 | 1k pkg.              |    9.5000 |            5 |           70 |           15 |            0 |
|        46 | Spegesild                        |         21 |          8 | 4 - 450 g glasses    |   12.0000 |           95 |            0 |            0 |            0 |
|        47 | Zaanse koeken                    |         22 |          3 | 10 - 4 oz boxes      |    9.5000 |           36 |            0 |            0 |            0 |
|        48 | Chocolade                        |         22 |          3 | 10 pkgs.             |   12.7500 |           15 |           70 |           25 |            0 |
|        49 | Maxilaku                         |         23 |          3 | 24 - 50 g pkgs.      |   20.0000 |           10 |           60 |           15 |            0 |
|        50 | Valkoinen suklaa                 |         23 |          3 | 12 - 100 g bars      |   16.2500 |           65 |            0 |           30 |            0 |
|        51 | Manjimup Dried Apples            |         24 |          7 | 50 - 300 g pkgs.     |   53.0000 |           20 |            0 |           10 |            0 |
|        52 | Filo Mix                         |         24 |          5 | 16 - 2 kg boxes      |    7.0000 |           38 |            0 |           25 |            0 |
|        53 | Perth Pasties                    |         24 |          6 | 48 pieces            |   32.8000 |            0 |            0 |            0 |            1 |
|        54 | Tourtire                         |         25 |          6 | 16 pies              |    7.4500 |           21 |            0 |           10 |            0 |
|        55 | Pt chinois                       |         25 |          6 | 24 boxes x 2 pies    |   24.0000 |          115 |            0 |           20 |            0 |
|        56 | Gnocchi di nonna Alice           |         26 |          5 | 24 - 250 g pkgs.     |   38.0000 |           21 |           10 |           30 |            0 |
|        57 | Ravioli Angelo                   |         26 |          5 | 24 - 250 g pkgs.     |   19.5000 |           36 |            0 |           20 |            0 |
|        58 | Escargots de Bourgogne           |         27 |          8 | 24 pieces            |   13.2500 |           62 |            0 |           20 |            0 |
|        59 | Raclette Courdavault             |         28 |          4 | 5 kg pkg.            |   55.0000 |           79 |            0 |            0 |            0 |
|        60 | Camembert Pierrot                |         28 |          4 | 15 - 300 g rounds    |   34.0000 |           19 |            0 |            0 |            0 |
|        61 | Sirop d'rable                    |         29 |          2 | 24 - 500 ml bottles  |   28.5000 |          113 |            0 |           25 |            0 |
|        62 | Tarte au sucre                   |         29 |          3 | 48 pies              |   49.3000 |           17 |            0 |            0 |            0 |
|        63 | Vegie-spread                     |          7 |          2 | 15 - 625 g jars      |   43.9000 |           24 |            0 |            5 |            0 |
|        64 | Wimmers gute Semmelkndel         |         12 |          5 | 20 bags x 4 pieces   |   33.2500 |           22 |           80 |           30 |            0 |
|        65 | Louisiana Fiery Hot Pepper Sauce |          2 |          2 | 32 - 8 oz bottles    |   21.0500 |           76 |            0 |            0 |            0 |
|        66 | Louisiana Hot Spiced Okra        |          2 |          2 | 24 - 8 oz jars       |   17.0000 |            4 |          100 |           20 |            0 |
|        67 | Laughing Lumberjack Lager        |         16 |          1 | 24 - 12 oz bottles   |   14.0000 |           52 |            0 |           10 |            0 |
|        68 | Scottish Longbreads              |          8 |          3 | 10 boxes x 8 pieces  |   12.5000 |            6 |           10 |           15 |            0 |
|        69 | Gudbrandsdalsost                 |         15 |          4 | 10 kg pkg.           |   36.0000 |           26 |            0 |           15 |            0 |
|        70 | Outback Lager                    |          7 |          1 | 24 - 355 ml bottles  |   15.0000 |           15 |           10 |           30 |            0 |
|        71 | Flotemysost                      |         15 |          4 | 10 - 500 g pkgs.     |   21.5000 |           26 |            0 |            0 |            0 |
|        72 | Mozzarella di Giovanni           |         14 |          4 | 24 - 200 g pkgs.     |   34.8000 |           14 |            0 |            0 |            0 |
|        73 | Rd Kaviar                        |         17 |          8 | 24 - 150 g jars      |   15.0000 |          101 |            0 |            5 |            0 |
|        74 | Longlife Tofu                    |          4 |          7 | 5 kg pkg.            |   10.0000 |            4 |           20 |            5 |            0 |
|        75 | Rhnbru Klosterbier               |         12 |          1 | 24 - 0.5 l bottles   |    7.7500 |          125 |            0 |           25 |            0 |
|        76 | Lakkalikri                       |         23 |          1 | 500 ml               |   18.0000 |           57 |            0 |           20 |            0 |
|        77 | Original Frankfurter grne Soe    |         12 |          2 | 12 boxes             |   13.0000 |           32 |            0 |           15 |            0 |
+-----------+----------------------------------+------------+------------+----------------------+-----------+--------------+--------------+--------------+--------------+
77 rows in set (0.01 sec)

mysql> table product;
+--------+-------------------------+
| PRODID | DESCRIP                 |
+--------+-------------------------+
| 100860 | ACE TENNIS RACKET I     |
| 100861 | ACE TENNIS RACKET II    |
| 100870 | ACE TENNIS BALLS-3 PACK |
| 100871 | ACE TENNIS BALLS-6 PACK |
| 100890 | ACE TENNIS NET          |
| 101860 | SP TENNIS RACKET        |
| 101863 | SP JUNIOR RACKET        |
| 102130 | RH: "GUIDE TO TENNIS"   |
| 200376 | SB ENERGY BAR-6 PACK    |
| 200380 | SB VITA SNACK-6 PACK    |
+--------+-------------------------+
10 rows in set (0.00 sec)

mysql> table descrip;
ERROR 1146 (42S02): Table 'db1.descrip' doesn't exist
mysql> table DESCRIP;
ERROR 1146 (42S02): Table 'db1.descrip' doesn't exist
mysql> # 42.Display the name and the department number of all employees. The department number should be displayed in the following manner:
mysql> a.If the department number is 10, display ‘Belongs to Dept. 10’
    -> b.If 20, display ‘Belongs to the Dept. 20’
    -> c.Otherwise display ‘Neither 10 nor 20.
    -> ^C
mysql> select concat( "belongs to dept " , deptno from where emp deptno=10 or deptno=20) ;
ERROR 1064 (42000): You have an error in your SQL syntax; check the manual that corresponds to your MySQL server version for the right syntax to use near 'from where emp deptno=10 or deptno=20)' at line 1
mysql> select deptno ,if(deptno=10 or deptno=20 ,concat("belongs to dept" ,deptno), "Neither 10 nor 20" )from emp ;
+--------+-------------------------------------------------------------------------------------+
| deptno | if(deptno=10 or deptno=20 ,concat("belongs to dept" ,deptno), "Neither 10 nor 20" ) |
+--------+-------------------------------------------------------------------------------------+
|     10 | belongs to dept10                                                                   |
|     10 | belongs to dept10                                                                   |
|     10 | belongs to dept10                                                                   |
|     10 | belongs to dept10                                                                   |
|     10 | belongs to dept10                                                                   |
|     20 | belongs to dept20                                                                   |
|     20 | belongs to dept20                                                                   |
|     20 | belongs to dept20                                                                   |
|     20 | belongs to dept20                                                                   |
|     20 | belongs to dept20                                                                   |
|     20 | belongs to dept20                                                                   |
|     20 | belongs to dept20                                                                   |
|     20 | belongs to dept20                                                                   |
|     30 | Neither 10 nor 20                                                                   |
|     30 | Neither 10 nor 20                                                                   |
|     30 | Neither 10 nor 20                                                                   |
|     30 | Neither 10 nor 20                                                                   |
|     30 | Neither 10 nor 20                                                                   |
|     30 | Neither 10 nor 20                                                                   |
|     30 | Neither 10 nor 20                                                                   |
|     30 | Neither 10 nor 20                                                                   |
|     30 | Neither 10 nor 20                                                                   |
|     30 | Neither 10 nor 20                                                                   |
|     30 | Neither 10 nor 20                                                                   |
|     30 | Neither 10 nor 20                                                                   |
|     50 | Neither 10 nor 20                                                                   |
|     50 | Neither 10 nor 20                                                                   |
|     50 | Neither 10 nor 20                                                                   |
+--------+-------------------------------------------------------------------------------------+
28 rows in set (0.00 sec)

mysql> select deptno ,if(deptno=10 or deptno=20 ,concat("belongs to dept" ,deptno), "Neither 10 nor 20" ) Name from emp ;
+--------+-------------------+
| deptno | Name              |
+--------+-------------------+
|     10 | belongs to dept10 |
|     10 | belongs to dept10 |
|     10 | belongs to dept10 |
|     10 | belongs to dept10 |
|     10 | belongs to dept10 |
|     20 | belongs to dept20 |
|     20 | belongs to dept20 |
|     20 | belongs to dept20 |
|     20 | belongs to dept20 |
|     20 | belongs to dept20 |
|     20 | belongs to dept20 |
|     20 | belongs to dept20 |
|     20 | belongs to dept20 |
|     30 | Neither 10 nor 20 |
|     30 | Neither 10 nor 20 |
|     30 | Neither 10 nor 20 |
|     30 | Neither 10 nor 20 |
|     30 | Neither 10 nor 20 |
|     30 | Neither 10 nor 20 |
|     30 | Neither 10 nor 20 |
|     30 | Neither 10 nor 20 |
|     30 | Neither 10 nor 20 |
|     30 | Neither 10 nor 20 |
|     30 | Neither 10 nor 20 |
|     30 | Neither 10 nor 20 |
|     50 | Neither 10 nor 20 |
|     50 | Neither 10 nor 20 |
|     50 | Neither 10 nor 20 |
+--------+-------------------+
28 rows in set (0.00 sec)

mysql> select ename ,deptno ,if(deptno=10 or deptno=20 ,concat("belongs to dept" ,deptno), "Neither 10 nor 20" ) Name from emp ;
+----------+--------+-------------------+
| ename    | deptno | Name              |
+----------+--------+-------------------+
| GITA     |     30 | Neither 10 nor 20 |
| VRUSHALI |     50 | Neither 10 nor 20 |
| SHARMIN  |     20 | belongs to dept20 |
| BANDISH  |     20 | belongs to dept20 |
| SMITH    |     20 | belongs to dept20 |
| AARAV    |     10 | belongs to dept10 |
| THOMAS   |     10 | belongs to dept10 |
| ALLEN    |     30 | Neither 10 nor 20 |
| WARD     |     30 | Neither 10 nor 20 |
| JONES    |     20 | belongs to dept20 |
| MARTIN   |     30 | Neither 10 nor 20 |
| BLAKE    |     30 | Neither 10 nor 20 |
| CLARK    |     10 | belongs to dept10 |
| SCOTT    |     20 | belongs to dept20 |
| KING     |     10 | belongs to dept10 |
| FRED     |     20 | belongs to dept20 |
| TURNER   |     30 | Neither 10 nor 20 |
| ADAMS    |     20 | belongs to dept20 |
| JAMES    |     30 | Neither 10 nor 20 |
| zzz      |     20 | belongs to dept20 |
| HOFFMAN  |     30 | Neither 10 nor 20 |
| GRASS    |     30 | Neither 10 nor 20 |
| MILLER   |     10 | belongs to dept10 |
| AARUSH   |     30 | Neither 10 nor 20 |
| ALEX     |     30 | Neither 10 nor 20 |
| NATASHA  |     30 | Neither 10 nor 20 |
| SANGITA  |     50 | Neither 10 nor 20 |
| SUPRIYA  |     50 | Neither 10 nor 20 |
+----------+--------+-------------------+
28 rows in set (0.00 sec)

mysql> # List the names of employees who stay in city whose second letter is ‘A’ or ‘H’.
mysql> table address limit 4;
ERROR 1146 (42S02): Table 'db1.address' doesn't exist
mysql> table addresses limit 4;
ERROR 1146 (42S02): Table 'db1.addresses' doesn't exist
mysql> table city;
ERROR 1146 (42S02): Table 'db1.city' doesn't exist
mysql> # 45.List names of employees who are working in ‘SALES’ department.
mysql> select * from emp where job='salesman';
+-------+--------+--------+----------+------+------------+------+------+--------+---------+--------------+------------+------------+----------+------+
| EMPNO | ENAME  | GENDER | JOB      | MGR  | HIREDATE   | SAL  | COMM | DEPTNO | BONUSID | USER NAME    | PWD        | PHONE      | isActive | SrNO |
+-------+--------+--------+----------+------+------------+------+------+--------+---------+--------------+------------+------------+----------+------+
|  7499 | ALLEN  | M      | SALESMAN | 7698 | 1981-02-20 | 1600 |  300 |     30 |       4 | ALWAYS TESTE | sales@2017 | 7032300096 |        1 |    8 |
|  7521 | WARD   | M      | SALESMAN | 7698 | 1981-02-22 | 1250 |  500 |     30 |       1 | WARD         | sales@2017 | 7132300034 |        1 |    9 |
|  7654 | MARTIN | M      | SALESMAN | 7698 | 1981-09-28 | 1250 | 1400 |     30 |       6 | LIFE RACER   | sales@2017 | 7132300050 |        1 |   11 |
|  7844 | TURNER | M      | SALESMAN | 7698 | 1981-09-08 | 1500 |    0 |     30 |       5 | SAND DUST    | sales@2017 | NULL       |        1 |   17 |
|  7920 | GRASS  | M      | SALESMAN | 7919 | 1980-02-14 | 2575 | 2700 |     30 |       5 | GRASS        | sales@2017 | NULL       |        1 |   22 |
|  7945 | AARUSH | M      | SALESMAN | 7902 | 1980-02-14 | 1350 | 2700 |     30 |    NULL | AARUSH       | ABCDEF     | NULL       |        0 |   24 |
+-------+--------+--------+----------+------+------------+------+------+--------+---------+--------------+------------+------------+----------+------+
6 rows in set (0.00 sec)

mysql> # 46.Print the name of employees in the ascending order of employee name
mysql> select * from emp order by ename;
+-------+----------+--------+---------------------+------+------------+------+------+--------+---------+--------------+------------+------------+----------+------+
| EMPNO | ENAME    | GENDER | JOB                 | MGR  | HIREDATE   | SAL  | COMM | DEPTNO | BONUSID | USER NAME    | PWD        | PHONE      | isActive | SrNO |
+-------+----------+--------+---------------------+------+------------+------+------+--------+---------+--------------+------------+------------+----------+------+
|  7415 | AARAV    | M      | CLERK               | 7902 | 1981-12-31 | 3350 | NULL |     10 |    NULL | AARAV        | NULL       | 7032300084 |        0 |    6 |
|  7945 | AARUSH   | M      | SALESMAN            | 7902 | 1980-02-14 | 1350 | 2700 |     30 |    NULL | AARUSH       | ABCDEF     | NULL       |        0 |   24 |
|  7876 | ADAMS    | M      | CLERK               | 7788 | 1983-01-12 | 1100 | NULL |     20 |       1 | CRAZY ANYONE | a12recmpm  | 7132300086 |        1 |   18 |
|  7949 | ALEX     | M      | MANAGER             | 7698 | 1982-01-24 | 1250 |  500 |     30 |       5 | QUARTERREST  | sales@2017 | 7156567183 |        1 |   25 |
|  7499 | ALLEN    | M      | SALESMAN            | 7698 | 1981-02-20 | 1600 |  300 |     30 |       4 | ALWAYS TESTE | sales@2017 | 7032300096 |        1 |    8 |
|  6781 | BANDISH  | F      | Public Relation     | 7920 | 1981-07-19 | 1750 | NULL |     20 |       1 | BANDISH      | a12recmpm  | NULL       |        1 |    4 |
|  7698 | BLAKE    | M      | MANAGER             | 7839 | 1981-05-01 | 2850 | NULL |     30 |       1 | BIG BEN      | sales@2017 | 7132300027 |        1 |   12 |
|  7782 | CLARK    | M      | MANAGER             | 7839 | 1981-06-09 | 2450 | NULL |     10 |       3 | CLARK        | r50mpm     | 7032300001 |        1 |   13 |
|  7840 | FRED     | M      | vice PRESIDENT      | 7839 | 1983-08-09 | 5000 | NULL |     20 |       1 | SAND STONE   | a12recmpm  | NULL       |        1 |   16 |
|  6001 | GITA     | F      | Compliance officers | 7920 | 1981-07-19 | 1750 | NULL |     30 |       1 | GITA         | sales@2017 | NULL       |        1 |    1 |
|  7920 | GRASS    | M      | SALESMAN            | 7919 | 1980-02-14 | 2575 | 2700 |     30 |       5 | GRASS        | sales@2017 | NULL       |        1 |   22 |
|  7919 | HOFFMAN  | M      | MANAGER             | 7566 | 1982-03-24 | 4150 | NULL |     30 |       3 | INTERVAL     | sales@2017 | NULL       |        1 |   21 |
|  7900 | JAMES    | M      | CLERK               | 7698 | 1981-12-03 |  950 | NULL |     30 |       2 | CRAZY LEADER | sales@2017 | 7132300042 |        1 |   19 |
|  7566 | JONES    | M      | MANAGER             | 7839 | 1981-04-02 | 2975 | NULL |     20 |       4 | HONEYCOMB    | a12recmpm  | 7132300039 |        1 |   10 |
|  7839 | KING     | M      | PRESIDENT           | NULL | 1981-11-17 | 5000 | NULL |     10 |       1 | KING         | r50mpm     | 7132300081 |        1 |   15 |
|  7654 | MARTIN   | M      | SALESMAN            | 7698 | 1981-09-28 | 1250 | 1400 |     30 |       6 | LIFE RACER   | sales@2017 | 7132300050 |        1 |   11 |
|  7934 | MILLER   | M      | CLERK               | 7782 | 1982-01-23 | 1300 | NULL |     10 |       2 | QUARTERNOTE  | r50mpm     | 7132300055 |        0 |   23 |
|  8433 | NATASHA  | F      | CLERK               | 7920 | 1981-07-19 | 1750 | NULL |     30 |       1 | NATASHA      | sales@2017 | NULL       |        1 |   26 |
|  9400 | SANGITA  | F      | Compliance officers | 7920 | 1981-07-19 | 1750 | NULL |     50 |       1 | SANGITA      | NULL       | NULL       |        1 |   27 |
|  7788 | SCOTT    | M      | ANALYST             | 7766 | 1982-12-09 | 3000 | NULL |     20 |       3 | WHITE SAND   | a12recmpm  | NULL       |        1 |   14 |
|  6473 | SHARMIN  | F      | Public Relation     | 7920 | 1981-07-19 | 1750 | NULL |     20 |       1 | SHARMIN      | a12recmpm  | NULL       |        1 |    3 |
|  7369 | SMITH    | M      | CLERK               | 7902 | 1980-12-17 |  800 | NULL |     20 |       2 | TRITONE      | a12recmpm  | 7032300023 |        0 |    5 |
|  9473 | SUPRIYA  | F      | ANALYST             | 7920 | 1981-07-19 | 1750 | NULL |     50 |       1 | SUPRIYA      | XYZ@1234   | NULL       |        1 |   28 |
|  7421 | THOMAS   | M      | CLERK               | 7920 | 1981-07-19 | 1750 | NULL |     10 |       1 | THOMAS       | r50mpm     | 7032300011 |        0 |    7 |
|  7844 | TURNER   | M      | SALESMAN            | 7698 | 1981-09-08 | 1500 |    0 |     30 |       5 | SAND DUST    | sales@2017 | NULL       |        1 |   17 |
|  6129 | VRUSHALI | F      | Compliance officers | 7920 | 1981-07-19 | 1750 | NULL |     50 |       1 | VRUSHALI     | PUN@8877   | NULL       |        1 |    2 |
|  7521 | WARD     | M      | SALESMAN            | 7698 | 1981-02-22 | 1250 |  500 |     30 |       1 | WARD         | sales@2017 | 7132300034 |        1 |    9 |
|  7902 | zzz      | M      | ANALYST             | 7566 | 1981-12-03 | 3000 | NULL |     20 |       4 | CONBRIO      | a12recmpm  | NULL       |        0 |   20 |
+-------+----------+--------+---------------------+------+------------+------+------+--------+---------+--------------+------------+------------+----------+------+
28 rows in set (0.00 sec)

mysql> # 47.Print employee information in the descending order of salary
mysql> select * from emp order by sal desc;
+-------+----------+--------+---------------------+------+------------+------+------+--------+---------+--------------+------------+------------+----------+------+
| EMPNO | ENAME    | GENDER | JOB                 | MGR  | HIREDATE   | SAL  | COMM | DEPTNO | BONUSID | USER NAME    | PWD        | PHONE      | isActive | SrNO |
+-------+----------+--------+---------------------+------+------------+------+------+--------+---------+--------------+------------+------------+----------+------+
|  7839 | KING     | M      | PRESIDENT           | NULL | 1981-11-17 | 5000 | NULL |     10 |       1 | KING         | r50mpm     | 7132300081 |        1 |   15 |
|  7840 | FRED     | M      | vice PRESIDENT      | 7839 | 1983-08-09 | 5000 | NULL |     20 |       1 | SAND STONE   | a12recmpm  | NULL       |        1 |   16 |
|  7919 | HOFFMAN  | M      | MANAGER             | 7566 | 1982-03-24 | 4150 | NULL |     30 |       3 | INTERVAL     | sales@2017 | NULL       |        1 |   21 |
|  7415 | AARAV    | M      | CLERK               | 7902 | 1981-12-31 | 3350 | NULL |     10 |    NULL | AARAV        | NULL       | 7032300084 |        0 |    6 |
|  7788 | SCOTT    | M      | ANALYST             | 7766 | 1982-12-09 | 3000 | NULL |     20 |       3 | WHITE SAND   | a12recmpm  | NULL       |        1 |   14 |
|  7902 | zzz      | M      | ANALYST             | 7566 | 1981-12-03 | 3000 | NULL |     20 |       4 | CONBRIO      | a12recmpm  | NULL       |        0 |   20 |
|  7566 | JONES    | M      | MANAGER             | 7839 | 1981-04-02 | 2975 | NULL |     20 |       4 | HONEYCOMB    | a12recmpm  | 7132300039 |        1 |   10 |
|  7698 | BLAKE    | M      | MANAGER             | 7839 | 1981-05-01 | 2850 | NULL |     30 |       1 | BIG BEN      | sales@2017 | 7132300027 |        1 |   12 |
|  7920 | GRASS    | M      | SALESMAN            | 7919 | 1980-02-14 | 2575 | 2700 |     30 |       5 | GRASS        | sales@2017 | NULL       |        1 |   22 |
|  7782 | CLARK    | M      | MANAGER             | 7839 | 1981-06-09 | 2450 | NULL |     10 |       3 | CLARK        | r50mpm     | 7032300001 |        1 |   13 |
|  6001 | GITA     | F      | Compliance officers | 7920 | 1981-07-19 | 1750 | NULL |     30 |       1 | GITA         | sales@2017 | NULL       |        1 |    1 |
|  6129 | VRUSHALI | F      | Compliance officers | 7920 | 1981-07-19 | 1750 | NULL |     50 |       1 | VRUSHALI     | PUN@8877   | NULL       |        1 |    2 |
|  6473 | SHARMIN  | F      | Public Relation     | 7920 | 1981-07-19 | 1750 | NULL |     20 |       1 | SHARMIN      | a12recmpm  | NULL       |        1 |    3 |
|  6781 | BANDISH  | F      | Public Relation     | 7920 | 1981-07-19 | 1750 | NULL |     20 |       1 | BANDISH      | a12recmpm  | NULL       |        1 |    4 |
|  7421 | THOMAS   | M      | CLERK               | 7920 | 1981-07-19 | 1750 | NULL |     10 |       1 | THOMAS       | r50mpm     | 7032300011 |        0 |    7 |
|  8433 | NATASHA  | F      | CLERK               | 7920 | 1981-07-19 | 1750 | NULL |     30 |       1 | NATASHA      | sales@2017 | NULL       |        1 |   26 |
|  9400 | SANGITA  | F      | Compliance officers | 7920 | 1981-07-19 | 1750 | NULL |     50 |       1 | SANGITA      | NULL       | NULL       |        1 |   27 |
|  9473 | SUPRIYA  | F      | ANALYST             | 7920 | 1981-07-19 | 1750 | NULL |     50 |       1 | SUPRIYA      | XYZ@1234   | NULL       |        1 |   28 |
|  7499 | ALLEN    | M      | SALESMAN            | 7698 | 1981-02-20 | 1600 |  300 |     30 |       4 | ALWAYS TESTE | sales@2017 | 7032300096 |        1 |    8 |
|  7844 | TURNER   | M      | SALESMAN            | 7698 | 1981-09-08 | 1500 |    0 |     30 |       5 | SAND DUST    | sales@2017 | NULL       |        1 |   17 |
|  7945 | AARUSH   | M      | SALESMAN            | 7902 | 1980-02-14 | 1350 | 2700 |     30 |    NULL | AARUSH       | ABCDEF     | NULL       |        0 |   24 |
|  7934 | MILLER   | M      | CLERK               | 7782 | 1982-01-23 | 1300 | NULL |     10 |       2 | QUARTERNOTE  | r50mpm     | 7132300055 |        0 |   23 |
|  7521 | WARD     | M      | SALESMAN            | 7698 | 1981-02-22 | 1250 |  500 |     30 |       1 | WARD         | sales@2017 | 7132300034 |        1 |    9 |
|  7654 | MARTIN   | M      | SALESMAN            | 7698 | 1981-09-28 | 1250 | 1400 |     30 |       6 | LIFE RACER   | sales@2017 | 7132300050 |        1 |   11 |
|  7949 | ALEX     | M      | MANAGER             | 7698 | 1982-01-24 | 1250 |  500 |     30 |       5 | QUARTERREST  | sales@2017 | 7156567183 |        1 |   25 |
|  7876 | ADAMS    | M      | CLERK               | 7788 | 1983-01-12 | 1100 | NULL |     20 |       1 | CRAZY ANYONE | a12recmpm  | 7132300086 |        1 |   18 |
|  7900 | JAMES    | M      | CLERK               | 7698 | 1981-12-03 |  950 | NULL |     30 |       2 | CRAZY LEADER | sales@2017 | 7132300042 |        1 |   19 |
|  7369 | SMITH    | M      | CLERK               | 7902 | 1980-12-17 |  800 | NULL |     20 |       2 | TRITONE      | a12recmpm  | 7032300023 |        0 |    5 |
+-------+----------+--------+---------------------+------+------------+------+------+--------+---------+--------------+------------+------------+----------+------+
28 rows in set (0.00 sec)

mysql> # 48.Display employee information in ascending order of year
mysql> select * from emp order by year(hiredate);
+-------+----------+--------+---------------------+------+------------+------+------+--------+---------+--------------+------------+------------+----------+------+
| EMPNO | ENAME    | GENDER | JOB                 | MGR  | HIREDATE   | SAL  | COMM | DEPTNO | BONUSID | USER NAME    | PWD        | PHONE      | isActive | SrNO |
+-------+----------+--------+---------------------+------+------------+------+------+--------+---------+--------------+------------+------------+----------+------+
|  7369 | SMITH    | M      | CLERK               | 7902 | 1980-12-17 |  800 | NULL |     20 |       2 | TRITONE      | a12recmpm  | 7032300023 |        0 |    5 |
|  7920 | GRASS    | M      | SALESMAN            | 7919 | 1980-02-14 | 2575 | 2700 |     30 |       5 | GRASS        | sales@2017 | NULL       |        1 |   22 |
|  7945 | AARUSH   | M      | SALESMAN            | 7902 | 1980-02-14 | 1350 | 2700 |     30 |    NULL | AARUSH       | ABCDEF     | NULL       |        0 |   24 |
|  6001 | GITA     | F      | Compliance officers | 7920 | 1981-07-19 | 1750 | NULL |     30 |       1 | GITA         | sales@2017 | NULL       |        1 |    1 |
|  6129 | VRUSHALI | F      | Compliance officers | 7920 | 1981-07-19 | 1750 | NULL |     50 |       1 | VRUSHALI     | PUN@8877   | NULL       |        1 |    2 |
|  6473 | SHARMIN  | F      | Public Relation     | 7920 | 1981-07-19 | 1750 | NULL |     20 |       1 | SHARMIN      | a12recmpm  | NULL       |        1 |    3 |
|  6781 | BANDISH  | F      | Public Relation     | 7920 | 1981-07-19 | 1750 | NULL |     20 |       1 | BANDISH      | a12recmpm  | NULL       |        1 |    4 |
|  7415 | AARAV    | M      | CLERK               | 7902 | 1981-12-31 | 3350 | NULL |     10 |    NULL | AARAV        | NULL       | 7032300084 |        0 |    6 |
|  7421 | THOMAS   | M      | CLERK               | 7920 | 1981-07-19 | 1750 | NULL |     10 |       1 | THOMAS       | r50mpm     | 7032300011 |        0 |    7 |
|  7499 | ALLEN    | M      | SALESMAN            | 7698 | 1981-02-20 | 1600 |  300 |     30 |       4 | ALWAYS TESTE | sales@2017 | 7032300096 |        1 |    8 |
|  7521 | WARD     | M      | SALESMAN            | 7698 | 1981-02-22 | 1250 |  500 |     30 |       1 | WARD         | sales@2017 | 7132300034 |        1 |    9 |
|  7566 | JONES    | M      | MANAGER             | 7839 | 1981-04-02 | 2975 | NULL |     20 |       4 | HONEYCOMB    | a12recmpm  | 7132300039 |        1 |   10 |
|  7654 | MARTIN   | M      | SALESMAN            | 7698 | 1981-09-28 | 1250 | 1400 |     30 |       6 | LIFE RACER   | sales@2017 | 7132300050 |        1 |   11 |
|  7698 | BLAKE    | M      | MANAGER             | 7839 | 1981-05-01 | 2850 | NULL |     30 |       1 | BIG BEN      | sales@2017 | 7132300027 |        1 |   12 |
|  7782 | CLARK    | M      | MANAGER             | 7839 | 1981-06-09 | 2450 | NULL |     10 |       3 | CLARK        | r50mpm     | 7032300001 |        1 |   13 |
|  7839 | KING     | M      | PRESIDENT           | NULL | 1981-11-17 | 5000 | NULL |     10 |       1 | KING         | r50mpm     | 7132300081 |        1 |   15 |
|  7844 | TURNER   | M      | SALESMAN            | 7698 | 1981-09-08 | 1500 |    0 |     30 |       5 | SAND DUST    | sales@2017 | NULL       |        1 |   17 |
|  7900 | JAMES    | M      | CLERK               | 7698 | 1981-12-03 |  950 | NULL |     30 |       2 | CRAZY LEADER | sales@2017 | 7132300042 |        1 |   19 |
|  7902 | zzz      | M      | ANALYST             | 7566 | 1981-12-03 | 3000 | NULL |     20 |       4 | CONBRIO      | a12recmpm  | NULL       |        0 |   20 |
|  8433 | NATASHA  | F      | CLERK               | 7920 | 1981-07-19 | 1750 | NULL |     30 |       1 | NATASHA      | sales@2017 | NULL       |        1 |   26 |
|  9400 | SANGITA  | F      | Compliance officers | 7920 | 1981-07-19 | 1750 | NULL |     50 |       1 | SANGITA      | NULL       | NULL       |        1 |   27 |
|  9473 | SUPRIYA  | F      | ANALYST             | 7920 | 1981-07-19 | 1750 | NULL |     50 |       1 | SUPRIYA      | XYZ@1234   | NULL       |        1 |   28 |
|  7788 | SCOTT    | M      | ANALYST             | 7766 | 1982-12-09 | 3000 | NULL |     20 |       3 | WHITE SAND   | a12recmpm  | NULL       |        1 |   14 |
|  7919 | HOFFMAN  | M      | MANAGER             | 7566 | 1982-03-24 | 4150 | NULL |     30 |       3 | INTERVAL     | sales@2017 | NULL       |        1 |   21 |
|  7934 | MILLER   | M      | CLERK               | 7782 | 1982-01-23 | 1300 | NULL |     10 |       2 | QUARTERNOTE  | r50mpm     | 7132300055 |        0 |   23 |
|  7949 | ALEX     | M      | MANAGER             | 7698 | 1982-01-24 | 1250 |  500 |     30 |       5 | QUARTERREST  | sales@2017 | 7156567183 |        1 |   25 |
|  7840 | FRED     | M      | vice PRESIDENT      | 7839 | 1983-08-09 | 5000 | NULL |     20 |       1 | SAND STONE   | a12recmpm  | NULL       |        1 |   16 |
|  7876 | ADAMS    | M      | CLERK               | 7788 | 1983-01-12 | 1100 | NULL |     20 |       1 | CRAZY ANYONE | a12recmpm  | 7132300086 |        1 |   18 |
+-------+----------+--------+---------------------+------+------------+------+------+--------+---------+--------------+------------+------------+----------+------+
28 rows in set (0.00 sec)

mysql> # 49.Display job, deptno, names of employee whose name starts with ‘B’ or ‘M’.
mysql> select job , ename , deptno from emp where ename like 'B%' or ename like 'M%';
+-----------------+---------+--------+
| job             | ename   | deptno |
+-----------------+---------+--------+
| Public Relation | BANDISH |     20 |
| MANAGER         | BLAKE   |     30 |
| SALESMAN        | MARTIN  |     30 |
| CLERK           | MILLER  |     10 |
+-----------------+---------+--------+
4 rows in set (0.00 sec)

mysql> # 50.List the employees whose comm is null and salary does not exceed 3000.
mysql> select * from emp where isnull(comm) and sal >3000;
+-------+---------+--------+----------------+------+------------+------+------+--------+---------+------------+------------+------------+----------+------+
| EMPNO | ENAME   | GENDER | JOB            | MGR  | HIREDATE   | SAL  | COMM | DEPTNO | BONUSID | USER NAME  | PWD        | PHONE      | isActive | SrNO |
+-------+---------+--------+----------------+------+------------+------+------+--------+---------+------------+------------+------------+----------+------+
|  7415 | AARAV   | M      | CLERK          | 7902 | 1981-12-31 | 3350 | NULL |     10 |    NULL | AARAV      | NULL       | 7032300084 |        0 |    6 |
|  7839 | KING    | M      | PRESIDENT      | NULL | 1981-11-17 | 5000 | NULL |     10 |       1 | KING       | r50mpm     | 7132300081 |        1 |   15 |
|  7840 | FRED    | M      | vice PRESIDENT | 7839 | 1983-08-09 | 5000 | NULL |     20 |       1 | SAND STONE | a12recmpm  | NULL       |        1 |   16 |
|  7919 | HOFFMAN | M      | MANAGER        | 7566 | 1982-03-24 | 4150 | NULL |     30 |       3 | INTERVAL   | sales@2017 | NULL       |        1 |   21 |
+-------+---------+--------+----------------+------+------------+------+------+--------+---------+------------+------------+------------+----------+------+
4 rows in set (0.00 sec)

mysql> select * from emp where isnull(comm) and sal <=3000;
+-------+----------+--------+---------------------+------+------------+------+------+--------+---------+--------------+------------+------------+----------+------+
| EMPNO | ENAME    | GENDER | JOB                 | MGR  | HIREDATE   | SAL  | COMM | DEPTNO | BONUSID | USER NAME    | PWD        | PHONE      | isActive | SrNO |
+-------+----------+--------+---------------------+------+------------+------+------+--------+---------+--------------+------------+------------+----------+------+
|  6001 | GITA     | F      | Compliance officers | 7920 | 1981-07-19 | 1750 | NULL |     30 |       1 | GITA         | sales@2017 | NULL       |        1 |    1 |
|  6129 | VRUSHALI | F      | Compliance officers | 7920 | 1981-07-19 | 1750 | NULL |     50 |       1 | VRUSHALI     | PUN@8877   | NULL       |        1 |    2 |
|  6473 | SHARMIN  | F      | Public Relation     | 7920 | 1981-07-19 | 1750 | NULL |     20 |       1 | SHARMIN      | a12recmpm  | NULL       |        1 |    3 |
|  6781 | BANDISH  | F      | Public Relation     | 7920 | 1981-07-19 | 1750 | NULL |     20 |       1 | BANDISH      | a12recmpm  | NULL       |        1 |    4 |
|  7369 | SMITH    | M      | CLERK               | 7902 | 1980-12-17 |  800 | NULL |     20 |       2 | TRITONE      | a12recmpm  | 7032300023 |        0 |    5 |
|  7421 | THOMAS   | M      | CLERK               | 7920 | 1981-07-19 | 1750 | NULL |     10 |       1 | THOMAS       | r50mpm     | 7032300011 |        0 |    7 |
|  7566 | JONES    | M      | MANAGER             | 7839 | 1981-04-02 | 2975 | NULL |     20 |       4 | HONEYCOMB    | a12recmpm  | 7132300039 |        1 |   10 |
|  7698 | BLAKE    | M      | MANAGER             | 7839 | 1981-05-01 | 2850 | NULL |     30 |       1 | BIG BEN      | sales@2017 | 7132300027 |        1 |   12 |
|  7782 | CLARK    | M      | MANAGER             | 7839 | 1981-06-09 | 2450 | NULL |     10 |       3 | CLARK        | r50mpm     | 7032300001 |        1 |   13 |
|  7788 | SCOTT    | M      | ANALYST             | 7766 | 1982-12-09 | 3000 | NULL |     20 |       3 | WHITE SAND   | a12recmpm  | NULL       |        1 |   14 |
|  7876 | ADAMS    | M      | CLERK               | 7788 | 1983-01-12 | 1100 | NULL |     20 |       1 | CRAZY ANYONE | a12recmpm  | 7132300086 |        1 |   18 |
|  7900 | JAMES    | M      | CLERK               | 7698 | 1981-12-03 |  950 | NULL |     30 |       2 | CRAZY LEADER | sales@2017 | 7132300042 |        1 |   19 |
|  7902 | zzz      | M      | ANALYST             | 7566 | 1981-12-03 | 3000 | NULL |     20 |       4 | CONBRIO      | a12recmpm  | NULL       |        0 |   20 |
|  7934 | MILLER   | M      | CLERK               | 7782 | 1982-01-23 | 1300 | NULL |     10 |       2 | QUARTERNOTE  | r50mpm     | 7132300055 |        0 |   23 |
|  8433 | NATASHA  | F      | CLERK               | 7920 | 1981-07-19 | 1750 | NULL |     30 |       1 | NATASHA      | sales@2017 | NULL       |        1 |   26 |
|  9400 | SANGITA  | F      | Compliance officers | 7920 | 1981-07-19 | 1750 | NULL |     50 |       1 | SANGITA      | NULL       | NULL       |        1 |   27 |
|  9473 | SUPRIYA  | F      | ANALYST             | 7920 | 1981-07-19 | 1750 | NULL |     50 |       1 | SUPRIYA      | XYZ@1234   | NULL       |        1 |   28 |
+-------+----------+--------+---------------------+------+------------+------+------+--------+---------+--------------+------------+------------+----------+------+
17 rows in set (0.00 sec)

mysql>