Microsoft Windows [Version 10.0.22000.556]
(c) Microsoft Corporation. All rights reserved.

C:\Users\shree>mango
'mango' is not recognized as an internal or external command,
operable program or batch file.

C:\Users\shree>mongo
MongoDB shell version v5.0.8
connecting to: mongodb://127.0.0.1:27017/?compressors=disabled&gssapiServiceName=mongodb
Implicit session: session { "id" : UUID("d67a895b-9164-48cd-b1ae-5eb69eec3418") }
MongoDB server version: 5.0.8
================
Warning: the "mongo" shell has been superseded by "mongosh",
which delivers improved usability and compatibility.The "mongo" shell has been deprecated and will be removed in
an upcoming release.
For installation instructions, see
https://docs.mongodb.com/mongodb-shell/install/
================
---
The server generated these startup warnings when booting:
        2022-05-26T23:50:17.097+05:30: Access control is not enabled for the database. Read and write access to data and configuration is unrestricted
---
---
        Enable MongoDB's free cloud-based monitoring service, which will then receive and display
        metrics about your deployment (disk utilization, CPU, operation statistics, etc).

        The monitoring data will be available on a MongoDB website with a unique URL accessible to you
        and anyone you share the URL with. MongoDB may use this information to make product
        improvements and to suggest MongoDB products and deployment options to you.

        To enable free monitoring, run the following command: db.enableFreeMonitoring()
        To permanently disable this reminder, run the following command: db.disableFreeMonitoring()
---
> db
test
> use primarydb
switched to db primarydb
> db
primarydb
> db,getName()
uncaught exception: ReferenceError: getName is not defined :
@(shell):1:4
> db.getName()
primarydb
>
>
>
> shoe dbs
uncaught exception: SyntaxError: unexpected token: identifier :
@(shell):1:5
> show dbs
admin      0.000GB
config     0.000GB
local      0.000GB
primarydb  0.000GB
>
>
>
> db.getCollectionNames()
[ "Books", "Items", "books" ]
>
>
> db.dropDatabase()
{ "ok" : 1 }
>
> db.getCollectionNames()
[ ]
>
>
> db.createCollection("books")
{ "ok" : 1 }
>
> db.getCollectionNames()
[ "books" ]
>
>
> db.createCollection("items")
{ "ok" : 1 }
>
>
> db.getCollectionNames()
[ "books", "items" ]
>
>
> db.books.insert(title:"Core-Java",author:"Bhartesh")
uncaught exception: SyntaxError: missing ) after argument list :
@(shell):1:21
> db.books.insert{title:"Core-Java",author:"Bhartesh"}
uncaught exception: SyntaxError: unexpected token: '{' :
@(shell):1:15
> db.books.insert({title:"Core-Java",author:"Bhartesh"})
WriteResult({ "nInserted" : 1 })
>
>
> db.books.find()
{ "_id" : ObjectId("6290a10b5894e9416853ae24"), "title" : "Core-Java", "author" : "Bhartesh" }
>
>
> db.books.find().pretty()
{
        "_id" : ObjectId("6290a10b5894e9416853ae24"),
        "title" : "Core-Java",
        "author" : "Bhartesh"
}
>
>
>
> db.books.insert({title:"Data Structure",author:"Abcd",price:1200})
WriteResult({ "nInserted" : 1 })
>
>
> db.books.find()
{ "_id" : ObjectId("6290a10b5894e9416853ae24"), "title" : "Core-Java", "author" : "Bhartesh" }
{ "_id" : ObjectId("6290a1535894e9416853ae25"), "title" : "Data Structure", "author" : "Abcd", "price" : 1200 }
>
>
> db.books.insert({title:"DataBase",author:"Einstine"cost{currency:"Rs.",price:1200)})
uncaught exception: SyntaxError: missing } after property list :
@(shell):1:51
> db.books.insert({title:"DataBase",author:"Einstine",cost:{currency:"Rs.",price:1200)})
uncaught exception: SyntaxError: missing } after property list :
@(shell):1:83
> db.books.insert({title:"DataBase",author:"Einstine",cost:{currency:"Rs.",price:1200}})
WriteResult({ "nInserted" : 1 })
>
>
> db.books.find()
{ "_id" : ObjectId("6290a10b5894e9416853ae24"), "title" : "Core-Java", "author" : "Bhartesh" }
{ "_id" : ObjectId("6290a1535894e9416853ae25"), "title" : "Data Structure", "author" : "Abcd", "price" : 1200 }
{ "_id" : ObjectId("6290a1ae5894e9416853ae26"), "title" : "DataBase", "author" : "Einstine", "cost" : { "currency" : "Rs.", "price" : 1200 } }
>
>
>
>
> db.books.insertOne({title:"MongoDB",author:"Newton",phone:[112314,154658],Email:["@gmail.com","@yahoo.com"],cost:{currency:"Rs.",price:1200}})
{
        "acknowledged" : true,
        "insertedId" : ObjectId("6290a25b5894e9416853ae27")
}
>
>
>
> db.books.find()
{ "_id" : ObjectId("6290a10b5894e9416853ae24"), "title" : "Core-Java", "author" : "Bhartesh" }
{ "_id" : ObjectId("6290a1535894e9416853ae25"), "title" : "Data Structure", "author" : "Abcd", "price" : 1200 }
{ "_id" : ObjectId("6290a1ae5894e9416853ae26"), "title" : "DataBase", "author" : "Einstine", "cost" : { "currency" : "Rs.", "price" : 1200 } }
{ "_id" : ObjectId("6290a25b5894e9416853ae27"), "title" : "MongoDB", "author" : "Newton", "phone" : [ 112314, 154658 ], "Email" : [ "@gmail.com", "@yahoo.com" ], "cost" : { "currency" : "Rs.", "price" : 1200 } }
>
>
>
>
> db.books.find().pretty()
{
        "_id" : ObjectId("6290a10b5894e9416853ae24"),
        "title" : "Core-Java",
        "author" : "Bhartesh"
}
{
        "_id" : ObjectId("6290a1535894e9416853ae25"),
        "title" : "Data Structure",
        "author" : "Abcd",
        "price" : 1200
}
{
        "_id" : ObjectId("6290a1ae5894e9416853ae26"),
        "title" : "DataBase",
        "author" : "Einstine",
        "cost" : {
                "currency" : "Rs.",
                "price" : 1200
        }
}
{
        "_id" : ObjectId("6290a25b5894e9416853ae27"),
        "title" : "MongoDB",
        "author" : "Newton",
        "phone" : [
                112314,
                154658
        ],
        "Email" : [
                "@gmail.com",
                "@yahoo.com"
        ],
        "cost" : {
                "currency" : "Rs.",
                "price" : 1200
        }
}
>
>
> db.books.insertMany([{title:"React",author:"Win-diesel",phone:[9503044,155658],Email:["@email.com","@twitter.com"],cost:{currency:"Rs.",price:1200}},{title:"CProgramming",author:"IzackNewton",price:"Rs1200"}])
{
        "acknowledged" : true,
        "insertedIds" : [
                ObjectId("6290a32e5894e9416853ae28"),
                ObjectId("6290a32e5894e9416853ae29")
        ]
}
>
>
>
> db.books.find().pretty()
{
        "_id" : ObjectId("6290a10b5894e9416853ae24"),
        "title" : "Core-Java",
        "author" : "Bhartesh"
}
{
        "_id" : ObjectId("6290a1535894e9416853ae25"),
        "title" : "Data Structure",
        "author" : "Abcd",
        "price" : 1200
}
{
        "_id" : ObjectId("6290a1ae5894e9416853ae26"),
        "title" : "DataBase",
        "author" : "Einstine",
        "cost" : {
                "currency" : "Rs.",
                "price" : 1200
        }
}
{
        "_id" : ObjectId("6290a25b5894e9416853ae27"),
        "title" : "MongoDB",
        "author" : "Newton",
        "phone" : [
                112314,
                154658
        ],
        "Email" : [
                "@gmail.com",
                "@yahoo.com"
        ],
        "cost" : {
                "currency" : "Rs.",
                "price" : 1200
        }
}
{
        "_id" : ObjectId("6290a32e5894e9416853ae28"),
        "title" : "React",
        "author" : "Win-diesel",
        "phone" : [
                9503044,
                155658
        ],
        "Email" : [
                "@email.com",
                "@twitter.com"
        ],
        "cost" : {
                "currency" : "Rs.",
                "price" : 1200
        }
}
{
        "_id" : ObjectId("6290a32e5894e9416853ae29"),
        "title" : "CProgramming",
        "author" : "IzackNewton",
        "price" : "Rs1200"
}
>
>
>
>
> db.books.find(),{title:true}
{ "title" : true }
> db.books.find({},{title:true})
{ "_id" : ObjectId("6290a10b5894e9416853ae24"), "title" : "Core-Java" }
{ "_id" : ObjectId("6290a1535894e9416853ae25"), "title" : "Data Structure" }
{ "_id" : ObjectId("6290a1ae5894e9416853ae26"), "title" : "DataBase" }
{ "_id" : ObjectId("6290a25b5894e9416853ae27"), "title" : "MongoDB" }
{ "_id" : ObjectId("6290a32e5894e9416853ae28"), "title" : "React" }
{ "_id" : ObjectId("6290a32e5894e9416853ae29"), "title" : "CProgramming" }
>
>
>
> db.books.find({_id:false},{title:true})
>
> db.books.find({},{_id:false,title:true})
{ "title" : "Core-Java" }
{ "title" : "Data Structure" }
{ "title" : "DataBase" }
{ "title" : "MongoDB" }
{ "title" : "React" }
{ "title" : "CProgramming" }
>
>
>
>
> db.books.find({},{_id:false,price:0})
{ "title" : "Core-Java", "author" : "Bhartesh" }
{ "title" : "Data Structure", "author" : "Abcd" }
{ "title" : "DataBase", "author" : "Einstine", "cost" : { "currency" : "Rs.", "price" : 1200 } }
{ "title" : "MongoDB", "author" : "Newton", "phone" : [ 112314, 154658 ], "Email" : [ "@gmail.com", "@yahoo.com" ], "cost" : { "currency" : "Rs.", "price" : 1200 } }
{ "title" : "React", "author" : "Win-diesel", "phone" : [ 9503044, 155658 ], "Email" : [ "@email.com", "@twitter.com" ], "cost" : { "currency" : "Rs.", "price" : 1200 } }
{ "title" : "CProgramming", "author" : "IzackNewton" }
>
>
>
>
> db.books.find()
{ "_id" : ObjectId("6290a10b5894e9416853ae24"), "title" : "Core-Java", "author" : "Bhartesh" }
{ "_id" : ObjectId("6290a1535894e9416853ae25"), "title" : "Data Structure", "author" : "Abcd", "price" : 1200 }
{ "_id" : ObjectId("6290a1ae5894e9416853ae26"), "title" : "DataBase", "author" : "Einstine", "cost" : { "currency" : "Rs.", "price" : 1200 } }
{ "_id" : ObjectId("6290a25b5894e9416853ae27"), "title" : "MongoDB", "author" : "Newton", "phone" : [ 112314, 154658 ], "Email" : [ "@gmail.com", "@yahoo.com" ], "cost" : { "currency" : "Rs.", "price" : 1200 } }
{ "_id" : ObjectId("6290a32e5894e9416853ae28"), "title" : "React", "author" : "Win-diesel", "phone" : [ 9503044, 155658 ], "Email" : [ "@email.com", "@twitter.com" ], "cost" : { "currency" : "Rs.", "price" : 1200 } }
{ "_id" : ObjectId("6290a32e5894e9416853ae29"), "title" : "CProgramming", "author" : "IzackNewton", "price" : "Rs1200" }
>
>
>
>
> db.getCollectionNames()
[ "books", "emp", "items" ]
>
>
> db.emp.find().limit(10)
{ "_id" : ObjectId("6290bc2f769034d96e261007"), "empid" : 1022, "ename" : "james", "address" : { "building" : "351", "coord" : [ -73.98513559999999, 40.7676919 ], "street" : "West   57 Street", "zipcode" : "10019" }, "isDocActive" : true, "gender" : "male", "canVote" : true, "canDrive" : true, "color" : [ "Red", "Blue", "Green", "Yellow" ], "fruit" : [ "Indian Fig" ], "cards" : [ { "aadhar" : { "aadhar-No" : "73826", "isActive" : true } }, { "PAN" : { "PAN-No" : "Kinj093", "isActive" : false } }, { "voter" : { "voterID" : "Ind03o3", "isActive" : true } }, { "licence" : { "licence-No" : "LMV9478", "issueDate" : "2020-01-01", "expireDate" : "2040-01-01", "isActive" : true } } ], "job" : "manager", "mgr" : 1020, "hiredate" : ISODate("1981-07-09T00:00:00Z"), "sal" : 4700, "comm" : null, "deptno" : 20 }
{ "_id" : ObjectId("6290bc2f769034d96e261008"), "empid" : 1021, "ename" : "smith", "address" : { "building" : "469", "coord" : [ -73.961704, 40.662942 ], "street" : "Flatbush Avenue", "zipcode" : "11225" }, "isDocActive" : false, "gender" : "male", "canVote" : true, "canDrive" : true, "color" : [ "red", "cyan", "gray" ], "fruit" : [ "grapes", "Orange" ], "cards" : [ { "aadhar" : { "aadhar-No" : "43564", "isActive" : true } }, { "PAN" : { "PAN-No" : "smh838", "isActive" : false } }, { "voter" : { "voterID" : "Ind03o3", "isActive" : true } }, { "licence" : { "licence-No" : "LMV9478", "issueDate" : "2020-01-01", "expireDate" : "2040-01-01", "isActive" : true } } ], "job" : "manager", "mgr" : 1020, "hiredate" : ISODate("1981-05-01T00:00:00Z"), "sal" : 3400, "comm" : null, "deptno" : 10 }
{ "_id" : ObjectId("6290bc2f769034d96e261009"), "empid" : 1024, "ename" : "martin", "address" : { "building" : "8825", "coord" : [ -73.8803827, 40.7643124 ], "street" : "Astoria Boulevard", "zipcode" : "11369" }, "isDocActive" : true, "gender" : "male", "canVote" : true, "canDrive" : true, "color" : [ "Banana Yellow" ], "fruit" : [ ], "cards" : [ { "aadhar" : { "aadhar-No" : "72877", "isActive" : true } }, { "PAN" : { "PAN-No" : "Kinj093", "isActive" : false } }, { "voter" : { "voterID" : "Ind03o3", "isActive" : true } }, { "licence" : { "licence-No" : "LMV9478", "issueDate" : "2020-01-01", "expireDate" : "2040-01-01", "isActive" : true } } ], "job" : "salesman", "mgr" : 1023, "hiredate" : ISODate("1981-02-20T00:00:00Z"), "sal" : 2900, "comm" : 735, "deptno" : 30 }
{ "_id" : ObjectId("6290bc2f769034d96e26100a"), "empid" : 1023, "ename" : "jack", "address" : { "building" : "2780", "coord" : [ -73.98241999999999, 40.579505 ], "street" : "Stillwell Avenue", "zipcode" : "11224" }, "isDocActive" : false, "gender" : "male", "canVote" : true, "canDrive" : true, "color" : [ "Air Force Blue", "Apple Green" ], "fruit" : [ "Orange" ], "cards" : [ { "aadhar" : { "aadhar-No" : "12321", "isActive" : true } }, { "PAN" : { "PAN-No" : "Kinj093", "isActive" : false } }, { "voter" : { "voterID" : "Ind03o3", "isActive" : true } }, { "licence" : { "licence-No" : "LMV9478", "issueDate" : "2020-01-01", "expireDate" : "2040-01-01", "isActive" : true } } ], "job" : "accountant", "mgr" : 1022, "hiredate" : ISODate("1981-04-02T00:00:00Z"), "sal" : 2700, "comm" : null, "deptno" : 30 }
{ "_id" : ObjectId("6290bc2f769034d96e26100b"), "empid" : 1020, "ename" : "king", "address" : { "building" : "1007", "coord" : [ -73.856077, 40.848447 ], "street" : "Morris Park Ave", "zipcode" : "10462" }, "isDocActive" : false, "gender" : "male", "canVote" : true, "canDrive" : true, "color" : [ "blue", "black" ], "fruit" : [ ], "cards" : [ { "aadhar" : { "aadhar-No" : "93478", "isActive" : true } }, { "PAN" : { "PAN-No" : "Kinj093", "isActive" : false } }, { "voter" : { "voterID" : "Ind03o3", "isActive" : true } }, { "licence" : { "licence-No" : "LMV9478", "issueDate" : "2020-01-01", "expireDate" : "2040-01-01", "isActive" : true } } ], "job" : "president", "mgr" : null, "hiredate" : ISODate("1981-11-17T00:00:00Z"), "sal" : 5000, "comm" : null, "deptno" : 10 }
{ "_id" : ObjectId("6290bc2f769034d96e26100c"), "empid" : 1023, "ename" : "scott", "address" : { "building" : "97-22", "coord" : [ -73.8601152, 40.7311739 ], "street" : "63 Road", "zipcode" : "11374" }, "isDocActive" : false, "gender" : "male", "canVote" : true, "canDrive" : true, "color" : [ "Ash Grey", "White" ], "fruit" : [ ], "cards" : [ { "aadhar" : { "aadhar-No" : "93872", "isActive" : true } }, { "PAN" : { "PAN-No" : "Kinj093", "isActive" : false } }, { "voter" : { "voterID" : "Ind03o3", "isActive" : true } }, { "licence" : { "licence-No" : "LMV9478", "issueDate" : "2020-01-01", "expireDate" : "2040-01-01", "isActive" : true } } ], "job" : "salesman", "mgr" : 1023, "hiredate" : ISODate("1981-09-28T00:00:00Z"), "sal" : 2500, "comm" : 350, "deptno" : 30 }
{ "_id" : ObjectId("6290bc2f769034d96e26100d"), "empid" : 1029, "ename" : "bob", "address" : { "building" : "2300", "coord" : [ -73.8786113, 40.8502883 ], "street" : "Southern Boulevard", "zipcode" : "10460" }, "isDocActive" : false, "gender" : "male", "canVote" : true, "canDrive" : true, "color" : [ "Copper" ], "fruit" : [ ], "cards" : [ { "aadhar" : { "aadhar-No" : "73122", "isActive" : true } }, { "PAN" : { "PAN-No" : "Kinj093", "isActive" : false } }, { "voter" : { "voterID" : "Ind03o3", "isActive" : true } }, { "licence" : { "licence-No" : "LMV9478", "issueDate" : "2020-01-01", "expireDate" : "2040-01-01", "isActive" : true } } ], "job" : "manager", "mgr" : 1020, "hiredate" : ISODate("1980-12-17T00:00:00Z"), "sal" : 4900, "comm" : null, "deptno" : 30 }
{ "_id" : ObjectId("6290bc2f769034d96e26100e"), "empid" : 1027, "ename" : "richards", "address" : { "building" : "6409", "coord" : [ -74.00528899999999, 40.628886 ], "street" : "11 Avenue", "zipcode" : "11219" }, "isDocActive" : false, "gender" : "male", "canVote" : true, "canDrive" : true, "color" : [ "Charcoal", "Cherry" ], "fruit" : [ ], "cards" : [ { "aadhar" : { "aadhar-No" : "83972", "isActive" : true } }, { "PAN" : { "PAN-No" : "Kinj093", "isActive" : false } }, { "voter" : { "voterID" : "Ind03o3", "isActive" : true } }, { "licence" : { "licence-No" : "LMV9478", "issueDate" : "2020-01-01", "expireDate" : "2040-01-01", "isActive" : true } } ], "job" : "clerk", "mgr" : 1024, "hiredate" : ISODate("1981-02-22T00:00:00Z"), "sal" : 1500, "comm" : null, "deptno" : 10 }
{ "_id" : ObjectId("6290bc2f769034d96e26100f"), "empid" : 1030, "ename" : "saleel", "address" : { "building" : "7715", "coord" : [ -73.9973325, 40.61174889999999 ], "street" : "18 Avenue", "zipcode" : "11214" }, "isDocActive" : false, "gender" : "male", "canVote" : true, "canDrive" : true, "color" : [ "Coral" ], "fruit" : [ "Dates", "Orange" ], "cards" : [ { "aadhar" : { "aadhar-No" : "73822", "isActive" : true } }, { "PAN" : { "PAN-No" : "Kinj093", "isActive" : false } }, { "voter" : { "voterID" : "Ind03o3", "isActive" : true } }, { "licence" : { "licence-No" : "LMV9478", "issueDate" : "2020-01-01", "expireDate" : "2040-01-01", "isActive" : true } } ], "job" : "programmer", "mgr" : 1020, "hiredate" : ISODate("1982-12-09T00:00:00Z"), "sal" : 2900, "comm" : null, "deptno" : 10 }
{ "_id" : ObjectId("6290bc2f769034d96e261010"), "empid" : 1026, "ename" : "blake", "address" : { "building" : "7114", "coord" : [ -73.9068506, 40.6199034 ], "street" : "Avenue U", "zipcode" : "11234" }, "isDocActive" : false, "gender" : "male", "canVote" : true, "canDrive" : true, "color" : [ "Brass", "Bright Green" ], "fruit" : [ ], "cards" : [ { "aadhar" : { "aadhar-No" : "12321", "isActive" : true } }, { "PAN" : { "PAN-No" : "Kinj093", "isActive" : false } }, { "voter" : { "voterID" : "Ind03o3", "isActive" : true } }, { "licence" : { "licence-No" : "LMV9478", "issueDate" : "2020-01-01", "expireDate" : "2040-01-01", "isActive" : true } } ], "job" : "clerk", "mgr" : 1024, "hiredate" : ISODate("1981-12-03T00:00:00Z"), "sal" : 1200, "comm" : null, "deptno" : 30 }
>
>
>
>
> db.emp.find({},{_id:false,ename:true,job:true,sal:true})
{ "ename" : "james", "job" : "manager", "sal" : 4700 }
{ "ename" : "smith", "job" : "manager", "sal" : 3400 }
{ "ename" : "martin", "job" : "salesman", "sal" : 2900 }
{ "ename" : "jack", "job" : "accountant", "sal" : 2700 }
{ "ename" : "king", "job" : "president", "sal" : 5000 }
{ "ename" : "scott", "job" : "salesman", "sal" : 2500 }
{ "ename" : "bob", "job" : "manager", "sal" : 4900 }
{ "ename" : "richards", "job" : "clerk", "sal" : 1500 }
{ "ename" : "saleel", "job" : "programmer", "sal" : 2900 }
{ "ename" : "blake", "job" : "clerk", "sal" : 1200 }
{ "ename" : "peter", "job" : "analyst", "sal" : 3500 }
{ "ename" : "vrushali", "job" : "analyst", "sal" : 4999 }
{ "ename" : "crow", "job" : "salesman", "sal" : 3200 }
{ "ename" : "vasant", "job" : "salesman", "sal" : 2200 }
{ "ename" : "sharmin", "job" : "programmer", "sal" : 4999 }
{ "ename" : "raju", "job" : "administrator", "sal" : 3400 }
{ "ename" : "ramu", "job" : "clerk", "sal" : 1400 }
{ "ename" : "neel", "job" : "administrator", "sal" : 4200 }
{ "ename" : "rahul", "job" : "clerk", "sal" : 1200 }
{ "ename" : "vasu", "job" : "salesman", "sal" : 2200 }
Type "it" for more
> it
{ "ename" : "saleel", "job" : "analyst", "sal" : 3700 }
{ "ename" : "amit", "job" : "administrator", "sal" : 3500 }
{ "ename" : "dinesh", "job" : "programmer", "sal" : 3500 }
{ "ename" : "amit", "job" : "administrator", "sal" : 3500 }
{ "ename" : "dinesh", "job" : "programmer", "sal" : 3500 }
{ "ename" : "pankaj", "job" : "programmer", "sal" : 3600 }
{ "ename" : "rudra", "job" : "programmer", "sal" : 2400 }
{ "ename" : "anoop", "job" : "programmer", "sal" : 2300 }
{ "ename" : "nitish", "job" : "programmer", "sal" : 1300 }
{ "ename" : "amol", "job" : "auditor", "sal" : 3800 }
{ "ename" : "sangita", "job" : "auditor", "sal" : 3100 }
{ "ename" : "gita", "job" : "writer", "sal" : 2150 }
{ "ename" : "pinky", "job" : "Computer Programmer", "sal" : 3500 }
{ "ename" : "sita", "job" : "writer", "sal" : 3755 }
{ "ename" : "priti", "job" : "Computer Programmer", "sal" : 5500 }
{ "ename" : "supriya", "job" : "Computer Programmer", "sal" : 3500 }
{ "ename" : "arjun", "job" : "auditor", "sal" : 3200 }
{ "ename" : "sangu", "job" : "Computer Programmer", "sal" : 6000 }
{ "ename" : "laxman", "job" : "Computer Programmer", "sal" : 6500 }
{ "ename" : "rahsmi", "job" : "Computer Programmer", "sal" : 5600 }
Type "it" for more
> it
{ "ename" : "neel", "job" : "programmer", "sal" : 1800 }
{ "ename" : "raj", "job" : "Computer Programmer", "sal" : 7000 }
{ "ename" : "janhavi", "job" : "Computer Programmer", "sal" : 4700 }
{ "ename" : "roselin", "job" : "Computer Programmer", "sal" : 800 }
{ "ename" : "bandish", "job" : "WEB Programmer", "sal" : 7000 }
{ "ename" : "rupal", "job" : "WEB Programmer", "sal" : 6500 }
{ "ename" : "madhavi", "job" : "WEB Programmer", "sal" : 6900 }
{ "ename" : "ram", "job" : "WEB Programmer", "sal" : 6200 }
{ "ename" : "neeraj", "job" : "WEB Programmer", "sal" : 7700 }
{ "ename" : "aditi", "job" : "WEB Programmer", "sal" : 5700 }
{ "ename" : "meera", "job" : "WEB Programmer", "sal" : 801 }
{ "ename" : "zara", "job" : "WEB Programmer", "sal" : 3700 }
{ "ename" : "jasu", "job" : "Computer Programmer", "sal" : 5800 }
{ "ename" : "tanvi", "job" : "WEB Programmer", "sal" : 5700 }
{ "ename" : "Emma", "job" : "WEB Programmer", "sal" : 7700 }
{ "ename" : "Olivia", "job" : "WEB Programmer", "sal" : 9000 }
{ "ename" : "Emma", "job" : "WEB Programmer", "sal" : 7000 }
{ "ename" : "Emily", "job" : "WEB Programmer", "sal" : 7600 }
{ "ename" : "Mia", "job" : "WEB Programmer", "sal" : 9500 }
{ "ename" : "snehal", "job" : "WEB Programmer", "sal" : 2500 }
>
>
>
> db.emp.find({job:"manager"})
{ "_id" : ObjectId("6290bc2f769034d96e261007"), "empid" : 1022, "ename" : "james", "address" : { "building" : "351", "coord" : [ -73.98513559999999, 40.7676919 ], "street" : "West   57 Street", "zipcode" : "10019" }, "isDocActive" : true, "gender" : "male", "canVote" : true, "canDrive" : true, "color" : [ "Red", "Blue", "Green", "Yellow" ], "fruit" : [ "Indian Fig" ], "cards" : [ { "aadhar" : { "aadhar-No" : "73826", "isActive" : true } }, { "PAN" : { "PAN-No" : "Kinj093", "isActive" : false } }, { "voter" : { "voterID" : "Ind03o3", "isActive" : true } }, { "licence" : { "licence-No" : "LMV9478", "issueDate" : "2020-01-01", "expireDate" : "2040-01-01", "isActive" : true } } ], "job" : "manager", "mgr" : 1020, "hiredate" : ISODate("1981-07-09T00:00:00Z"), "sal" : 4700, "comm" : null, "deptno" : 20 }
{ "_id" : ObjectId("6290bc2f769034d96e261008"), "empid" : 1021, "ename" : "smith", "address" : { "building" : "469", "coord" : [ -73.961704, 40.662942 ], "street" : "Flatbush Avenue", "zipcode" : "11225" }, "isDocActive" : false, "gender" : "male", "canVote" : true, "canDrive" : true, "color" : [ "red", "cyan", "gray" ], "fruit" : [ "grapes", "Orange" ], "cards" : [ { "aadhar" : { "aadhar-No" : "43564", "isActive" : true } }, { "PAN" : { "PAN-No" : "smh838", "isActive" : false } }, { "voter" : { "voterID" : "Ind03o3", "isActive" : true } }, { "licence" : { "licence-No" : "LMV9478", "issueDate" : "2020-01-01", "expireDate" : "2040-01-01", "isActive" : true } } ], "job" : "manager", "mgr" : 1020, "hiredate" : ISODate("1981-05-01T00:00:00Z"), "sal" : 3400, "comm" : null, "deptno" : 10 }
{ "_id" : ObjectId("6290bc2f769034d96e26100d"), "empid" : 1029, "ename" : "bob", "address" : { "building" : "2300", "coord" : [ -73.8786113, 40.8502883 ], "street" : "Southern Boulevard", "zipcode" : "10460" }, "isDocActive" : false, "gender" : "male", "canVote" : true, "canDrive" : true, "color" : [ "Copper" ], "fruit" : [ ], "cards" : [ { "aadhar" : { "aadhar-No" : "73122", "isActive" : true } }, { "PAN" : { "PAN-No" : "Kinj093", "isActive" : false } }, { "voter" : { "voterID" : "Ind03o3", "isActive" : true } }, { "licence" : { "licence-No" : "LMV9478", "issueDate" : "2020-01-01", "expireDate" : "2040-01-01", "isActive" : true } } ], "job" : "manager", "mgr" : 1020, "hiredate" : ISODate("1980-12-17T00:00:00Z"), "sal" : 4900, "comm" : null, "deptno" : 30 }
> db.emp.find({},{_id:false,job:"manager"})
{ "job" : "manager" }
{ "job" : "manager" }
{ "job" : "manager" }
{ "job" : "manager" }
{ "job" : "manager" }
{ "job" : "manager" }
{ "job" : "manager" }
{ "job" : "manager" }
{ "job" : "manager" }
{ "job" : "manager" }
{ "job" : "manager" }
{ "job" : "manager" }
{ "job" : "manager" }
{ "job" : "manager" }
{ "job" : "manager" }
{ "job" : "manager" }
{ "job" : "manager" }
{ "job" : "manager" }
{ "job" : "manager" }
{ "job" : "manager" }
Type "it" for more
> db.emp.find({job:"Manager"},{_id:false,ename:1,job:1,sal:1})
> db.emp.find({job:"manager"},{_id:false,ename:1,job:1,sal:1})
{ "ename" : "james", "job" : "manager", "sal" : 4700 }
{ "ename" : "smith", "job" : "manager", "sal" : 3400 }
{ "ename" : "bob", "job" : "manager", "sal" : 4900 }
>
>
> db.emp.find({job:"manager"},{_id:false,ename:1,job:1,sal:1}).pretty()
{ "ename" : "james", "job" : "manager", "sal" : 4700 }
{ "ename" : "smith", "job" : "manager", "sal" : 3400 }
{ "ename" : "bob", "job" : "manager", "sal" : 4900 }
> db.emp.find({job:"manager"},{_id:false,ename:1,job:1,sal:1,address:1}).pretty()
{
        "ename" : "james",
        "address" : {
                "building" : "351",
                "coord" : [
                        -73.98513559999999,
                        40.7676919
                ],
                "street" : "West   57 Street",
                "zipcode" : "10019"
        },
        "job" : "manager",
        "sal" : 4700
}
{
        "ename" : "smith",
        "address" : {
                "building" : "469",
                "coord" : [
                        -73.961704,
                        40.662942
                ],
                "street" : "Flatbush Avenue",
                "zipcode" : "11225"
        },
        "job" : "manager",
        "sal" : 3400
}
{
        "ename" : "bob",
        "address" : {
                "building" : "2300",
                "coord" : [
                        -73.8786113,
                        40.8502883
                ],
                "street" : "Southern Boulevard",
                "zipcode" : "10460"
        },
        "job" : "manager",
        "sal" : 4900
}
>
>
>
>
> db.emp.find($or[{job:"manager"},{job:"salesman"}],{_id:false,ename:1,job:1,sal:1,address:1}).pretty()
ReferenceError: $or is not defined :
@(shell):1:1
> db.emp.find({$or[{job:"manager"},{job:"salesman"}]},{_id:false,ename:1,job:1,sal:1,address:1}).pretty()
SyntaxError: missing : after property id :
@(shell):1:16
> db.emp.find({$or:[{job:"manager"},{job:"salesman"}]},{_id:false,ename:1,job:1,sal:1,address:1}).pretty()
{
        "ename" : "james",
        "address" : {
                "building" : "351",
                "coord" : [
                        -73.98513559999999,
                        40.7676919
                ],
                "street" : "West   57 Street",
                "zipcode" : "10019"
        },
        "job" : "manager",
        "sal" : 4700
}
{
        "ename" : "smith",
        "address" : {
                "building" : "469",
                "coord" : [
                        -73.961704,
                        40.662942
                ],
                "street" : "Flatbush Avenue",
                "zipcode" : "11225"
        },
        "job" : "manager",
        "sal" : 3400
}
{
        "ename" : "martin",
        "address" : {
                "building" : "8825",
                "coord" : [
                        -73.8803827,
                        40.7643124
                ],
                "street" : "Astoria Boulevard",
                "zipcode" : "11369"
        },
        "job" : "salesman",
        "sal" : 2900
}
{
        "ename" : "scott",
        "address" : {
                "building" : "97-22",
                "coord" : [
                        -73.8601152,
                        40.7311739
                ],
                "street" : "63 Road",
                "zipcode" : "11374"
        },
        "job" : "salesman",
        "sal" : 2500
}
{
        "ename" : "bob",
        "address" : {
                "building" : "2300",
                "coord" : [
                        -73.8786113,
                        40.8502883
                ],
                "street" : "Southern Boulevard",
                "zipcode" : "10460"
        },
        "job" : "manager",
        "sal" : 4900
}
{
        "ename" : "crow",
        "address" : {
                "building" : "2206",
                "coord" : [
                        -74.1377286,
                        40.6119572
                ],
                "street" : "Victory Boulevard",
                "zipcode" : "10314"
        },
        "job" : "salesman",
        "sal" : 3200
}
{
        "ename" : "vasant",
        "address" : {
                "building" : "705",
                "coord" : [
                        -73.9653967,
                        40.6064339
                ],
                "street" : "Kings Highway",
                "zipcode" : "11223"
        },
        "job" : "salesman",
        "sal" : 2200
}
{
        "ename" : "vasu",
        "address" : {
                "building" : "203",
                "coord" : [
                        -73.97822040000001,
                        40.6435254
                ],
                "street" : "Church Avenue",
                "zipcode" : "11218"
        },
        "job" : "salesman",
        "sal" : 2200
}
>
>
> db.emp.find({$or:[{job:"manager"},{job:"salesman"}]},{_id:false,ename:1,job:1,sal:1,address:1})
{ "ename" : "james", "address" : { "building" : "351", "coord" : [ -73.98513559999999, 40.7676919 ], "street" : "West   57 Street", "zipcode" : "10019" }, "job" : "manager", "sal" : 4700 }
{ "ename" : "smith", "address" : { "building" : "469", "coord" : [ -73.961704, 40.662942 ], "street" : "Flatbush Avenue", "zipcode" : "11225" }, "job" : "manager", "sal" : 3400 }
{ "ename" : "martin", "address" : { "building" : "8825", "coord" : [ -73.8803827, 40.7643124 ], "street" : "Astoria Boulevard", "zipcode" : "11369" }, "job" : "salesman", "sal" : 2900 }
{ "ename" : "scott", "address" : { "building" : "97-22", "coord" : [ -73.8601152, 40.7311739 ], "street" : "63 Road", "zipcode" : "11374" }, "job" : "salesman", "sal" : 2500 }
{ "ename" : "bob", "address" : { "building" : "2300", "coord" : [ -73.8786113, 40.8502883 ], "street" : "Southern Boulevard", "zipcode" : "10460" }, "job" : "manager", "sal" : 4900 }
{ "ename" : "crow", "address" : { "building" : "2206", "coord" : [ -74.1377286, 40.6119572 ], "street" : "Victory Boulevard", "zipcode" : "10314" }, "job" : "salesman", "sal" : 3200 }
{ "ename" : "vasant", "address" : { "building" : "705", "coord" : [ -73.9653967, 40.6064339 ], "street" : "Kings Highway", "zipcode" : "11223" }, "job" : "salesman", "sal" : 2200 }
{ "ename" : "vasu", "address" : { "building" : "203", "coord" : [ -73.97822040000001, 40.6435254 ], "street" : "Church Avenue", "zipcode" : "11218" }, "job" : "salesman", "sal" : 2200 }
>
>
>
>
> db.emp.find({$or:[{job:"manager"},{job:"salesman"}]},{_id:false,ename:1,job:1,sal:1})
{ "ename" : "james", "job" : "manager", "sal" : 4700 }
{ "ename" : "smith", "job" : "manager", "sal" : 3400 }
{ "ename" : "martin", "job" : "salesman", "sal" : 2900 }
{ "ename" : "scott", "job" : "salesman", "sal" : 2500 }
{ "ename" : "bob", "job" : "manager", "sal" : 4900 }
{ "ename" : "crow", "job" : "salesman", "sal" : 3200 }
{ "ename" : "vasant", "job" : "salesman", "sal" : 2200 }
{ "ename" : "vasu", "job" : "salesman", "sal" : 2200 }
>
>
>
>
> db.emp.find({$or:[{job:"manager"},{job:"salesman"}]},{_id:false,ename:1,job:1,Salary:"$sal"})
{ "ename" : "james", "job" : "manager", "Salary" : 4700 }
{ "ename" : "smith", "job" : "manager", "Salary" : 3400 }
{ "ename" : "martin", "job" : "salesman", "Salary" : 2900 }
{ "ename" : "scott", "job" : "salesman", "Salary" : 2500 }
{ "ename" : "bob", "job" : "manager", "Salary" : 4900 }
{ "ename" : "crow", "job" : "salesman", "Salary" : 3200 }
{ "ename" : "vasant", "job" : "salesman", "Salary" : 2200 }
{ "ename" : "vasu", "job" : "salesman", "Salary" : 2200 }
>
>
>
> db.emp.find({ename:/^e/},{_id:false,ename:1,job:1,Salary:"$sal"})
> db.emp.find({ename:/^a/},{_id:false,ename:1,job:1,Salary:"$sal"})
{ "ename" : "amit", "job" : "administrator", "Salary" : 3500 }
{ "ename" : "amit", "job" : "administrator", "Salary" : 3500 }
{ "ename" : "anoop", "job" : "programmer", "Salary" : 2300 }
{ "ename" : "amol", "job" : "auditor", "Salary" : 3800 }
{ "ename" : "arjun", "job" : "auditor", "Salary" : 3200 }
{ "ename" : "aditi", "job" : "WEB Programmer", "Salary" : 5700 }
>
>
> db.emp.find({ename:/_^a/},{_id:false,ename:1,job:1,Salary:"$sal"})
> db.emp.find({ename:/a$/},{_id:false,ename:1,job:1,Salary:"$sal"})
{ "ename" : "rudra", "job" : "programmer", "Salary" : 2400 }
{ "ename" : "sangita", "job" : "auditor", "Salary" : 3100 }
{ "ename" : "gita", "job" : "writer", "Salary" : 2150 }
{ "ename" : "sita", "job" : "writer", "Salary" : 3755 }
{ "ename" : "supriya", "job" : "Computer Programmer", "Salary" : 3500 }
{ "ename" : "meera", "job" : "WEB Programmer", "Salary" : 801 }
{ "ename" : "zara", "job" : "WEB Programmer", "Salary" : 3700 }
{ "ename" : "Emma", "job" : "WEB Programmer", "Salary" : 7700 }
{ "ename" : "Olivia", "job" : "WEB Programmer", "Salary" : 9000 }
{ "ename" : "Emma", "job" : "WEB Programmer", "Salary" : 7000 }
{ "ename" : "Mia", "job" : "WEB Programmer", "Salary" : 9500 }
>
>
>
>
> db.emp.find({ename:/a/},{_id:false,ename:1,job:1,Salary:"$sal"})
{ "ename" : "james", "job" : "manager", "Salary" : 4700 }
{ "ename" : "martin", "job" : "salesman", "Salary" : 2900 }
{ "ename" : "jack", "job" : "accountant", "Salary" : 2700 }
{ "ename" : "richards", "job" : "clerk", "Salary" : 1500 }
{ "ename" : "saleel", "job" : "programmer", "Salary" : 2900 }
{ "ename" : "blake", "job" : "clerk", "Salary" : 1200 }
{ "ename" : "vrushali", "job" : "analyst", "Salary" : 4999 }
{ "ename" : "vasant", "job" : "salesman", "Salary" : 2200 }
{ "ename" : "sharmin", "job" : "programmer", "Salary" : 4999 }
{ "ename" : "raju", "job" : "administrator", "Salary" : 3400 }
{ "ename" : "ramu", "job" : "clerk", "Salary" : 1400 }
{ "ename" : "rahul", "job" : "clerk", "Salary" : 1200 }
{ "ename" : "vasu", "job" : "salesman", "Salary" : 2200 }
{ "ename" : "saleel", "job" : "analyst", "Salary" : 3700 }
{ "ename" : "amit", "job" : "administrator", "Salary" : 3500 }
{ "ename" : "amit", "job" : "administrator", "Salary" : 3500 }
{ "ename" : "pankaj", "job" : "programmer", "Salary" : 3600 }
{ "ename" : "rudra", "job" : "programmer", "Salary" : 2400 }
{ "ename" : "anoop", "job" : "programmer", "Salary" : 2300 }
{ "ename" : "amol", "job" : "auditor", "Salary" : 3800 }
Type "it" for more
>
>
>
> db.emp.find({ename:/t$/},{_id:false,ename:1,job:1,Salary:"$sal"})
{ "ename" : "scott", "job" : "salesman", "Salary" : 2500 }
{ "ename" : "vasant", "job" : "salesman", "Salary" : 2200 }
{ "ename" : "amit", "job" : "administrator", "Salary" : 3500 }
{ "ename" : "amit", "job" : "administrator", "Salary" : 3500 }
>
>
>
> db.emp.find({},{_id:false,ename:1,job:1,Salary:"$sal"})
{ "ename" : "james", "job" : "manager", "Salary" : 4700 }
{ "ename" : "smith", "job" : "manager", "Salary" : 3400 }
{ "ename" : "martin", "job" : "salesman", "Salary" : 2900 }
{ "ename" : "jack", "job" : "accountant", "Salary" : 2700 }
{ "ename" : "king", "job" : "president", "Salary" : 5000 }
{ "ename" : "scott", "job" : "salesman", "Salary" : 2500 }
{ "ename" : "bob", "job" : "manager", "Salary" : 4900 }
{ "ename" : "richards", "job" : "clerk", "Salary" : 1500 }
{ "ename" : "saleel", "job" : "programmer", "Salary" : 2900 }
{ "ename" : "blake", "job" : "clerk", "Salary" : 1200 }
{ "ename" : "peter", "job" : "analyst", "Salary" : 3500 }
{ "ename" : "vrushali", "job" : "analyst", "Salary" : 4999 }
{ "ename" : "crow", "job" : "salesman", "Salary" : 3200 }
{ "ename" : "vasant", "job" : "salesman", "Salary" : 2200 }
{ "ename" : "sharmin", "job" : "programmer", "Salary" : 4999 }
{ "ename" : "raju", "job" : "administrator", "Salary" : 3400 }
{ "ename" : "ramu", "job" : "clerk", "Salary" : 1400 }
{ "ename" : "neel", "job" : "administrator", "Salary" : 4200 }
{ "ename" : "rahul", "job" : "clerk", "Salary" : 1200 }
{ "ename" : "vasu", "job" : "salesman", "Salary" : 2200 }
Type "it" for more
>
>
> db.emp.find({},{_id:false,ename:1,job:1,Salary:"$sal"})[10]
{ "ename" : "peter", "job" : "analyst", "Salary" : 3500 }
>
> db.emp.find({},{_id:false,ename:1,job:1,Salary:"$sal"})[1]
{ "ename" : "smith", "job" : "manager", "Salary" : 3400 }
>
>
> db.emp.find({},{})[6]
{
        "_id" : ObjectId("6290bc2f769034d96e26100d"),
        "empid" : 1029,
        "ename" : "bob",
        "address" : {
                "building" : "2300",
                "coord" : [
                        -73.8786113,
                        40.8502883
                ],
                "street" : "Southern Boulevard",
                "zipcode" : "10460"
        },
        "isDocActive" : false,
        "gender" : "male",
        "canVote" : true,
        "canDrive" : true,
        "color" : [
                "Copper"
        ],
        "fruit" : [ ],
        "cards" : [
                {
                        "aadhar" : {
                                "aadhar-No" : "73122",
                                "isActive" : true
                        }
                },
                {
                        "PAN" : {
                                "PAN-No" : "Kinj093",
                                "isActive" : false
                        }
                },
                {
                        "voter" : {
                                "voterID" : "Ind03o3",
                                "isActive" : true
                        }
                },
                {
                        "licence" : {
                                "licence-No" : "LMV9478",
                                "issueDate" : "2020-01-01",
                                "expireDate" : "2040-01-01",
                                "isActive" : true
                        }
                }
        ],
        "job" : "manager",
        "mgr" : 1020,
        "hiredate" : ISODate("1980-12-17T00:00:00Z"),
        "sal" : 4900,
        "comm" : null,
        "deptno" : 30
}
>
>
> db.emp.find()[6]
{
        "_id" : ObjectId("6290bc2f769034d96e26100d"),
        "empid" : 1029,
        "ename" : "bob",
        "address" : {
                "building" : "2300",
                "coord" : [
                        -73.8786113,
                        40.8502883
                ],
                "street" : "Southern Boulevard",
                "zipcode" : "10460"
        },
        "isDocActive" : false,
        "gender" : "male",
        "canVote" : true,
        "canDrive" : true,
        "color" : [
                "Copper"
        ],
        "fruit" : [ ],
        "cards" : [
                {
                        "aadhar" : {
                                "aadhar-No" : "73122",
                                "isActive" : true
                        }
                },
                {
                        "PAN" : {
                                "PAN-No" : "Kinj093",
                                "isActive" : false
                        }
                },
                {
                        "voter" : {
                                "voterID" : "Ind03o3",
                                "isActive" : true
                        }
                },
                {
                        "licence" : {
                                "licence-No" : "LMV9478",
                                "issueDate" : "2020-01-01",
                                "expireDate" : "2040-01-01",
                                "isActive" : true
                        }
                }
        ],
        "job" : "manager",
        "mgr" : 1020,
        "hiredate" : ISODate("1980-12-17T00:00:00Z"),
        "sal" : 4900,
        "comm" : null,
        "deptno" : 30
}
>
>
> db.emp.find()[999]
> db.emp.find()[60]
> db.emp.find()[59]
{
        "_id" : ObjectId("6290bc2f769034d96e261042"),
        "empid" : 2011,
        "ename" : "snehal",
        "address" : {
                "building" : "1031",
                "coord" : [
                        -73.9075537,
                        40.6438684
                ],
                "street" : "East   92 Street",
                "zipcode" : "11236"
        },
        "isDocActive" : true,
        "gender" : "female",
        "canVote" : true,
        "canDrive" : true,
        "color" : [
                "India Green"
        ],
        "fruit" : [
                "apple"
        ],
        "cards" : [
                {
                        "aadhar" : {
                                "aadhar-No" : "66667",
                                "isActive" : true
                        }
                },
                {
                        "PAN" : {
                                "PAN-No" : "Kinj093",
                                "isActive" : false
                        }
                },
                {
                        "voter" : {
                                "voterID" : "Ind03o3",
                                "isActive" : true
                        }
                },
                {
                        "licence" : {
                                "licence-No" : "LMV9478",
                                "issueDate" : "2020-01-01",
                                "expireDate" : "2040-01-01",
                                "isActive" : true
                        }
                }
        ],
        "job" : "WEB Programmer",
        "mgr" : 1039,
        "hiredate" : ISODate("1983-07-17T00:00:00Z"),
        "sal" : 2500,
        "comm" : null,
        "deptno" : 10
}
>
>
>
>
> db.emp.find()[59].ename
snehal
>
>
> db.emp.find()[26].ename
rudra
>
>
>
> db.emp.find({},{_id:false,ename:1,job:1,Salary:"$sal"})
{ "ename" : "james", "job" : "manager", "Salary" : 4700 }
{ "ename" : "smith", "job" : "manager", "Salary" : 3400 }
{ "ename" : "martin", "job" : "salesman", "Salary" : 2900 }
{ "ename" : "jack", "job" : "accountant", "Salary" : 2700 }
{ "ename" : "king", "job" : "president", "Salary" : 5000 }
{ "ename" : "scott", "job" : "salesman", "Salary" : 2500 }
{ "ename" : "bob", "job" : "manager", "Salary" : 4900 }
{ "ename" : "richards", "job" : "clerk", "Salary" : 1500 }
{ "ename" : "saleel", "job" : "programmer", "Salary" : 2900 }
{ "ename" : "blake", "job" : "clerk", "Salary" : 1200 }
{ "ename" : "peter", "job" : "analyst", "Salary" : 3500 }
{ "ename" : "vrushali", "job" : "analyst", "Salary" : 4999 }
{ "ename" : "crow", "job" : "salesman", "Salary" : 3200 }
{ "ename" : "vasant", "job" : "salesman", "Salary" : 2200 }
{ "ename" : "sharmin", "job" : "programmer", "Salary" : 4999 }
{ "ename" : "raju", "job" : "administrator", "Salary" : 3400 }
{ "ename" : "ramu", "job" : "clerk", "Salary" : 1400 }
{ "ename" : "neel", "job" : "administrator", "Salary" : 4200 }
{ "ename" : "rahul", "job" : "clerk", "Salary" : 1200 }
{ "ename" : "vasu", "job" : "salesman", "Salary" : 2200 }
Type "it" for more
>
>
>
> db.emp.find({},{_id:false,ename:1,job:1,Salary:"$sal"}).sort(ename)
ReferenceError: ename is not defined :
@(shell):1:1
> db.emp.find({},{_id:false,ename:1,job:1,Salary:"$sal"}).sort({ename})
ReferenceError: ename is not defined :
@(shell):1:63
> db.emp.find({},{_id:false,ename:1,job:1,Salary:"$sal"}).sort({ename:1})
{ "ename" : "Emily", "job" : "WEB Programmer", "Salary" : 7600 }
{ "ename" : "Emma", "job" : "WEB Programmer", "Salary" : 7700 }
{ "ename" : "Emma", "job" : "WEB Programmer", "Salary" : 7000 }
{ "ename" : "Mia", "job" : "WEB Programmer", "Salary" : 9500 }
{ "ename" : "Olivia", "job" : "WEB Programmer", "Salary" : 9000 }
{ "ename" : "aditi", "job" : "WEB Programmer", "Salary" : 5700 }
{ "ename" : "amit", "job" : "administrator", "Salary" : 3500 }
{ "ename" : "amit", "job" : "administrator", "Salary" : 3500 }
{ "ename" : "amol", "job" : "auditor", "Salary" : 3800 }
{ "ename" : "anoop", "job" : "programmer", "Salary" : 2300 }
{ "ename" : "arjun", "job" : "auditor", "Salary" : 3200 }
{ "ename" : "bandish", "job" : "WEB Programmer", "Salary" : 7000 }
{ "ename" : "blake", "job" : "clerk", "Salary" : 1200 }
{ "ename" : "bob", "job" : "manager", "Salary" : 4900 }
{ "ename" : "crow", "job" : "salesman", "Salary" : 3200 }
{ "ename" : "dinesh", "job" : "programmer", "Salary" : 3500 }
{ "ename" : "dinesh", "job" : "programmer", "Salary" : 3500 }
{ "ename" : "gita", "job" : "writer", "Salary" : 2150 }
{ "ename" : "jack", "job" : "accountant", "Salary" : 2700 }
{ "ename" : "james", "job" : "manager", "Salary" : 4700 }
Type "it" for more
> it
{ "ename" : "janhavi", "job" : "Computer Programmer", "Salary" : 4700 }
{ "ename" : "jasu", "job" : "Computer Programmer", "Salary" : 5800 }
{ "ename" : "king", "job" : "president", "Salary" : 5000 }
{ "ename" : "laxman", "job" : "Computer Programmer", "Salary" : 6500 }
{ "ename" : "madhavi", "job" : "WEB Programmer", "Salary" : 6900 }
{ "ename" : "martin", "job" : "salesman", "Salary" : 2900 }
{ "ename" : "meera", "job" : "WEB Programmer", "Salary" : 801 }
{ "ename" : "neel", "job" : "administrator", "Salary" : 4200 }
{ "ename" : "neel", "job" : "programmer", "Salary" : 1800 }
{ "ename" : "neeraj", "job" : "WEB Programmer", "Salary" : 7700 }
{ "ename" : "nitish", "job" : "programmer", "Salary" : 1300 }
{ "ename" : "pankaj", "job" : "programmer", "Salary" : 3600 }
{ "ename" : "peter", "job" : "analyst", "Salary" : 3500 }
{ "ename" : "pinky", "job" : "Computer Programmer", "Salary" : 3500 }
{ "ename" : "priti", "job" : "Computer Programmer", "Salary" : 5500 }
{ "ename" : "rahsmi", "job" : "Computer Programmer", "Salary" : 5600 }
{ "ename" : "rahul", "job" : "clerk", "Salary" : 1200 }
{ "ename" : "raj", "job" : "Computer Programmer", "Salary" : 7000 }
{ "ename" : "raju", "job" : "administrator", "Salary" : 3400 }
{ "ename" : "ram", "job" : "WEB Programmer", "Salary" : 6200 }
Type "it" for more
> it
{ "ename" : "ramu", "job" : "clerk", "Salary" : 1400 }
{ "ename" : "richards", "job" : "clerk", "Salary" : 1500 }
{ "ename" : "roselin", "job" : "Computer Programmer", "Salary" : 800 }
{ "ename" : "rudra", "job" : "programmer", "Salary" : 2400 }
{ "ename" : "rupal", "job" : "WEB Programmer", "Salary" : 6500 }
{ "ename" : "saleel", "job" : "programmer", "Salary" : 2900 }
{ "ename" : "saleel", "job" : "analyst", "Salary" : 3700 }
{ "ename" : "sangita", "job" : "auditor", "Salary" : 3100 }
{ "ename" : "sangu", "job" : "Computer Programmer", "Salary" : 6000 }
{ "ename" : "scott", "job" : "salesman", "Salary" : 2500 }
{ "ename" : "sharmin", "job" : "programmer", "Salary" : 4999 }
{ "ename" : "sita", "job" : "writer", "Salary" : 3755 }
{ "ename" : "smith", "job" : "manager", "Salary" : 3400 }
{ "ename" : "snehal", "job" : "WEB Programmer", "Salary" : 2500 }
{ "ename" : "supriya", "job" : "Computer Programmer", "Salary" : 3500 }
{ "ename" : "tanvi", "job" : "WEB Programmer", "Salary" : 5700 }
{ "ename" : "vasant", "job" : "salesman", "Salary" : 2200 }
{ "ename" : "vasu", "job" : "salesman", "Salary" : 2200 }
{ "ename" : "vrushali", "job" : "analyst", "Salary" : 4999 }
{ "ename" : "zara", "job" : "WEB Programmer", "Salary" : 3700 }
>
>
>
> db.emp.find({},{_id:false,ename:1,job:1,Salary:"$sal"}).sort({ename:-1})
{ "ename" : "zara", "job" : "WEB Programmer", "Salary" : 3700 }
{ "ename" : "vrushali", "job" : "analyst", "Salary" : 4999 }
{ "ename" : "vasu", "job" : "salesman", "Salary" : 2200 }
{ "ename" : "vasant", "job" : "salesman", "Salary" : 2200 }
{ "ename" : "tanvi", "job" : "WEB Programmer", "Salary" : 5700 }
{ "ename" : "supriya", "job" : "Computer Programmer", "Salary" : 3500 }
{ "ename" : "snehal", "job" : "WEB Programmer", "Salary" : 2500 }
{ "ename" : "smith", "job" : "manager", "Salary" : 3400 }
{ "ename" : "sita", "job" : "writer", "Salary" : 3755 }
{ "ename" : "sharmin", "job" : "programmer", "Salary" : 4999 }
{ "ename" : "scott", "job" : "salesman", "Salary" : 2500 }
{ "ename" : "sangu", "job" : "Computer Programmer", "Salary" : 6000 }
{ "ename" : "sangita", "job" : "auditor", "Salary" : 3100 }
{ "ename" : "saleel", "job" : "programmer", "Salary" : 2900 }
{ "ename" : "saleel", "job" : "analyst", "Salary" : 3700 }
{ "ename" : "rupal", "job" : "WEB Programmer", "Salary" : 6500 }
{ "ename" : "rudra", "job" : "programmer", "Salary" : 2400 }
{ "ename" : "roselin", "job" : "Computer Programmer", "Salary" : 800 }
{ "ename" : "richards", "job" : "clerk", "Salary" : 1500 }
{ "ename" : "ramu", "job" : "clerk", "Salary" : 1400 }
Type "it" for more
>
>
>
>
> db.emp.find({$or:[{job:"manager"},{job:"salesman"}]},{_id:false,ename:1,job:1,Salary:"$sal"})
{ "ename" : "james", "job" : "manager", "Salary" : 4700 }
{ "ename" : "smith", "job" : "manager", "Salary" : 3400 }
{ "ename" : "martin", "job" : "salesman", "Salary" : 2900 }
{ "ename" : "scott", "job" : "salesman", "Salary" : 2500 }
{ "ename" : "bob", "job" : "manager", "Salary" : 4900 }
{ "ename" : "crow", "job" : "salesman", "Salary" : 3200 }
{ "ename" : "vasant", "job" : "salesman", "Salary" : 2200 }
{ "ename" : "vasu", "job" : "salesman", "Salary" : 2200 }
>
>
> db.emp.find({$or:[{job:"manager"},{job:"salesman"}]},{_id:false,ename:1,job:1,Salary:"$sal"}).sort({sal:1})
{ "ename" : "vasant", "job" : "salesman", "Salary" : 2200 }
{ "ename" : "vasu", "job" : "salesman", "Salary" : 2200 }
{ "ename" : "scott", "job" : "salesman", "Salary" : 2500 }
{ "ename" : "martin", "job" : "salesman", "Salary" : 2900 }
{ "ename" : "crow", "job" : "salesman", "Salary" : 3200 }
{ "ename" : "smith", "job" : "manager", "Salary" : 3400 }
{ "ename" : "james", "job" : "manager", "Salary" : 4700 }
{ "ename" : "bob", "job" : "manager", "Salary" : 4900 }
>
>
> db.emp.find({$or:[{job:"manager"},{job:"salesman"}]},{_id:false,ename:1,job:1,Salary:"$sal"}).sort({sal:-1})
{ "ename" : "bob", "job" : "manager", "Salary" : 4900 }
{ "ename" : "james", "job" : "manager", "Salary" : 4700 }
{ "ename" : "smith", "job" : "manager", "Salary" : 3400 }
{ "ename" : "crow", "job" : "salesman", "Salary" : 3200 }
{ "ename" : "martin", "job" : "salesman", "Salary" : 2900 }
{ "ename" : "scott", "job" : "salesman", "Salary" : 2500 }
{ "ename" : "vasant", "job" : "salesman", "Salary" : 2200 }
{ "ename" : "vasu", "job" : "salesman", "Salary" : 2200 }
>
>
>
> db.emp.find({$or:[{job:"manager"},{job:"salesman"}]},{_id:false,ename:1,job:1,Salary:"$sal"}).limit(5)
{ "ename" : "james", "job" : "manager", "Salary" : 4700 }
{ "ename" : "smith", "job" : "manager", "Salary" : 3400 }
{ "ename" : "martin", "job" : "salesman", "Salary" : 2900 }
{ "ename" : "scott", "job" : "salesman", "Salary" : 2500 }
{ "ename" : "bob", "job" : "manager", "Salary" : 4900 }
>
>
> db.emp.find({$or:[{job:"manager"},{job:"salesman"}]},{_id:false,ename:1,job:1,Salary:"$sal"}).skip(2).limit(5)
{ "ename" : "martin", "job" : "salesman", "Salary" : 2900 }
{ "ename" : "scott", "job" : "salesman", "Salary" : 2500 }
{ "ename" : "bob", "job" : "manager", "Salary" : 4900 }
{ "ename" : "crow", "job" : "salesman", "Salary" : 3200 }
{ "ename" : "vasant", "job" : "salesman", "Salary" : 2200 }
>
>
> db.emp.find({$or:[{job:"manager"},{job:"salesman"}]},{_id:false,ename:1,job:1,Salary:"$sal"}).sort({ename:1})
{ "ename" : "bob", "job" : "manager", "Salary" : 4900 }
{ "ename" : "crow", "job" : "salesman", "Salary" : 3200 }
{ "ename" : "james", "job" : "manager", "Salary" : 4700 }
{ "ename" : "martin", "job" : "salesman", "Salary" : 2900 }
{ "ename" : "scott", "job" : "salesman", "Salary" : 2500 }
{ "ename" : "smith", "job" : "manager", "Salary" : 3400 }
{ "ename" : "vasant", "job" : "salesman", "Salary" : 2200 }
{ "ename" : "vasu", "job" : "salesman", "Salary" : 2200 }
>
>
>
> db.emp.find({$or:[{job:"manager"},{job:"salesman"}]},{_id:false,ename:1,job:1,Salary:"$sal"}).sort({ename:1}).skip(2)
{ "ename" : "james", "job" : "manager", "Salary" : 4700 }
{ "ename" : "martin", "job" : "salesman", "Salary" : 2900 }
{ "ename" : "scott", "job" : "salesman", "Salary" : 2500 }
{ "ename" : "smith", "job" : "manager", "Salary" : 3400 }
{ "ename" : "vasant", "job" : "salesman", "Salary" : 2200 }
{ "ename" : "vasu", "job" : "salesman", "Salary" : 2200 }
>
>
>
> db.emp.find({$or:[{job:"manager"},{job:"salesman"}]},{_id:false,ename:1,job:1,Salary:"$sal"}).sort({ename:1}).skip(2).limit(2)
{ "ename" : "james", "job" : "manager", "Salary" : 4700 }
{ "ename" : "martin", "job" : "salesman", "Salary" : 2900 }
>
>
> db.emp.count()
60
>
>
> db.emp.count({$or:[{job:"manager"},{job="salesman"}]})
SyntaxError: missing : after property id :
@(shell):1:39
> db.emp.count({$or:[{job:"manager"},{job:"salesman"}]})
8
>
>
> db.emp.find({$or:[{job:"manager"},{job:"salesman"}]})
{ "_id" : ObjectId("6290bc2f769034d96e261007"), "empid" : 1022, "ename" : "james", "address" : { "building" : "351", "coord" : [ -73.98513559999999, 40.7676919 ], "street" : "West   57 Street", "zipcode" : "10019" }, "isDocActive" : true, "gender" : "male", "canVote" : true, "canDrive" : true, "color" : [ "Red", "Blue", "Green", "Yellow" ], "fruit" : [ "Indian Fig" ], "cards" : [ { "aadhar" : { "aadhar-No" : "73826", "isActive" : true } }, { "PAN" : { "PAN-No" : "Kinj093", "isActive" : false } }, { "voter" : { "voterID" : "Ind03o3", "isActive" : true } }, { "licence" : { "licence-No" : "LMV9478", "issueDate" : "2020-01-01", "expireDate" : "2040-01-01", "isActive" : true } } ], "job" : "manager", "mgr" : 1020, "hiredate" : ISODate("1981-07-09T00:00:00Z"), "sal" : 4700, "comm" : null, "deptno" : 20 }
{ "_id" : ObjectId("6290bc2f769034d96e261008"), "empid" : 1021, "ename" : "smith", "address" : { "building" : "469", "coord" : [ -73.961704, 40.662942 ], "street" : "Flatbush Avenue", "zipcode" : "11225" }, "isDocActive" : false, "gender" : "male", "canVote" : true, "canDrive" : true, "color" : [ "red", "cyan", "gray" ], "fruit" : [ "grapes", "Orange" ], "cards" : [ { "aadhar" : { "aadhar-No" : "43564", "isActive" : true } }, { "PAN" : { "PAN-No" : "smh838", "isActive" : false } }, { "voter" : { "voterID" : "Ind03o3", "isActive" : true } }, { "licence" : { "licence-No" : "LMV9478", "issueDate" : "2020-01-01", "expireDate" : "2040-01-01", "isActive" : true } } ], "job" : "manager", "mgr" : 1020, "hiredate" : ISODate("1981-05-01T00:00:00Z"), "sal" : 3400, "comm" : null, "deptno" : 10 }
{ "_id" : ObjectId("6290bc2f769034d96e261009"), "empid" : 1024, "ename" : "martin", "address" : { "building" : "8825", "coord" : [ -73.8803827, 40.7643124 ], "street" : "Astoria Boulevard", "zipcode" : "11369" }, "isDocActive" : true, "gender" : "male", "canVote" : true, "canDrive" : true, "color" : [ "Banana Yellow" ], "fruit" : [ ], "cards" : [ { "aadhar" : { "aadhar-No" : "72877", "isActive" : true } }, { "PAN" : { "PAN-No" : "Kinj093", "isActive" : false } }, { "voter" : { "voterID" : "Ind03o3", "isActive" : true } }, { "licence" : { "licence-No" : "LMV9478", "issueDate" : "2020-01-01", "expireDate" : "2040-01-01", "isActive" : true } } ], "job" : "salesman", "mgr" : 1023, "hiredate" : ISODate("1981-02-20T00:00:00Z"), "sal" : 2900, "comm" : 735, "deptno" : 30 }
{ "_id" : ObjectId("6290bc2f769034d96e26100c"), "empid" : 1023, "ename" : "scott", "address" : { "building" : "97-22", "coord" : [ -73.8601152, 40.7311739 ], "street" : "63 Road", "zipcode" : "11374" }, "isDocActive" : false, "gender" : "male", "canVote" : true, "canDrive" : true, "color" : [ "Ash Grey", "White" ], "fruit" : [ ], "cards" : [ { "aadhar" : { "aadhar-No" : "93872", "isActive" : true } }, { "PAN" : { "PAN-No" : "Kinj093", "isActive" : false } }, { "voter" : { "voterID" : "Ind03o3", "isActive" : true } }, { "licence" : { "licence-No" : "LMV9478", "issueDate" : "2020-01-01", "expireDate" : "2040-01-01", "isActive" : true } } ], "job" : "salesman", "mgr" : 1023, "hiredate" : ISODate("1981-09-28T00:00:00Z"), "sal" : 2500, "comm" : 350, "deptno" : 30 }
{ "_id" : ObjectId("6290bc2f769034d96e26100d"), "empid" : 1029, "ename" : "bob", "address" : { "building" : "2300", "coord" : [ -73.8786113, 40.8502883 ], "street" : "Southern Boulevard", "zipcode" : "10460" }, "isDocActive" : false, "gender" : "male", "canVote" : true, "canDrive" : true, "color" : [ "Copper" ], "fruit" : [ ], "cards" : [ { "aadhar" : { "aadhar-No" : "73122", "isActive" : true } }, { "PAN" : { "PAN-No" : "Kinj093", "isActive" : false } }, { "voter" : { "voterID" : "Ind03o3", "isActive" : true } }, { "licence" : { "licence-No" : "LMV9478", "issueDate" : "2020-01-01", "expireDate" : "2040-01-01", "isActive" : true } } ], "job" : "manager", "mgr" : 1020, "hiredate" : ISODate("1980-12-17T00:00:00Z"), "sal" : 4900, "comm" : null, "deptno" : 30 }
{ "_id" : ObjectId("6290bc2f769034d96e261013"), "empid" : 1025, "ename" : "crow", "address" : { "building" : "2206", "coord" : [ -74.1377286, 40.6119572 ], "street" : "Victory Boulevard", "zipcode" : "10314" }, "isDocActive" : false, "gender" : "male", "canVote" : true, "canDrive" : true, "color" : [ "Apple Green", "Ash Grey" ], "fruit" : [ ], "cards" : [ { "aadhar" : { "aadhar-No" : "77876", "isActive" : true } }, { "PAN" : { "PAN-No" : "Kinj093", "isActive" : false } }, { "voter" : { "voterID" : "Ind03o3", "isActive" : true } }, { "licence" : { "licence-No" : "LMV9478", "issueDate" : "2020-01-01", "expireDate" : "2040-01-01", "isActive" : true } } ], "job" : "salesman", "mgr" : 1023, "hiredate" : ISODate("1981-09-08T00:00:00Z"), "sal" : 3200, "comm" : null, "deptno" : 20 }
{ "_id" : ObjectId("6290bc2f769034d96e261014"), "empid" : 1033, "ename" : "vasant", "address" : { "building" : "705", "coord" : [ -73.9653967, 40.6064339 ], "street" : "Kings Highway", "zipcode" : "11223" }, "isDocActive" : false, "gender" : "male", "canVote" : true, "canDrive" : true, "color" : [ "Bright Green" ], "fruit" : [ ], "cards" : [ { "aadhar" : { "aadhar-No" : "93824", "isActive" : true } }, { "PAN" : { "PAN-No" : "Kinj093", "isActive" : false } }, { "voter" : { "voterID" : "Ind03o3", "isActive" : true } }, { "licence" : { "licence-No" : "LMV9478", "issueDate" : "2020-01-01", "expireDate" : "2040-01-01", "isActive" : true } } ], "job" : "salesman", "mgr" : 1029, "hiredate" : ISODate("1982-02-24T00:00:00Z"), "sal" : 2200, "comm" : 0, "deptno" : 40 }
{ "_id" : ObjectId("6290bc2f769034d96e26101a"), "empid" : 1034, "ename" : "vasu", "address" : { "building" : "203", "coord" : [ -73.97822040000001, 40.6435254 ], "street" : "Church Avenue", "zipcode" : "11218" }, "isDocActive" : false, "gender" : "male", "canVote" : true, "canDrive" : true, "color" : [ "India Green" ], "fruit" : [ "Dates" ], "cards" : [ { "aadhar" : { "aadhar-No" : "19826", "isActive" : true } }, { "PAN" : { "PAN-No" : "Kinj093", "isActive" : false } }, { "voter" : { "voterID" : "Ind03o3", "isActive" : true } }, { "licence" : { "licence-No" : "LMV9478", "issueDate" : "2020-01-01", "expireDate" : "2040-01-01", "isActive" : true } } ], "job" : "salesman", "mgr" : 1029, "hiredate" : ISODate("1980-02-14T00:00:00Z"), "sal" : 2200, "comm" : 250, "deptno" : 40 }
>
>
>
> db.emp.find({$or:[{job:"manager"},{job:"salesman"}]},{_id:0})
{ "empid" : 1022, "ename" : "james", "address" : { "building" : "351", "coord" : [ -73.98513559999999, 40.7676919 ], "street" : "West   57 Street", "zipcode" : "10019" }, "isDocActive" : true, "gender" : "male", "canVote" : true, "canDrive" : true, "color" : [ "Red", "Blue", "Green", "Yellow" ], "fruit" : [ "Indian Fig" ], "cards" : [ { "aadhar" : { "aadhar-No" : "73826", "isActive" : true } }, { "PAN" : { "PAN-No" : "Kinj093", "isActive" : false } }, { "voter" : { "voterID" : "Ind03o3", "isActive" : true } }, { "licence" : { "licence-No" : "LMV9478", "issueDate" : "2020-01-01", "expireDate" : "2040-01-01", "isActive" : true } } ], "job" : "manager", "mgr" : 1020, "hiredate" : ISODate("1981-07-09T00:00:00Z"), "sal" : 4700, "comm" : null, "deptno" : 20 }
{ "empid" : 1021, "ename" : "smith", "address" : { "building" : "469", "coord" : [ -73.961704, 40.662942 ], "street" : "Flatbush Avenue", "zipcode" : "11225" }, "isDocActive" : false, "gender" : "male", "canVote" : true, "canDrive" : true, "color" : [ "red", "cyan", "gray" ], "fruit" : [ "grapes", "Orange" ], "cards" : [ { "aadhar" : { "aadhar-No" : "43564", "isActive" : true } }, { "PAN" : { "PAN-No" : "smh838", "isActive" : false } }, { "voter" : { "voterID" : "Ind03o3", "isActive" : true } }, { "licence" : { "licence-No" : "LMV9478", "issueDate" : "2020-01-01", "expireDate" : "2040-01-01", "isActive" : true } } ], "job" : "manager", "mgr" : 1020, "hiredate" : ISODate("1981-05-01T00:00:00Z"), "sal" : 3400, "comm" : null, "deptno" : 10 }
{ "empid" : 1024, "ename" : "martin", "address" : { "building" : "8825", "coord" : [ -73.8803827, 40.7643124 ], "street" : "Astoria Boulevard", "zipcode" : "11369" }, "isDocActive" : true, "gender" : "male", "canVote" : true, "canDrive" : true, "color" : [ "Banana Yellow" ], "fruit" : [ ], "cards" : [ { "aadhar" : { "aadhar-No" : "72877", "isActive" : true } }, { "PAN" : { "PAN-No" : "Kinj093", "isActive" : false } }, { "voter" : { "voterID" : "Ind03o3", "isActive" : true } }, { "licence" : { "licence-No" : "LMV9478", "issueDate" : "2020-01-01", "expireDate" : "2040-01-01", "isActive" : true } } ], "job" : "salesman", "mgr" : 1023, "hiredate" : ISODate("1981-02-20T00:00:00Z"), "sal" : 2900, "comm" : 735, "deptno" : 30 }
{ "empid" : 1023, "ename" : "scott", "address" : { "building" : "97-22", "coord" : [ -73.8601152, 40.7311739 ], "street" : "63 Road", "zipcode" : "11374" }, "isDocActive" : false, "gender" : "male", "canVote" : true, "canDrive" : true, "color" : [ "Ash Grey", "White" ], "fruit" : [ ], "cards" : [ { "aadhar" : { "aadhar-No" : "93872", "isActive" : true } }, { "PAN" : { "PAN-No" : "Kinj093", "isActive" : false } }, { "voter" : { "voterID" : "Ind03o3", "isActive" : true } }, { "licence" : { "licence-No" : "LMV9478", "issueDate" : "2020-01-01", "expireDate" : "2040-01-01", "isActive" : true } } ], "job" : "salesman", "mgr" : 1023, "hiredate" : ISODate("1981-09-28T00:00:00Z"), "sal" : 2500, "comm" : 350, "deptno" : 30 }
{ "empid" : 1029, "ename" : "bob", "address" : { "building" : "2300", "coord" : [ -73.8786113, 40.8502883 ], "street" : "Southern Boulevard", "zipcode" : "10460" }, "isDocActive" : false, "gender" : "male", "canVote" : true, "canDrive" : true, "color" : [ "Copper" ], "fruit" : [ ], "cards" : [ { "aadhar" : { "aadhar-No" : "73122", "isActive" : true } }, { "PAN" : { "PAN-No" : "Kinj093", "isActive" : false } }, { "voter" : { "voterID" : "Ind03o3", "isActive" : true } }, { "licence" : { "licence-No" : "LMV9478", "issueDate" : "2020-01-01", "expireDate" : "2040-01-01", "isActive" : true } } ], "job" : "manager", "mgr" : 1020, "hiredate" : ISODate("1980-12-17T00:00:00Z"), "sal" : 4900, "comm" : null, "deptno" : 30 }
{ "empid" : 1025, "ename" : "crow", "address" : { "building" : "2206", "coord" : [ -74.1377286, 40.6119572 ], "street" : "Victory Boulevard", "zipcode" : "10314" }, "isDocActive" : false, "gender" : "male", "canVote" : true, "canDrive" : true, "color" : [ "Apple Green", "Ash Grey" ], "fruit" : [ ], "cards" : [ { "aadhar" : { "aadhar-No" : "77876", "isActive" : true } }, { "PAN" : { "PAN-No" : "Kinj093", "isActive" : false } }, { "voter" : { "voterID" : "Ind03o3", "isActive" : true } }, { "licence" : { "licence-No" : "LMV9478", "issueDate" : "2020-01-01", "expireDate" : "2040-01-01", "isActive" : true } } ], "job" : "salesman", "mgr" : 1023, "hiredate" : ISODate("1981-09-08T00:00:00Z"), "sal" : 3200, "comm" : null, "deptno" : 20 }
{ "empid" : 1033, "ename" : "vasant", "address" : { "building" : "705", "coord" : [ -73.9653967, 40.6064339 ], "street" : "Kings Highway", "zipcode" : "11223" }, "isDocActive" : false, "gender" : "male", "canVote" : true, "canDrive" : true, "color" : [ "Bright Green" ], "fruit" : [ ], "cards" : [ { "aadhar" : { "aadhar-No" : "93824", "isActive" : true } }, { "PAN" : { "PAN-No" : "Kinj093", "isActive" : false } }, { "voter" : { "voterID" : "Ind03o3", "isActive" : true } }, { "licence" : { "licence-No" : "LMV9478", "issueDate" : "2020-01-01", "expireDate" : "2040-01-01", "isActive" : true } } ], "job" : "salesman", "mgr" : 1029, "hiredate" : ISODate("1982-02-24T00:00:00Z"), "sal" : 2200, "comm" : 0, "deptno" : 40 }
{ "empid" : 1034, "ename" : "vasu", "address" : { "building" : "203", "coord" : [ -73.97822040000001, 40.6435254 ], "street" : "Church Avenue", "zipcode" : "11218" }, "isDocActive" : false, "gender" : "male", "canVote" : true, "canDrive" : true, "color" : [ "India Green" ], "fruit" : [ "Dates" ], "cards" : [ { "aadhar" : { "aadhar-No" : "19826", "isActive" : true } }, { "PAN" : { "PAN-No" : "Kinj093", "isActive" : false } }, { "voter" : { "voterID" : "Ind03o3", "isActive" : true } }, { "licence" : { "licence-No" : "LMV9478", "issueDate" : "2020-01-01", "expireDate" : "2040-01-01", "isActive" : true } } ], "job" : "salesman", "mgr" : 1029, "hiredate" : ISODate("1980-02-14T00:00:00Z"), "sal" : 2200, "comm" : 250, "deptno" : 40 }
>
>
>
> db.emp.find({$or:[{job:"manager"},{job:"salesman"}]},{_id:1})
{ "_id" : ObjectId("6290bc2f769034d96e261007") }
{ "_id" : ObjectId("6290bc2f769034d96e261008") }
{ "_id" : ObjectId("6290bc2f769034d96e261009") }
{ "_id" : ObjectId("6290bc2f769034d96e26100c") }
{ "_id" : ObjectId("6290bc2f769034d96e26100d") }
{ "_id" : ObjectId("6290bc2f769034d96e261013") }
{ "_id" : ObjectId("6290bc2f769034d96e261014") }
{ "_id" : ObjectId("6290bc2f769034d96e26101a") }
>
>
>
> db.emp.find({$or:[{job:"manager"},{job:"salesman"}]}).count()
8
>
>
> db.emp.countDocument({$or:[{job:"manager"},{job:"salesman"}]})
TypeError: db.emp.countDocument is not a function :
@(shell):1:1
> db.emp.countDocuments({$or:[{job:"manager"},{job:"salesman"}]})
8
>
> db.emp.countDocuments({})
60
>
>
> db.find({},{_id:0,job:true})
TypeError: db.find is not a function :
@(shell):1:1
> db.emp.find({},{_id:0,job:true})
{ "job" : "manager" }
{ "job" : "manager" }
{ "job" : "salesman" }
{ "job" : "accountant" }
{ "job" : "president" }
{ "job" : "salesman" }
{ "job" : "manager" }
{ "job" : "clerk" }
{ "job" : "programmer" }
{ "job" : "clerk" }
{ "job" : "analyst" }
{ "job" : "analyst" }
{ "job" : "salesman" }
{ "job" : "salesman" }
{ "job" : "programmer" }
{ "job" : "administrator" }
{ "job" : "clerk" }
{ "job" : "administrator" }
{ "job" : "clerk" }
{ "job" : "salesman" }
Type "it" for more
>
>
>
> db.emp.distinct("job")
[
        "Computer Programmer",
        "WEB Programmer",
        "accountant",
        "administrator",
        "analyst",
        "auditor",
        "clerk",
        "manager",
        "president",
        "programmer",
        "salesman",
        "writer"
]
>
>
>
> db.emp.find({sal:5000},{_id:false,ename:1,job:1,Salary:"$sal"})
{ "ename" : "king", "job" : "president", "Salary" : 5000 }
>
>
>
> db.emp.find({sal{$gte:2000}},{_id:false,ename:1,job:1,Salary:"$sal"})
SyntaxError: missing : after property id :
@(shell):1:16
> db.emp.find({sal:{$gte:2000}},{_id:false,ename:1,job:1,Salary:"$sal"})
{ "ename" : "james", "job" : "manager", "Salary" : 4700 }
{ "ename" : "smith", "job" : "manager", "Salary" : 3400 }
{ "ename" : "martin", "job" : "salesman", "Salary" : 2900 }
{ "ename" : "jack", "job" : "accountant", "Salary" : 2700 }
{ "ename" : "king", "job" : "president", "Salary" : 5000 }
{ "ename" : "scott", "job" : "salesman", "Salary" : 2500 }
{ "ename" : "bob", "job" : "manager", "Salary" : 4900 }
{ "ename" : "saleel", "job" : "programmer", "Salary" : 2900 }
{ "ename" : "peter", "job" : "analyst", "Salary" : 3500 }
{ "ename" : "vrushali", "job" : "analyst", "Salary" : 4999 }
{ "ename" : "crow", "job" : "salesman", "Salary" : 3200 }
{ "ename" : "vasant", "job" : "salesman", "Salary" : 2200 }
{ "ename" : "sharmin", "job" : "programmer", "Salary" : 4999 }
{ "ename" : "raju", "job" : "administrator", "Salary" : 3400 }
{ "ename" : "neel", "job" : "administrator", "Salary" : 4200 }
{ "ename" : "vasu", "job" : "salesman", "Salary" : 2200 }
{ "ename" : "saleel", "job" : "analyst", "Salary" : 3700 }
{ "ename" : "amit", "job" : "administrator", "Salary" : 3500 }
{ "ename" : "dinesh", "job" : "programmer", "Salary" : 3500 }
{ "ename" : "amit", "job" : "administrator", "Salary" : 3500 }
Type "it" for more
>
>
>
> db.emp.find({sal:{$gte:5000},{sal:{$lte:2000}}},{_id:false,ename:1,job:1,Salary:"$sal"})
SyntaxError: expected property name, got '{' :
@(shell):1:29
> db.emp.find($and:[{sal:{$gte:5000},{sal:{$lte:2000}}]},{_id:false,ename:1,job:1,Salary:"$sal"})
SyntaxError: missing ) after argument list :
@(shell):1:16
> db.emp.find({$and:[{sal:{$gte:5000}},{sal:{$lte:2000}}]},{_id:false,ename:1,job:1,Salary:"$sal"})
> db.emp.find({$and:[{sal:{$gte:2000}},{sal:{$lte:5000}}]},{_id:false,ename:1,job:1,Salary:"$sal"})
{ "ename" : "james", "job" : "manager", "Salary" : 4700 }
{ "ename" : "smith", "job" : "manager", "Salary" : 3400 }
{ "ename" : "martin", "job" : "salesman", "Salary" : 2900 }
{ "ename" : "jack", "job" : "accountant", "Salary" : 2700 }
{ "ename" : "king", "job" : "president", "Salary" : 5000 }
{ "ename" : "scott", "job" : "salesman", "Salary" : 2500 }
{ "ename" : "bob", "job" : "manager", "Salary" : 4900 }
{ "ename" : "saleel", "job" : "programmer", "Salary" : 2900 }
{ "ename" : "peter", "job" : "analyst", "Salary" : 3500 }
{ "ename" : "vrushali", "job" : "analyst", "Salary" : 4999 }
{ "ename" : "crow", "job" : "salesman", "Salary" : 3200 }
{ "ename" : "vasant", "job" : "salesman", "Salary" : 2200 }
{ "ename" : "sharmin", "job" : "programmer", "Salary" : 4999 }
{ "ename" : "raju", "job" : "administrator", "Salary" : 3400 }
{ "ename" : "neel", "job" : "administrator", "Salary" : 4200 }
{ "ename" : "vasu", "job" : "salesman", "Salary" : 2200 }
{ "ename" : "saleel", "job" : "analyst", "Salary" : 3700 }
{ "ename" : "amit", "job" : "administrator", "Salary" : 3500 }
{ "ename" : "dinesh", "job" : "programmer", "Salary" : 3500 }
{ "ename" : "amit", "job" : "administrator", "Salary" : 3500 }
Type "it" for more
>
>
>
> db.emp.find({$or:[{sal:{$gte:2000}},{sal:{$lte:5000}}]},{_id:false,ename:1,job:1,Salary:"$sal"})
{ "ename" : "james", "job" : "manager", "Salary" : 4700 }
{ "ename" : "smith", "job" : "manager", "Salary" : 3400 }
{ "ename" : "martin", "job" : "salesman", "Salary" : 2900 }
{ "ename" : "jack", "job" : "accountant", "Salary" : 2700 }
{ "ename" : "king", "job" : "president", "Salary" : 5000 }
{ "ename" : "scott", "job" : "salesman", "Salary" : 2500 }
{ "ename" : "bob", "job" : "manager", "Salary" : 4900 }
{ "ename" : "richards", "job" : "clerk", "Salary" : 1500 }
{ "ename" : "saleel", "job" : "programmer", "Salary" : 2900 }
{ "ename" : "blake", "job" : "clerk", "Salary" : 1200 }
{ "ename" : "peter", "job" : "analyst", "Salary" : 3500 }
{ "ename" : "vrushali", "job" : "analyst", "Salary" : 4999 }
{ "ename" : "crow", "job" : "salesman", "Salary" : 3200 }
{ "ename" : "vasant", "job" : "salesman", "Salary" : 2200 }
{ "ename" : "sharmin", "job" : "programmer", "Salary" : 4999 }
{ "ename" : "raju", "job" : "administrator", "Salary" : 3400 }
{ "ename" : "ramu", "job" : "clerk", "Salary" : 1400 }
{ "ename" : "neel", "job" : "administrator", "Salary" : 4200 }
{ "ename" : "rahul", "job" : "clerk", "Salary" : 1200 }
{ "ename" : "vasu", "job" : "salesman", "Salary" : 2200 }
Type "it" for more
>
>
>
>
> db.emp.find({$or:[{sal:{$gte:2000}},{sal:{$lte:5000}}]},{_id:false,ename:1,job:1,Salary:"$sal"}).count()
60
>
> db.emp.find({$or:[{sal:{$gte:3000}},{sal:{$lte:5000}}]},{_id:false,ename:1,job:1,Salary:"$sal"}).count()
60
> db.emp.find({$or:[{sal:{$gte:4000}},{sal:{$lte:5000}}]},{_id:false,ename:1,job:1,Salary:"$sal"}).count()
60
> db.emp.find({$or:[{sal:{$gte:3000}},{sal:{$lte:4500}}]},{_id:false,ename:1,job:1,Salary:"$sal"}).count()
60
>
>
> db.emp.find({$and:[{sal:{$gte:3000 }}, {sal:{$lte:4500}}]},{_id:0, ename:1, job:1, Salary:"$sal"}).count();
18
>
> db.emp.find({$and:[{sal:{$gte:3000 }}, {sal:{$lte:4500}}]},{_id:0, ename:1, job:1, Salary:"$sal"}).count().sort(sal:1)
SyntaxError: missing ) after argument list :
@(shell):1:115
> db.emp.find({$and:[{sal:{$gte:3000 }}, {sal:{$lte:4500}}]},{_id:0, ename:1, job:1, Salary:"$sal"}).sort(sal:1)
SyntaxError: missing ) after argument list :
@(shell):1:107
> db.emp.find({$and:[{sal:{$gte:3000 }}, {sal:{$lte:4500}}]},{_id:0, ename:1, job:1, Salary:"$sal"}).sort({sal:1})
{ "ename" : "sangita", "job" : "auditor", "Salary" : 3100 }
{ "ename" : "crow", "job" : "salesman", "Salary" : 3200 }
{ "ename" : "arjun", "job" : "auditor", "Salary" : 3200 }
{ "ename" : "smith", "job" : "manager", "Salary" : 3400 }
{ "ename" : "raju", "job" : "administrator", "Salary" : 3400 }
{ "ename" : "peter", "job" : "analyst", "Salary" : 3500 }
{ "ename" : "amit", "job" : "administrator", "Salary" : 3500 }
{ "ename" : "dinesh", "job" : "programmer", "Salary" : 3500 }
{ "ename" : "amit", "job" : "administrator", "Salary" : 3500 }
{ "ename" : "dinesh", "job" : "programmer", "Salary" : 3500 }
{ "ename" : "pinky", "job" : "Computer Programmer", "Salary" : 3500 }
{ "ename" : "supriya", "job" : "Computer Programmer", "Salary" : 3500 }
{ "ename" : "pankaj", "job" : "programmer", "Salary" : 3600 }
{ "ename" : "saleel", "job" : "analyst", "Salary" : 3700 }
{ "ename" : "zara", "job" : "WEB Programmer", "Salary" : 3700 }
{ "ename" : "sita", "job" : "writer", "Salary" : 3755 }
{ "ename" : "amol", "job" : "auditor", "Salary" : 3800 }
{ "ename" : "neel", "job" : "administrator", "Salary" : 4200 }
>
>
>
> db.emp.find({$or:[{job:"manager"},{job:"salesman"}]},{_id:false,ename:1,job:1,Salary:"$sal"}).count()
8
> db.emp.find({$or:[{job:"manager"},{job:"salesman"}]},{_id:false,ename:1,job:1,Salary:"$sal"})
{ "ename" : "james", "job" : "manager", "Salary" : 4700 }
{ "ename" : "smith", "job" : "manager", "Salary" : 3400 }
{ "ename" : "martin", "job" : "salesman", "Salary" : 2900 }
{ "ename" : "scott", "job" : "salesman", "Salary" : 2500 }
{ "ename" : "bob", "job" : "manager", "Salary" : 4900 }
{ "ename" : "crow", "job" : "salesman", "Salary" : 3200 }
{ "ename" : "vasant", "job" : "salesman", "Salary" : 2200 }
{ "ename" : "vasu", "job" : "salesman", "Salary" : 2200 }
>
>
>
> db.emp.find({$or:[{job:"manager"},{job:"salesman"}]},{_id:false,ename:1,job:1,Salary:"$sal"}).sort({sal:1})
{ "ename" : "vasant", "job" : "salesman", "Salary" : 2200 }
{ "ename" : "vasu", "job" : "salesman", "Salary" : 2200 }
{ "ename" : "scott", "job" : "salesman", "Salary" : 2500 }
{ "ename" : "martin", "job" : "salesman", "Salary" : 2900 }
{ "ename" : "crow", "job" : "salesman", "Salary" : 3200 }
{ "ename" : "smith", "job" : "manager", "Salary" : 3400 }
{ "ename" : "james", "job" : "manager", "Salary" : 4700 }
{ "ename" : "bob", "job" : "manager", "Salary" : 4900 }
>
>
>
> db.getCollectionName()
TypeError: db.getCollectionName is not a function :
@(shell):1:1
> db.getCollectionNames()
[ "books", "emp", "items" ]
>
>
> db.emp.renameCollection("Employee")
{ "ok" : 1 }
>
>
> db.getCollectionNames()
[ "Employee", "books", "items" ]
>
>
> db.emp.renameCollection("emp")
{
        "ok" : 0,
        "errmsg" : "Can't rename a collection to itself",
        "code" : 20,
        "codeName" : "IllegalOperation"
}
>
> db.getCollectionNames()
[ "Employee", "books", "items" ]
>
> db.Employee.renameCollection("emp")
{ "ok" : 1 }
>
>
> db.getCollectionNames()
[ "books", "emp", "items" ]
>
>
>
> db
primarydb
>
>
> use secondarydb
switched to db secondarydb
>
> db.getCollectionNames()
[ ]
>
>
> db.getSiblingDB("primarydb").getCollectionNames()
[ "books", "emp", "items" ]
>
>
> db.getSiblingDB("primarydb").emp.find()
{ "_id" : ObjectId("6290bc2f769034d96e261007"), "empid" : 1022, "ename" : "james", "address" : { "building" : "351", "coord" : [ -73.98513559999999, 40.7676919 ], "street" : "West   57 Street", "zipcode" : "10019" }, "isDocActive" : true, "gender" : "male", "canVote" : true, "canDrive" : true, "color" : [ "Red", "Blue", "Green", "Yellow" ], "fruit" : [ "Indian Fig" ], "cards" : [ { "aadhar" : { "aadhar-No" : "73826", "isActive" : true } }, { "PAN" : { "PAN-No" : "Kinj093", "isActive" : false } }, { "voter" : { "voterID" : "Ind03o3", "isActive" : true } }, { "licence" : { "licence-No" : "LMV9478", "issueDate" : "2020-01-01", "expireDate" : "2040-01-01", "isActive" : true } } ], "job" : "manager", "mgr" : 1020, "hiredate" : ISODate("1981-07-09T00:00:00Z"), "sal" : 4700, "comm" : null, "deptno" : 20 }
{ "_id" : ObjectId("6290bc2f769034d96e261008"), "empid" : 1021, "ename" : "smith", "address" : { "building" : "469", "coord" : [ -73.961704, 40.662942 ], "street" : "Flatbush Avenue", "zipcode" : "11225" }, "isDocActive" : false, "gender" : "male", "canVote" : true, "canDrive" : true, "color" : [ "red", "cyan", "gray" ], "fruit" : [ "grapes", "Orange" ], "cards" : [ { "aadhar" : { "aadhar-No" : "43564", "isActive" : true } }, { "PAN" : { "PAN-No" : "smh838", "isActive" : false } }, { "voter" : { "voterID" : "Ind03o3", "isActive" : true } }, { "licence" : { "licence-No" : "LMV9478", "issueDate" : "2020-01-01", "expireDate" : "2040-01-01", "isActive" : true } } ], "job" : "manager", "mgr" : 1020, "hiredate" : ISODate("1981-05-01T00:00:00Z"), "sal" : 3400, "comm" : null, "deptno" : 10 }
{ "_id" : ObjectId("6290bc2f769034d96e261009"), "empid" : 1024, "ename" : "martin", "address" : { "building" : "8825", "coord" : [ -73.8803827, 40.7643124 ], "street" : "Astoria Boulevard", "zipcode" : "11369" }, "isDocActive" : true, "gender" : "male", "canVote" : true, "canDrive" : true, "color" : [ "Banana Yellow" ], "fruit" : [ ], "cards" : [ { "aadhar" : { "aadhar-No" : "72877", "isActive" : true } }, { "PAN" : { "PAN-No" : "Kinj093", "isActive" : false } }, { "voter" : { "voterID" : "Ind03o3", "isActive" : true } }, { "licence" : { "licence-No" : "LMV9478", "issueDate" : "2020-01-01", "expireDate" : "2040-01-01", "isActive" : true } } ], "job" : "salesman", "mgr" : 1023, "hiredate" : ISODate("1981-02-20T00:00:00Z"), "sal" : 2900, "comm" : 735, "deptno" : 30 }
{ "_id" : ObjectId("6290bc2f769034d96e26100a"), "empid" : 1023, "ename" : "jack", "address" : { "building" : "2780", "coord" : [ -73.98241999999999, 40.579505 ], "street" : "Stillwell Avenue", "zipcode" : "11224" }, "isDocActive" : false, "gender" : "male", "canVote" : true, "canDrive" : true, "color" : [ "Air Force Blue", "Apple Green" ], "fruit" : [ "Orange" ], "cards" : [ { "aadhar" : { "aadhar-No" : "12321", "isActive" : true } }, { "PAN" : { "PAN-No" : "Kinj093", "isActive" : false } }, { "voter" : { "voterID" : "Ind03o3", "isActive" : true } }, { "licence" : { "licence-No" : "LMV9478", "issueDate" : "2020-01-01", "expireDate" : "2040-01-01", "isActive" : true } } ], "job" : "accountant", "mgr" : 1022, "hiredate" : ISODate("1981-04-02T00:00:00Z"), "sal" : 2700, "comm" : null, "deptno" : 30 }
{ "_id" : ObjectId("6290bc2f769034d96e26100b"), "empid" : 1020, "ename" : "king", "address" : { "building" : "1007", "coord" : [ -73.856077, 40.848447 ], "street" : "Morris Park Ave", "zipcode" : "10462" }, "isDocActive" : false, "gender" : "male", "canVote" : true, "canDrive" : true, "color" : [ "blue", "black" ], "fruit" : [ ], "cards" : [ { "aadhar" : { "aadhar-No" : "93478", "isActive" : true } }, { "PAN" : { "PAN-No" : "Kinj093", "isActive" : false } }, { "voter" : { "voterID" : "Ind03o3", "isActive" : true } }, { "licence" : { "licence-No" : "LMV9478", "issueDate" : "2020-01-01", "expireDate" : "2040-01-01", "isActive" : true } } ], "job" : "president", "mgr" : null, "hiredate" : ISODate("1981-11-17T00:00:00Z"), "sal" : 5000, "comm" : null, "deptno" : 10 }
{ "_id" : ObjectId("6290bc2f769034d96e26100c"), "empid" : 1023, "ename" : "scott", "address" : { "building" : "97-22", "coord" : [ -73.8601152, 40.7311739 ], "street" : "63 Road", "zipcode" : "11374" }, "isDocActive" : false, "gender" : "male", "canVote" : true, "canDrive" : true, "color" : [ "Ash Grey", "White" ], "fruit" : [ ], "cards" : [ { "aadhar" : { "aadhar-No" : "93872", "isActive" : true } }, { "PAN" : { "PAN-No" : "Kinj093", "isActive" : false } }, { "voter" : { "voterID" : "Ind03o3", "isActive" : true } }, { "licence" : { "licence-No" : "LMV9478", "issueDate" : "2020-01-01", "expireDate" : "2040-01-01", "isActive" : true } } ], "job" : "salesman", "mgr" : 1023, "hiredate" : ISODate("1981-09-28T00:00:00Z"), "sal" : 2500, "comm" : 350, "deptno" : 30 }
{ "_id" : ObjectId("6290bc2f769034d96e26100d"), "empid" : 1029, "ename" : "bob", "address" : { "building" : "2300", "coord" : [ -73.8786113, 40.8502883 ], "street" : "Southern Boulevard", "zipcode" : "10460" }, "isDocActive" : false, "gender" : "male", "canVote" : true, "canDrive" : true, "color" : [ "Copper" ], "fruit" : [ ], "cards" : [ { "aadhar" : { "aadhar-No" : "73122", "isActive" : true } }, { "PAN" : { "PAN-No" : "Kinj093", "isActive" : false } }, { "voter" : { "voterID" : "Ind03o3", "isActive" : true } }, { "licence" : { "licence-No" : "LMV9478", "issueDate" : "2020-01-01", "expireDate" : "2040-01-01", "isActive" : true } } ], "job" : "manager", "mgr" : 1020, "hiredate" : ISODate("1980-12-17T00:00:00Z"), "sal" : 4900, "comm" : null, "deptno" : 30 }
{ "_id" : ObjectId("6290bc2f769034d96e26100e"), "empid" : 1027, "ename" : "richards", "address" : { "building" : "6409", "coord" : [ -74.00528899999999, 40.628886 ], "street" : "11 Avenue", "zipcode" : "11219" }, "isDocActive" : false, "gender" : "male", "canVote" : true, "canDrive" : true, "color" : [ "Charcoal", "Cherry" ], "fruit" : [ ], "cards" : [ { "aadhar" : { "aadhar-No" : "83972", "isActive" : true } }, { "PAN" : { "PAN-No" : "Kinj093", "isActive" : false } }, { "voter" : { "voterID" : "Ind03o3", "isActive" : true } }, { "licence" : { "licence-No" : "LMV9478", "issueDate" : "2020-01-01", "expireDate" : "2040-01-01", "isActive" : true } } ], "job" : "clerk", "mgr" : 1024, "hiredate" : ISODate("1981-02-22T00:00:00Z"), "sal" : 1500, "comm" : null, "deptno" : 10 }
{ "_id" : ObjectId("6290bc2f769034d96e26100f"), "empid" : 1030, "ename" : "saleel", "address" : { "building" : "7715", "coord" : [ -73.9973325, 40.61174889999999 ], "street" : "18 Avenue", "zipcode" : "11214" }, "isDocActive" : false, "gender" : "male", "canVote" : true, "canDrive" : true, "color" : [ "Coral" ], "fruit" : [ "Dates", "Orange" ], "cards" : [ { "aadhar" : { "aadhar-No" : "73822", "isActive" : true } }, { "PAN" : { "PAN-No" : "Kinj093", "isActive" : false } }, { "voter" : { "voterID" : "Ind03o3", "isActive" : true } }, { "licence" : { "licence-No" : "LMV9478", "issueDate" : "2020-01-01", "expireDate" : "2040-01-01", "isActive" : true } } ], "job" : "programmer", "mgr" : 1020, "hiredate" : ISODate("1982-12-09T00:00:00Z"), "sal" : 2900, "comm" : null, "deptno" : 10 }
{ "_id" : ObjectId("6290bc2f769034d96e261010"), "empid" : 1026, "ename" : "blake", "address" : { "building" : "7114", "coord" : [ -73.9068506, 40.6199034 ], "street" : "Avenue U", "zipcode" : "11234" }, "isDocActive" : false, "gender" : "male", "canVote" : true, "canDrive" : true, "color" : [ "Brass", "Bright Green" ], "fruit" : [ ], "cards" : [ { "aadhar" : { "aadhar-No" : "12321", "isActive" : true } }, { "PAN" : { "PAN-No" : "Kinj093", "isActive" : false } }, { "voter" : { "voterID" : "Ind03o3", "isActive" : true } }, { "licence" : { "licence-No" : "LMV9478", "issueDate" : "2020-01-01", "expireDate" : "2040-01-01", "isActive" : true } } ], "job" : "clerk", "mgr" : 1024, "hiredate" : ISODate("1981-12-03T00:00:00Z"), "sal" : 1200, "comm" : null, "deptno" : 30 }
{ "_id" : ObjectId("6290bc2f769034d96e261011"), "empid" : 1028, "ename" : "peter", "address" : { "building" : "1839", "coord" : [ -73.9482609, 40.6408271 ], "street" : "Nostrand Avenue", "zipcode" : "11226" }, "isDocActive" : true, "gender" : "male", "canVote" : true, "canDrive" : true, "color" : [ "Brown" ], "fruit" : [ "banana", "Jackfruit" ], "cards" : [ { "aadhar" : { "aadhar-No" : "92783", "isActive" : true } }, { "PAN" : { "PAN-No" : "Kinj093", "isActive" : false } }, { "voter" : { "voterID" : "Ind03o3", "isActive" : true } }, { "licence" : { "licence-No" : "LMV9478", "issueDate" : "2020-01-01", "expireDate" : "2040-01-01", "isActive" : true } } ], "job" : "analyst", "mgr" : 1025, "hiredate" : ISODate("1981-12-03T00:00:00Z"), "sal" : 3500, "comm" : null, "deptno" : 30 }
{ "_id" : ObjectId("6290bc2f769034d96e261012"), "empid" : 1032, "ename" : "vrushali", "address" : { "building" : "1", "coord" : [ -73.96926909999999, 40.7685235 ], "street" : "East   66 Street", "zipcode" : "10065" }, "isDocActive" : true, "gender" : "female", "canVote" : true, "canDrive" : true, "color" : [ "Iceberg" ], "fruit" : [ "Orange", "Papaya", "Kiwi" ], "cards" : [ { "aadhar" : { "aadhar-No" : "22343", "isActive" : true } }, { "PAN" : { "PAN-No" : "Kinj093", "isActive" : false } }, { "voter" : { "voterID" : "Ind03o3", "isActive" : true } }, { "licence" : { "licence-No" : "LMV9478", "issueDate" : "2020-01-01", "expireDate" : "2040-01-01", "isActive" : true } } ], "job" : "analyst", "mgr" : 1030, "hiredate" : ISODate("1982-02-23T00:00:00Z"), "sal" : 4999, "comm" : null, "deptno" : 20 }
{ "_id" : ObjectId("6290bc2f769034d96e261013"), "empid" : 1025, "ename" : "crow", "address" : { "building" : "2206", "coord" : [ -74.1377286, 40.6119572 ], "street" : "Victory Boulevard", "zipcode" : "10314" }, "isDocActive" : false, "gender" : "male", "canVote" : true, "canDrive" : true, "color" : [ "Apple Green", "Ash Grey" ], "fruit" : [ ], "cards" : [ { "aadhar" : { "aadhar-No" : "77876", "isActive" : true } }, { "PAN" : { "PAN-No" : "Kinj093", "isActive" : false } }, { "voter" : { "voterID" : "Ind03o3", "isActive" : true } }, { "licence" : { "licence-No" : "LMV9478", "issueDate" : "2020-01-01", "expireDate" : "2040-01-01", "isActive" : true } } ], "job" : "salesman", "mgr" : 1023, "hiredate" : ISODate("1981-09-08T00:00:00Z"), "sal" : 3200, "comm" : null, "deptno" : 20 }
{ "_id" : ObjectId("6290bc2f769034d96e261014"), "empid" : 1033, "ename" : "vasant", "address" : { "building" : "705", "coord" : [ -73.9653967, 40.6064339 ], "street" : "Kings Highway", "zipcode" : "11223" }, "isDocActive" : false, "gender" : "male", "canVote" : true, "canDrive" : true, "color" : [ "Bright Green" ], "fruit" : [ ], "cards" : [ { "aadhar" : { "aadhar-No" : "93824", "isActive" : true } }, { "PAN" : { "PAN-No" : "Kinj093", "isActive" : false } }, { "voter" : { "voterID" : "Ind03o3", "isActive" : true } }, { "licence" : { "licence-No" : "LMV9478", "issueDate" : "2020-01-01", "expireDate" : "2040-01-01", "isActive" : true } } ], "job" : "salesman", "mgr" : 1029, "hiredate" : ISODate("1982-02-24T00:00:00Z"), "sal" : 2200, "comm" : 0, "deptno" : 40 }
{ "_id" : ObjectId("6290bc2f769034d96e261015"), "empid" : 1031, "ename" : "sharmin", "address" : { "building" : "1269", "coord" : [ -73.871194, 40.6730975 ], "street" : "Sutter Avenue", "zipcode" : "11208" }, "isDocActive" : false, "gender" : "female", "canVote" : true, "canDrive" : true, "color" : [ "Cream" ], "fruit" : [ "Indian Fig" ], "cards" : [ { "aadhar" : { "aadhar-No" : "16523", "isActive" : true } }, { "PAN" : { "PAN-No" : "Kinj093", "isActive" : false } }, { "voter" : { "voterID" : "Ind03o3", "isActive" : true } }, { "licence" : { "licence-No" : "LMV9478", "issueDate" : "2020-01-01", "expireDate" : "2040-01-01", "isActive" : true } } ], "job" : "programmer", "mgr" : 1020, "hiredate" : ISODate("1983-01-12T00:00:00Z"), "sal" : 4999, "comm" : null, "deptno" : 40 }
{ "_id" : ObjectId("6290bc2f769034d96e261016"), "empid" : 1036, "ename" : "raju", "address" : { "building" : "6909", "coord" : [ -74.0259567, 40.6353674 ], "street" : "3 Avenue", "zipcode" : "11209" }, "isDocActive" : true, "gender" : "male", "canVote" : true, "canDrive" : true, "color" : [ "Indian Yellow" ], "fruit" : [ "Crab apples" ], "cards" : [ { "aadhar" : { "aadhar-No" : "55622", "isActive" : true } }, { "PAN" : { "PAN-No" : "Kinj093", "isActive" : false } }, { "voter" : { "voterID" : "Ind03o3", "isActive" : true } }, { "licence" : { "licence-No" : "LMV9478", "issueDate" : "2020-01-01", "expireDate" : "2040-01-01", "isActive" : true } } ], "job" : "administrator", "mgr" : 1031, "hiredate" : ISODate("1983-06-15T00:00:00Z"), "sal" : 3400, "comm" : null, "deptno" : 50 }
{ "_id" : ObjectId("6290bc2f769034d96e261017"), "empid" : 1037, "ename" : "ramu", "address" : { "building" : "522", "coord" : [ -73.95171, 40.767461 ], "street" : "East   74 Street", "zipcode" : "10021" }, "isDocActive" : false, "gender" : "male", "canVote" : true, "canDrive" : true, "color" : [ "Lemon" ], "fruit" : [ "Jackfruit", "banana", "Apple" ], "cards" : [ { "aadhar" : { "aadhar-No" : "00983", "isActive" : true } }, { "PAN" : { "PAN-No" : "Kinj093", "isActive" : false } }, { "voter" : { "voterID" : "Ind03o3", "isActive" : true } }, { "licence" : { "licence-No" : "LMV9478", "issueDate" : "2020-01-01", "expireDate" : "2040-01-01", "isActive" : true } } ], "job" : "clerk", "mgr" : 1031, "hiredate" : ISODate("1983-07-12T00:00:00Z"), "sal" : 1400, "comm" : null, "deptno" : 50 }
{ "_id" : ObjectId("6290bc2f769034d96e261018"), "empid" : 1038, "ename" : "neel", "address" : { "building" : "284", "coord" : [ -73.9829239, 40.6580753 ], "street" : "Prospect Park West", "zipcode" : "11215" }, "isDocActive" : true, "gender" : "male", "canVote" : true, "canDrive" : true, "color" : [ "Apple Green" ], "fruit" : [ ], "cards" : [ { "aadhar" : { "aadhar-No" : "00098", "isActive" : true } }, { "PAN" : { "PAN-No" : "Kinj093", "isActive" : false } }, { "voter" : { "voterID" : "Ind03o3", "isActive" : true } }, { "licence" : { "licence-No" : "LMV9478", "issueDate" : "2020-01-01", "expireDate" : "2040-01-01", "isActive" : true } } ], "job" : "administrator", "mgr" : 1030, "hiredate" : ISODate("1983-03-14T00:00:00Z"), "sal" : 4200, "comm" : null, "deptno" : 10 }
{ "_id" : ObjectId("6290bc2f769034d96e261019"), "empid" : 1035, "ename" : "rahul", "address" : { "building" : "265-15", "coord" : [ -73.7032601, 40.7386417 ], "street" : "Hillside Avenue", "zipcode" : "11004" }, "isDocActive" : false, "gender" : "male", "canVote" : true, "canDrive" : true, "color" : [ "Indian Red" ], "fruit" : [ "Lychee", "Indian Fig" ], "cards" : [ { "aadhar" : { "aadhar-No" : "00998", "isActive" : true } }, { "PAN" : { "PAN-No" : "Kinj093", "isActive" : false } }, { "voter" : { "voterID" : "Ind03o3", "isActive" : true } }, { "licence" : { "licence-No" : "LMV9478", "issueDate" : "2020-01-01", "expireDate" : "2040-01-01", "isActive" : true } } ], "job" : "clerk", "mgr" : 1029, "hiredate" : ISODate("1981-12-31T00:00:00Z"), "sal" : 1200, "comm" : null, "deptno" : 40 }
{ "_id" : ObjectId("6290bc2f769034d96e26101a"), "empid" : 1034, "ename" : "vasu", "address" : { "building" : "203", "coord" : [ -73.97822040000001, 40.6435254 ], "street" : "Church Avenue", "zipcode" : "11218" }, "isDocActive" : false, "gender" : "male", "canVote" : true, "canDrive" : true, "color" : [ "India Green" ], "fruit" : [ "Dates" ], "cards" : [ { "aadhar" : { "aadhar-No" : "19826", "isActive" : true } }, { "PAN" : { "PAN-No" : "Kinj093", "isActive" : false } }, { "voter" : { "voterID" : "Ind03o3", "isActive" : true } }, { "licence" : { "licence-No" : "LMV9478", "issueDate" : "2020-01-01", "expireDate" : "2040-01-01", "isActive" : true } } ], "job" : "salesman", "mgr" : 1029, "hiredate" : ISODate("1980-02-14T00:00:00Z"), "sal" : 2200, "comm" : 250, "deptno" : 40 }
Type "it" for more
> db.getSiblingDB("primarydb").emp.find({},{_id:0})
{ "empid" : 1022, "ename" : "james", "address" : { "building" : "351", "coord" : [ -73.98513559999999, 40.7676919 ], "street" : "West   57 Street", "zipcode" : "10019" }, "isDocActive" : true, "gender" : "male", "canVote" : true, "canDrive" : true, "color" : [ "Red", "Blue", "Green", "Yellow" ], "fruit" : [ "Indian Fig" ], "cards" : [ { "aadhar" : { "aadhar-No" : "73826", "isActive" : true } }, { "PAN" : { "PAN-No" : "Kinj093", "isActive" : false } }, { "voter" : { "voterID" : "Ind03o3", "isActive" : true } }, { "licence" : { "licence-No" : "LMV9478", "issueDate" : "2020-01-01", "expireDate" : "2040-01-01", "isActive" : true } } ], "job" : "manager", "mgr" : 1020, "hiredate" : ISODate("1981-07-09T00:00:00Z"), "sal" : 4700, "comm" : null, "deptno" : 20 }
{ "empid" : 1021, "ename" : "smith", "address" : { "building" : "469", "coord" : [ -73.961704, 40.662942 ], "street" : "Flatbush Avenue", "zipcode" : "11225" }, "isDocActive" : false, "gender" : "male", "canVote" : true, "canDrive" : true, "color" : [ "red", "cyan", "gray" ], "fruit" : [ "grapes", "Orange" ], "cards" : [ { "aadhar" : { "aadhar-No" : "43564", "isActive" : true } }, { "PAN" : { "PAN-No" : "smh838", "isActive" : false } }, { "voter" : { "voterID" : "Ind03o3", "isActive" : true } }, { "licence" : { "licence-No" : "LMV9478", "issueDate" : "2020-01-01", "expireDate" : "2040-01-01", "isActive" : true } } ], "job" : "manager", "mgr" : 1020, "hiredate" : ISODate("1981-05-01T00:00:00Z"), "sal" : 3400, "comm" : null, "deptno" : 10 }
{ "empid" : 1024, "ename" : "martin", "address" : { "building" : "8825", "coord" : [ -73.8803827, 40.7643124 ], "street" : "Astoria Boulevard", "zipcode" : "11369" }, "isDocActive" : true, "gender" : "male", "canVote" : true, "canDrive" : true, "color" : [ "Banana Yellow" ], "fruit" : [ ], "cards" : [ { "aadhar" : { "aadhar-No" : "72877", "isActive" : true } }, { "PAN" : { "PAN-No" : "Kinj093", "isActive" : false } }, { "voter" : { "voterID" : "Ind03o3", "isActive" : true } }, { "licence" : { "licence-No" : "LMV9478", "issueDate" : "2020-01-01", "expireDate" : "2040-01-01", "isActive" : true } } ], "job" : "salesman", "mgr" : 1023, "hiredate" : ISODate("1981-02-20T00:00:00Z"), "sal" : 2900, "comm" : 735, "deptno" : 30 }
{ "empid" : 1023, "ename" : "jack", "address" : { "building" : "2780", "coord" : [ -73.98241999999999, 40.579505 ], "street" : "Stillwell Avenue", "zipcode" : "11224" }, "isDocActive" : false, "gender" : "male", "canVote" : true, "canDrive" : true, "color" : [ "Air Force Blue", "Apple Green" ], "fruit" : [ "Orange" ], "cards" : [ { "aadhar" : { "aadhar-No" : "12321", "isActive" : true } }, { "PAN" : { "PAN-No" : "Kinj093", "isActive" : false } }, { "voter" : { "voterID" : "Ind03o3", "isActive" : true } }, { "licence" : { "licence-No" : "LMV9478", "issueDate" : "2020-01-01", "expireDate" : "2040-01-01", "isActive" : true } } ], "job" : "accountant", "mgr" : 1022, "hiredate" : ISODate("1981-04-02T00:00:00Z"), "sal" : 2700, "comm" : null, "deptno" : 30 }
{ "empid" : 1020, "ename" : "king", "address" : { "building" : "1007", "coord" : [ -73.856077, 40.848447 ], "street" : "Morris Park Ave", "zipcode" : "10462" }, "isDocActive" : false, "gender" : "male", "canVote" : true, "canDrive" : true, "color" : [ "blue", "black" ], "fruit" : [ ], "cards" : [ { "aadhar" : { "aadhar-No" : "93478", "isActive" : true } }, { "PAN" : { "PAN-No" : "Kinj093", "isActive" : false } }, { "voter" : { "voterID" : "Ind03o3", "isActive" : true } }, { "licence" : { "licence-No" : "LMV9478", "issueDate" : "2020-01-01", "expireDate" : "2040-01-01", "isActive" : true } } ], "job" : "president", "mgr" : null, "hiredate" : ISODate("1981-11-17T00:00:00Z"), "sal" : 5000, "comm" : null, "deptno" : 10 }
{ "empid" : 1023, "ename" : "scott", "address" : { "building" : "97-22", "coord" : [ -73.8601152, 40.7311739 ], "street" : "63 Road", "zipcode" : "11374" }, "isDocActive" : false, "gender" : "male", "canVote" : true, "canDrive" : true, "color" : [ "Ash Grey", "White" ], "fruit" : [ ], "cards" : [ { "aadhar" : { "aadhar-No" : "93872", "isActive" : true } }, { "PAN" : { "PAN-No" : "Kinj093", "isActive" : false } }, { "voter" : { "voterID" : "Ind03o3", "isActive" : true } }, { "licence" : { "licence-No" : "LMV9478", "issueDate" : "2020-01-01", "expireDate" : "2040-01-01", "isActive" : true } } ], "job" : "salesman", "mgr" : 1023, "hiredate" : ISODate("1981-09-28T00:00:00Z"), "sal" : 2500, "comm" : 350, "deptno" : 30 }
{ "empid" : 1029, "ename" : "bob", "address" : { "building" : "2300", "coord" : [ -73.8786113, 40.8502883 ], "street" : "Southern Boulevard", "zipcode" : "10460" }, "isDocActive" : false, "gender" : "male", "canVote" : true, "canDrive" : true, "color" : [ "Copper" ], "fruit" : [ ], "cards" : [ { "aadhar" : { "aadhar-No" : "73122", "isActive" : true } }, { "PAN" : { "PAN-No" : "Kinj093", "isActive" : false } }, { "voter" : { "voterID" : "Ind03o3", "isActive" : true } }, { "licence" : { "licence-No" : "LMV9478", "issueDate" : "2020-01-01", "expireDate" : "2040-01-01", "isActive" : true } } ], "job" : "manager", "mgr" : 1020, "hiredate" : ISODate("1980-12-17T00:00:00Z"), "sal" : 4900, "comm" : null, "deptno" : 30 }
{ "empid" : 1027, "ename" : "richards", "address" : { "building" : "6409", "coord" : [ -74.00528899999999, 40.628886 ], "street" : "11 Avenue", "zipcode" : "11219" }, "isDocActive" : false, "gender" : "male", "canVote" : true, "canDrive" : true, "color" : [ "Charcoal", "Cherry" ], "fruit" : [ ], "cards" : [ { "aadhar" : { "aadhar-No" : "83972", "isActive" : true } }, { "PAN" : { "PAN-No" : "Kinj093", "isActive" : false } }, { "voter" : { "voterID" : "Ind03o3", "isActive" : true } }, { "licence" : { "licence-No" : "LMV9478", "issueDate" : "2020-01-01", "expireDate" : "2040-01-01", "isActive" : true } } ], "job" : "clerk", "mgr" : 1024, "hiredate" : ISODate("1981-02-22T00:00:00Z"), "sal" : 1500, "comm" : null, "deptno" : 10 }
{ "empid" : 1030, "ename" : "saleel", "address" : { "building" : "7715", "coord" : [ -73.9973325, 40.61174889999999 ], "street" : "18 Avenue", "zipcode" : "11214" }, "isDocActive" : false, "gender" : "male", "canVote" : true, "canDrive" : true, "color" : [ "Coral" ], "fruit" : [ "Dates", "Orange" ], "cards" : [ { "aadhar" : { "aadhar-No" : "73822", "isActive" : true } }, { "PAN" : { "PAN-No" : "Kinj093", "isActive" : false } }, { "voter" : { "voterID" : "Ind03o3", "isActive" : true } }, { "licence" : { "licence-No" : "LMV9478", "issueDate" : "2020-01-01", "expireDate" : "2040-01-01", "isActive" : true } } ], "job" : "programmer", "mgr" : 1020, "hiredate" : ISODate("1982-12-09T00:00:00Z"), "sal" : 2900, "comm" : null, "deptno" : 10 }
{ "empid" : 1026, "ename" : "blake", "address" : { "building" : "7114", "coord" : [ -73.9068506, 40.6199034 ], "street" : "Avenue U", "zipcode" : "11234" }, "isDocActive" : false, "gender" : "male", "canVote" : true, "canDrive" : true, "color" : [ "Brass", "Bright Green" ], "fruit" : [ ], "cards" : [ { "aadhar" : { "aadhar-No" : "12321", "isActive" : true } }, { "PAN" : { "PAN-No" : "Kinj093", "isActive" : false } }, { "voter" : { "voterID" : "Ind03o3", "isActive" : true } }, { "licence" : { "licence-No" : "LMV9478", "issueDate" : "2020-01-01", "expireDate" : "2040-01-01", "isActive" : true } } ], "job" : "clerk", "mgr" : 1024, "hiredate" : ISODate("1981-12-03T00:00:00Z"), "sal" : 1200, "comm" : null, "deptno" : 30 }
{ "empid" : 1028, "ename" : "peter", "address" : { "building" : "1839", "coord" : [ -73.9482609, 40.6408271 ], "street" : "Nostrand Avenue", "zipcode" : "11226" }, "isDocActive" : true, "gender" : "male", "canVote" : true, "canDrive" : true, "color" : [ "Brown" ], "fruit" : [ "banana", "Jackfruit" ], "cards" : [ { "aadhar" : { "aadhar-No" : "92783", "isActive" : true } }, { "PAN" : { "PAN-No" : "Kinj093", "isActive" : false } }, { "voter" : { "voterID" : "Ind03o3", "isActive" : true } }, { "licence" : { "licence-No" : "LMV9478", "issueDate" : "2020-01-01", "expireDate" : "2040-01-01", "isActive" : true } } ], "job" : "analyst", "mgr" : 1025, "hiredate" : ISODate("1981-12-03T00:00:00Z"), "sal" : 3500, "comm" : null, "deptno" : 30 }
{ "empid" : 1032, "ename" : "vrushali", "address" : { "building" : "1", "coord" : [ -73.96926909999999, 40.7685235 ], "street" : "East   66 Street", "zipcode" : "10065" }, "isDocActive" : true, "gender" : "female", "canVote" : true, "canDrive" : true, "color" : [ "Iceberg" ], "fruit" : [ "Orange", "Papaya", "Kiwi" ], "cards" : [ { "aadhar" : { "aadhar-No" : "22343", "isActive" : true } }, { "PAN" : { "PAN-No" : "Kinj093", "isActive" : false } }, { "voter" : { "voterID" : "Ind03o3", "isActive" : true } }, { "licence" : { "licence-No" : "LMV9478", "issueDate" : "2020-01-01", "expireDate" : "2040-01-01", "isActive" : true } } ], "job" : "analyst", "mgr" : 1030, "hiredate" : ISODate("1982-02-23T00:00:00Z"), "sal" : 4999, "comm" : null, "deptno" : 20 }
{ "empid" : 1025, "ename" : "crow", "address" : { "building" : "2206", "coord" : [ -74.1377286, 40.6119572 ], "street" : "Victory Boulevard", "zipcode" : "10314" }, "isDocActive" : false, "gender" : "male", "canVote" : true, "canDrive" : true, "color" : [ "Apple Green", "Ash Grey" ], "fruit" : [ ], "cards" : [ { "aadhar" : { "aadhar-No" : "77876", "isActive" : true } }, { "PAN" : { "PAN-No" : "Kinj093", "isActive" : false } }, { "voter" : { "voterID" : "Ind03o3", "isActive" : true } }, { "licence" : { "licence-No" : "LMV9478", "issueDate" : "2020-01-01", "expireDate" : "2040-01-01", "isActive" : true } } ], "job" : "salesman", "mgr" : 1023, "hiredate" : ISODate("1981-09-08T00:00:00Z"), "sal" : 3200, "comm" : null, "deptno" : 20 }
{ "empid" : 1033, "ename" : "vasant", "address" : { "building" : "705", "coord" : [ -73.9653967, 40.6064339 ], "street" : "Kings Highway", "zipcode" : "11223" }, "isDocActive" : false, "gender" : "male", "canVote" : true, "canDrive" : true, "color" : [ "Bright Green" ], "fruit" : [ ], "cards" : [ { "aadhar" : { "aadhar-No" : "93824", "isActive" : true } }, { "PAN" : { "PAN-No" : "Kinj093", "isActive" : false } }, { "voter" : { "voterID" : "Ind03o3", "isActive" : true } }, { "licence" : { "licence-No" : "LMV9478", "issueDate" : "2020-01-01", "expireDate" : "2040-01-01", "isActive" : true } } ], "job" : "salesman", "mgr" : 1029, "hiredate" : ISODate("1982-02-24T00:00:00Z"), "sal" : 2200, "comm" : 0, "deptno" : 40 }
{ "empid" : 1031, "ename" : "sharmin", "address" : { "building" : "1269", "coord" : [ -73.871194, 40.6730975 ], "street" : "Sutter Avenue", "zipcode" : "11208" }, "isDocActive" : false, "gender" : "female", "canVote" : true, "canDrive" : true, "color" : [ "Cream" ], "fruit" : [ "Indian Fig" ], "cards" : [ { "aadhar" : { "aadhar-No" : "16523", "isActive" : true } }, { "PAN" : { "PAN-No" : "Kinj093", "isActive" : false } }, { "voter" : { "voterID" : "Ind03o3", "isActive" : true } }, { "licence" : { "licence-No" : "LMV9478", "issueDate" : "2020-01-01", "expireDate" : "2040-01-01", "isActive" : true } } ], "job" : "programmer", "mgr" : 1020, "hiredate" : ISODate("1983-01-12T00:00:00Z"), "sal" : 4999, "comm" : null, "deptno" : 40 }
{ "empid" : 1036, "ename" : "raju", "address" : { "building" : "6909", "coord" : [ -74.0259567, 40.6353674 ], "street" : "3 Avenue", "zipcode" : "11209" }, "isDocActive" : true, "gender" : "male", "canVote" : true, "canDrive" : true, "color" : [ "Indian Yellow" ], "fruit" : [ "Crab apples" ], "cards" : [ { "aadhar" : { "aadhar-No" : "55622", "isActive" : true } }, { "PAN" : { "PAN-No" : "Kinj093", "isActive" : false } }, { "voter" : { "voterID" : "Ind03o3", "isActive" : true } }, { "licence" : { "licence-No" : "LMV9478", "issueDate" : "2020-01-01", "expireDate" : "2040-01-01", "isActive" : true } } ], "job" : "administrator", "mgr" : 1031, "hiredate" : ISODate("1983-06-15T00:00:00Z"), "sal" : 3400, "comm" : null, "deptno" : 50 }
{ "empid" : 1037, "ename" : "ramu", "address" : { "building" : "522", "coord" : [ -73.95171, 40.767461 ], "street" : "East   74 Street", "zipcode" : "10021" }, "isDocActive" : false, "gender" : "male", "canVote" : true, "canDrive" : true, "color" : [ "Lemon" ], "fruit" : [ "Jackfruit", "banana", "Apple" ], "cards" : [ { "aadhar" : { "aadhar-No" : "00983", "isActive" : true } }, { "PAN" : { "PAN-No" : "Kinj093", "isActive" : false } }, { "voter" : { "voterID" : "Ind03o3", "isActive" : true } }, { "licence" : { "licence-No" : "LMV9478", "issueDate" : "2020-01-01", "expireDate" : "2040-01-01", "isActive" : true } } ], "job" : "clerk", "mgr" : 1031, "hiredate" : ISODate("1983-07-12T00:00:00Z"), "sal" : 1400, "comm" : null, "deptno" : 50 }
{ "empid" : 1038, "ename" : "neel", "address" : { "building" : "284", "coord" : [ -73.9829239, 40.6580753 ], "street" : "Prospect Park West", "zipcode" : "11215" }, "isDocActive" : true, "gender" : "male", "canVote" : true, "canDrive" : true, "color" : [ "Apple Green" ], "fruit" : [ ], "cards" : [ { "aadhar" : { "aadhar-No" : "00098", "isActive" : true } }, { "PAN" : { "PAN-No" : "Kinj093", "isActive" : false } }, { "voter" : { "voterID" : "Ind03o3", "isActive" : true } }, { "licence" : { "licence-No" : "LMV9478", "issueDate" : "2020-01-01", "expireDate" : "2040-01-01", "isActive" : true } } ], "job" : "administrator", "mgr" : 1030, "hiredate" : ISODate("1983-03-14T00:00:00Z"), "sal" : 4200, "comm" : null, "deptno" : 10 }
{ "empid" : 1035, "ename" : "rahul", "address" : { "building" : "265-15", "coord" : [ -73.7032601, 40.7386417 ], "street" : "Hillside Avenue", "zipcode" : "11004" }, "isDocActive" : false, "gender" : "male", "canVote" : true, "canDrive" : true, "color" : [ "Indian Red" ], "fruit" : [ "Lychee", "Indian Fig" ], "cards" : [ { "aadhar" : { "aadhar-No" : "00998", "isActive" : true } }, { "PAN" : { "PAN-No" : "Kinj093", "isActive" : false } }, { "voter" : { "voterID" : "Ind03o3", "isActive" : true } }, { "licence" : { "licence-No" : "LMV9478", "issueDate" : "2020-01-01", "expireDate" : "2040-01-01", "isActive" : true } } ], "job" : "clerk", "mgr" : 1029, "hiredate" : ISODate("1981-12-31T00:00:00Z"), "sal" : 1200, "comm" : null, "deptno" : 40 }
{ "empid" : 1034, "ename" : "vasu", "address" : { "building" : "203", "coord" : [ -73.97822040000001, 40.6435254 ], "street" : "Church Avenue", "zipcode" : "11218" }, "isDocActive" : false, "gender" : "male", "canVote" : true, "canDrive" : true, "color" : [ "India Green" ], "fruit" : [ "Dates" ], "cards" : [ { "aadhar" : { "aadhar-No" : "19826", "isActive" : true } }, { "PAN" : { "PAN-No" : "Kinj093", "isActive" : false } }, { "voter" : { "voterID" : "Ind03o3", "isActive" : true } }, { "licence" : { "licence-No" : "LMV9478", "issueDate" : "2020-01-01", "expireDate" : "2040-01-01", "isActive" : true } } ], "job" : "salesman", "mgr" : 1029, "hiredate" : ISODate("1980-02-14T00:00:00Z"), "sal" : 2200, "comm" : 250, "deptno" : 40 }
Type "it" for more
>
>
>
>
> db.getSiblingDB("primarydb").emp.find({},{_id:0,ename:1}).limit(5)
{ "ename" : "james" }
{ "ename" : "smith" }
{ "ename" : "martin" }
{ "ename" : "jack" }
{ "ename" : "king" }
>
>
> show dbs
admin      0.000GB
config     0.000GB
local      0.000GB
primarydb  0.000GB
>
>
> db.createCollection("ABC")
{ "ok" : 1 }
>
> db.getCollectionNames()
[ "ABC" ]
>
>
> show dbs
admin        0.000GB
config       0.000GB
local        0.000GB
primarydb    0.000GB
secondarydb  0.000GB
>
>
> db.getSiblingDB("primarydb").emp.find()[]
uncaught exception: SyntaxError: expected expression, got ']' :
@(shell):1:40
> db.getSiblingDB("primarydb").emp.find()[0]
{
        "_id" : ObjectId("6290bc2f769034d96e261007"),
        "empid" : 1022,
        "ename" : "james",
        "address" : {
                "building" : "351",
                "coord" : [
                        -73.98513559999999,
                        40.7676919
                ],
                "street" : "West   57 Street",
                "zipcode" : "10019"
        },
        "isDocActive" : true,
        "gender" : "male",
        "canVote" : true,
        "canDrive" : true,
        "color" : [
                "Red",
                "Blue",
                "Green",
                "Yellow"
        ],
        "fruit" : [
                "Indian Fig"
        ],
        "cards" : [
                {
                        "aadhar" : {
                                "aadhar-No" : "73826",
                                "isActive" : true
                        }
                },
                {
                        "PAN" : {
                                "PAN-No" : "Kinj093",
                                "isActive" : false
                        }
                },
                {
                        "voter" : {
                                "voterID" : "Ind03o3",
                                "isActive" : true
                        }
                },
                {
                        "licence" : {
                                "licence-No" : "LMV9478",
                                "issueDate" : "2020-01-01",
                                "expireDate" : "2040-01-01",
                                "isActive" : true
                        }
                }
        ],
        "job" : "manager",
        "mgr" : 1020,
        "hiredate" : ISODate("1981-07-09T00:00:00Z"),
        "sal" : 4700,
        "comm" : null,
        "deptno" : 20
}
>
>
> sb
uncaught exception: ReferenceError: sb is not defined :
@(shell):1:1
> db
secondarydb
>
> use primarydb
switched to db primarydb
>
> show tables;
books
emp
items
>
> show dbs
admin        0.000GB
config       0.000GB
local        0.000GB
primarydb    0.000GB
secondarydb  0.000GB
>
>
> db.dropDatabase()
{ "ok" : 1 }
>
> show dbs
admin        0.000GB
config       0.000GB
local        0.000GB
secondarydb  0.000GB
>
> use primarydb
switched to db primarydb
>
> show dbs
admin        0.000GB
config       0.000GB
local        0.000GB
secondarydb  0.000GB
>
>
> db.getCollectionNames()
[ ]
>
> db.getCollectionNames()
[ "emp" ]
>
>
>
>
> ^C
bye



C:\Users\shree>






>
> show databases;
admin        0.000GB
config       0.000GB
local        0.000GB
primarydb    0.000GB
secondarydb  0.000GB
>
>
> use thirddb
switched to db thirddb
>
> show databases;
admin        0.000GB
config       0.000GB
local        0.000GB
primarydb    0.000GB
secondarydb  0.000GB
> function fun()
uncaught exception: SyntaxError: missing { before function body :
@(shell):1:14
> function fun() {
... returns "Hello World";
... }
uncaught exception: SyntaxError: unexpected token: string literal :
@(shell):2:8
> function fun() { return "Hello World"; }
>
> fun()
Hello World
>
>
> function Add(x,y){
... return x+y;
... }
>
> Add(10,20)
30
>
>
> function Fun1(x,y) {
... if(x>100)
... {
... return x+y;
... }
...
...
> function Add(x,y){ return x; } else { return x+y; }}
uncaught exception: SyntaxError: expected expression, got keyword 'else' :
@(shell):1:31
> function fun1(x,y) {
... if(x>100)
... {
... return x;
... }
... else
... {
... return x+y;
... }
... }
>
>
> fun1(50,250)
300
>
>
> db
thirddb
> use secondarydb;
switched to db secondarydb
>
>
> db.getCollectionNames()
[ "ABC" ]
>
> use primarydb
switched to db primarydb
>
> db.getCollectionNames()
[ "emp" ]
>
>
> db.emp.find({$or[{job:"manager},{job:"salesman"}]}).pretty()
uncaught exception: SyntaxError: missing : after property id :
@(shell):1:16
> db.emp.find({$or:[{job:"manager},{job:"salesman"}]}).pretty()
uncaught exception: SyntaxError: missing } after property list :
@(shell):1:39
> db.emp.find({$or:[{job:"manager},{job:"salesman"}]}).pretty()
uncaught exception: SyntaxError: missing } after property list :
@(shell):1:39
>
>
>
> db.emp.find({$or:[{job:"manager},{job:"salesman"}]},{}).pretty()
uncaught exception: SyntaxError: missing } after property list :
@(shell):1:39
>
>
>
> db.emp.find( { $and: [{ sal:{  $gte:2000 }},{sal:{ $lte:4000 } } ] }, {_id:0, ename:1, job:1, sal:1 } )
{ "ename" : "martin", "job" : "salesman", "sal" : 2900 }
{ "ename" : "smith", "job" : "manager", "sal" : 3400 }
{ "ename" : "jack", "job" : "accountant", "sal" : 2700 }
{ "ename" : "peter", "job" : "analyst", "sal" : 3500 }
{ "ename" : "vasant", "job" : "salesman", "sal" : 2200 }
{ "ename" : "scott", "job" : "salesman", "sal" : 2500 }
{ "ename" : "crow", "job" : "salesman", "sal" : 3200 }
{ "ename" : "vasu", "job" : "salesman", "sal" : 2200 }
{ "ename" : "raju", "job" : "administrator", "sal" : 3400 }
{ "ename" : "saleel", "job" : "programmer", "sal" : 2900 }
{ "ename" : "saleel", "job" : "analyst", "sal" : 3700 }
{ "ename" : "amit", "job" : "administrator", "sal" : 3500 }
{ "ename" : "dinesh", "job" : "programmer", "sal" : 3500 }
{ "ename" : "amit", "job" : "administrator", "sal" : 3500 }
{ "ename" : "dinesh", "job" : "programmer", "sal" : 3500 }
{ "ename" : "rudra", "job" : "programmer", "sal" : 2400 }
{ "ename" : "anoop", "job" : "programmer", "sal" : 2300 }
{ "ename" : "pankaj", "job" : "programmer", "sal" : 3600 }
{ "ename" : "arjun", "job" : "auditor", "sal" : 3200 }
{ "ename" : "amol", "job" : "auditor", "sal" : 3800 }
Type "it" for more
>
>
>
>
>
>
> db.emp.find( { $and:  [{ sal:{  $gte:2000 }},{sal:{ $lte:4000 } } ,{$or: [{job:'manager'  },{job:'salesman' }]}]}, {_id:0, ename:1, job:1, sal:1 } );
{ "ename" : "martin", "job" : "salesman", "sal" : 2900 }
{ "ename" : "smith", "job" : "manager", "sal" : 3400 }
{ "ename" : "vasant", "job" : "salesman", "sal" : 2200 }
{ "ename" : "scott", "job" : "salesman", "sal" : 2500 }
{ "ename" : "crow", "job" : "salesman", "sal" : 3200 }
{ "ename" : "vasu", "job" : "salesman", "sal" : 2200 }
>
>
>